
> @johnqh/wildduck@0.0.1 test
> node test/drop-test-db.js && redis-cli -n 13 flushdb && npm run runtest

Database wildduck-test dropped successfully
OK

> @johnqh/wildduck@0.0.1 runtest
> NODE_ENV=test grunt

Running "eslint:all" (eslint) task

Running "shell:server" (shell) task

Running "wait:server" (wait) task
Start waiting 12000ms
info
App  --------------------------------------------------------------
info App 
info App   █     █░ ██▓ ██▓    ▓█████▄ ▓█████▄  █    ██  ▄████▄   ██ ▄█▀
info App  ▓█░ █ ░█░▓██▒▓██▒    ▒██▀ ██▌▒██▀ ██▌ ██  ▓██▒▒██▀ ▀█   ██▄█▒
info App  ▒█░ █ ░█ ▒██▒▒██░    ░██   █▌░██   █▌▓██  ▒██░▒▓█    ▄ ▓███▄░
info App  ░█░ █ ░█ ░██░▒██░    ░▓█▄   ▌░▓█▄   ▌▓▓█  ░██░▒▓▓▄ ▄██▒▓██ █▄
info App  ░░██▒██▓ ░██░░██████▒░▒████▓ ░▒████▓ ▒▒█████▓ ▒ ▓███▀ ░▒██▒ █▄
info App  ░ ▓░▒ ▒  ░▓  ░ ▒░▓  ░ ▒▒▓  ▒  ▒▒▓  ▒ ░▒▓▒ ▒ ▒ ░ ░▒ ▒  ░▒ ▒▒ ▓▒
info App   ▒ ░ ░   ▒ ░░ ░ ▒  ░ ░ ▒  ▒  ░ ▒  ▒ ░░▒░ ░ ░   ░  ▒   ░ ░▒ ▒░
info App   ░   ░   ▒ ░  ░ ░    ░ ░  ░  ░ ░  ░  ░░░ ░ ░ ░        ░ ░░ ░
info App     ░     ░      ░  ░   ░       ░       ░     ░ ░      ░  ░
info App                       ░       ░               ░
info App 
info
App  ------------------- @johnqh/wildduck@0.0.1 -------------------
info App
(node:40205) [DEP0111] DeprecationWarning: Access to process.binding('http_parser') is deprecated.
(Use `node --trace-deprecation ...` to show where the warning was created)
(node:40205) [DEP0111] DeprecationWarning: Access to process.binding('http_parser') is deprecated.
info
Setup Setup 3 collections in MongoDB
>> Done waiting after 11996ms

Running "mochaTest:imap" (mochaTest) task


  IMAP Command Compile Stream
    #compile
      ✔ should compile correctly
    Types
      No attributes
        ✔ should compile correctly
      TEXT
        ✔ should compile correctly
      SECTION
        ✔ should compile correctly
      ATOM
        ✔ should compile correctly
      SEQUENCE
        ✔ should compile correctly
      NIL
        ✔ should compile correctly
      TEXT
        ✔ should compile correctly
        ✔ should keep short strings
        ✔ should hide strings
        ✔ should hide long strings
      No Command
        ✔ should compile correctly
      Literal
        ✔ should return as text
        ✔ should compile correctly without tag and command
        ✔ should return byte length
        ✔ should mix with other values
        ✔ should pipe literal streams (303ms)
        ✔ should pipe limited literal streams (305ms)
        ✔ should pipe errors for literal streams (101ms)
    #LengthLimiter
      ✔ should emit exact length (805ms)
      ✔ should truncate output (805ms)
      ✔ should skip output (805ms)
      ✔ should pad output (808ms)
      ✔ should pipe to several streams

  IMAP Command Compiler
    #compile
      ✔ should compile correctly
    Types
      No attributes
        ✔ should compile correctly
      TEXT
        ✔ should compile correctly
      SECTION
        ✔ should compile correctly
      ATOM
        ✔ should compile correctly
      SEQUENCE
        ✔ should compile correctly
      NIL
        ✔ should compile correctly
      TEXT
        ✔ should compile correctly
        ✔ should keep short strings
        ✔ should hide strings
        ✔ should hide long strings
      No Command
        ✔ should compile correctly
      Literal
        ✔ should return as text
        ✔ should return as an array text 1
        ✔ should return as an array text 2
        ✔ should compile correctly without tag and command
        ✔ should return byte length

  #parseMimeTree
    ✔ should parse mime message

  IMAP Command Parser
    get tag
      ✔ should succeed
      ✔ should fail for unexpected WS
      ✔ should * OK 
      ✔ should + OK 
      ✔ should allow untagged
      ✔ should fail for empty tag
      ✔ should fail for unexpected end
      ✔ should fail for invalid char
    get arguments
      ✔ should allow trailing whitespace and empty arguments
    get command
      ✔ should succeed
      ✔ should work for multi word command
      ✔ should fail for unexpected WS
      ✔ should fail for empty command
      ✔ should fail for invalid char
    get attribute
      ✔ should succeed
      ✔ should succeed for single whitespace between values
      ✔ should succeed for ATOM
      ✔ should not succeed for ATOM
    get string
      ✔ should succeed
      ✔ should not explode on invalid char
    get list
      ✔ should succeed
    nested list
      ✔ should succeed
    get literal
      ✔ should succeed
      ✔ should fail
      ✔ should allow zero length literal in the end of a list
    ATOM Section
      ✔ should succeed
      ✔ will not fail due to trailing whitespace
    Human readable
      ✔ should succeed
    ATOM Partial
      ✔ should succeed
      ✔ should fail
    SEQUENCE
      ✔ should succeed
      ✔ should fail
    Escaped quotes
      ✔ should succeed
    MimeTorture
      ✔ should parse mimetorture input

  #parseValueParams
    ✔ should return continuation value as mime-word
    ✔ should return continuation value as mime-word
    ✔ should parse a file with no empty line between text and boundary

  IMAP Protocol integration tests
    CAPABILITY
info Setup Setup indexes for 89 collections
info IMAP Secure IMAP Server listening on 127.0.0.1:9993
info POP3 Secure POP3 Server listening on 0.0.0.0:9995
info LMTP LMTP Server listening on 127.0.0.1:2424
info API Server listening on 127.0.0.1:8080
verb Plugins Plugins loaded
info App All servers started, ready to process some mail
info Gelf
{"short_message":"WILDDUCK HTTP [GET /users] OK","_remote_ip":"127.0.0.1","_http_route":"/users","_http_method":"GET","_user":"root","_role":"root","_api_response":"success","_size":116,"facility":"wildduck","host":"Johns-MacBook-Pro-i9.local","timestamp":1758838866.733,"_component":"wildduck"}
http
API 127.0.0.1 root [-/-] GET /users 200 24ms
info Gelf {"short_message":"WILDDUCK HTTP [GET /users] OK","_remote_ip":"127.0.0.1","_http_route":"/users","_http_method":"GET","_user":"root","_role":"root","_api_response":"success","_size":173,"_req_query":"0x1a2b3c4d5e6f789012345678901234567890abcd","facility":"wildduck","host":"Johns-MacBook-Pro-i9.local","timestamp":1758838866.772,"_component":"wildduck"}
http API 127.0.0.1 root [-/-] GET /users?query=0x1a2b3c4d5e6f789012345678901234567890abcd 200 9ms
info Gelf {"short_message":"WILDDUCK HTTP [POST /authenticate] OK","_remote_ip":"127.0.0.1","_http_route":"/authenticate","_http_method":"POST","_user":"root","_role":"root","_api_response":"success","_size":334,"_req_username":"0x1a2b3c4d5e6f789012345678901234567890abcd","_req_password":"***","_req_token":"true","_res_id":"68d5c053abe11a527cea4bbe","facility":"wildduck","host":"Johns-MacBook-Pro-i9.local","timestamp":1758838867.29,"_component":"wildduck"}
http API 127.0.0.1 root [-/-] POST /authenticate 200 169ms
info Gelf {"short_message":"WILDDUCK HTTP [GET /users] OK","_remote_ip":"127.0.0.1","_http_route":"/users","_http_method":"GET","_user":"root","_role":"root","_api_response":"success","_size":776,"_req_query":"0x1a2b3c4d5e6f789012345678901234567890abcd","facility":"wildduck","host":"Johns-MacBook-Pro-i9.local","timestamp":1758838867.332,"_component":"wildduck"}
http
API 127.0.0.1 root [-/-] GET /users?query=0x1a2b3c4d5e6f789012345678901234567890abcd 200 8ms
info Gelf {"short_message":"WILDDUCK HTTP [GET /users/:user/mailboxes] OK","_remote_ip":"127.0.0.1","_http_route":"/users/:user/mailboxes","_http_method":"GET","_user":"root","_role":"root","_api_response":"success","_size":1275,"_req_user":"68d5c053abe11a527cea4bbe","facility":"wildduck","host":"Johns-MacBook-Pro-i9.local","timestamp":1758838867.372,"_component":"wildduck"}
http API 127.0.0.1 root [-/-] GET /users/68d5c053abe11a527cea4bbe/mailboxes 200 4ms
info Gelf {"short_message":"WILDDUCK HTTP [PUT /users/:user/mailboxes/:mailbox] OK","_remote_ip":"127.0.0.1","_http_route":"/users/:user/mailboxes/:mailbox","_http_method":"PUT","_user":"root","_role":"root","_api_response":"success","_size":22,"_req_user":"68d5c053abe11a527cea4bbe","_req_mailbox":"68d5c053abe11a527cea4bc0","_req_path":"[Gmail]/Sent Mail","facility":"wildduck","host":"Johns-MacBook-Pro-i9.local","timestamp":1758838867.44,"_component":"wildduck"}
http API 127.0.0.1 root [-/-] PUT /users/68d5c053abe11a527cea4bbe/mailboxes/68d5c053abe11a527cea4bc0 200 12ms
info Gelf {"short_message":"WILDDUCK HTTP [GET /users/:user/mailboxes] OK","_remote_ip":"127.0.0.1","_http_route":"/users/:user/mailboxes","_http_method":"GET","_user":"root","_role":"root","_api_response":"success","_size":1283,"_req_user":"68d5c053abe11a527cea4bbe","facility":"wildduck","host":"Johns-MacBook-Pro-i9.local","timestamp":1758838867.467,"_component":"wildduck"}
http
API 127.0.0.1 root [-/-] GET /users/68d5c053abe11a527cea4bbe/mailboxes 200 4ms
info Gelf {"short_message":"WILDDUCK [QUOTA] +","_mail_action":"quota","_user":"68d5c053abe11a527cea4bbe","_inc":256,"_storage_used":256,"_mailbox":"68d5c053abe11a527cea4bbf","facility":"wildduck","host":"Johns-MacBook-Pro-i9.local","timestamp":1758838867.668,"_component":"wildduck"}
info Gelf
{"short_message":"WILDDUCK HTTP [POST /users/:user/mailboxes/:mailbox/messages] OK","_remote_ip":"127.0.0.1","_http_route":"/users/:user/mailboxes/:mailbox/messages","_http_method":"POST","_user":"root","_role":"root","_api_response":"success","_size":114,"_req_user":"68d5c053abe11a527cea4bbe","_req_mailbox":"68d5c053abe11a527cea4bbf","_req_date":"14-Sep-2013 21:22:28 -0300","_req_unseen":"true","_req_raw":"<Buffer 66 72 6f 6d 3a 20 30 78 62 30 36 63 64 65 66 61 31 61 32 62 33 63 34 64 35 65 36 66 37 38 39 30 31 32 33 34 35 36 37 38 …","facility":"wildduck","host":"Johns-MacBook-Pro-i9.local","timestamp":1758838867.68,"_component":"wildduck"}
http
API 127.0.0.1 root [-/-] POST /users/68d5c053abe11a527cea4bbe/mailboxes/68d5c053abe11a527cea4bbf/messages?date=14-Sep-2013%2021%3A22%3A28%20-0300&unseen=true 200 53ms
info Gelf {"short_message":"WILDDUCK [QUOTA] +","_mail_action":"quota","_user":"68d5c053abe11a527cea4bbe","_inc":21927,"_storage_used":22183,"_mailbox":"68d5c053abe11a527cea4bbf","facility":"wildduck","host":"Johns-MacBook-Pro-i9.local","timestamp":1758838867.984,"_component":"wildduck"}
info Gelf {"short_message":"WILDDUCK HTTP [POST /users/:user/mailboxes/:mailbox/messages] OK","_remote_ip":"127.0.0.1","_http_route":"/users/:user/mailboxes/:mailbox/messages","_http_method":"POST","_user":"root","_role":"root","_api_response":"success","_size":116,"_req_user":"68d5c053abe11a527cea4bbe","_req_mailbox":"68d5c053abe11a527cea4bbf","_req_unseen":"false","_req_raw":"<Buffer 53 75 62 6a 65 63 74 3a 20 52 79 61 6e 20 46 69 6e 6e 69 65 27 73 20 4d 49 4d 45 20 54 6f 72 74 75 72 65 20 54 65 73 74 …","facility":"wildduck","host":"Johns-MacBook-Pro-i9.local","timestamp":1758838868.004,"_component":"wildduck"}
http API 127.0.0.1 root [-/-] POST /users/68d5c053abe11a527cea4bbe/mailboxes/68d5c053abe11a527cea4bbf/messages?unseen=false 200 300ms
info Gelf {"short_message":"WILDDUCK [QUOTA] +","_mail_action":"quota","_user":"68d5c053abe11a527cea4bbe","_inc":1044,"_storage_used":23227,"_mailbox":"68d5c053abe11a527cea4bbf","facility":"wildduck","host":"Johns-MacBook-Pro-i9.local","timestamp":1758838868.057,"_component":"wildduck"}
info Gelf {"short_message":"WILDDUCK HTTP [POST /users/:user/mailboxes/:mailbox/messages] OK","_remote_ip":"127.0.0.1","_http_route":"/users/:user/mailboxes/:mailbox/messages","_http_method":"POST","_user":"root","_role":"root","_api_response":"success","_size":115,"_req_user":"68d5c053abe11a527cea4bbe","_req_mailbox":"68d5c053abe11a527cea4bbf","_req_unseen":"false","_req_raw":"<Buffer 4d 49 4d 45 2d 56 65 72 73 69 6f 6e 3a 20 31 2e 30 0d 0a 46 72 6f 6d 3a 20 30 78 36 62 31 37 65 66 61 62 31 61 32 62 33 …","facility":"wildduck","host":"Johns-MacBook-Pro-i9.local","timestamp":1758838868.066,"_component":"wildduck"}
http
API 127.0.0.1 root [-/-] POST /users/68d5c053abe11a527cea4bbe/mailboxes/68d5c053abe11a527cea4bbf/messages?unseen=false 200 36ms
info Gelf {"short_message":"WILDDUCK [QUOTA] +","_mail_action":"quota","_user":"68d5c053abe11a527cea4bbe","_inc":264,"_storage_used":23491,"_mailbox":"68d5c053abe11a527cea4bbf","facility":"wildduck","host":"Johns-MacBook-Pro-i9.local","timestamp":1758838868.104,"_component":"wildduck"}
info Gelf {"short_message":"WILDDUCK HTTP [POST /users/:user/mailboxes/:mailbox/messages] OK","_remote_ip":"127.0.0.1","_http_route":"/users/:user/mailboxes/:mailbox/messages","_http_method":"POST","_user":"root","_role":"root","_api_response":"success","_size":114,"_req_user":"68d5c053abe11a527cea4bbe","_req_mailbox":"68d5c053abe11a527cea4bbf","_req_unseen":"true","_req_raw":"<Buffer 66 72 6f 6d 3a 20 30 78 62 30 36 63 64 65 66 61 31 61 32 62 33 63 34 64 35 65 36 66 37 38 39 30 31 32 33 34 35 36 37 38 …","facility":"wildduck","host":"Johns-MacBook-Pro-i9.local","timestamp":1758838868.112,"_component":"wildduck"}
http API
127.0.0.1 root [-/-] POST /users/68d5c053abe11a527cea4bbe/mailboxes/68d5c053abe11a527cea4bbf/messages?unseen=true 200 23ms
info Gelf {"short_message":"WILDDUCK [QUOTA] +","_mail_action":"quota","_user":"68d5c053abe11a527cea4bbe","_inc":178,"_storage_used":23669,"_mailbox":"68d5c053abe11a527cea4bbf","facility":"wildduck","host":"Johns-MacBook-Pro-i9.local","timestamp":1758838868.151,"_component":"wildduck"}
info Gelf
{"short_message":"WILDDUCK HTTP [POST /users/:user/mailboxes/:mailbox/messages] OK","_remote_ip":"127.0.0.1","_http_route":"/users/:user/mailboxes/:mailbox/messages","_http_method":"POST","_user":"root","_role":"root","_api_response":"success","_size":114,"_req_user":"68d5c053abe11a527cea4bbe","_req_mailbox":"68d5c053abe11a527cea4bbf","_req_unseen":"true","_req_raw":"<Buffer 66 72 6f 6d 3a 20 30 78 62 30 36 63 64 65 66 61 31 61 32 62 33 63 34 64 35 65 36 66 37 38 39 30 31 32 33 34 35 36 37 38 …","facility":"wildduck","host":"Johns-MacBook-Pro-i9.local","timestamp":1758838868.159,"_component":"wildduck"}
http API
127.0.0.1 root [-/-] POST /users/68d5c053abe11a527cea4bbe/mailboxes/68d5c053abe11a527cea4bbf/messages?unseen=true 200 24ms
info Gelf {"short_message":"WILDDUCK [QUOTA] +","_mail_action":"quota","_user":"68d5c053abe11a527cea4bbe","_inc":178,"_storage_used":23847,"_mailbox":"68d5c053abe11a527cea4bbf","facility":"wildduck","host":"Johns-MacBook-Pro-i9.local","timestamp":1758838868.189,"_component":"wildduck"}
info Gelf {"short_message":"WILDDUCK HTTP [POST /users/:user/mailboxes/:mailbox/messages] OK","_remote_ip":"127.0.0.1","_http_route":"/users/:user/mailboxes/:mailbox/messages","_http_method":"POST","_user":"root","_role":"root","_api_response":"success","_size":114,"_req_user":"68d5c053abe11a527cea4bbe","_req_mailbox":"68d5c053abe11a527cea4bbf","_req_unseen":"true","_req_raw":"<Buffer 66 72 6f 6d 3a 20 30 78 62 30 36 63 64 65 66 61 31 61 32 62 33 63 34 64 35 65 36 66 37 38 39 30 31 32 33 34 35 36 37 38 …","facility":"wildduck","host":"Johns-MacBook-Pro-i9.local","timestamp":1758838868.204,"_component":"wildduck"}
http API 127.0.0.1 root [-/-] POST /users/68d5c053abe11a527cea4bbe/mailboxes/68d5c053abe11a527cea4bbf/messages?unseen=true 200 22ms
info IMAP [5dahucy4owjxdkow] Secure connection from [127.0.0.1] to Johns-MacBook-Pro-i9.local 127.0.0.1:9993
sill
IMAP [5dahucy4owjxdkow] S: * OK WildDuck IMAP Server ready for requests from 127.0.0.1 5dahucy4owjxdkow
sill IMAP [5dahucy4owjxdkow] C: T1 CAPABILITY
sill IMAP [5dahucy4owjxdkow] S: * CAPABILITY IMAP4rev1 AUTH=PLAIN AUTH=PLAIN-CLIENTTOKEN CHILDREN ENABLE ID IDLE NAMESPACE QUOTA SASL-IR UNSELECT XLIST
sill IMAP [5dahucy4owjxdkow] S: T1 OK CAPABILITY completed
sill IMAP [5dahucy4owjxdkow] C: T2 LOGOUT
sill IMAP [5dahucy4owjxdkow] S: * BYE Logout requested
sill IMAP [5dahucy4owjxdkow] S: T2 OK Oh ho ho ho, duck hunters is da cwaziest peoples! Ha ha ha.
      ✔ should list capabilities (286ms)
info IMAP [5dahucy4owjxdkow] Connection closed to [127.0.0.1]
    LOGIN
info Gelf {"short_message":"WILDDUCK HTTP [GET /users] OK","_remote_ip":"127.0.0.1","_http_route":"/users","_http_method":"GET","_user":"root","_role":"root","_api_response":"success","_size":723,"facility":"wildduck","host":"Johns-MacBook-Pro-i9.local","timestamp":1758838869.523,"_component":"wildduck"}
http
API 127.0.0.1 root [-/-] GET /users 200 5ms
info Gelf {"short_message":"WILDDUCK HTTP [GET /users] OK","_remote_ip":"127.0.0.1","_http_route":"/users","_http_method":"GET","_user":"root","_role":"root","_api_response":"success","_size":780,"_req_query":"0x1a2b3c4d5e6f789012345678901234567890abcd","facility":"wildduck","host":"Johns-MacBook-Pro-i9.local","timestamp":1758838869.556,"_component":"wildduck"}
http API 127.0.0.1 root [-/-] GET /users?query=0x1a2b3c4d5e6f789012345678901234567890abcd 200 5ms
verb Tasks Created task id=68d5c055abe11a527cea4bed
info Gelf
{"short_message":"WILDDUCK HTTP [DELETE /users/:user] OK","_remote_ip":"127.0.0.1","_http_route":"/users/:user","_http_method":"DELETE","_user":"root","_role":"root","_api_response":"success","_code":"TaskScheduled","_size":209,"_req_user":"68d5c053abe11a527cea4bbe","facility":"wildduck","host":"Johns-MacBook-Pro-i9.local","timestamp":1758838869.79,"_component":"wildduck"}
http
API 127.0.0.1 root [-/-] DELETE /users/68d5c053abe11a527cea4bbe 200 198ms
info Gelf {"short_message":"WILDDUCK HTTP [POST /authenticate] OK","_remote_ip":"127.0.0.1","_http_route":"/authenticate","_http_method":"POST","_user":"root","_role":"root","_api_response":"success","_size":334,"_req_username":"0x1a2b3c4d5e6f789012345678901234567890abcd","_req_password":"***","_req_token":"true","_res_id":"68d5c058abe11a527cea4bef","facility":"wildduck","host":"Johns-MacBook-Pro-i9.local","timestamp":1758838872.353,"_component":"wildduck"}
http API 127.0.0.1 root [-/-] POST /authenticate 200 148ms
info Gelf {"short_message":"WILDDUCK HTTP [GET /users] OK","_remote_ip":"127.0.0.1","_http_route":"/users","_http_method":"GET","_user":"root","_role":"root","_api_response":"success","_size":776,"_req_query":"0x1a2b3c4d5e6f789012345678901234567890abcd","facility":"wildduck","host":"Johns-MacBook-Pro-i9.local","timestamp":1758838872.401,"_component":"wildduck"}
http API
127.0.0.1 root [-/-] GET /users?query=0x1a2b3c4d5e6f789012345678901234567890abcd 200 13ms
info Gelf {"short_message":"WILDDUCK HTTP [GET /users/:user/mailboxes] OK","_remote_ip":"127.0.0.1","_http_route":"/users/:user/mailboxes","_http_method":"GET","_user":"root","_role":"root","_api_response":"success","_size":1275,"_req_user":"68d5c058abe11a527cea4bef","facility":"wildduck","host":"Johns-MacBook-Pro-i9.local","timestamp":1758838872.439,"_component":"wildduck"}
http API 127.0.0.1 root [-/-] GET /users/68d5c058abe11a527cea4bef/mailboxes 200 3ms
info Gelf
{"short_message":"WILDDUCK HTTP [PUT /users/:user/mailboxes/:mailbox] OK","_remote_ip":"127.0.0.1","_http_route":"/users/:user/mailboxes/:mailbox","_http_method":"PUT","_user":"root","_role":"root","_api_response":"success","_size":22,"_req_user":"68d5c058abe11a527cea4bef","_req_mailbox":"68d5c058abe11a527cea4bf1","_req_path":"[Gmail]/Sent Mail","facility":"wildduck","host":"Johns-MacBook-Pro-i9.local","timestamp":1758838872.508,"_component":"wildduck"}
http API 127.0.0.1 root [-/-] PUT /users/68d5c058abe11a527cea4bef/mailboxes/68d5c058abe11a527cea4bf1 200 14ms
info Gelf {"short_message":"WILDDUCK HTTP [GET /users/:user/mailboxes] OK","_remote_ip":"127.0.0.1","_http_route":"/users/:user/mailboxes","_http_method":"GET","_user":"root","_role":"root","_api_response":"success","_size":1283,"_req_user":"68d5c058abe11a527cea4bef","facility":"wildduck","host":"Johns-MacBook-Pro-i9.local","timestamp":1758838872.534,"_component":"wildduck"}
http API 127.0.0.1 root [-/-] GET /users/68d5c058abe11a527cea4bef/mailboxes 200 3ms
info Gelf {"short_message":"WILDDUCK [QUOTA] +","_mail_action":"quota","_user":"68d5c058abe11a527cea4bef","_inc":256,"_storage_used":256,"_mailbox":"68d5c058abe11a527cea4bf0","facility":"wildduck","host":"Johns-MacBook-Pro-i9.local","timestamp":1758838872.835,"_component":"wildduck"}
info Gelf {"short_message":"WILDDUCK HTTP [POST /users/:user/mailboxes/:mailbox/messages] OK","_remote_ip":"127.0.0.1","_http_route":"/users/:user/mailboxes/:mailbox/messages","_http_method":"POST","_user":"root","_role":"root","_api_response":"success","_size":114,"_req_user":"68d5c058abe11a527cea4bef","_req_mailbox":"68d5c058abe11a527cea4bf0","_req_date":"14-Sep-2013 21:22:28 -0300","_req_unseen":"true","_req_raw":"<Buffer 66 72 6f 6d 3a 20 30 78 62 30 36 63 64 65 66 61 31 61 32 62 33 63 34 64 35 65 36 66 37 38 39 30 31 32 33 34 35 36 37 38 …","facility":"wildduck","host":"Johns-MacBook-Pro-i9.local","timestamp":1758838872.844,"_component":"wildduck"}
http API 127.0.0.1 root [-/-] POST /users/68d5c058abe11a527cea4bef/mailboxes/68d5c058abe11a527cea4bf0/messages?date=14-Sep-2013%2021%3A22%3A28%20-0300&unseen=true 200 17ms
info Gelf
{"short_message":"WILDDUCK [QUOTA] +","_mail_action":"quota","_user":"68d5c058abe11a527cea4bef","_inc":21927,"_storage_used":22183,"_mailbox":"68d5c058abe11a527cea4bf0","facility":"wildduck","host":"Johns-MacBook-Pro-i9.local","timestamp":1758838872.914,"_component":"wildduck"}
info Gelf
{"short_message":"WILDDUCK HTTP [POST /users/:user/mailboxes/:mailbox/messages] OK","_remote_ip":"127.0.0.1","_http_route":"/users/:user/mailboxes/:mailbox/messages","_http_method":"POST","_user":"root","_role":"root","_api_response":"success","_size":116,"_req_user":"68d5c058abe11a527cea4bef","_req_mailbox":"68d5c058abe11a527cea4bf0","_req_unseen":"false","_req_raw":"<Buffer 53 75 62 6a 65 63 74 3a 20 52 79 61 6e 20 46 69 6e 6e 69 65 27 73 20 4d 49 4d 45 20 54 6f 72 74 75 72 65 20 54 65 73 74 …","facility":"wildduck","host":"Johns-MacBook-Pro-i9.local","timestamp":1758838872.925,"_component":"wildduck"}
http API 127.0.0.1 root [-/-] POST /users/68d5c058abe11a527cea4bef/mailboxes/68d5c058abe11a527cea4bf0/messages?unseen=false 200 58ms
info Gelf {"short_message":"WILDDUCK [QUOTA] +","_mail_action":"quota","_user":"68d5c058abe11a527cea4bef","_inc":1044,"_storage_used":23227,"_mailbox":"68d5c058abe11a527cea4bf0","facility":"wildduck","host":"Johns-MacBook-Pro-i9.local","timestamp":1758838872.961,"_component":"wildduck"}
info Gelf {"short_message":"WILDDUCK HTTP [POST /users/:user/mailboxes/:mailbox/messages] OK","_remote_ip":"127.0.0.1","_http_route":"/users/:user/mailboxes/:mailbox/messages","_http_method":"POST","_user":"root","_role":"root","_api_response":"success","_size":115,"_req_user":"68d5c058abe11a527cea4bef","_req_mailbox":"68d5c058abe11a527cea4bf0","_req_unseen":"false","_req_raw":"<Buffer 4d 49 4d 45 2d 56 65 72 73 69 6f 6e 3a 20 31 2e 30 0d 0a 46 72 6f 6d 3a 20 30 78 36 62 31 37 65 66 61 62 31 61 32 62 33 …","facility":"wildduck","host":"Johns-MacBook-Pro-i9.local","timestamp":1758838872.969,"_component":"wildduck"}
http API 127.0.0.1 root [-/-] POST /users/68d5c058abe11a527cea4bef/mailboxes/68d5c058abe11a527cea4bf0/messages?unseen=false 200 21ms
info Gelf
{"short_message":"WILDDUCK [QUOTA] +","_mail_action":"quota","_user":"68d5c058abe11a527cea4bef","_inc":264,"_storage_used":23491,"_mailbox":"68d5c058abe11a527cea4bf0","facility":"wildduck","host":"Johns-MacBook-Pro-i9.local","timestamp":1758838873.004,"_component":"wildduck"}
info Gelf
{"short_message":"WILDDUCK HTTP [POST /users/:user/mailboxes/:mailbox/messages] OK","_remote_ip":"127.0.0.1","_http_route":"/users/:user/mailboxes/:mailbox/messages","_http_method":"POST","_user":"root","_role":"root","_api_response":"success","_size":114,"_req_user":"68d5c058abe11a527cea4bef","_req_mailbox":"68d5c058abe11a527cea4bf0","_req_unseen":"true","_req_raw":"<Buffer 66 72 6f 6d 3a 20 30 78 62 30 36 63 64 65 66 61 31 61 32 62 33 63 34 64 35 65 36 66 37 38 39 30 31 32 33 34 35 36 37 38 …","facility":"wildduck","host":"Johns-MacBook-Pro-i9.local","timestamp":1758838873.013,"_component":"wildduck"}
http API 127.0.0.1 root [-/-] POST /users/68d5c058abe11a527cea4bef/mailboxes/68d5c058abe11a527cea4bf0/messages?unseen=true 200 22ms
info Gelf {"short_message":"WILDDUCK [QUOTA] +","_mail_action":"quota","_user":"68d5c058abe11a527cea4bef","_inc":178,"_storage_used":23669,"_mailbox":"68d5c058abe11a527cea4bf0","facility":"wildduck","host":"Johns-MacBook-Pro-i9.local","timestamp":1758838873.043,"_component":"wildduck"}
info Gelf
{"short_message":"WILDDUCK HTTP [POST /users/:user/mailboxes/:mailbox/messages] OK","_remote_ip":"127.0.0.1","_http_route":"/users/:user/mailboxes/:mailbox/messages","_http_method":"POST","_user":"root","_role":"root","_api_response":"success","_size":114,"_req_user":"68d5c058abe11a527cea4bef","_req_mailbox":"68d5c058abe11a527cea4bf0","_req_unseen":"true","_req_raw":"<Buffer 66 72 6f 6d 3a 20 30 78 62 30 36 63 64 65 66 61 31 61 32 62 33 63 34 64 35 65 36 66 37 38 39 30 31 32 33 34 35 36 37 38 …","facility":"wildduck","host":"Johns-MacBook-Pro-i9.local","timestamp":1758838873.057,"_component":"wildduck"}
http API 127.0.0.1 root [-/-] POST /users/68d5c058abe11a527cea4bef/mailboxes/68d5c058abe11a527cea4bf0/messages?unseen=true 200 22ms
info Gelf {"short_message":"WILDDUCK [QUOTA] +","_mail_action":"quota","_user":"68d5c058abe11a527cea4bef","_inc":178,"_storage_used":23847,"_mailbox":"68d5c058abe11a527cea4bf0","facility":"wildduck","host":"Johns-MacBook-Pro-i9.local","timestamp":1758838873.087,"_component":"wildduck"}
info
Gelf {"short_message":"WILDDUCK HTTP [POST /users/:user/mailboxes/:mailbox/messages] OK","_remote_ip":"127.0.0.1","_http_route":"/users/:user/mailboxes/:mailbox/messages","_http_method":"POST","_user":"root","_role":"root","_api_response":"success","_size":114,"_req_user":"68d5c058abe11a527cea4bef","_req_mailbox":"68d5c058abe11a527cea4bf0","_req_unseen":"true","_req_raw":"<Buffer 66 72 6f 6d 3a 20 30 78 62 30 36 63 64 65 66 61 31 61 32 62 33 63 34 64 35 65 36 66 37 38 39 30 31 32 33 34 35 36 37 38 …","facility":"wildduck","host":"Johns-MacBook-Pro-i9.local","timestamp":1758838873.093,"_component":"wildduck"}
http API 127.0.0.1 root [-/-] POST /users/68d5c058abe11a527cea4bef/mailboxes/68d5c058abe11a527cea4bf0/messages?unseen=true 200 14ms
info IMAP [c2dhpe5wnowqbqxw] Secure connection from [127.0.0.1] to Johns-MacBook-Pro-i9.local 127.0.0.1:9993
sill IMAP [c2dhpe5wnowqbqxw] S: * OK WildDuck IMAP Server ready for requests from 127.0.0.1 c2dhpe5wnowqbqxw
sill
IMAP [c2dhpe5wnowqbqxw] C: T1 LOGIN "(* value hidden *)" "(* value hidden *)"
info Gelf
{"short_message":"WILDDUCK [AUTHOK] 0x1a2b3c4d5e6f789012345678901234567890abcd","_mail_action":"auth","_auth_result":"success","_username":"0x1a2b3c4d5e6f789012345678901234567890abcd","_domain":"johns-macbook-pro-i9.local","_user":"68d5c058abe11a527cea4bef","_password_type":"master","_scope":"imap","_ip":"127.0.0.1","_sess":"c2dhpe5wnowqbqxw","facility":"wildduck","host":"Johns-MacBook-Pro-i9.local","timestamp":1758838873.669,"_component":"wildduck"}
info Gelf {"short_message":"WILDDUCK [CONNSTART] Connection established for 68d5c058abe11a527cea4bef","_connection":"establish","_service":"imap","_sess":"c2dhpe5wnowqbqxw","_user":"68d5c058abe11a527cea4bef","_cid":"c2dhpe5wnowqbqxw","_ip":"127.0.0.1","_limit":15,"facility":"wildduck","host":"Johns-MacBook-Pro-i9.local","timestamp":1758838873.672,"_component":"wildduck"}
info IMAP [c2dhpe5wnowqbqxw] 0x1a2b3c4d5e6f789012345678901234567890abcd authenticated using LOGIN
sill IMAP [c2dhpe5wnowqbqxw] New journal listener for 68d5c058abe11a527cea4bef (0x1a2b3c4d5e6f789012345678901234567890abcd)
sill IMAP [c2dhpe5wnowqbqxw] S: * CAPABILITY IMAP4rev1 APPENDLIMIT=26214400 CHILDREN CONDSTORE ENABLE ID IDLE MOVE NAMESPACE QUOTA SPECIAL-USE UIDPLUS UNSELECT UTF8=ACCEPT XLIST
sill IMAP [c2dhpe5wnowqbqxw] S: T1 OK 0x1a2b3c4d5e6f789012345678901234567890abcd authenticated
sill IMAP
[c2dhpe5wnowqbqxw] C: T2 LOGOUT
sill IMAP [c2dhpe5wnowqbqxw] Removed journal listener from 68d5c058abe11a527cea4bef (0x1a2b3c4d5e6f789012345678901234567890abcd)
sill IMAP [c2dhpe5wnowqbqxw] S: * BYE Logout requested
sill IMAP [c2dhpe5wnowqbqxw] S: T2 OK I'm doing so awesome on my own. Like, right now, I found this can of beans.
      ✔ should authenticate (347ms)
info Gelf {"short_message":"WILDDUCK [CONNRELEASE] Connection released for 68d5c058abe11a527cea4bef","_connection":"release","_service":"imap","_sess":"c2dhpe5wnowqbqxw","_user":"68d5c058abe11a527cea4bef","_cid":"c2dhpe5wnowqbqxw","_ip":"127.0.0.1","facility":"wildduck","host":"Johns-MacBook-Pro-i9.local","timestamp":1758838873.776,"_component":"wildduck"}
info IMAP [c2dhpe5wnowqbqxw] Connection closed to [127.0.0.1]
info Gelf {"short_message":"WILDDUCK HTTP [GET /users] OK","_remote_ip":"127.0.0.1","_http_route":"/users","_http_method":"GET","_user":"root","_role":"root","_api_response":"success","_size":723,"facility":"wildduck","host":"Johns-MacBook-Pro-i9.local","timestamp":1758838874.504,"_component":"wildduck"}
http API 127.0.0.1 root [-/-] GET /users 200 9ms
info Gelf {"short_message":"WILDDUCK HTTP [GET /users] OK","_remote_ip":"127.0.0.1","_http_route":"/users","_http_method":"GET","_user":"root","_role":"root","_api_response":"success","_size":780,"_req_query":"0x1a2b3c4d5e6f789012345678901234567890abcd","facility":"wildduck","host":"Johns-MacBook-Pro-i9.local","timestamp":1758838874.534,"_component":"wildduck"}
http
API 127.0.0.1 root [-/-] GET /users?query=0x1a2b3c4d5e6f789012345678901234567890abcd 200 6ms
verb Tasks
Created task id=68d5c05aabe11a527cea4c0b
info Gelf
{"short_message":"WILDDUCK HTTP [DELETE /users/:user] OK","_remote_ip":"127.0.0.1","_http_route":"/users/:user","_http_method":"DELETE","_user":"root","_role":"root","_api_response":"success","_code":"TaskScheduled","_size":209,"_req_user":"68d5c058abe11a527cea4bef","facility":"wildduck","host":"Johns-MacBook-Pro-i9.local","timestamp":1758838874.579,"_component":"wildduck"}
http API 127.0.0.1 root [-/-] DELETE /users/68d5c058abe11a527cea4bef 200 11ms
info Gelf {"short_message":"WILDDUCK HTTP [POST /authenticate] OK","_remote_ip":"127.0.0.1","_http_route":"/authenticate","_http_method":"POST","_user":"root","_role":"root","_api_response":"success","_size":334,"_req_username":"0x1a2b3c4d5e6f789012345678901234567890abcd","_req_password":"***","_req_token":"true","_res_id":"68d5c05dabe11a527cea4c0d","facility":"wildduck","host":"Johns-MacBook-Pro-i9.local","timestamp":1758838877.059,"_component":"wildduck"}
http
API 127.0.0.1 root [-/-] POST /authenticate 200 144ms
info Gelf {"short_message":"WILDDUCK HTTP [GET /users] OK","_remote_ip":"127.0.0.1","_http_route":"/users","_http_method":"GET","_user":"root","_role":"root","_api_response":"success","_size":776,"_req_query":"0x1a2b3c4d5e6f789012345678901234567890abcd","facility":"wildduck","host":"Johns-MacBook-Pro-i9.local","timestamp":1758838877.104,"_component":"wildduck"}
http API 127.0.0.1 root [-/-] GET /users?query=0x1a2b3c4d5e6f789012345678901234567890abcd 200 10ms
info Gelf
{"short_message":"WILDDUCK HTTP [GET /users/:user/mailboxes] OK","_remote_ip":"127.0.0.1","_http_route":"/users/:user/mailboxes","_http_method":"GET","_user":"root","_role":"root","_api_response":"success","_size":1275,"_req_user":"68d5c05dabe11a527cea4c0d","facility":"wildduck","host":"Johns-MacBook-Pro-i9.local","timestamp":1758838877.142,"_component":"wildduck"}
http API 127.0.0.1 root [-/-] GET /users/68d5c05dabe11a527cea4c0d/mailboxes 200 3ms
info Gelf {"short_message":"WILDDUCK HTTP [PUT /users/:user/mailboxes/:mailbox] OK","_remote_ip":"127.0.0.1","_http_route":"/users/:user/mailboxes/:mailbox","_http_method":"PUT","_user":"root","_role":"root","_api_response":"success","_size":22,"_req_user":"68d5c05dabe11a527cea4c0d","_req_mailbox":"68d5c05dabe11a527cea4c0f","_req_path":"[Gmail]/Sent Mail","facility":"wildduck","host":"Johns-MacBook-Pro-i9.local","timestamp":1758838877.205,"_component":"wildduck"}
http API 127.0.0.1 root [-/-] PUT /users/68d5c05dabe11a527cea4c0d/mailboxes/68d5c05dabe11a527cea4c0f 200 7ms
info Gelf {"short_message":"WILDDUCK HTTP [GET /users/:user/mailboxes] OK","_remote_ip":"127.0.0.1","_http_route":"/users/:user/mailboxes","_http_method":"GET","_user":"root","_role":"root","_api_response":"success","_size":1283,"_req_user":"68d5c05dabe11a527cea4c0d","facility":"wildduck","host":"Johns-MacBook-Pro-i9.local","timestamp":1758838877.261,"_component":"wildduck"}
http
API 127.0.0.1 root [-/-] GET /users/68d5c05dabe11a527cea4c0d/mailboxes 200 3ms
info Gelf
{"short_message":"WILDDUCK [QUOTA] +","_mail_action":"quota","_user":"68d5c05dabe11a527cea4c0d","_inc":256,"_storage_used":256,"_mailbox":"68d5c05dabe11a527cea4c0e","facility":"wildduck","host":"Johns-MacBook-Pro-i9.local","timestamp":1758838877.412,"_component":"wildduck"}
info Gelf
{"short_message":"WILDDUCK HTTP [POST /users/:user/mailboxes/:mailbox/messages] OK","_remote_ip":"127.0.0.1","_http_route":"/users/:user/mailboxes/:mailbox/messages","_http_method":"POST","_user":"root","_role":"root","_api_response":"success","_size":114,"_req_user":"68d5c05dabe11a527cea4c0d","_req_mailbox":"68d5c05dabe11a527cea4c0e","_req_date":"14-Sep-2013 21:22:28 -0300","_req_unseen":"true","_req_raw":"<Buffer 66 72 6f 6d 3a 20 30 78 62 30 36 63 64 65 66 61 31 61 32 62 33 63 34 64 35 65 36 66 37 38 39 30 31 32 33 34 35 36 37 38 …","facility":"wildduck","host":"Johns-MacBook-Pro-i9.local","timestamp":1758838877.419,"_component":"wildduck"}
http API
127.0.0.1 root [-/-] POST /users/68d5c05dabe11a527cea4c0d/mailboxes/68d5c05dabe11a527cea4c0e/messages?date=14-Sep-2013%2021%3A22%3A28%20-0300&unseen=true 200 14ms
info Gelf {"short_message":"WILDDUCK [QUOTA] +","_mail_action":"quota","_user":"68d5c05dabe11a527cea4c0d","_inc":21927,"_storage_used":22183,"_mailbox":"68d5c05dabe11a527cea4c0e","facility":"wildduck","host":"Johns-MacBook-Pro-i9.local","timestamp":1758838877.484,"_component":"wildduck"}
info Gelf {"short_message":"WILDDUCK HTTP [POST /users/:user/mailboxes/:mailbox/messages] OK","_remote_ip":"127.0.0.1","_http_route":"/users/:user/mailboxes/:mailbox/messages","_http_method":"POST","_user":"root","_role":"root","_api_response":"success","_size":116,"_req_user":"68d5c05dabe11a527cea4c0d","_req_mailbox":"68d5c05dabe11a527cea4c0e","_req_unseen":"false","_req_raw":"<Buffer 53 75 62 6a 65 63 74 3a 20 52 79 61 6e 20 46 69 6e 6e 69 65 27 73 20 4d 49 4d 45 20 54 6f 72 74 75 72 65 20 54 65 73 74 …","facility":"wildduck","host":"Johns-MacBook-Pro-i9.local","timestamp":1758838877.494,"_component":"wildduck"}
http API 127.0.0.1 root [-/-] POST /users/68d5c05dabe11a527cea4c0d/mailboxes/68d5c05dabe11a527cea4c0e/messages?unseen=false 200 52ms
info Gelf {"short_message":"WILDDUCK [QUOTA] +","_mail_action":"quota","_user":"68d5c05dabe11a527cea4c0d","_inc":1044,"_storage_used":23227,"_mailbox":"68d5c05dabe11a527cea4c0e","facility":"wildduck","host":"Johns-MacBook-Pro-i9.local","timestamp":1758838877.527,"_component":"wildduck"}
info Gelf
{"short_message":"WILDDUCK HTTP [POST /users/:user/mailboxes/:mailbox/messages] OK","_remote_ip":"127.0.0.1","_http_route":"/users/:user/mailboxes/:mailbox/messages","_http_method":"POST","_user":"root","_role":"root","_api_response":"success","_size":115,"_req_user":"68d5c05dabe11a527cea4c0d","_req_mailbox":"68d5c05dabe11a527cea4c0e","_req_unseen":"false","_req_raw":"<Buffer 4d 49 4d 45 2d 56 65 72 73 69 6f 6e 3a 20 31 2e 30 0d 0a 46 72 6f 6d 3a 20 30 78 36 62 31 37 65 66 61 62 31 61 32 62 33 …","facility":"wildduck","host":"Johns-MacBook-Pro-i9.local","timestamp":1758838877.535,"_component":"wildduck"}
http API 127.0.0.1 root [-/-] POST /users/68d5c05dabe11a527cea4c0d/mailboxes/68d5c05dabe11a527cea4c0e/messages?unseen=false 200 19ms
info Gelf {"short_message":"WILDDUCK [QUOTA] +","_mail_action":"quota","_user":"68d5c05dabe11a527cea4c0d","_inc":264,"_storage_used":23491,"_mailbox":"68d5c05dabe11a527cea4c0e","facility":"wildduck","host":"Johns-MacBook-Pro-i9.local","timestamp":1758838877.566,"_component":"wildduck"}
info Gelf {"short_message":"WILDDUCK HTTP [POST /users/:user/mailboxes/:mailbox/messages] OK","_remote_ip":"127.0.0.1","_http_route":"/users/:user/mailboxes/:mailbox/messages","_http_method":"POST","_user":"root","_role":"root","_api_response":"success","_size":114,"_req_user":"68d5c05dabe11a527cea4c0d","_req_mailbox":"68d5c05dabe11a527cea4c0e","_req_unseen":"true","_req_raw":"<Buffer 66 72 6f 6d 3a 20 30 78 62 30 36 63 64 65 66 61 31 61 32 62 33 63 34 64 35 65 36 66 37 38 39 30 31 32 33 34 35 36 37 38 …","facility":"wildduck","host":"Johns-MacBook-Pro-i9.local","timestamp":1758838877.573,"_component":"wildduck"}
http API
127.0.0.1 root [-/-] POST /users/68d5c05dabe11a527cea4c0d/mailboxes/68d5c05dabe11a527cea4c0e/messages?unseen=true 200 15ms
info Gelf {"short_message":"WILDDUCK [QUOTA] +","_mail_action":"quota","_user":"68d5c05dabe11a527cea4c0d","_inc":178,"_storage_used":23669,"_mailbox":"68d5c05dabe11a527cea4c0e","facility":"wildduck","host":"Johns-MacBook-Pro-i9.local","timestamp":1758838877.605,"_component":"wildduck"}
info Gelf
{"short_message":"WILDDUCK HTTP [POST /users/:user/mailboxes/:mailbox/messages] OK","_remote_ip":"127.0.0.1","_http_route":"/users/:user/mailboxes/:mailbox/messages","_http_method":"POST","_user":"root","_role":"root","_api_response":"success","_size":114,"_req_user":"68d5c05dabe11a527cea4c0d","_req_mailbox":"68d5c05dabe11a527cea4c0e","_req_unseen":"true","_req_raw":"<Buffer 66 72 6f 6d 3a 20 30 78 62 30 36 63 64 65 66 61 31 61 32 62 33 63 34 64 35 65 36 66 37 38 39 30 31 32 33 34 35 36 37 38 …","facility":"wildduck","host":"Johns-MacBook-Pro-i9.local","timestamp":1758838877.614,"_component":"wildduck"}
http API 127.0.0.1 root [-/-] POST /users/68d5c05dabe11a527cea4c0d/mailboxes/68d5c05dabe11a527cea4c0e/messages?unseen=true 200 17ms
info Gelf {"short_message":"WILDDUCK [QUOTA] +","_mail_action":"quota","_user":"68d5c05dabe11a527cea4c0d","_inc":178,"_storage_used":23847,"_mailbox":"68d5c05dabe11a527cea4c0e","facility":"wildduck","host":"Johns-MacBook-Pro-i9.local","timestamp":1758838877.644,"_component":"wildduck"}
info Gelf {"short_message":"WILDDUCK HTTP [POST /users/:user/mailboxes/:mailbox/messages] OK","_remote_ip":"127.0.0.1","_http_route":"/users/:user/mailboxes/:mailbox/messages","_http_method":"POST","_user":"root","_role":"root","_api_response":"success","_size":114,"_req_user":"68d5c05dabe11a527cea4c0d","_req_mailbox":"68d5c05dabe11a527cea4c0e","_req_unseen":"true","_req_raw":"<Buffer 66 72 6f 6d 3a 20 30 78 62 30 36 63 64 65 66 61 31 61 32 62 33 63 34 64 35 65 36 66 37 38 39 30 31 32 33 34 35 36 37 38 …","facility":"wildduck","host":"Johns-MacBook-Pro-i9.local","timestamp":1758838877.656,"_component":"wildduck"}
http
API 127.0.0.1 root [-/-] POST /users/68d5c05dabe11a527cea4c0d/mailboxes/68d5c05dabe11a527cea4c0e/messages?unseen=true 200 19ms
info IMAP [7jv7ntxas6yjv7hg] Secure connection from [127.0.0.1] to Johns-MacBook-Pro-i9.local 127.0.0.1:9993
sill IMAP [7jv7ntxas6yjv7hg] S: * OK WildDuck IMAP Server ready for requests from 127.0.0.1 7jv7ntxas6yjv7hg
sill IMAP [7jv7ntxas6yjv7hg] C: T1 LOGIN "(* value hidden *)" "(* value hidden *)"
info Gelf
{"short_message":"WILDDUCK [AUTHFAIL] 0x1a2b3c4d5e6f789012345678901234567890abcd","full_message":"Error: Invalid Auth\n    at UserHandler.asyncAuthenticate (/Users/johnhuang/0xmail/wildduck/lib/user-handler.js:904:27)\n    at process.processTicksAndRejections (node:internal/process/task_queues:105:5)","_error":"Invalid Auth","_code":"AuthFail","_auth_result":"fail","_username":"0x1a2b3c4d5e6f789012345678901234567890abcd","_domain":"johns-macbook-pro-i9.local","_user":"68d5c05dabe11a527cea4c0d","_password_type":"master","_scope":"imap","_ip":"127.0.0.1","_sess":"7jv7ntxas6yjv7hg","facility":"wildduck","host":"Johns-MacBook-Pro-i9.local","timestamp":1758838878.26,"_component":"wildduck"}
info IMAP [7jv7ntxas6yjv7hg] Authentication failed for 0x1a2b3c4d5e6f789012345678901234567890abcd using LOGIN
sill IMAP
[7jv7ntxas6yjv7hg] S: T1 NO [AUTHENTICATIONFAILED] Invalid credentials
sill IMAP [7jv7ntxas6yjv7hg] C: T2 LOGOUT
sill IMAP [7jv7ntxas6yjv7hg] S: * BYE Logout requested
sill
IMAP [7jv7ntxas6yjv7hg] S: T2 OK Well, that makes sense. Send a bird to catch a cat!
      ✔ should fail authentication (335ms)
info IMAP [7jv7ntxas6yjv7hg] Connection closed to [127.0.0.1]
    AUTHENTICATE PLAIN
info Gelf
{"short_message":"WILDDUCK HTTP [GET /users] OK","_remote_ip":"127.0.0.1","_http_route":"/users","_http_method":"GET","_user":"root","_role":"root","_api_response":"success","_size":723,"facility":"wildduck","host":"Johns-MacBook-Pro-i9.local","timestamp":1758838879.022,"_component":"wildduck"}
http API
127.0.0.1 root [-/-] GET /users 200 5ms
info Gelf {"short_message":"WILDDUCK HTTP [GET /users] OK","_remote_ip":"127.0.0.1","_http_route":"/users","_http_method":"GET","_user":"root","_role":"root","_api_response":"success","_size":780,"_req_query":"0x1a2b3c4d5e6f789012345678901234567890abcd","facility":"wildduck","host":"Johns-MacBook-Pro-i9.local","timestamp":1758838879.055,"_component":"wildduck"}
http API
127.0.0.1 root [-/-] GET /users?query=0x1a2b3c4d5e6f789012345678901234567890abcd 200 5ms
verb Tasks Created task id=68d5c05fabe11a527cea4c29
info Gelf {"short_message":"WILDDUCK HTTP [DELETE /users/:user] OK","_remote_ip":"127.0.0.1","_http_route":"/users/:user","_http_method":"DELETE","_user":"root","_role":"root","_api_response":"success","_code":"TaskScheduled","_size":209,"_req_user":"68d5c05dabe11a527cea4c0d","facility":"wildduck","host":"Johns-MacBook-Pro-i9.local","timestamp":1758838879.11,"_component":"wildduck"}
http API 127.0.0.1 root [-/-] DELETE /users/68d5c05dabe11a527cea4c0d 200 19ms
info Gelf {"short_message":"WILDDUCK HTTP [POST /authenticate] OK","_remote_ip":"127.0.0.1","_http_route":"/authenticate","_http_method":"POST","_user":"root","_role":"root","_api_response":"success","_size":334,"_req_username":"0x1a2b3c4d5e6f789012345678901234567890abcd","_req_password":"***","_req_token":"true","_res_id":"68d5c061abe11a527cea4c2b","facility":"wildduck","host":"Johns-MacBook-Pro-i9.local","timestamp":1758838881.684,"_component":"wildduck"}
http API
127.0.0.1 root [-/-] POST /authenticate 200 139ms
info Gelf {"short_message":"WILDDUCK HTTP [GET /users] OK","_remote_ip":"127.0.0.1","_http_route":"/users","_http_method":"GET","_user":"root","_role":"root","_api_response":"success","_size":776,"_req_query":"0x1a2b3c4d5e6f789012345678901234567890abcd","facility":"wildduck","host":"Johns-MacBook-Pro-i9.local","timestamp":1758838881.723,"_component":"wildduck"}
http API
127.0.0.1 root [-/-] GET /users?query=0x1a2b3c4d5e6f789012345678901234567890abcd 200 6ms
info Gelf {"short_message":"WILDDUCK HTTP [GET /users/:user/mailboxes] OK","_remote_ip":"127.0.0.1","_http_route":"/users/:user/mailboxes","_http_method":"GET","_user":"root","_role":"root","_api_response":"success","_size":1275,"_req_user":"68d5c061abe11a527cea4c2b","facility":"wildduck","host":"Johns-MacBook-Pro-i9.local","timestamp":1758838881.762,"_component":"wildduck"}
http
API 127.0.0.1 root [-/-] GET /users/68d5c061abe11a527cea4c2b/mailboxes 200 3ms
info Gelf
{"short_message":"WILDDUCK HTTP [PUT /users/:user/mailboxes/:mailbox] OK","_remote_ip":"127.0.0.1","_http_route":"/users/:user/mailboxes/:mailbox","_http_method":"PUT","_user":"root","_role":"root","_api_response":"success","_size":22,"_req_user":"68d5c061abe11a527cea4c2b","_req_mailbox":"68d5c061abe11a527cea4c2d","_req_path":"[Gmail]/Sent Mail","facility":"wildduck","host":"Johns-MacBook-Pro-i9.local","timestamp":1758838881.823,"_component":"wildduck"}
http API 127.0.0.1 root [-/-] PUT /users/68d5c061abe11a527cea4c2b/mailboxes/68d5c061abe11a527cea4c2d 200 7ms
info
Gelf {"short_message":"WILDDUCK HTTP [GET /users/:user/mailboxes] OK","_remote_ip":"127.0.0.1","_http_route":"/users/:user/mailboxes","_http_method":"GET","_user":"root","_role":"root","_api_response":"success","_size":1283,"_req_user":"68d5c061abe11a527cea4c2b","facility":"wildduck","host":"Johns-MacBook-Pro-i9.local","timestamp":1758838881.851,"_component":"wildduck"}
http
API 127.0.0.1 root [-/-] GET /users/68d5c061abe11a527cea4c2b/mailboxes 200 4ms
info Gelf {"short_message":"WILDDUCK [QUOTA] +","_mail_action":"quota","_user":"68d5c061abe11a527cea4c2b","_inc":256,"_storage_used":256,"_mailbox":"68d5c061abe11a527cea4c2c","facility":"wildduck","host":"Johns-MacBook-Pro-i9.local","timestamp":1758838882.036,"_component":"wildduck"}
info Gelf {"short_message":"WILDDUCK HTTP [POST /users/:user/mailboxes/:mailbox/messages] OK","_remote_ip":"127.0.0.1","_http_route":"/users/:user/mailboxes/:mailbox/messages","_http_method":"POST","_user":"root","_role":"root","_api_response":"success","_size":114,"_req_user":"68d5c061abe11a527cea4c2b","_req_mailbox":"68d5c061abe11a527cea4c2c","_req_date":"14-Sep-2013 21:22:28 -0300","_req_unseen":"true","_req_raw":"<Buffer 66 72 6f 6d 3a 20 30 78 62 30 36 63 64 65 66 61 31 61 32 62 33 63 34 64 35 65 36 66 37 38 39 30 31 32 33 34 35 36 37 38 …","facility":"wildduck","host":"Johns-MacBook-Pro-i9.local","timestamp":1758838882.05,"_component":"wildduck"}
http API 127.0.0.1 root [-/-] POST /users/68d5c061abe11a527cea4c2b/mailboxes/68d5c061abe11a527cea4c2c/messages?date=14-Sep-2013%2021%3A22%3A28%20-0300&unseen=true 200 20ms
info Gelf {"short_message":"WILDDUCK [QUOTA] +","_mail_action":"quota","_user":"68d5c061abe11a527cea4c2b","_inc":21927,"_storage_used":22183,"_mailbox":"68d5c061abe11a527cea4c2c","facility":"wildduck","host":"Johns-MacBook-Pro-i9.local","timestamp":1758838882.115,"_component":"wildduck"}
info Gelf {"short_message":"WILDDUCK HTTP [POST /users/:user/mailboxes/:mailbox/messages] OK","_remote_ip":"127.0.0.1","_http_route":"/users/:user/mailboxes/:mailbox/messages","_http_method":"POST","_user":"root","_role":"root","_api_response":"success","_size":116,"_req_user":"68d5c061abe11a527cea4c2b","_req_mailbox":"68d5c061abe11a527cea4c2c","_req_unseen":"false","_req_raw":"<Buffer 53 75 62 6a 65 63 74 3a 20 52 79 61 6e 20 46 69 6e 6e 69 65 27 73 20 4d 49 4d 45 20 54 6f 72 74 75 72 65 20 54 65 73 74 …","facility":"wildduck","host":"Johns-MacBook-Pro-i9.local","timestamp":1758838882.124,"_component":"wildduck"}
http API 127.0.0.1 root [-/-] POST /users/68d5c061abe11a527cea4c2b/mailboxes/68d5c061abe11a527cea4c2c/messages?unseen=false 200 50ms
info Gelf {"short_message":"WILDDUCK [QUOTA] +","_mail_action":"quota","_user":"68d5c061abe11a527cea4c2b","_inc":1044,"_storage_used":23227,"_mailbox":"68d5c061abe11a527cea4c2c","facility":"wildduck","host":"Johns-MacBook-Pro-i9.local","timestamp":1758838882.157,"_component":"wildduck"}
info Gelf {"short_message":"WILDDUCK HTTP [POST /users/:user/mailboxes/:mailbox/messages] OK","_remote_ip":"127.0.0.1","_http_route":"/users/:user/mailboxes/:mailbox/messages","_http_method":"POST","_user":"root","_role":"root","_api_response":"success","_size":115,"_req_user":"68d5c061abe11a527cea4c2b","_req_mailbox":"68d5c061abe11a527cea4c2c","_req_unseen":"false","_req_raw":"<Buffer 4d 49 4d 45 2d 56 65 72 73 69 6f 6e 3a 20 31 2e 30 0d 0a 46 72 6f 6d 3a 20 30 78 36 62 31 37 65 66 61 62 31 61 32 62 33 …","facility":"wildduck","host":"Johns-MacBook-Pro-i9.local","timestamp":1758838882.165,"_component":"wildduck"}
http API 127.0.0.1 root [-/-] POST /users/68d5c061abe11a527cea4c2b/mailboxes/68d5c061abe11a527cea4c2c/messages?unseen=false 200 18ms
info Gelf {"short_message":"WILDDUCK [QUOTA] +","_mail_action":"quota","_user":"68d5c061abe11a527cea4c2b","_inc":264,"_storage_used":23491,"_mailbox":"68d5c061abe11a527cea4c2c","facility":"wildduck","host":"Johns-MacBook-Pro-i9.local","timestamp":1758838882.2,"_component":"wildduck"}
info Gelf {"short_message":"WILDDUCK HTTP [POST /users/:user/mailboxes/:mailbox/messages] OK","_remote_ip":"127.0.0.1","_http_route":"/users/:user/mailboxes/:mailbox/messages","_http_method":"POST","_user":"root","_role":"root","_api_response":"success","_size":114,"_req_user":"68d5c061abe11a527cea4c2b","_req_mailbox":"68d5c061abe11a527cea4c2c","_req_unseen":"true","_req_raw":"<Buffer 66 72 6f 6d 3a 20 30 78 62 30 36 63 64 65 66 61 31 61 32 62 33 63 34 64 35 65 36 66 37 38 39 30 31 32 33 34 35 36 37 38 …","facility":"wildduck","host":"Johns-MacBook-Pro-i9.local","timestamp":1758838882.208,"_component":"wildduck"}
http
API 127.0.0.1 root [-/-] POST /users/68d5c061abe11a527cea4c2b/mailboxes/68d5c061abe11a527cea4c2c/messages?unseen=true 200 21ms
info Gelf
{"short_message":"WILDDUCK [QUOTA] +","_mail_action":"quota","_user":"68d5c061abe11a527cea4c2b","_inc":178,"_storage_used":23669,"_mailbox":"68d5c061abe11a527cea4c2c","facility":"wildduck","host":"Johns-MacBook-Pro-i9.local","timestamp":1758838882.237,"_component":"wildduck"}
info Gelf
{"short_message":"WILDDUCK HTTP [POST /users/:user/mailboxes/:mailbox/messages] OK","_remote_ip":"127.0.0.1","_http_route":"/users/:user/mailboxes/:mailbox/messages","_http_method":"POST","_user":"root","_role":"root","_api_response":"success","_size":114,"_req_user":"68d5c061abe11a527cea4c2b","_req_mailbox":"68d5c061abe11a527cea4c2c","_req_unseen":"true","_req_raw":"<Buffer 66 72 6f 6d 3a 20 30 78 62 30 36 63 64 65 66 61 31 61 32 62 33 63 34 64 35 65 36 66 37 38 39 30 31 32 33 34 35 36 37 38 …","facility":"wildduck","host":"Johns-MacBook-Pro-i9.local","timestamp":1758838882.243,"_component":"wildduck"}
http
API 127.0.0.1 root [-/-] POST /users/68d5c061abe11a527cea4c2b/mailboxes/68d5c061abe11a527cea4c2c/messages?unseen=true 200 12ms
info Gelf
{"short_message":"WILDDUCK [QUOTA] +","_mail_action":"quota","_user":"68d5c061abe11a527cea4c2b","_inc":178,"_storage_used":23847,"_mailbox":"68d5c061abe11a527cea4c2c","facility":"wildduck","host":"Johns-MacBook-Pro-i9.local","timestamp":1758838882.272,"_component":"wildduck"}
info Gelf
{"short_message":"WILDDUCK HTTP [POST /users/:user/mailboxes/:mailbox/messages] OK","_remote_ip":"127.0.0.1","_http_route":"/users/:user/mailboxes/:mailbox/messages","_http_method":"POST","_user":"root","_role":"root","_api_response":"success","_size":114,"_req_user":"68d5c061abe11a527cea4c2b","_req_mailbox":"68d5c061abe11a527cea4c2c","_req_unseen":"true","_req_raw":"<Buffer 66 72 6f 6d 3a 20 30 78 62 30 36 63 64 65 66 61 31 61 32 62 33 63 34 64 35 65 36 66 37 38 39 30 31 32 33 34 35 36 37 38 …","facility":"wildduck","host":"Johns-MacBook-Pro-i9.local","timestamp":1758838882.279,"_component":"wildduck"}
http API 127.0.0.1 root [-/-] POST /users/68d5c061abe11a527cea4c2b/mailboxes/68d5c061abe11a527cea4c2c/messages?unseen=true 200 13ms
info IMAP [2h6lw3ymkoh4hxon] Secure connection from [127.0.0.1] to Johns-MacBook-Pro-i9.local 127.0.0.1:9993
sill IMAP [2h6lw3ymkoh4hxon] S: * OK WildDuck IMAP Server ready for requests from 127.0.0.1 2h6lw3ymkoh4hxon
sill IMAP [2h6lw3ymkoh4hxon] C: T1 AUTHENTICATE PLAIN
sill IMAP [2h6lw3ymkoh4hxon] S: +
sill IMAP [2h6lw3ymkoh4hxon] C: <68 bytes of data>
info Gelf {"short_message":"WILDDUCK [AUTHOK] 0x1a2b3c4d5e6f789012345678901234567890abcd","_mail_action":"auth","_auth_result":"success","_username":"0x1a2b3c4d5e6f789012345678901234567890abcd","_domain":"johns-macbook-pro-i9.local","_user":"68d5c061abe11a527cea4c2b","_password_type":"master","_scope":"imap","_ip":"127.0.0.1","_sess":"2h6lw3ymkoh4hxon","facility":"wildduck","host":"Johns-MacBook-Pro-i9.local","timestamp":1758838882.977,"_component":"wildduck"}
info Gelf {"short_message":"WILDDUCK [CONNSTART] Connection established for 68d5c061abe11a527cea4c2b","_connection":"establish","_service":"imap","_sess":"2h6lw3ymkoh4hxon","_user":"68d5c061abe11a527cea4c2b","_cid":"2h6lw3ymkoh4hxon","_ip":"127.0.0.1","_limit":15,"facility":"wildduck","host":"Johns-MacBook-Pro-i9.local","timestamp":1758838882.978,"_component":"wildduck"}
info IMAP [2h6lw3ymkoh4hxon] 0x1a2b3c4d5e6f789012345678901234567890abcd authenticated using PLAIN
sill IMAP [2h6lw3ymkoh4hxon] New journal listener for 68d5c061abe11a527cea4c2b (0x1a2b3c4d5e6f789012345678901234567890abcd)
sill IMAP [2h6lw3ymkoh4hxon] S: * CAPABILITY IMAP4rev1 APPENDLIMIT=26214400 CHILDREN CONDSTORE ENABLE ID IDLE MOVE NAMESPACE QUOTA SPECIAL-USE UIDPLUS UNSELECT UTF8=ACCEPT XLIST
sill IMAP [2h6lw3ymkoh4hxon] S: T1 OK 0x1a2b3c4d5e6f789012345678901234567890abcd authenticated
sill IMAP [2h6lw3ymkoh4hxon] C: T2 LOGOUT
sill IMAP [2h6lw3ymkoh4hxon] Removed journal listener from 68d5c061abe11a527cea4c2b (0x1a2b3c4d5e6f789012345678901234567890abcd)
sill IMAP [2h6lw3ymkoh4hxon] S: * BYE Logout requested
sill IMAP [2h6lw3ymkoh4hxon] S: T2 OK Melissa, I have to go, they got into my toilet paper! Melissa, I have to go!
      ✔ should authenticate (445ms)
info Gelf {"short_message":"WILDDUCK [CONNRELEASE] Connection released for 68d5c061abe11a527cea4c2b","_connection":"release","_service":"imap","_sess":"2h6lw3ymkoh4hxon","_user":"68d5c061abe11a527cea4c2b","_cid":"2h6lw3ymkoh4hxon","_ip":"127.0.0.1","facility":"wildduck","host":"Johns-MacBook-Pro-i9.local","timestamp":1758838883.081,"_component":"wildduck"}
info IMAP [2h6lw3ymkoh4hxon] Connection closed to [127.0.0.1]
info Gelf {"short_message":"WILDDUCK HTTP [GET /users] OK","_remote_ip":"127.0.0.1","_http_route":"/users","_http_method":"GET","_user":"root","_role":"root","_api_response":"success","_size":723,"facility":"wildduck","host":"Johns-MacBook-Pro-i9.local","timestamp":1758838883.752,"_component":"wildduck"}
http API 127.0.0.1 root [-/-] GET /users 200 8ms
info Gelf
{"short_message":"WILDDUCK HTTP [GET /users] OK","_remote_ip":"127.0.0.1","_http_route":"/users","_http_method":"GET","_user":"root","_role":"root","_api_response":"success","_size":780,"_req_query":"0x1a2b3c4d5e6f789012345678901234567890abcd","facility":"wildduck","host":"Johns-MacBook-Pro-i9.local","timestamp":1758838883.779,"_component":"wildduck"}
http API 127.0.0.1 root [-/-] GET /users?query=0x1a2b3c4d5e6f789012345678901234567890abcd 200 5ms
verb Tasks Created task id=68d5c063abe11a527cea4c47
info Gelf
{"short_message":"WILDDUCK HTTP [DELETE /users/:user] OK","_remote_ip":"127.0.0.1","_http_route":"/users/:user","_http_method":"DELETE","_user":"root","_role":"root","_api_response":"success","_code":"TaskScheduled","_size":209,"_req_user":"68d5c061abe11a527cea4c2b","facility":"wildduck","host":"Johns-MacBook-Pro-i9.local","timestamp":1758838883.823,"_component":"wildduck"}
http
API 127.0.0.1 root [-/-] DELETE /users/68d5c061abe11a527cea4c2b 200 11ms
info Gelf
{"short_message":"WILDDUCK HTTP [POST /authenticate] OK","_remote_ip":"127.0.0.1","_http_route":"/authenticate","_http_method":"POST","_user":"root","_role":"root","_api_response":"success","_size":334,"_req_username":"0x1a2b3c4d5e6f789012345678901234567890abcd","_req_password":"***","_req_token":"true","_res_id":"68d5c066abe11a527cea4c49","facility":"wildduck","host":"Johns-MacBook-Pro-i9.local","timestamp":1758838886.338,"_component":"wildduck"}
http API 127.0.0.1 root [-/-] POST /authenticate 200 135ms
info Gelf
{"short_message":"WILDDUCK HTTP [GET /users] OK","_remote_ip":"127.0.0.1","_http_route":"/users","_http_method":"GET","_user":"root","_role":"root","_api_response":"success","_size":776,"_req_query":"0x1a2b3c4d5e6f789012345678901234567890abcd","facility":"wildduck","host":"Johns-MacBook-Pro-i9.local","timestamp":1758838886.378,"_component":"wildduck"}
http API 127.0.0.1 root [-/-] GET /users?query=0x1a2b3c4d5e6f789012345678901234567890abcd 200 6ms
info Gelf
{"short_message":"WILDDUCK HTTP [GET /users/:user/mailboxes] OK","_remote_ip":"127.0.0.1","_http_route":"/users/:user/mailboxes","_http_method":"GET","_user":"root","_role":"root","_api_response":"success","_size":1275,"_req_user":"68d5c066abe11a527cea4c49","facility":"wildduck","host":"Johns-MacBook-Pro-i9.local","timestamp":1758838886.415,"_component":"wildduck"}
http API 127.0.0.1 root [-/-] GET /users/68d5c066abe11a527cea4c49/mailboxes 200 2ms
info Gelf {"short_message":"WILDDUCK HTTP [PUT /users/:user/mailboxes/:mailbox] OK","_remote_ip":"127.0.0.1","_http_route":"/users/:user/mailboxes/:mailbox","_http_method":"PUT","_user":"root","_role":"root","_api_response":"success","_size":22,"_req_user":"68d5c066abe11a527cea4c49","_req_mailbox":"68d5c066abe11a527cea4c4b","_req_path":"[Gmail]/Sent Mail","facility":"wildduck","host":"Johns-MacBook-Pro-i9.local","timestamp":1758838886.477,"_component":"wildduck"}
http API
127.0.0.1 root [-/-] PUT /users/68d5c066abe11a527cea4c49/mailboxes/68d5c066abe11a527cea4c4b 200 7ms
info Gelf
{"short_message":"WILDDUCK HTTP [GET /users/:user/mailboxes] OK","_remote_ip":"127.0.0.1","_http_route":"/users/:user/mailboxes","_http_method":"GET","_user":"root","_role":"root","_api_response":"success","_size":1283,"_req_user":"68d5c066abe11a527cea4c49","facility":"wildduck","host":"Johns-MacBook-Pro-i9.local","timestamp":1758838886.501,"_component":"wildduck"}
http API 127.0.0.1 root [-/-] GET /users/68d5c066abe11a527cea4c49/mailboxes 200 2ms
info Gelf
{"short_message":"WILDDUCK [QUOTA] +","_mail_action":"quota","_user":"68d5c066abe11a527cea4c49","_inc":256,"_storage_used":256,"_mailbox":"68d5c066abe11a527cea4c4a","facility":"wildduck","host":"Johns-MacBook-Pro-i9.local","timestamp":1758838886.654,"_component":"wildduck"}
info
Gelf {"short_message":"WILDDUCK HTTP [POST /users/:user/mailboxes/:mailbox/messages] OK","_remote_ip":"127.0.0.1","_http_route":"/users/:user/mailboxes/:mailbox/messages","_http_method":"POST","_user":"root","_role":"root","_api_response":"success","_size":114,"_req_user":"68d5c066abe11a527cea4c49","_req_mailbox":"68d5c066abe11a527cea4c4a","_req_date":"14-Sep-2013 21:22:28 -0300","_req_unseen":"true","_req_raw":"<Buffer 66 72 6f 6d 3a 20 30 78 62 30 36 63 64 65 66 61 31 61 32 62 33 63 34 64 35 65 36 66 37 38 39 30 31 32 33 34 35 36 37 38 …","facility":"wildduck","host":"Johns-MacBook-Pro-i9.local","timestamp":1758838886.66,"_component":"wildduck"}
http API 127.0.0.1 root [-/-] POST /users/68d5c066abe11a527cea4c49/mailboxes/68d5c066abe11a527cea4c4a/messages?date=14-Sep-2013%2021%3A22%3A28%20-0300&unseen=true 200 15ms
info Gelf
{"short_message":"WILDDUCK [QUOTA] +","_mail_action":"quota","_user":"68d5c066abe11a527cea4c49","_inc":21927,"_storage_used":22183,"_mailbox":"68d5c066abe11a527cea4c4a","facility":"wildduck","host":"Johns-MacBook-Pro-i9.local","timestamp":1758838886.719,"_component":"wildduck"}
info Gelf {"short_message":"WILDDUCK HTTP [POST /users/:user/mailboxes/:mailbox/messages] OK","_remote_ip":"127.0.0.1","_http_route":"/users/:user/mailboxes/:mailbox/messages","_http_method":"POST","_user":"root","_role":"root","_api_response":"success","_size":116,"_req_user":"68d5c066abe11a527cea4c49","_req_mailbox":"68d5c066abe11a527cea4c4a","_req_unseen":"false","_req_raw":"<Buffer 53 75 62 6a 65 63 74 3a 20 52 79 61 6e 20 46 69 6e 6e 69 65 27 73 20 4d 49 4d 45 20 54 6f 72 74 75 72 65 20 54 65 73 74 …","facility":"wildduck","host":"Johns-MacBook-Pro-i9.local","timestamp":1758838886.728,"_component":"wildduck"}
http
API 127.0.0.1 root [-/-] POST /users/68d5c066abe11a527cea4c49/mailboxes/68d5c066abe11a527cea4c4a/messages?unseen=false 200 44ms
info Gelf
{"short_message":"WILDDUCK [QUOTA] +","_mail_action":"quota","_user":"68d5c066abe11a527cea4c49","_inc":1044,"_storage_used":23227,"_mailbox":"68d5c066abe11a527cea4c4a","facility":"wildduck","host":"Johns-MacBook-Pro-i9.local","timestamp":1758838886.761,"_component":"wildduck"}
info
Gelf {"short_message":"WILDDUCK HTTP [POST /users/:user/mailboxes/:mailbox/messages] OK","_remote_ip":"127.0.0.1","_http_route":"/users/:user/mailboxes/:mailbox/messages","_http_method":"POST","_user":"root","_role":"root","_api_response":"success","_size":115,"_req_user":"68d5c066abe11a527cea4c49","_req_mailbox":"68d5c066abe11a527cea4c4a","_req_unseen":"false","_req_raw":"<Buffer 4d 49 4d 45 2d 56 65 72 73 69 6f 6e 3a 20 31 2e 30 0d 0a 46 72 6f 6d 3a 20 30 78 36 62 31 37 65 66 61 62 31 61 32 62 33 …","facility":"wildduck","host":"Johns-MacBook-Pro-i9.local","timestamp":1758838886.767,"_component":"wildduck"}
http API 127.0.0.1 root [-/-] POST /users/68d5c066abe11a527cea4c49/mailboxes/68d5c066abe11a527cea4c4a/messages?unseen=false 200 15ms
info Gelf {"short_message":"WILDDUCK [QUOTA] +","_mail_action":"quota","_user":"68d5c066abe11a527cea4c49","_inc":264,"_storage_used":23491,"_mailbox":"68d5c066abe11a527cea4c4a","facility":"wildduck","host":"Johns-MacBook-Pro-i9.local","timestamp":1758838886.803,"_component":"wildduck"}
info
Gelf {"short_message":"WILDDUCK HTTP [POST /users/:user/mailboxes/:mailbox/messages] OK","_remote_ip":"127.0.0.1","_http_route":"/users/:user/mailboxes/:mailbox/messages","_http_method":"POST","_user":"root","_role":"root","_api_response":"success","_size":114,"_req_user":"68d5c066abe11a527cea4c49","_req_mailbox":"68d5c066abe11a527cea4c4a","_req_unseen":"true","_req_raw":"<Buffer 66 72 6f 6d 3a 20 30 78 62 30 36 63 64 65 66 61 31 61 32 62 33 63 34 64 35 65 36 66 37 38 39 30 31 32 33 34 35 36 37 38 …","facility":"wildduck","host":"Johns-MacBook-Pro-i9.local","timestamp":1758838886.809,"_component":"wildduck"}
http
API 127.0.0.1 root [-/-] POST /users/68d5c066abe11a527cea4c49/mailboxes/68d5c066abe11a527cea4c4a/messages?unseen=true 200 19ms
info Gelf
{"short_message":"WILDDUCK [QUOTA] +","_mail_action":"quota","_user":"68d5c066abe11a527cea4c49","_inc":178,"_storage_used":23669,"_mailbox":"68d5c066abe11a527cea4c4a","facility":"wildduck","host":"Johns-MacBook-Pro-i9.local","timestamp":1758838886.838,"_component":"wildduck"}
info Gelf {"short_message":"WILDDUCK HTTP [POST /users/:user/mailboxes/:mailbox/messages] OK","_remote_ip":"127.0.0.1","_http_route":"/users/:user/mailboxes/:mailbox/messages","_http_method":"POST","_user":"root","_role":"root","_api_response":"success","_size":114,"_req_user":"68d5c066abe11a527cea4c49","_req_mailbox":"68d5c066abe11a527cea4c4a","_req_unseen":"true","_req_raw":"<Buffer 66 72 6f 6d 3a 20 30 78 62 30 36 63 64 65 66 61 31 61 32 62 33 63 34 64 35 65 36 66 37 38 39 30 31 32 33 34 35 36 37 38 …","facility":"wildduck","host":"Johns-MacBook-Pro-i9.local","timestamp":1758838886.852,"_component":"wildduck"}
http API
127.0.0.1 root [-/-] POST /users/68d5c066abe11a527cea4c49/mailboxes/68d5c066abe11a527cea4c4a/messages?unseen=true 200 20ms
info Gelf {"short_message":"WILDDUCK [QUOTA] +","_mail_action":"quota","_user":"68d5c066abe11a527cea4c49","_inc":178,"_storage_used":23847,"_mailbox":"68d5c066abe11a527cea4c4a","facility":"wildduck","host":"Johns-MacBook-Pro-i9.local","timestamp":1758838886.881,"_component":"wildduck"}
info Gelf {"short_message":"WILDDUCK HTTP [POST /users/:user/mailboxes/:mailbox/messages] OK","_remote_ip":"127.0.0.1","_http_route":"/users/:user/mailboxes/:mailbox/messages","_http_method":"POST","_user":"root","_role":"root","_api_response":"success","_size":114,"_req_user":"68d5c066abe11a527cea4c49","_req_mailbox":"68d5c066abe11a527cea4c4a","_req_unseen":"true","_req_raw":"<Buffer 66 72 6f 6d 3a 20 30 78 62 30 36 63 64 65 66 61 31 61 32 62 33 63 34 64 35 65 36 66 37 38 39 30 31 32 33 34 35 36 37 38 …","facility":"wildduck","host":"Johns-MacBook-Pro-i9.local","timestamp":1758838886.888,"_component":"wildduck"}
http API 127.0.0.1 root [-/-] POST /users/68d5c066abe11a527cea4c49/mailboxes/68d5c066abe11a527cea4c4a/messages?unseen=true 200 13ms
info IMAP [csjytbdfpwsp2vvv] Secure connection from [127.0.0.1] to Johns-MacBook-Pro-i9.local 127.0.0.1:9993
sill IMAP [csjytbdfpwsp2vvv] S: * OK WildDuck IMAP Server ready for requests from 127.0.0.1 csjytbdfpwsp2vvv
sill IMAP [csjytbdfpwsp2vvv] C: T1 AUTHENTICATE PLAIN "(* value hidden *)"
info Gelf {"short_message":"WILDDUCK [AUTHOK] 0x1a2b3c4d5e6f789012345678901234567890abcd","_mail_action":"auth","_auth_result":"success","_username":"0x1a2b3c4d5e6f789012345678901234567890abcd","_domain":"johns-macbook-pro-i9.local","_user":"68d5c066abe11a527cea4c49","_password_type":"master","_scope":"imap","_ip":"127.0.0.1","_sess":"csjytbdfpwsp2vvv","facility":"wildduck","host":"Johns-MacBook-Pro-i9.local","timestamp":1758838887.51,"_component":"wildduck"}
info Gelf {"short_message":"WILDDUCK [CONNSTART] Connection established for 68d5c066abe11a527cea4c49","_connection":"establish","_service":"imap","_sess":"csjytbdfpwsp2vvv","_user":"68d5c066abe11a527cea4c49","_cid":"csjytbdfpwsp2vvv","_ip":"127.0.0.1","_limit":15,"facility":"wildduck","host":"Johns-MacBook-Pro-i9.local","timestamp":1758838887.512,"_component":"wildduck"}
info IMAP [csjytbdfpwsp2vvv] 0x1a2b3c4d5e6f789012345678901234567890abcd authenticated using PLAIN
sill IMAP [csjytbdfpwsp2vvv] New journal listener for 68d5c066abe11a527cea4c49 (0x1a2b3c4d5e6f789012345678901234567890abcd)
sill IMAP [csjytbdfpwsp2vvv] S: * CAPABILITY IMAP4rev1 APPENDLIMIT=26214400 CHILDREN CONDSTORE ENABLE ID IDLE MOVE NAMESPACE QUOTA SPECIAL-USE UIDPLUS UNSELECT UTF8=ACCEPT XLIST
sill IMAP [csjytbdfpwsp2vvv] S: T1 OK 0x1a2b3c4d5e6f789012345678901234567890abcd authenticated
sill IMAP
[csjytbdfpwsp2vvv] C: T2 LOGOUT
sill IMAP [csjytbdfpwsp2vvv] Removed journal listener from 68d5c066abe11a527cea4c49 (0x1a2b3c4d5e6f789012345678901234567890abcd)
sill
IMAP [csjytbdfpwsp2vvv] S: * BYE Logout requested
sill IMAP [csjytbdfpwsp2vvv] S: T2 OK Well, that makes sense. Send a bird to catch a cat!
      ✔ should authenticate using SASL-IR (337ms)
info Gelf {"short_message":"WILDDUCK [CONNRELEASE] Connection released for 68d5c066abe11a527cea4c49","_connection":"release","_service":"imap","_sess":"csjytbdfpwsp2vvv","_user":"68d5c066abe11a527cea4c49","_cid":"csjytbdfpwsp2vvv","_ip":"127.0.0.1","facility":"wildduck","host":"Johns-MacBook-Pro-i9.local","timestamp":1758838887.614,"_component":"wildduck"}
info IMAP [csjytbdfpwsp2vvv] Connection closed to [127.0.0.1]
info Gelf {"short_message":"WILDDUCK HTTP [GET /users] OK","_remote_ip":"127.0.0.1","_http_route":"/users","_http_method":"GET","_user":"root","_role":"root","_api_response":"success","_size":723,"facility":"wildduck","host":"Johns-MacBook-Pro-i9.local","timestamp":1758838888.279,"_component":"wildduck"}
http API 127.0.0.1 root [-/-] GET /users 200 5ms
info Gelf {"short_message":"WILDDUCK HTTP [GET /users] OK","_remote_ip":"127.0.0.1","_http_route":"/users","_http_method":"GET","_user":"root","_role":"root","_api_response":"success","_size":780,"_req_query":"0x1a2b3c4d5e6f789012345678901234567890abcd","facility":"wildduck","host":"Johns-MacBook-Pro-i9.local","timestamp":1758838888.308,"_component":"wildduck"}
http
API 127.0.0.1 root [-/-] GET /users?query=0x1a2b3c4d5e6f789012345678901234567890abcd 200 5ms
verb Tasks Created task id=68d5c068abe11a527cea4c65
info Gelf {"short_message":"WILDDUCK HTTP [DELETE /users/:user] OK","_remote_ip":"127.0.0.1","_http_route":"/users/:user","_http_method":"DELETE","_user":"root","_role":"root","_api_response":"success","_code":"TaskScheduled","_size":209,"_req_user":"68d5c066abe11a527cea4c49","facility":"wildduck","host":"Johns-MacBook-Pro-i9.local","timestamp":1758838888.359,"_component":"wildduck"}
http API 127.0.0.1 root [-/-] DELETE /users/68d5c066abe11a527cea4c49 200 15ms
info Gelf {"short_message":"WILDDUCK HTTP [POST /authenticate] OK","_remote_ip":"127.0.0.1","_http_route":"/authenticate","_http_method":"POST","_user":"root","_role":"root","_api_response":"success","_size":334,"_req_username":"0x1a2b3c4d5e6f789012345678901234567890abcd","_req_password":"***","_req_token":"true","_res_id":"68d5c06aabe11a527cea4c67","facility":"wildduck","host":"Johns-MacBook-Pro-i9.local","timestamp":1758838890.859,"_component":"wildduck"}
http
API 127.0.0.1 root [-/-] POST /authenticate 200 138ms
info Gelf {"short_message":"WILDDUCK HTTP [GET /users] OK","_remote_ip":"127.0.0.1","_http_route":"/users","_http_method":"GET","_user":"root","_role":"root","_api_response":"success","_size":776,"_req_query":"0x1a2b3c4d5e6f789012345678901234567890abcd","facility":"wildduck","host":"Johns-MacBook-Pro-i9.local","timestamp":1758838890.903,"_component":"wildduck"}
http API
127.0.0.1 root [-/-] GET /users?query=0x1a2b3c4d5e6f789012345678901234567890abcd 200 11ms
info Gelf {"short_message":"WILDDUCK HTTP [GET /users/:user/mailboxes] OK","_remote_ip":"127.0.0.1","_http_route":"/users/:user/mailboxes","_http_method":"GET","_user":"root","_role":"root","_api_response":"success","_size":1275,"_req_user":"68d5c06aabe11a527cea4c67","facility":"wildduck","host":"Johns-MacBook-Pro-i9.local","timestamp":1758838890.94,"_component":"wildduck"}
http
API 127.0.0.1 root [-/-] GET /users/68d5c06aabe11a527cea4c67/mailboxes 200 2ms
info Gelf {"short_message":"WILDDUCK HTTP [PUT /users/:user/mailboxes/:mailbox] OK","_remote_ip":"127.0.0.1","_http_route":"/users/:user/mailboxes/:mailbox","_http_method":"PUT","_user":"root","_role":"root","_api_response":"success","_size":22,"_req_user":"68d5c06aabe11a527cea4c67","_req_mailbox":"68d5c06aabe11a527cea4c69","_req_path":"[Gmail]/Sent Mail","facility":"wildduck","host":"Johns-MacBook-Pro-i9.local","timestamp":1758838891.004,"_component":"wildduck"}
http
API 127.0.0.1 root [-/-] PUT /users/68d5c06aabe11a527cea4c67/mailboxes/68d5c06aabe11a527cea4c69 200 10ms
info Gelf {"short_message":"WILDDUCK HTTP [GET /users/:user/mailboxes] OK","_remote_ip":"127.0.0.1","_http_route":"/users/:user/mailboxes","_http_method":"GET","_user":"root","_role":"root","_api_response":"success","_size":1283,"_req_user":"68d5c06aabe11a527cea4c67","facility":"wildduck","host":"Johns-MacBook-Pro-i9.local","timestamp":1758838891.031,"_component":"wildduck"}
http
API 127.0.0.1 root [-/-] GET /users/68d5c06aabe11a527cea4c67/mailboxes 200 3ms
info Gelf {"short_message":"WILDDUCK [QUOTA] +","_mail_action":"quota","_user":"68d5c06aabe11a527cea4c67","_inc":256,"_storage_used":256,"_mailbox":"68d5c06aabe11a527cea4c68","facility":"wildduck","host":"Johns-MacBook-Pro-i9.local","timestamp":1758838891.2,"_component":"wildduck"}
info Gelf {"short_message":"WILDDUCK HTTP [POST /users/:user/mailboxes/:mailbox/messages] OK","_remote_ip":"127.0.0.1","_http_route":"/users/:user/mailboxes/:mailbox/messages","_http_method":"POST","_user":"root","_role":"root","_api_response":"success","_size":114,"_req_user":"68d5c06aabe11a527cea4c67","_req_mailbox":"68d5c06aabe11a527cea4c68","_req_date":"14-Sep-2013 21:22:28 -0300","_req_unseen":"true","_req_raw":"<Buffer 66 72 6f 6d 3a 20 30 78 62 30 36 63 64 65 66 61 31 61 32 62 33 63 34 64 35 65 36 66 37 38 39 30 31 32 33 34 35 36 37 38 …","facility":"wildduck","host":"Johns-MacBook-Pro-i9.local","timestamp":1758838891.207,"_component":"wildduck"}
http
API 127.0.0.1 root [-/-] POST /users/68d5c06aabe11a527cea4c67/mailboxes/68d5c06aabe11a527cea4c68/messages?date=14-Sep-2013%2021%3A22%3A28%20-0300&unseen=true 200 20ms
info Gelf {"short_message":"WILDDUCK [QUOTA] +","_mail_action":"quota","_user":"68d5c06aabe11a527cea4c67","_inc":21927,"_storage_used":22183,"_mailbox":"68d5c06aabe11a527cea4c68","facility":"wildduck","host":"Johns-MacBook-Pro-i9.local","timestamp":1758838891.27,"_component":"wildduck"}
info Gelf {"short_message":"WILDDUCK HTTP [POST /users/:user/mailboxes/:mailbox/messages] OK","_remote_ip":"127.0.0.1","_http_route":"/users/:user/mailboxes/:mailbox/messages","_http_method":"POST","_user":"root","_role":"root","_api_response":"success","_size":116,"_req_user":"68d5c06aabe11a527cea4c67","_req_mailbox":"68d5c06aabe11a527cea4c68","_req_unseen":"false","_req_raw":"<Buffer 53 75 62 6a 65 63 74 3a 20 52 79 61 6e 20 46 69 6e 6e 69 65 27 73 20 4d 49 4d 45 20 54 6f 72 74 75 72 65 20 54 65 73 74 …","facility":"wildduck","host":"Johns-MacBook-Pro-i9.local","timestamp":1758838891.278,"_component":"wildduck"}
http
API 127.0.0.1 root [-/-] POST /users/68d5c06aabe11a527cea4c67/mailboxes/68d5c06aabe11a527cea4c68/messages?unseen=false 200 48ms
info Gelf {"short_message":"WILDDUCK [QUOTA] +","_mail_action":"quota","_user":"68d5c06aabe11a527cea4c67","_inc":1044,"_storage_used":23227,"_mailbox":"68d5c06aabe11a527cea4c68","facility":"wildduck","host":"Johns-MacBook-Pro-i9.local","timestamp":1758838891.31,"_component":"wildduck"}
info Gelf {"short_message":"WILDDUCK HTTP [POST /users/:user/mailboxes/:mailbox/messages] OK","_remote_ip":"127.0.0.1","_http_route":"/users/:user/mailboxes/:mailbox/messages","_http_method":"POST","_user":"root","_role":"root","_api_response":"success","_size":115,"_req_user":"68d5c06aabe11a527cea4c67","_req_mailbox":"68d5c06aabe11a527cea4c68","_req_unseen":"false","_req_raw":"<Buffer 4d 49 4d 45 2d 56 65 72 73 69 6f 6e 3a 20 31 2e 30 0d 0a 46 72 6f 6d 3a 20 30 78 36 62 31 37 65 66 61 62 31 61 32 62 33 …","facility":"wildduck","host":"Johns-MacBook-Pro-i9.local","timestamp":1758838891.318,"_component":"wildduck"}
http API
127.0.0.1 root [-/-] POST /users/68d5c06aabe11a527cea4c67/mailboxes/68d5c06aabe11a527cea4c68/messages?unseen=false 200 17ms
info Gelf {"short_message":"WILDDUCK [QUOTA] +","_mail_action":"quota","_user":"68d5c06aabe11a527cea4c67","_inc":264,"_storage_used":23491,"_mailbox":"68d5c06aabe11a527cea4c68","facility":"wildduck","host":"Johns-MacBook-Pro-i9.local","timestamp":1758838891.352,"_component":"wildduck"}
info Gelf
{"short_message":"WILDDUCK HTTP [POST /users/:user/mailboxes/:mailbox/messages] OK","_remote_ip":"127.0.0.1","_http_route":"/users/:user/mailboxes/:mailbox/messages","_http_method":"POST","_user":"root","_role":"root","_api_response":"success","_size":114,"_req_user":"68d5c06aabe11a527cea4c67","_req_mailbox":"68d5c06aabe11a527cea4c68","_req_unseen":"true","_req_raw":"<Buffer 66 72 6f 6d 3a 20 30 78 62 30 36 63 64 65 66 61 31 61 32 62 33 63 34 64 35 65 36 66 37 38 39 30 31 32 33 34 35 36 37 38 …","facility":"wildduck","host":"Johns-MacBook-Pro-i9.local","timestamp":1758838891.36,"_component":"wildduck"}
http API 127.0.0.1 root [-/-] POST /users/68d5c06aabe11a527cea4c67/mailboxes/68d5c06aabe11a527cea4c68/messages?unseen=true 200 20ms
info Gelf {"short_message":"WILDDUCK [QUOTA] +","_mail_action":"quota","_user":"68d5c06aabe11a527cea4c67","_inc":178,"_storage_used":23669,"_mailbox":"68d5c06aabe11a527cea4c68","facility":"wildduck","host":"Johns-MacBook-Pro-i9.local","timestamp":1758838891.389,"_component":"wildduck"}
info Gelf {"short_message":"WILDDUCK HTTP [POST /users/:user/mailboxes/:mailbox/messages] OK","_remote_ip":"127.0.0.1","_http_route":"/users/:user/mailboxes/:mailbox/messages","_http_method":"POST","_user":"root","_role":"root","_api_response":"success","_size":114,"_req_user":"68d5c06aabe11a527cea4c67","_req_mailbox":"68d5c06aabe11a527cea4c68","_req_unseen":"true","_req_raw":"<Buffer 66 72 6f 6d 3a 20 30 78 62 30 36 63 64 65 66 61 31 61 32 62 33 63 34 64 35 65 36 66 37 38 39 30 31 32 33 34 35 36 37 38 …","facility":"wildduck","host":"Johns-MacBook-Pro-i9.local","timestamp":1758838891.402,"_component":"wildduck"}
http API 127.0.0.1 root [-/-] POST /users/68d5c06aabe11a527cea4c67/mailboxes/68d5c06aabe11a527cea4c68/messages?unseen=true 200 19ms
info Gelf {"short_message":"WILDDUCK [QUOTA] +","_mail_action":"quota","_user":"68d5c06aabe11a527cea4c67","_inc":178,"_storage_used":23847,"_mailbox":"68d5c06aabe11a527cea4c68","facility":"wildduck","host":"Johns-MacBook-Pro-i9.local","timestamp":1758838891.431,"_component":"wildduck"}
info Gelf {"short_message":"WILDDUCK HTTP [POST /users/:user/mailboxes/:mailbox/messages] OK","_remote_ip":"127.0.0.1","_http_route":"/users/:user/mailboxes/:mailbox/messages","_http_method":"POST","_user":"root","_role":"root","_api_response":"success","_size":114,"_req_user":"68d5c06aabe11a527cea4c67","_req_mailbox":"68d5c06aabe11a527cea4c68","_req_unseen":"true","_req_raw":"<Buffer 66 72 6f 6d 3a 20 30 78 62 30 36 63 64 65 66 61 31 61 32 62 33 63 34 64 35 65 36 66 37 38 39 30 31 32 33 34 35 36 37 38 …","facility":"wildduck","host":"Johns-MacBook-Pro-i9.local","timestamp":1758838891.437,"_component":"wildduck"}
http API 127.0.0.1 root [-/-] POST /users/68d5c06aabe11a527cea4c67/mailboxes/68d5c06aabe11a527cea4c68/messages?unseen=true 200 11ms
info IMAP [doyfjjz4wt66ffr4] Secure connection from [127.0.0.1] to Johns-MacBook-Pro-i9.local 127.0.0.1:9993
sill IMAP [doyfjjz4wt66ffr4] S: * OK WildDuck IMAP Server ready for requests from 127.0.0.1 doyfjjz4wt66ffr4
sill IMAP [doyfjjz4wt66ffr4] C: T1 AUTHENTICATE PLAIN
sill IMAP [doyfjjz4wt66ffr4] S: +
sill IMAP [doyfjjz4wt66ffr4] C: <72 bytes of data>
info Gelf {"short_message":"WILDDUCK [AUTHFAIL] 0x1a2b3c4d5e6f789012345678901234567890abcd","full_message":"Error: Invalid Auth\n    at UserHandler.asyncAuthenticate (/Users/johnhuang/0xmail/wildduck/lib/user-handler.js:904:27)\n    at process.processTicksAndRejections (node:internal/process/task_queues:105:5)","_error":"Invalid Auth","_code":"AuthFail","_auth_result":"fail","_username":"0x1a2b3c4d5e6f789012345678901234567890abcd","_domain":"johns-macbook-pro-i9.local","_user":"68d5c06aabe11a527cea4c67","_password_type":"master","_scope":"imap","_ip":"127.0.0.1","_sess":"doyfjjz4wt66ffr4","facility":"wildduck","host":"Johns-MacBook-Pro-i9.local","timestamp":1758838892.224,"_component":"wildduck"}
info IMAP [doyfjjz4wt66ffr4] Authentication failed for 0x1a2b3c4d5e6f789012345678901234567890abcd using PLAIN
sill IMAP [doyfjjz4wt66ffr4] S: T1 NO [AUTHENTICATIONFAILED] Invalid credentials
sill IMAP
[doyfjjz4wt66ffr4] C: T2 LOGOUT
sill IMAP [doyfjjz4wt66ffr4] S: * BYE Logout requested
sill IMAP [doyfjjz4wt66ffr4] S: T2 OK Whew! What a surprise!
      ✔ should fail authentication (443ms)
info IMAP [doyfjjz4wt66ffr4] Connection closed to [127.0.0.1]
info Gelf {"short_message":"WILDDUCK HTTP [GET /users] OK","_remote_ip":"127.0.0.1","_http_route":"/users","_http_method":"GET","_user":"root","_role":"root","_api_response":"success","_size":723,"facility":"wildduck","host":"Johns-MacBook-Pro-i9.local","timestamp":1758838892.991,"_component":"wildduck"}
http
API 127.0.0.1 root [-/-] GET /users 200 4ms
info Gelf {"short_message":"WILDDUCK HTTP [GET /users] OK","_remote_ip":"127.0.0.1","_http_route":"/users","_http_method":"GET","_user":"root","_role":"root","_api_response":"success","_size":780,"_req_query":"0x1a2b3c4d5e6f789012345678901234567890abcd","facility":"wildduck","host":"Johns-MacBook-Pro-i9.local","timestamp":1758838893.018,"_component":"wildduck"}
http API 127.0.0.1 root [-/-] GET /users?query=0x1a2b3c4d5e6f789012345678901234567890abcd 200 5ms
verb Tasks Created task id=68d5c06dabe11a527cea4c83
info Gelf {"short_message":"WILDDUCK HTTP [DELETE /users/:user] OK","_remote_ip":"127.0.0.1","_http_route":"/users/:user","_http_method":"DELETE","_user":"root","_role":"root","_api_response":"success","_code":"TaskScheduled","_size":209,"_req_user":"68d5c06aabe11a527cea4c67","facility":"wildduck","host":"Johns-MacBook-Pro-i9.local","timestamp":1758838893.061,"_component":"wildduck"}
http API 127.0.0.1 root [-/-] DELETE /users/68d5c06aabe11a527cea4c67 200 8ms
info Gelf {"short_message":"WILDDUCK HTTP [POST /authenticate] OK","_remote_ip":"127.0.0.1","_http_route":"/authenticate","_http_method":"POST","_user":"root","_role":"root","_api_response":"success","_size":334,"_req_username":"0x1a2b3c4d5e6f789012345678901234567890abcd","_req_password":"***","_req_token":"true","_res_id":"68d5c06fabe11a527cea4c85","facility":"wildduck","host":"Johns-MacBook-Pro-i9.local","timestamp":1758838895.588,"_component":"wildduck"}
http
API 127.0.0.1 root [-/-] POST /authenticate 200 134ms
info Gelf {"short_message":"WILDDUCK HTTP [GET /users] OK","_remote_ip":"127.0.0.1","_http_route":"/users","_http_method":"GET","_user":"root","_role":"root","_api_response":"success","_size":776,"_req_query":"0x1a2b3c4d5e6f789012345678901234567890abcd","facility":"wildduck","host":"Johns-MacBook-Pro-i9.local","timestamp":1758838895.625,"_component":"wildduck"}
http
API 127.0.0.1 root [-/-] GET /users?query=0x1a2b3c4d5e6f789012345678901234567890abcd 200 4ms
info Gelf {"short_message":"WILDDUCK HTTP [GET /users/:user/mailboxes] OK","_remote_ip":"127.0.0.1","_http_route":"/users/:user/mailboxes","_http_method":"GET","_user":"root","_role":"root","_api_response":"success","_size":1275,"_req_user":"68d5c06fabe11a527cea4c85","facility":"wildduck","host":"Johns-MacBook-Pro-i9.local","timestamp":1758838895.661,"_component":"wildduck"}
http
API 127.0.0.1 root [-/-] GET /users/68d5c06fabe11a527cea4c85/mailboxes 200 3ms
info Gelf {"short_message":"WILDDUCK HTTP [PUT /users/:user/mailboxes/:mailbox] OK","_remote_ip":"127.0.0.1","_http_route":"/users/:user/mailboxes/:mailbox","_http_method":"PUT","_user":"root","_role":"root","_api_response":"success","_size":22,"_req_user":"68d5c06fabe11a527cea4c85","_req_mailbox":"68d5c06fabe11a527cea4c87","_req_path":"[Gmail]/Sent Mail","facility":"wildduck","host":"Johns-MacBook-Pro-i9.local","timestamp":1758838895.721,"_component":"wildduck"}
http API 127.0.0.1 root [-/-] PUT /users/68d5c06fabe11a527cea4c85/mailboxes/68d5c06fabe11a527cea4c87 200 6ms
info Gelf {"short_message":"WILDDUCK HTTP [GET /users/:user/mailboxes] OK","_remote_ip":"127.0.0.1","_http_route":"/users/:user/mailboxes","_http_method":"GET","_user":"root","_role":"root","_api_response":"success","_size":1283,"_req_user":"68d5c06fabe11a527cea4c85","facility":"wildduck","host":"Johns-MacBook-Pro-i9.local","timestamp":1758838895.754,"_component":"wildduck"}
http
API 127.0.0.1 root [-/-] GET /users/68d5c06fabe11a527cea4c85/mailboxes 200 11ms
info Gelf {"short_message":"WILDDUCK [QUOTA] +","_mail_action":"quota","_user":"68d5c06fabe11a527cea4c85","_inc":256,"_storage_used":256,"_mailbox":"68d5c06fabe11a527cea4c86","facility":"wildduck","host":"Johns-MacBook-Pro-i9.local","timestamp":1758838895.963,"_component":"wildduck"}
info Gelf
{"short_message":"WILDDUCK HTTP [POST /users/:user/mailboxes/:mailbox/messages] OK","_remote_ip":"127.0.0.1","_http_route":"/users/:user/mailboxes/:mailbox/messages","_http_method":"POST","_user":"root","_role":"root","_api_response":"success","_size":114,"_req_user":"68d5c06fabe11a527cea4c85","_req_mailbox":"68d5c06fabe11a527cea4c86","_req_date":"14-Sep-2013 21:22:28 -0300","_req_unseen":"true","_req_raw":"<Buffer 66 72 6f 6d 3a 20 30 78 62 30 36 63 64 65 66 61 31 61 32 62 33 63 34 64 35 65 36 66 37 38 39 30 31 32 33 34 35 36 37 38 …","facility":"wildduck","host":"Johns-MacBook-Pro-i9.local","timestamp":1758838895.97,"_component":"wildduck"}
http API 127.0.0.1 root [-/-] POST /users/68d5c06fabe11a527cea4c85/mailboxes/68d5c06fabe11a527cea4c86/messages?date=14-Sep-2013%2021%3A22%3A28%20-0300&unseen=true 200 14ms
info Gelf {"short_message":"WILDDUCK [QUOTA] +","_mail_action":"quota","_user":"68d5c06fabe11a527cea4c85","_inc":21927,"_storage_used":22183,"_mailbox":"68d5c06fabe11a527cea4c86","facility":"wildduck","host":"Johns-MacBook-Pro-i9.local","timestamp":1758838896.036,"_component":"wildduck"}
info Gelf {"short_message":"WILDDUCK HTTP [POST /users/:user/mailboxes/:mailbox/messages] OK","_remote_ip":"127.0.0.1","_http_route":"/users/:user/mailboxes/:mailbox/messages","_http_method":"POST","_user":"root","_role":"root","_api_response":"success","_size":116,"_req_user":"68d5c06fabe11a527cea4c85","_req_mailbox":"68d5c06fabe11a527cea4c86","_req_unseen":"false","_req_raw":"<Buffer 53 75 62 6a 65 63 74 3a 20 52 79 61 6e 20 46 69 6e 6e 69 65 27 73 20 4d 49 4d 45 20 54 6f 72 74 75 72 65 20 54 65 73 74 …","facility":"wildduck","host":"Johns-MacBook-Pro-i9.local","timestamp":1758838896.053,"_component":"wildduck"}
http API 127.0.0.1 root [-/-] POST /users/68d5c06fabe11a527cea4c85/mailboxes/68d5c06fabe11a527cea4c86/messages?unseen=false 200 61ms
info Gelf {"short_message":"WILDDUCK [QUOTA] +","_mail_action":"quota","_user":"68d5c06fabe11a527cea4c85","_inc":1044,"_storage_used":23227,"_mailbox":"68d5c06fabe11a527cea4c86","facility":"wildduck","host":"Johns-MacBook-Pro-i9.local","timestamp":1758838896.086,"_component":"wildduck"}
info Gelf
{"short_message":"WILDDUCK HTTP [POST /users/:user/mailboxes/:mailbox/messages] OK","_remote_ip":"127.0.0.1","_http_route":"/users/:user/mailboxes/:mailbox/messages","_http_method":"POST","_user":"root","_role":"root","_api_response":"success","_size":115,"_req_user":"68d5c06fabe11a527cea4c85","_req_mailbox":"68d5c06fabe11a527cea4c86","_req_unseen":"false","_req_raw":"<Buffer 4d 49 4d 45 2d 56 65 72 73 69 6f 6e 3a 20 31 2e 30 0d 0a 46 72 6f 6d 3a 20 30 78 36 62 31 37 65 66 61 62 31 61 32 62 33 …","facility":"wildduck","host":"Johns-MacBook-Pro-i9.local","timestamp":1758838896.092,"_component":"wildduck"}
http API 127.0.0.1 root [-/-] POST /users/68d5c06fabe11a527cea4c85/mailboxes/68d5c06fabe11a527cea4c86/messages?unseen=false 200 16ms
info
Gelf {"short_message":"WILDDUCK [QUOTA] +","_mail_action":"quota","_user":"68d5c06fabe11a527cea4c85","_inc":264,"_storage_used":23491,"_mailbox":"68d5c06fabe11a527cea4c86","facility":"wildduck","host":"Johns-MacBook-Pro-i9.local","timestamp":1758838896.121,"_component":"wildduck"}
info Gelf {"short_message":"WILDDUCK HTTP [POST /users/:user/mailboxes/:mailbox/messages] OK","_remote_ip":"127.0.0.1","_http_route":"/users/:user/mailboxes/:mailbox/messages","_http_method":"POST","_user":"root","_role":"root","_api_response":"success","_size":114,"_req_user":"68d5c06fabe11a527cea4c85","_req_mailbox":"68d5c06fabe11a527cea4c86","_req_unseen":"true","_req_raw":"<Buffer 66 72 6f 6d 3a 20 30 78 62 30 36 63 64 65 66 61 31 61 32 62 33 63 34 64 35 65 36 66 37 38 39 30 31 32 33 34 35 36 37 38 …","facility":"wildduck","host":"Johns-MacBook-Pro-i9.local","timestamp":1758838896.128,"_component":"wildduck"}
http API 127.0.0.1 root [-/-] POST /users/68d5c06fabe11a527cea4c85/mailboxes/68d5c06fabe11a527cea4c86/messages?unseen=true 200 13ms
info Gelf {"short_message":"WILDDUCK [QUOTA] +","_mail_action":"quota","_user":"68d5c06fabe11a527cea4c85","_inc":178,"_storage_used":23669,"_mailbox":"68d5c06fabe11a527cea4c86","facility":"wildduck","host":"Johns-MacBook-Pro-i9.local","timestamp":1758838896.157,"_component":"wildduck"}
info Gelf {"short_message":"WILDDUCK HTTP [POST /users/:user/mailboxes/:mailbox/messages] OK","_remote_ip":"127.0.0.1","_http_route":"/users/:user/mailboxes/:mailbox/messages","_http_method":"POST","_user":"root","_role":"root","_api_response":"success","_size":114,"_req_user":"68d5c06fabe11a527cea4c85","_req_mailbox":"68d5c06fabe11a527cea4c86","_req_unseen":"true","_req_raw":"<Buffer 66 72 6f 6d 3a 20 30 78 62 30 36 63 64 65 66 61 31 61 32 62 33 63 34 64 35 65 36 66 37 38 39 30 31 32 33 34 35 36 37 38 …","facility":"wildduck","host":"Johns-MacBook-Pro-i9.local","timestamp":1758838896.164,"_component":"wildduck"}
http API
127.0.0.1 root [-/-] POST /users/68d5c06fabe11a527cea4c85/mailboxes/68d5c06fabe11a527cea4c86/messages?unseen=true 200 13ms
info Gelf {"short_message":"WILDDUCK [QUOTA] +","_mail_action":"quota","_user":"68d5c06fabe11a527cea4c85","_inc":178,"_storage_used":23847,"_mailbox":"68d5c06fabe11a527cea4c86","facility":"wildduck","host":"Johns-MacBook-Pro-i9.local","timestamp":1758838896.193,"_component":"wildduck"}
info Gelf {"short_message":"WILDDUCK HTTP [POST /users/:user/mailboxes/:mailbox/messages] OK","_remote_ip":"127.0.0.1","_http_route":"/users/:user/mailboxes/:mailbox/messages","_http_method":"POST","_user":"root","_role":"root","_api_response":"success","_size":114,"_req_user":"68d5c06fabe11a527cea4c85","_req_mailbox":"68d5c06fabe11a527cea4c86","_req_unseen":"true","_req_raw":"<Buffer 66 72 6f 6d 3a 20 30 78 62 30 36 63 64 65 66 61 31 61 32 62 33 63 34 64 35 65 36 66 37 38 39 30 31 32 33 34 35 36 37 38 …","facility":"wildduck","host":"Johns-MacBook-Pro-i9.local","timestamp":1758838896.209,"_component":"wildduck"}
http API
127.0.0.1 root [-/-] POST /users/68d5c06fabe11a527cea4c85/mailboxes/68d5c06fabe11a527cea4c86/messages?unseen=true 200 22ms
info IMAP [aap4dk5eniyysxjw] Secure connection from [127.0.0.1] to Johns-MacBook-Pro-i9.local 127.0.0.1:9993
sill IMAP [aap4dk5eniyysxjw] S: * OK WildDuck IMAP Server ready for requests from 127.0.0.1 aap4dk5eniyysxjw
sill IMAP
[aap4dk5eniyysxjw] C: T1 AUTHENTICATE PLAIN
sill IMAP [aap4dk5eniyysxjw] S: +
sill IMAP [aap4dk5eniyysxjw] C: <76 bytes of data>
sill IMAP [aap4dk5eniyysxjw] S: T1 BAD Invalid SASL argument
sill IMAP [aap4dk5eniyysxjw] C: T2 LOGOUT
sill IMAP [aap4dk5eniyysxjw] S: * BYE Logout requested
sill IMAP [aap4dk5eniyysxjw] S: T2 OK All dreams are but another reality. Never forget...
      ✔ should reject client token (311ms)
info IMAP [aap4dk5eniyysxjw] Connection closed to [127.0.0.1]
info Gelf {"short_message":"WILDDUCK HTTP [GET /users] OK","_remote_ip":"127.0.0.1","_http_route":"/users","_http_method":"GET","_user":"root","_role":"root","_api_response":"success","_size":723,"facility":"wildduck","host":"Johns-MacBook-Pro-i9.local","timestamp":1758838897.506,"_component":"wildduck"}
http API 127.0.0.1 root [-/-] GET /users 200 6ms
info Gelf {"short_message":"WILDDUCK HTTP [GET /users] OK","_remote_ip":"127.0.0.1","_http_route":"/users","_http_method":"GET","_user":"root","_role":"root","_api_response":"success","_size":780,"_req_query":"0x1a2b3c4d5e6f789012345678901234567890abcd","facility":"wildduck","host":"Johns-MacBook-Pro-i9.local","timestamp":1758838897.533,"_component":"wildduck"}
http
API 127.0.0.1 root [-/-] GET /users?query=0x1a2b3c4d5e6f789012345678901234567890abcd 200 4ms
verb Tasks Created task id=68d5c071abe11a527cea4ca1
info Gelf
{"short_message":"WILDDUCK HTTP [DELETE /users/:user] OK","_remote_ip":"127.0.0.1","_http_route":"/users/:user","_http_method":"DELETE","_user":"root","_role":"root","_api_response":"success","_code":"TaskScheduled","_size":209,"_req_user":"68d5c06fabe11a527cea4c85","facility":"wildduck","host":"Johns-MacBook-Pro-i9.local","timestamp":1758838897.577,"_component":"wildduck"}
http
API 127.0.0.1 root [-/-] DELETE /users/68d5c06fabe11a527cea4c85 200 9ms
info Gelf {"short_message":"WILDDUCK HTTP [POST /authenticate] OK","_remote_ip":"127.0.0.1","_http_route":"/authenticate","_http_method":"POST","_user":"root","_role":"root","_api_response":"success","_size":334,"_req_username":"0x1a2b3c4d5e6f789012345678901234567890abcd","_req_password":"***","_req_token":"true","_res_id":"68d5c074abe11a527cea4ca3","facility":"wildduck","host":"Johns-MacBook-Pro-i9.local","timestamp":1758838900.137,"_component":"wildduck"}
http API 127.0.0.1 root [-/-] POST /authenticate 200 146ms
info Gelf {"short_message":"WILDDUCK HTTP [GET /users] OK","_remote_ip":"127.0.0.1","_http_route":"/users","_http_method":"GET","_user":"root","_role":"root","_api_response":"success","_size":776,"_req_query":"0x1a2b3c4d5e6f789012345678901234567890abcd","facility":"wildduck","host":"Johns-MacBook-Pro-i9.local","timestamp":1758838900.177,"_component":"wildduck"}
http
API 127.0.0.1 root [-/-] GET /users?query=0x1a2b3c4d5e6f789012345678901234567890abcd 200 5ms
info Gelf
{"short_message":"WILDDUCK HTTP [GET /users/:user/mailboxes] OK","_remote_ip":"127.0.0.1","_http_route":"/users/:user/mailboxes","_http_method":"GET","_user":"root","_role":"root","_api_response":"success","_size":1275,"_req_user":"68d5c074abe11a527cea4ca3","facility":"wildduck","host":"Johns-MacBook-Pro-i9.local","timestamp":1758838900.213,"_component":"wildduck"}
http API 127.0.0.1 root [-/-] GET /users/68d5c074abe11a527cea4ca3/mailboxes 200 2ms
info Gelf {"short_message":"WILDDUCK HTTP [PUT /users/:user/mailboxes/:mailbox] OK","_remote_ip":"127.0.0.1","_http_route":"/users/:user/mailboxes/:mailbox","_http_method":"PUT","_user":"root","_role":"root","_api_response":"success","_size":22,"_req_user":"68d5c074abe11a527cea4ca3","_req_mailbox":"68d5c074abe11a527cea4ca5","_req_path":"[Gmail]/Sent Mail","facility":"wildduck","host":"Johns-MacBook-Pro-i9.local","timestamp":1758838900.274,"_component":"wildduck"}
http API 127.0.0.1 root [-/-] PUT /users/68d5c074abe11a527cea4ca3/mailboxes/68d5c074abe11a527cea4ca5 200 6ms
info Gelf {"short_message":"WILDDUCK HTTP [GET /users/:user/mailboxes] OK","_remote_ip":"127.0.0.1","_http_route":"/users/:user/mailboxes","_http_method":"GET","_user":"root","_role":"root","_api_response":"success","_size":1283,"_req_user":"68d5c074abe11a527cea4ca3","facility":"wildduck","host":"Johns-MacBook-Pro-i9.local","timestamp":1758838900.304,"_component":"wildduck"}
http API
127.0.0.1 root [-/-] GET /users/68d5c074abe11a527cea4ca3/mailboxes 200 7ms
info Gelf {"short_message":"WILDDUCK [QUOTA] +","_mail_action":"quota","_user":"68d5c074abe11a527cea4ca3","_inc":256,"_storage_used":256,"_mailbox":"68d5c074abe11a527cea4ca4","facility":"wildduck","host":"Johns-MacBook-Pro-i9.local","timestamp":1758838900.458,"_component":"wildduck"}
info Gelf {"short_message":"WILDDUCK HTTP [POST /users/:user/mailboxes/:mailbox/messages] OK","_remote_ip":"127.0.0.1","_http_route":"/users/:user/mailboxes/:mailbox/messages","_http_method":"POST","_user":"root","_role":"root","_api_response":"success","_size":114,"_req_user":"68d5c074abe11a527cea4ca3","_req_mailbox":"68d5c074abe11a527cea4ca4","_req_date":"14-Sep-2013 21:22:28 -0300","_req_unseen":"true","_req_raw":"<Buffer 66 72 6f 6d 3a 20 30 78 62 30 36 63 64 65 66 61 31 61 32 62 33 63 34 64 35 65 36 66 37 38 39 30 31 32 33 34 35 36 37 38 …","facility":"wildduck","host":"Johns-MacBook-Pro-i9.local","timestamp":1758838900.465,"_component":"wildduck"}
http API 127.0.0.1 root [-/-] POST /users/68d5c074abe11a527cea4ca3/mailboxes/68d5c074abe11a527cea4ca4/messages?date=14-Sep-2013%2021%3A22%3A28%20-0300&unseen=true 200 21ms
info Gelf {"short_message":"WILDDUCK [QUOTA] +","_mail_action":"quota","_user":"68d5c074abe11a527cea4ca3","_inc":21927,"_storage_used":22183,"_mailbox":"68d5c074abe11a527cea4ca4","facility":"wildduck","host":"Johns-MacBook-Pro-i9.local","timestamp":1758838900.532,"_component":"wildduck"}
info Gelf {"short_message":"WILDDUCK HTTP [POST /users/:user/mailboxes/:mailbox/messages] OK","_remote_ip":"127.0.0.1","_http_route":"/users/:user/mailboxes/:mailbox/messages","_http_method":"POST","_user":"root","_role":"root","_api_response":"success","_size":116,"_req_user":"68d5c074abe11a527cea4ca3","_req_mailbox":"68d5c074abe11a527cea4ca4","_req_unseen":"false","_req_raw":"<Buffer 53 75 62 6a 65 63 74 3a 20 52 79 61 6e 20 46 69 6e 6e 69 65 27 73 20 4d 49 4d 45 20 54 6f 72 74 75 72 65 20 54 65 73 74 …","facility":"wildduck","host":"Johns-MacBook-Pro-i9.local","timestamp":1758838900.542,"_component":"wildduck"}
http API 127.0.0.1 root [-/-] POST /users/68d5c074abe11a527cea4ca3/mailboxes/68d5c074abe11a527cea4ca4/messages?unseen=false 200 55ms
info Gelf {"short_message":"WILDDUCK [QUOTA] +","_mail_action":"quota","_user":"68d5c074abe11a527cea4ca3","_inc":1044,"_storage_used":23227,"_mailbox":"68d5c074abe11a527cea4ca4","facility":"wildduck","host":"Johns-MacBook-Pro-i9.local","timestamp":1758838900.576,"_component":"wildduck"}
info Gelf {"short_message":"WILDDUCK HTTP [POST /users/:user/mailboxes/:mailbox/messages] OK","_remote_ip":"127.0.0.1","_http_route":"/users/:user/mailboxes/:mailbox/messages","_http_method":"POST","_user":"root","_role":"root","_api_response":"success","_size":115,"_req_user":"68d5c074abe11a527cea4ca3","_req_mailbox":"68d5c074abe11a527cea4ca4","_req_unseen":"false","_req_raw":"<Buffer 4d 49 4d 45 2d 56 65 72 73 69 6f 6e 3a 20 31 2e 30 0d 0a 46 72 6f 6d 3a 20 30 78 36 62 31 37 65 66 61 62 31 61 32 62 33 …","facility":"wildduck","host":"Johns-MacBook-Pro-i9.local","timestamp":1758838900.582,"_component":"wildduck"}
http API 127.0.0.1 root [-/-] POST /users/68d5c074abe11a527cea4ca3/mailboxes/68d5c074abe11a527cea4ca4/messages?unseen=false 200 17ms
info Gelf {"short_message":"WILDDUCK [QUOTA] +","_mail_action":"quota","_user":"68d5c074abe11a527cea4ca3","_inc":264,"_storage_used":23491,"_mailbox":"68d5c074abe11a527cea4ca4","facility":"wildduck","host":"Johns-MacBook-Pro-i9.local","timestamp":1758838900.611,"_component":"wildduck"}
info Gelf {"short_message":"WILDDUCK HTTP [POST /users/:user/mailboxes/:mailbox/messages] OK","_remote_ip":"127.0.0.1","_http_route":"/users/:user/mailboxes/:mailbox/messages","_http_method":"POST","_user":"root","_role":"root","_api_response":"success","_size":114,"_req_user":"68d5c074abe11a527cea4ca3","_req_mailbox":"68d5c074abe11a527cea4ca4","_req_unseen":"true","_req_raw":"<Buffer 66 72 6f 6d 3a 20 30 78 62 30 36 63 64 65 66 61 31 61 32 62 33 63 34 64 35 65 36 66 37 38 39 30 31 32 33 34 35 36 37 38 …","facility":"wildduck","host":"Johns-MacBook-Pro-i9.local","timestamp":1758838900.618,"_component":"wildduck"}
http API
127.0.0.1 root [-/-] POST /users/68d5c074abe11a527cea4ca3/mailboxes/68d5c074abe11a527cea4ca4/messages?unseen=true 200 13ms
info Gelf {"short_message":"WILDDUCK [QUOTA] +","_mail_action":"quota","_user":"68d5c074abe11a527cea4ca3","_inc":178,"_storage_used":23669,"_mailbox":"68d5c074abe11a527cea4ca4","facility":"wildduck","host":"Johns-MacBook-Pro-i9.local","timestamp":1758838900.657,"_component":"wildduck"}
info Gelf {"short_message":"WILDDUCK HTTP [POST /users/:user/mailboxes/:mailbox/messages] OK","_remote_ip":"127.0.0.1","_http_route":"/users/:user/mailboxes/:mailbox/messages","_http_method":"POST","_user":"root","_role":"root","_api_response":"success","_size":114,"_req_user":"68d5c074abe11a527cea4ca3","_req_mailbox":"68d5c074abe11a527cea4ca4","_req_unseen":"true","_req_raw":"<Buffer 66 72 6f 6d 3a 20 30 78 62 30 36 63 64 65 66 61 31 61 32 62 33 63 34 64 35 65 36 66 37 38 39 30 31 32 33 34 35 36 37 38 …","facility":"wildduck","host":"Johns-MacBook-Pro-i9.local","timestamp":1758838900.663,"_component":"wildduck"}
http API 127.0.0.1 root [-/-] POST /users/68d5c074abe11a527cea4ca3/mailboxes/68d5c074abe11a527cea4ca4/messages?unseen=true 200 22ms
info Gelf {"short_message":"WILDDUCK [QUOTA] +","_mail_action":"quota","_user":"68d5c074abe11a527cea4ca3","_inc":178,"_storage_used":23847,"_mailbox":"68d5c074abe11a527cea4ca4","facility":"wildduck","host":"Johns-MacBook-Pro-i9.local","timestamp":1758838900.691,"_component":"wildduck"}
info Gelf {"short_message":"WILDDUCK HTTP [POST /users/:user/mailboxes/:mailbox/messages] OK","_remote_ip":"127.0.0.1","_http_route":"/users/:user/mailboxes/:mailbox/messages","_http_method":"POST","_user":"root","_role":"root","_api_response":"success","_size":114,"_req_user":"68d5c074abe11a527cea4ca3","_req_mailbox":"68d5c074abe11a527cea4ca4","_req_unseen":"true","_req_raw":"<Buffer 66 72 6f 6d 3a 20 30 78 62 30 36 63 64 65 66 61 31 61 32 62 33 63 34 64 35 65 36 66 37 38 39 30 31 32 33 34 35 36 37 38 …","facility":"wildduck","host":"Johns-MacBook-Pro-i9.local","timestamp":1758838900.707,"_component":"wildduck"}
http API
127.0.0.1 root [-/-] POST /users/68d5c074abe11a527cea4ca3/mailboxes/68d5c074abe11a527cea4ca4/messages?unseen=true 200 22ms
info IMAP [ggguexl6hec2bifi] Secure connection from [127.0.0.1] to Johns-MacBook-Pro-i9.local 127.0.0.1:9993
sill IMAP [ggguexl6hec2bifi] S: * OK WildDuck IMAP Server ready for requests from 127.0.0.1 ggguexl6hec2bifi
sill IMAP [ggguexl6hec2bifi] C: T1 AUTHENTICATE PLAIN-CLIENTTOKEN
sill IMAP [ggguexl6hec2bifi] S: +
sill IMAP [ggguexl6hec2bifi] C: <76 bytes of data>
info Gelf {"short_message":"WILDDUCK [AUTHOK] 0x1a2b3c4d5e6f789012345678901234567890abcd","_mail_action":"auth","_auth_result":"success","_username":"0x1a2b3c4d5e6f789012345678901234567890abcd","_domain":"johns-macbook-pro-i9.local","_user":"68d5c074abe11a527cea4ca3","_password_type":"master","_scope":"imap","_ip":"127.0.0.1","_sess":"ggguexl6hec2bifi","facility":"wildduck","host":"Johns-MacBook-Pro-i9.local","timestamp":1758838901.428,"_component":"wildduck"}
info Gelf {"short_message":"WILDDUCK [CONNSTART] Connection established for 68d5c074abe11a527cea4ca3","_connection":"establish","_service":"imap","_sess":"ggguexl6hec2bifi","_user":"68d5c074abe11a527cea4ca3","_cid":"ggguexl6hec2bifi","_ip":"127.0.0.1","_limit":15,"facility":"wildduck","host":"Johns-MacBook-Pro-i9.local","timestamp":1758838901.43,"_component":"wildduck"}
info IMAP [ggguexl6hec2bifi] 0x1a2b3c4d5e6f789012345678901234567890abcd authenticated using PLAIN-CLIENTTOKEN with token "token"
sill IMAP [ggguexl6hec2bifi] New journal listener for 68d5c074abe11a527cea4ca3 (0x1a2b3c4d5e6f789012345678901234567890abcd)
sill IMAP [ggguexl6hec2bifi] S: * CAPABILITY IMAP4rev1 APPENDLIMIT=26214400 CHILDREN CONDSTORE ENABLE ID IDLE MOVE NAMESPACE QUOTA SPECIAL-USE UIDPLUS UNSELECT UTF8=ACCEPT XLIST
sill IMAP
[ggguexl6hec2bifi] S: T1 OK 0x1a2b3c4d5e6f789012345678901234567890abcd authenticated
sill IMAP [ggguexl6hec2bifi] C: T2 LOGOUT
sill IMAP [ggguexl6hec2bifi] Removed journal listener from 68d5c074abe11a527cea4ca3 (0x1a2b3c4d5e6f789012345678901234567890abcd)
sill IMAP [ggguexl6hec2bifi] S: * BYE Logout requested
sill
IMAP [ggguexl6hec2bifi] S: T2 OK Also, I think the Lemongrabs are getting weirder.
      ✔ should authenticate with client token (452ms)
info Gelf {"short_message":"WILDDUCK [CONNRELEASE] Connection released for 68d5c074abe11a527cea4ca3","_connection":"release","_service":"imap","_sess":"ggguexl6hec2bifi","_user":"68d5c074abe11a527cea4ca3","_cid":"ggguexl6hec2bifi","_ip":"127.0.0.1","facility":"wildduck","host":"Johns-MacBook-Pro-i9.local","timestamp":1758838901.533,"_component":"wildduck"}
info IMAP [ggguexl6hec2bifi] Connection closed to [127.0.0.1]
    NAMESPACE
info Gelf {"short_message":"WILDDUCK HTTP [GET /users] OK","_remote_ip":"127.0.0.1","_http_route":"/users","_http_method":"GET","_user":"root","_role":"root","_api_response":"success","_size":723,"facility":"wildduck","host":"Johns-MacBook-Pro-i9.local","timestamp":1758838902.205,"_component":"wildduck"}
http API 127.0.0.1 root [-/-] GET /users 200 15ms
info Gelf {"short_message":"WILDDUCK HTTP [GET /users] OK","_remote_ip":"127.0.0.1","_http_route":"/users","_http_method":"GET","_user":"root","_role":"root","_api_response":"success","_size":780,"_req_query":"0x1a2b3c4d5e6f789012345678901234567890abcd","facility":"wildduck","host":"Johns-MacBook-Pro-i9.local","timestamp":1758838902.232,"_component":"wildduck"}
http
API 127.0.0.1 root [-/-] GET /users?query=0x1a2b3c4d5e6f789012345678901234567890abcd 200 4ms
verb Tasks Created task id=68d5c076abe11a527cea4cbf
info Gelf {"short_message":"WILDDUCK HTTP [DELETE /users/:user] OK","_remote_ip":"127.0.0.1","_http_route":"/users/:user","_http_method":"DELETE","_user":"root","_role":"root","_api_response":"success","_code":"TaskScheduled","_size":209,"_req_user":"68d5c074abe11a527cea4ca3","facility":"wildduck","host":"Johns-MacBook-Pro-i9.local","timestamp":1758838902.275,"_component":"wildduck"}
http API 127.0.0.1 root [-/-] DELETE /users/68d5c074abe11a527cea4ca3 200 10ms
info Gelf {"short_message":"WILDDUCK HTTP [POST /authenticate] OK","_remote_ip":"127.0.0.1","_http_route":"/authenticate","_http_method":"POST","_user":"root","_role":"root","_api_response":"success","_size":334,"_req_username":"0x1a2b3c4d5e6f789012345678901234567890abcd","_req_password":"***","_req_token":"true","_res_id":"68d5c078abe11a527cea4cc1","facility":"wildduck","host":"Johns-MacBook-Pro-i9.local","timestamp":1758838904.764,"_component":"wildduck"}
http API 127.0.0.1 root [-/-] POST /authenticate 200 147ms
info Gelf {"short_message":"WILDDUCK HTTP [GET /users] OK","_remote_ip":"127.0.0.1","_http_route":"/users","_http_method":"GET","_user":"root","_role":"root","_api_response":"success","_size":776,"_req_query":"0x1a2b3c4d5e6f789012345678901234567890abcd","facility":"wildduck","host":"Johns-MacBook-Pro-i9.local","timestamp":1758838904.806,"_component":"wildduck"}
http API
127.0.0.1 root [-/-] GET /users?query=0x1a2b3c4d5e6f789012345678901234567890abcd 200 8ms
info Gelf {"short_message":"WILDDUCK HTTP [GET /users/:user/mailboxes] OK","_remote_ip":"127.0.0.1","_http_route":"/users/:user/mailboxes","_http_method":"GET","_user":"root","_role":"root","_api_response":"success","_size":1275,"_req_user":"68d5c078abe11a527cea4cc1","facility":"wildduck","host":"Johns-MacBook-Pro-i9.local","timestamp":1758838904.854,"_component":"wildduck"}
http API 127.0.0.1 root [-/-] GET /users/68d5c078abe11a527cea4cc1/mailboxes 200 13ms
info Gelf {"short_message":"WILDDUCK HTTP [PUT /users/:user/mailboxes/:mailbox] OK","_remote_ip":"127.0.0.1","_http_route":"/users/:user/mailboxes/:mailbox","_http_method":"PUT","_user":"root","_role":"root","_api_response":"success","_size":22,"_req_user":"68d5c078abe11a527cea4cc1","_req_mailbox":"68d5c078abe11a527cea4cc3","_req_path":"[Gmail]/Sent Mail","facility":"wildduck","host":"Johns-MacBook-Pro-i9.local","timestamp":1758838904.915,"_component":"wildduck"}
http
API 127.0.0.1 root [-/-] PUT /users/68d5c078abe11a527cea4cc1/mailboxes/68d5c078abe11a527cea4cc3 200 6ms
info Gelf {"short_message":"WILDDUCK HTTP [GET /users/:user/mailboxes] OK","_remote_ip":"127.0.0.1","_http_route":"/users/:user/mailboxes","_http_method":"GET","_user":"root","_role":"root","_api_response":"success","_size":1283,"_req_user":"68d5c078abe11a527cea4cc1","facility":"wildduck","host":"Johns-MacBook-Pro-i9.local","timestamp":1758838904.941,"_component":"wildduck"}
http API
127.0.0.1 root [-/-] GET /users/68d5c078abe11a527cea4cc1/mailboxes 200 3ms
info Gelf {"short_message":"WILDDUCK [QUOTA] +","_mail_action":"quota","_user":"68d5c078abe11a527cea4cc1","_inc":256,"_storage_used":256,"_mailbox":"68d5c078abe11a527cea4cc2","facility":"wildduck","host":"Johns-MacBook-Pro-i9.local","timestamp":1758838905.16,"_component":"wildduck"}
info Gelf {"short_message":"WILDDUCK HTTP [POST /users/:user/mailboxes/:mailbox/messages] OK","_remote_ip":"127.0.0.1","_http_route":"/users/:user/mailboxes/:mailbox/messages","_http_method":"POST","_user":"root","_role":"root","_api_response":"success","_size":114,"_req_user":"68d5c078abe11a527cea4cc1","_req_mailbox":"68d5c078abe11a527cea4cc2","_req_date":"14-Sep-2013 21:22:28 -0300","_req_unseen":"true","_req_raw":"<Buffer 66 72 6f 6d 3a 20 30 78 62 30 36 63 64 65 66 61 31 61 32 62 33 63 34 64 35 65 36 66 37 38 39 30 31 32 33 34 35 36 37 38 …","facility":"wildduck","host":"Johns-MacBook-Pro-i9.local","timestamp":1758838905.168,"_component":"wildduck"}
http API 127.0.0.1 root [-/-] POST /users/68d5c078abe11a527cea4cc1/mailboxes/68d5c078abe11a527cea4cc2/messages?date=14-Sep-2013%2021%3A22%3A28%20-0300&unseen=true 200 24ms
info Gelf {"short_message":"WILDDUCK [QUOTA] +","_mail_action":"quota","_user":"68d5c078abe11a527cea4cc1","_inc":21927,"_storage_used":22183,"_mailbox":"68d5c078abe11a527cea4cc2","facility":"wildduck","host":"Johns-MacBook-Pro-i9.local","timestamp":1758838905.24,"_component":"wildduck"}
info Gelf {"short_message":"WILDDUCK HTTP [POST /users/:user/mailboxes/:mailbox/messages] OK","_remote_ip":"127.0.0.1","_http_route":"/users/:user/mailboxes/:mailbox/messages","_http_method":"POST","_user":"root","_role":"root","_api_response":"success","_size":116,"_req_user":"68d5c078abe11a527cea4cc1","_req_mailbox":"68d5c078abe11a527cea4cc2","_req_unseen":"false","_req_raw":"<Buffer 53 75 62 6a 65 63 74 3a 20 52 79 61 6e 20 46 69 6e 6e 69 65 27 73 20 4d 49 4d 45 20 54 6f 72 74 75 72 65 20 54 65 73 74 …","facility":"wildduck","host":"Johns-MacBook-Pro-i9.local","timestamp":1758838905.258,"_component":"wildduck"}
http API 127.0.0.1 root [-/-] POST /users/68d5c078abe11a527cea4cc1/mailboxes/68d5c078abe11a527cea4cc2/messages?unseen=false 200 64ms
info Gelf {"short_message":"WILDDUCK [QUOTA] +","_mail_action":"quota","_user":"68d5c078abe11a527cea4cc1","_inc":1044,"_storage_used":23227,"_mailbox":"68d5c078abe11a527cea4cc2","facility":"wildduck","host":"Johns-MacBook-Pro-i9.local","timestamp":1758838905.29,"_component":"wildduck"}
info Gelf {"short_message":"WILDDUCK HTTP [POST /users/:user/mailboxes/:mailbox/messages] OK","_remote_ip":"127.0.0.1","_http_route":"/users/:user/mailboxes/:mailbox/messages","_http_method":"POST","_user":"root","_role":"root","_api_response":"success","_size":115,"_req_user":"68d5c078abe11a527cea4cc1","_req_mailbox":"68d5c078abe11a527cea4cc2","_req_unseen":"false","_req_raw":"<Buffer 4d 49 4d 45 2d 56 65 72 73 69 6f 6e 3a 20 31 2e 30 0d 0a 46 72 6f 6d 3a 20 30 78 36 62 31 37 65 66 61 62 31 61 32 62 33 …","facility":"wildduck","host":"Johns-MacBook-Pro-i9.local","timestamp":1758838905.307,"_component":"wildduck"}
http API 127.0.0.1 root [-/-] POST /users/68d5c078abe11a527cea4cc1/mailboxes/68d5c078abe11a527cea4cc2/messages?unseen=false 200 26ms
info Gelf {"short_message":"WILDDUCK [QUOTA] +","_mail_action":"quota","_user":"68d5c078abe11a527cea4cc1","_inc":264,"_storage_used":23491,"_mailbox":"68d5c078abe11a527cea4cc2","facility":"wildduck","host":"Johns-MacBook-Pro-i9.local","timestamp":1758838905.337,"_component":"wildduck"}
info Gelf {"short_message":"WILDDUCK HTTP [POST /users/:user/mailboxes/:mailbox/messages] OK","_remote_ip":"127.0.0.1","_http_route":"/users/:user/mailboxes/:mailbox/messages","_http_method":"POST","_user":"root","_role":"root","_api_response":"success","_size":114,"_req_user":"68d5c078abe11a527cea4cc1","_req_mailbox":"68d5c078abe11a527cea4cc2","_req_unseen":"true","_req_raw":"<Buffer 66 72 6f 6d 3a 20 30 78 62 30 36 63 64 65 66 61 31 61 32 62 33 63 34 64 35 65 36 66 37 38 39 30 31 32 33 34 35 36 37 38 …","facility":"wildduck","host":"Johns-MacBook-Pro-i9.local","timestamp":1758838905.342,"_component":"wildduck"}
http API 127.0.0.1 root [-/-] POST /users/68d5c078abe11a527cea4cc1/mailboxes/68d5c078abe11a527cea4cc2/messages?unseen=true 200 12ms
info Gelf {"short_message":"WILDDUCK [QUOTA] +","_mail_action":"quota","_user":"68d5c078abe11a527cea4cc1","_inc":178,"_storage_used":23669,"_mailbox":"68d5c078abe11a527cea4cc2","facility":"wildduck","host":"Johns-MacBook-Pro-i9.local","timestamp":1758838905.371,"_component":"wildduck"}
info Gelf {"short_message":"WILDDUCK HTTP [POST /users/:user/mailboxes/:mailbox/messages] OK","_remote_ip":"127.0.0.1","_http_route":"/users/:user/mailboxes/:mailbox/messages","_http_method":"POST","_user":"root","_role":"root","_api_response":"success","_size":114,"_req_user":"68d5c078abe11a527cea4cc1","_req_mailbox":"68d5c078abe11a527cea4cc2","_req_unseen":"true","_req_raw":"<Buffer 66 72 6f 6d 3a 20 30 78 62 30 36 63 64 65 66 61 31 61 32 62 33 63 34 64 35 65 36 66 37 38 39 30 31 32 33 34 35 36 37 38 …","facility":"wildduck","host":"Johns-MacBook-Pro-i9.local","timestamp":1758838905.378,"_component":"wildduck"}
http API
127.0.0.1 root [-/-] POST /users/68d5c078abe11a527cea4cc1/mailboxes/68d5c078abe11a527cea4cc2/messages?unseen=true 200 13ms
info Gelf {"short_message":"WILDDUCK [QUOTA] +","_mail_action":"quota","_user":"68d5c078abe11a527cea4cc1","_inc":178,"_storage_used":23847,"_mailbox":"68d5c078abe11a527cea4cc2","facility":"wildduck","host":"Johns-MacBook-Pro-i9.local","timestamp":1758838905.408,"_component":"wildduck"}
info Gelf {"short_message":"WILDDUCK HTTP [POST /users/:user/mailboxes/:mailbox/messages] OK","_remote_ip":"127.0.0.1","_http_route":"/users/:user/mailboxes/:mailbox/messages","_http_method":"POST","_user":"root","_role":"root","_api_response":"success","_size":114,"_req_user":"68d5c078abe11a527cea4cc1","_req_mailbox":"68d5c078abe11a527cea4cc2","_req_unseen":"true","_req_raw":"<Buffer 66 72 6f 6d 3a 20 30 78 62 30 36 63 64 65 66 61 31 61 32 62 33 63 34 64 35 65 36 66 37 38 39 30 31 32 33 34 35 36 37 38 …","facility":"wildduck","host":"Johns-MacBook-Pro-i9.local","timestamp":1758838905.416,"_component":"wildduck"}
http
API 127.0.0.1 root [-/-] POST /users/68d5c078abe11a527cea4cc1/mailboxes/68d5c078abe11a527cea4cc2/messages?unseen=true 200 16ms
info IMAP [graf547b5sha6tun] Secure connection from [127.0.0.1] to Johns-MacBook-Pro-i9.local 127.0.0.1:9993
sill IMAP [graf547b5sha6tun] S: * OK WildDuck IMAP Server ready for requests from 127.0.0.1 graf547b5sha6tun
sill IMAP [graf547b5sha6tun] C: T1 LOGIN "(* value hidden *)" "(* value hidden *)"
info Gelf {"short_message":"WILDDUCK [AUTHOK] 0x1a2b3c4d5e6f789012345678901234567890abcd","_mail_action":"auth","_auth_result":"success","_username":"0x1a2b3c4d5e6f789012345678901234567890abcd","_domain":"johns-macbook-pro-i9.local","_user":"68d5c078abe11a527cea4cc1","_password_type":"master","_scope":"imap","_ip":"127.0.0.1","_sess":"graf547b5sha6tun","facility":"wildduck","host":"Johns-MacBook-Pro-i9.local","timestamp":1758838906.015,"_component":"wildduck"}
info Gelf {"short_message":"WILDDUCK [CONNSTART] Connection established for 68d5c078abe11a527cea4cc1","_connection":"establish","_service":"imap","_sess":"graf547b5sha6tun","_user":"68d5c078abe11a527cea4cc1","_cid":"graf547b5sha6tun","_ip":"127.0.0.1","_limit":15,"facility":"wildduck","host":"Johns-MacBook-Pro-i9.local","timestamp":1758838906.017,"_component":"wildduck"}
info IMAP [graf547b5sha6tun] 0x1a2b3c4d5e6f789012345678901234567890abcd authenticated using LOGIN
sill IMAP [graf547b5sha6tun] New journal listener for 68d5c078abe11a527cea4cc1 (0x1a2b3c4d5e6f789012345678901234567890abcd)
sill IMAP [graf547b5sha6tun] S: * CAPABILITY IMAP4rev1 APPENDLIMIT=26214400 CHILDREN CONDSTORE ENABLE ID IDLE MOVE NAMESPACE QUOTA SPECIAL-USE UIDPLUS UNSELECT UTF8=ACCEPT XLIST
sill IMAP [graf547b5sha6tun] S: T1 OK 0x1a2b3c4d5e6f789012345678901234567890abcd authenticated
sill IMAP
[graf547b5sha6tun] C: T2 NAMESPACE
sill IMAP [graf547b5sha6tun] S: * NAMESPACE (("" "/")) NIL NIL
sill IMAP [graf547b5sha6tun] S: T2 OK NAMESPACE completed
sill IMAP [graf547b5sha6tun] C: T3 LOGOUT
sill IMAP [graf547b5sha6tun] Removed journal listener from 68d5c078abe11a527cea4cc1 (0x1a2b3c4d5e6f789012345678901234567890abcd)
sill IMAP [graf547b5sha6tun] S: * BYE Logout requested
sill IMAP [graf547b5sha6tun] S: T3 OK Whoa, boy! Where ya off to in such a hurry?
      ✔ should list namespaces (439ms)
info Gelf {"short_message":"WILDDUCK [CONNRELEASE] Connection released for 68d5c078abe11a527cea4cc1","_connection":"release","_service":"imap","_sess":"graf547b5sha6tun","_user":"68d5c078abe11a527cea4cc1","_cid":"graf547b5sha6tun","_ip":"127.0.0.1","facility":"wildduck","host":"Johns-MacBook-Pro-i9.local","timestamp":1758838906.221,"_component":"wildduck"}
info IMAP [graf547b5sha6tun] Connection closed to [127.0.0.1]
    LIST
info Gelf {"short_message":"WILDDUCK HTTP [GET /users] OK","_remote_ip":"127.0.0.1","_http_route":"/users","_http_method":"GET","_user":"root","_role":"root","_api_response":"success","_size":723,"facility":"wildduck","host":"Johns-MacBook-Pro-i9.local","timestamp":1758838906.88,"_component":"wildduck"}
http API
127.0.0.1 root [-/-] GET /users 200 4ms
info Gelf {"short_message":"WILDDUCK HTTP [GET /users] OK","_remote_ip":"127.0.0.1","_http_route":"/users","_http_method":"GET","_user":"root","_role":"root","_api_response":"success","_size":780,"_req_query":"0x1a2b3c4d5e6f789012345678901234567890abcd","facility":"wildduck","host":"Johns-MacBook-Pro-i9.local","timestamp":1758838906.908,"_component":"wildduck"}
http API 127.0.0.1 root [-/-] GET /users?query=0x1a2b3c4d5e6f789012345678901234567890abcd 200 5ms
verb Tasks Created task id=68d5c07aabe11a527cea4cdd
info Gelf {"short_message":"WILDDUCK HTTP [DELETE /users/:user] OK","_remote_ip":"127.0.0.1","_http_route":"/users/:user","_http_method":"DELETE","_user":"root","_role":"root","_api_response":"success","_code":"TaskScheduled","_size":209,"_req_user":"68d5c078abe11a527cea4cc1","facility":"wildduck","host":"Johns-MacBook-Pro-i9.local","timestamp":1758838906.962,"_component":"wildduck"}
http API
127.0.0.1 root [-/-] DELETE /users/68d5c078abe11a527cea4cc1 200 21ms
info Gelf {"short_message":"WILDDUCK HTTP [POST /authenticate] OK","_remote_ip":"127.0.0.1","_http_route":"/authenticate","_http_method":"POST","_user":"root","_role":"root","_api_response":"success","_size":334,"_req_username":"0x1a2b3c4d5e6f789012345678901234567890abcd","_req_password":"***","_req_token":"true","_res_id":"68d5c07dabe11a527cea4cdf","facility":"wildduck","host":"Johns-MacBook-Pro-i9.local","timestamp":1758838909.533,"_component":"wildduck"}
http API 127.0.0.1 root [-/-] POST /authenticate 200 172ms
info Gelf {"short_message":"WILDDUCK HTTP [GET /users] OK","_remote_ip":"127.0.0.1","_http_route":"/users","_http_method":"GET","_user":"root","_role":"root","_api_response":"success","_size":776,"_req_query":"0x1a2b3c4d5e6f789012345678901234567890abcd","facility":"wildduck","host":"Johns-MacBook-Pro-i9.local","timestamp":1758838909.572,"_component":"wildduck"}
http
API 127.0.0.1 root [-/-] GET /users?query=0x1a2b3c4d5e6f789012345678901234567890abcd 200 5ms
info Gelf {"short_message":"WILDDUCK HTTP [GET /users/:user/mailboxes] OK","_remote_ip":"127.0.0.1","_http_route":"/users/:user/mailboxes","_http_method":"GET","_user":"root","_role":"root","_api_response":"success","_size":1275,"_req_user":"68d5c07dabe11a527cea4cdf","facility":"wildduck","host":"Johns-MacBook-Pro-i9.local","timestamp":1758838909.608,"_component":"wildduck"}
http API 127.0.0.1 root [-/-] GET /users/68d5c07dabe11a527cea4cdf/mailboxes 200 3ms
info Gelf {"short_message":"WILDDUCK HTTP [PUT /users/:user/mailboxes/:mailbox] OK","_remote_ip":"127.0.0.1","_http_route":"/users/:user/mailboxes/:mailbox","_http_method":"PUT","_user":"root","_role":"root","_api_response":"success","_size":22,"_req_user":"68d5c07dabe11a527cea4cdf","_req_mailbox":"68d5c07dabe11a527cea4ce1","_req_path":"[Gmail]/Sent Mail","facility":"wildduck","host":"Johns-MacBook-Pro-i9.local","timestamp":1758838909.67,"_component":"wildduck"}
http API 127.0.0.1 root [-/-] PUT /users/68d5c07dabe11a527cea4cdf/mailboxes/68d5c07dabe11a527cea4ce1 200 7ms
info Gelf {"short_message":"WILDDUCK HTTP [GET /users/:user/mailboxes] OK","_remote_ip":"127.0.0.1","_http_route":"/users/:user/mailboxes","_http_method":"GET","_user":"root","_role":"root","_api_response":"success","_size":1283,"_req_user":"68d5c07dabe11a527cea4cdf","facility":"wildduck","host":"Johns-MacBook-Pro-i9.local","timestamp":1758838909.704,"_component":"wildduck"}
http API
127.0.0.1 root [-/-] GET /users/68d5c07dabe11a527cea4cdf/mailboxes 200 11ms
info Gelf {"short_message":"WILDDUCK [QUOTA] +","_mail_action":"quota","_user":"68d5c07dabe11a527cea4cdf","_inc":256,"_storage_used":256,"_mailbox":"68d5c07dabe11a527cea4ce0","facility":"wildduck","host":"Johns-MacBook-Pro-i9.local","timestamp":1758838909.908,"_component":"wildduck"}
info Gelf {"short_message":"WILDDUCK HTTP [POST /users/:user/mailboxes/:mailbox/messages] OK","_remote_ip":"127.0.0.1","_http_route":"/users/:user/mailboxes/:mailbox/messages","_http_method":"POST","_user":"root","_role":"root","_api_response":"success","_size":114,"_req_user":"68d5c07dabe11a527cea4cdf","_req_mailbox":"68d5c07dabe11a527cea4ce0","_req_date":"14-Sep-2013 21:22:28 -0300","_req_unseen":"true","_req_raw":"<Buffer 66 72 6f 6d 3a 20 30 78 62 30 36 63 64 65 66 61 31 61 32 62 33 63 34 64 35 65 36 66 37 38 39 30 31 32 33 34 35 36 37 38 …","facility":"wildduck","host":"Johns-MacBook-Pro-i9.local","timestamp":1758838909.917,"_component":"wildduck"}
http API 127.0.0.1 root [-/-] POST /users/68d5c07dabe11a527cea4cdf/mailboxes/68d5c07dabe11a527cea4ce0/messages?date=14-Sep-2013%2021%3A22%3A28%20-0300&unseen=true 200 24ms
info Gelf {"short_message":"WILDDUCK [QUOTA] +","_mail_action":"quota","_user":"68d5c07dabe11a527cea4cdf","_inc":21927,"_storage_used":22183,"_mailbox":"68d5c07dabe11a527cea4ce0","facility":"wildduck","host":"Johns-MacBook-Pro-i9.local","timestamp":1758838909.982,"_component":"wildduck"}
info Gelf {"short_message":"WILDDUCK HTTP [POST /users/:user/mailboxes/:mailbox/messages] OK","_remote_ip":"127.0.0.1","_http_route":"/users/:user/mailboxes/:mailbox/messages","_http_method":"POST","_user":"root","_role":"root","_api_response":"success","_size":116,"_req_user":"68d5c07dabe11a527cea4cdf","_req_mailbox":"68d5c07dabe11a527cea4ce0","_req_unseen":"false","_req_raw":"<Buffer 53 75 62 6a 65 63 74 3a 20 52 79 61 6e 20 46 69 6e 6e 69 65 27 73 20 4d 49 4d 45 20 54 6f 72 74 75 72 65 20 54 65 73 74 …","facility":"wildduck","host":"Johns-MacBook-Pro-i9.local","timestamp":1758838909.99,"_component":"wildduck"}
http API 127.0.0.1 root [-/-] POST /users/68d5c07dabe11a527cea4cdf/mailboxes/68d5c07dabe11a527cea4ce0/messages?unseen=false 200 50ms
info Gelf {"short_message":"WILDDUCK [QUOTA] +","_mail_action":"quota","_user":"68d5c07dabe11a527cea4cdf","_inc":1044,"_storage_used":23227,"_mailbox":"68d5c07dabe11a527cea4ce0","facility":"wildduck","host":"Johns-MacBook-Pro-i9.local","timestamp":1758838910.025,"_component":"wildduck"}
info Gelf {"short_message":"WILDDUCK HTTP [POST /users/:user/mailboxes/:mailbox/messages] OK","_remote_ip":"127.0.0.1","_http_route":"/users/:user/mailboxes/:mailbox/messages","_http_method":"POST","_user":"root","_role":"root","_api_response":"success","_size":115,"_req_user":"68d5c07dabe11a527cea4cdf","_req_mailbox":"68d5c07dabe11a527cea4ce0","_req_unseen":"false","_req_raw":"<Buffer 4d 49 4d 45 2d 56 65 72 73 69 6f 6e 3a 20 31 2e 30 0d 0a 46 72 6f 6d 3a 20 30 78 36 62 31 37 65 66 61 62 31 61 32 62 33 …","facility":"wildduck","host":"Johns-MacBook-Pro-i9.local","timestamp":1758838910.031,"_component":"wildduck"}
http API
127.0.0.1 root [-/-] POST /users/68d5c07dabe11a527cea4cdf/mailboxes/68d5c07dabe11a527cea4ce0/messages?unseen=false 200 16ms
info Gelf {"short_message":"WILDDUCK [QUOTA] +","_mail_action":"quota","_user":"68d5c07dabe11a527cea4cdf","_inc":264,"_storage_used":23491,"_mailbox":"68d5c07dabe11a527cea4ce0","facility":"wildduck","host":"Johns-MacBook-Pro-i9.local","timestamp":1758838910.06,"_component":"wildduck"}
info Gelf {"short_message":"WILDDUCK HTTP [POST /users/:user/mailboxes/:mailbox/messages] OK","_remote_ip":"127.0.0.1","_http_route":"/users/:user/mailboxes/:mailbox/messages","_http_method":"POST","_user":"root","_role":"root","_api_response":"success","_size":114,"_req_user":"68d5c07dabe11a527cea4cdf","_req_mailbox":"68d5c07dabe11a527cea4ce0","_req_unseen":"true","_req_raw":"<Buffer 66 72 6f 6d 3a 20 30 78 62 30 36 63 64 65 66 61 31 61 32 62 33 63 34 64 35 65 36 66 37 38 39 30 31 32 33 34 35 36 37 38 …","facility":"wildduck","host":"Johns-MacBook-Pro-i9.local","timestamp":1758838910.066,"_component":"wildduck"}
http API 127.0.0.1 root [-/-] POST /users/68d5c07dabe11a527cea4cdf/mailboxes/68d5c07dabe11a527cea4ce0/messages?unseen=true 200 13ms
info Gelf {"short_message":"WILDDUCK [QUOTA] +","_mail_action":"quota","_user":"68d5c07dabe11a527cea4cdf","_inc":178,"_storage_used":23669,"_mailbox":"68d5c07dabe11a527cea4ce0","facility":"wildduck","host":"Johns-MacBook-Pro-i9.local","timestamp":1758838910.103,"_component":"wildduck"}
info Gelf {"short_message":"WILDDUCK HTTP [POST /users/:user/mailboxes/:mailbox/messages] OK","_remote_ip":"127.0.0.1","_http_route":"/users/:user/mailboxes/:mailbox/messages","_http_method":"POST","_user":"root","_role":"root","_api_response":"success","_size":114,"_req_user":"68d5c07dabe11a527cea4cdf","_req_mailbox":"68d5c07dabe11a527cea4ce0","_req_unseen":"true","_req_raw":"<Buffer 66 72 6f 6d 3a 20 30 78 62 30 36 63 64 65 66 61 31 61 32 62 33 63 34 64 35 65 36 66 37 38 39 30 31 32 33 34 35 36 37 38 …","facility":"wildduck","host":"Johns-MacBook-Pro-i9.local","timestamp":1758838910.11,"_component":"wildduck"}
http API 127.0.0.1 root [-/-] POST /users/68d5c07dabe11a527cea4cdf/mailboxes/68d5c07dabe11a527cea4ce0/messages?unseen=true 200 21ms
info Gelf {"short_message":"WILDDUCK [QUOTA] +","_mail_action":"quota","_user":"68d5c07dabe11a527cea4cdf","_inc":178,"_storage_used":23847,"_mailbox":"68d5c07dabe11a527cea4ce0","facility":"wildduck","host":"Johns-MacBook-Pro-i9.local","timestamp":1758838910.14,"_component":"wildduck"}
info Gelf {"short_message":"WILDDUCK HTTP [POST /users/:user/mailboxes/:mailbox/messages] OK","_remote_ip":"127.0.0.1","_http_route":"/users/:user/mailboxes/:mailbox/messages","_http_method":"POST","_user":"root","_role":"root","_api_response":"success","_size":114,"_req_user":"68d5c07dabe11a527cea4cdf","_req_mailbox":"68d5c07dabe11a527cea4ce0","_req_unseen":"true","_req_raw":"<Buffer 66 72 6f 6d 3a 20 30 78 62 30 36 63 64 65 66 61 31 61 32 62 33 63 34 64 35 65 36 66 37 38 39 30 31 32 33 34 35 36 37 38 …","facility":"wildduck","host":"Johns-MacBook-Pro-i9.local","timestamp":1758838910.157,"_component":"wildduck"}
http
API 127.0.0.1 root [-/-] POST /users/68d5c07dabe11a527cea4cdf/mailboxes/68d5c07dabe11a527cea4ce0/messages?unseen=true 200 23ms
info IMAP [zwbzih2butvzzksh] Secure connection from [127.0.0.1] to Johns-MacBook-Pro-i9.local 127.0.0.1:9993
sill IMAP [zwbzih2butvzzksh] S: * OK WildDuck IMAP Server ready for requests from 127.0.0.1 zwbzih2butvzzksh
sill IMAP [zwbzih2butvzzksh] C: T1 LOGIN "(* value hidden *)" "(* value hidden *)"
info Gelf {"short_message":"WILDDUCK [AUTHOK] 0x1a2b3c4d5e6f789012345678901234567890abcd","_mail_action":"auth","_auth_result":"success","_username":"0x1a2b3c4d5e6f789012345678901234567890abcd","_domain":"johns-macbook-pro-i9.local","_user":"68d5c07dabe11a527cea4cdf","_password_type":"master","_scope":"imap","_ip":"127.0.0.1","_sess":"zwbzih2butvzzksh","facility":"wildduck","host":"Johns-MacBook-Pro-i9.local","timestamp":1758838910.779,"_component":"wildduck"}
info Gelf {"short_message":"WILDDUCK [CONNSTART] Connection established for 68d5c07dabe11a527cea4cdf","_connection":"establish","_service":"imap","_sess":"zwbzih2butvzzksh","_user":"68d5c07dabe11a527cea4cdf","_cid":"zwbzih2butvzzksh","_ip":"127.0.0.1","_limit":15,"facility":"wildduck","host":"Johns-MacBook-Pro-i9.local","timestamp":1758838910.781,"_component":"wildduck"}
info IMAP [zwbzih2butvzzksh] 0x1a2b3c4d5e6f789012345678901234567890abcd authenticated using LOGIN
sill IMAP [zwbzih2butvzzksh] New journal listener for 68d5c07dabe11a527cea4cdf (0x1a2b3c4d5e6f789012345678901234567890abcd)
sill
IMAP [zwbzih2butvzzksh] S: * CAPABILITY IMAP4rev1 APPENDLIMIT=26214400 CHILDREN CONDSTORE ENABLE ID IDLE MOVE NAMESPACE QUOTA SPECIAL-USE UIDPLUS UNSELECT UTF8=ACCEPT XLIST
sill IMAP [zwbzih2butvzzksh] S: T1 OK 0x1a2b3c4d5e6f789012345678901234567890abcd authenticated
sill IMAP [zwbzih2butvzzksh] C: T2 LIST "" ""
sill IMAP [zwbzih2butvzzksh] S: * LIST (\Noselect) "/" "/"
sill IMAP [zwbzih2butvzzksh] S: T2 OK LIST completed
sill IMAP [zwbzih2butvzzksh] C: T3 LOGOUT
sill IMAP [zwbzih2butvzzksh] Removed journal listener from 68d5c07dabe11a527cea4cdf (0x1a2b3c4d5e6f789012345678901234567890abcd)
sill IMAP [zwbzih2butvzzksh] S: * BYE Logout requested
sill IMAP [zwbzih2butvzzksh] S: T3 OK Also, I think the Lemongrabs are getting weirder.
      ✔ should list delimiter (448ms)
info Gelf {"short_message":"WILDDUCK [CONNRELEASE] Connection released for 68d5c07dabe11a527cea4cdf","_connection":"release","_service":"imap","_sess":"zwbzih2butvzzksh","_user":"68d5c07dabe11a527cea4cdf","_cid":"zwbzih2butvzzksh","_ip":"127.0.0.1","facility":"wildduck","host":"Johns-MacBook-Pro-i9.local","timestamp":1758838910.987,"_component":"wildduck"}
info IMAP [zwbzih2butvzzksh] Connection closed to [127.0.0.1]
info Gelf {"short_message":"WILDDUCK HTTP [GET /users] OK","_remote_ip":"127.0.0.1","_http_route":"/users","_http_method":"GET","_user":"root","_role":"root","_api_response":"success","_size":723,"facility":"wildduck","host":"Johns-MacBook-Pro-i9.local","timestamp":1758838911.665,"_component":"wildduck"}
http
API 127.0.0.1 root [-/-] GET /users 200 5ms
info Gelf {"short_message":"WILDDUCK HTTP [GET /users] OK","_remote_ip":"127.0.0.1","_http_route":"/users","_http_method":"GET","_user":"root","_role":"root","_api_response":"success","_size":780,"_req_query":"0x1a2b3c4d5e6f789012345678901234567890abcd","facility":"wildduck","host":"Johns-MacBook-Pro-i9.local","timestamp":1758838911.705,"_component":"wildduck"}
http API
127.0.0.1 root [-/-] GET /users?query=0x1a2b3c4d5e6f789012345678901234567890abcd 200 15ms
verb Tasks Created task id=68d5c07fabe11a527cea4cfb
info Gelf {"short_message":"WILDDUCK HTTP [DELETE /users/:user] OK","_remote_ip":"127.0.0.1","_http_route":"/users/:user","_http_method":"DELETE","_user":"root","_role":"root","_api_response":"success","_code":"TaskScheduled","_size":209,"_req_user":"68d5c07dabe11a527cea4cdf","facility":"wildduck","host":"Johns-MacBook-Pro-i9.local","timestamp":1758838911.759,"_component":"wildduck"}
http API 127.0.0.1 root [-/-] DELETE /users/68d5c07dabe11a527cea4cdf 200 21ms
info Gelf {"short_message":"WILDDUCK HTTP [POST /authenticate] OK","_remote_ip":"127.0.0.1","_http_route":"/authenticate","_http_method":"POST","_user":"root","_role":"root","_api_response":"success","_size":334,"_req_username":"0x1a2b3c4d5e6f789012345678901234567890abcd","_req_password":"***","_req_token":"true","_res_id":"68d5c082abe11a527cea4cfd","facility":"wildduck","host":"Johns-MacBook-Pro-i9.local","timestamp":1758838914.272,"_component":"wildduck"}
http API 127.0.0.1 root [-/-] POST /authenticate 200 134ms
info Gelf {"short_message":"WILDDUCK HTTP [GET /users] OK","_remote_ip":"127.0.0.1","_http_route":"/users","_http_method":"GET","_user":"root","_role":"root","_api_response":"success","_size":776,"_req_query":"0x1a2b3c4d5e6f789012345678901234567890abcd","facility":"wildduck","host":"Johns-MacBook-Pro-i9.local","timestamp":1758838914.31,"_component":"wildduck"}
http API 127.0.0.1 root [-/-] GET /users?query=0x1a2b3c4d5e6f789012345678901234567890abcd 200 5ms
info Gelf {"short_message":"WILDDUCK HTTP [GET /users/:user/mailboxes] OK","_remote_ip":"127.0.0.1","_http_route":"/users/:user/mailboxes","_http_method":"GET","_user":"root","_role":"root","_api_response":"success","_size":1275,"_req_user":"68d5c082abe11a527cea4cfd","facility":"wildduck","host":"Johns-MacBook-Pro-i9.local","timestamp":1758838914.355,"_component":"wildduck"}
http API
127.0.0.1 root [-/-] GET /users/68d5c082abe11a527cea4cfd/mailboxes 200 10ms
info Gelf {"short_message":"WILDDUCK HTTP [PUT /users/:user/mailboxes/:mailbox] OK","_remote_ip":"127.0.0.1","_http_route":"/users/:user/mailboxes/:mailbox","_http_method":"PUT","_user":"root","_role":"root","_api_response":"success","_size":22,"_req_user":"68d5c082abe11a527cea4cfd","_req_mailbox":"68d5c082abe11a527cea4cff","_req_path":"[Gmail]/Sent Mail","facility":"wildduck","host":"Johns-MacBook-Pro-i9.local","timestamp":1758838914.415,"_component":"wildduck"}
http API 127.0.0.1 root [-/-] PUT /users/68d5c082abe11a527cea4cfd/mailboxes/68d5c082abe11a527cea4cff 200 5ms
info Gelf {"short_message":"WILDDUCK HTTP [GET /users/:user/mailboxes] OK","_remote_ip":"127.0.0.1","_http_route":"/users/:user/mailboxes","_http_method":"GET","_user":"root","_role":"root","_api_response":"success","_size":1283,"_req_user":"68d5c082abe11a527cea4cfd","facility":"wildduck","host":"Johns-MacBook-Pro-i9.local","timestamp":1758838914.44,"_component":"wildduck"}
http API 127.0.0.1 root [-/-] GET /users/68d5c082abe11a527cea4cfd/mailboxes 200 3ms
info Gelf {"short_message":"WILDDUCK [QUOTA] +","_mail_action":"quota","_user":"68d5c082abe11a527cea4cfd","_inc":256,"_storage_used":256,"_mailbox":"68d5c082abe11a527cea4cfe","facility":"wildduck","host":"Johns-MacBook-Pro-i9.local","timestamp":1758838914.632,"_component":"wildduck"}
info Gelf {"short_message":"WILDDUCK HTTP [POST /users/:user/mailboxes/:mailbox/messages] OK","_remote_ip":"127.0.0.1","_http_route":"/users/:user/mailboxes/:mailbox/messages","_http_method":"POST","_user":"root","_role":"root","_api_response":"success","_size":114,"_req_user":"68d5c082abe11a527cea4cfd","_req_mailbox":"68d5c082abe11a527cea4cfe","_req_date":"14-Sep-2013 21:22:28 -0300","_req_unseen":"true","_req_raw":"<Buffer 66 72 6f 6d 3a 20 30 78 62 30 36 63 64 65 66 61 31 61 32 62 33 63 34 64 35 65 36 66 37 38 39 30 31 32 33 34 35 36 37 38 …","facility":"wildduck","host":"Johns-MacBook-Pro-i9.local","timestamp":1758838914.639,"_component":"wildduck"}
http
API 127.0.0.1 root [-/-] POST /users/68d5c082abe11a527cea4cfd/mailboxes/68d5c082abe11a527cea4cfe/messages?date=14-Sep-2013%2021%3A22%3A28%20-0300&unseen=true 200 13ms
info Gelf {"short_message":"WILDDUCK [QUOTA] +","_mail_action":"quota","_user":"68d5c082abe11a527cea4cfd","_inc":21927,"_storage_used":22183,"_mailbox":"68d5c082abe11a527cea4cfe","facility":"wildduck","host":"Johns-MacBook-Pro-i9.local","timestamp":1758838914.703,"_component":"wildduck"}
info Gelf {"short_message":"WILDDUCK HTTP [POST /users/:user/mailboxes/:mailbox/messages] OK","_remote_ip":"127.0.0.1","_http_route":"/users/:user/mailboxes/:mailbox/messages","_http_method":"POST","_user":"root","_role":"root","_api_response":"success","_size":116,"_req_user":"68d5c082abe11a527cea4cfd","_req_mailbox":"68d5c082abe11a527cea4cfe","_req_unseen":"false","_req_raw":"<Buffer 53 75 62 6a 65 63 74 3a 20 52 79 61 6e 20 46 69 6e 6e 69 65 27 73 20 4d 49 4d 45 20 54 6f 72 74 75 72 65 20 54 65 73 74 …","facility":"wildduck","host":"Johns-MacBook-Pro-i9.local","timestamp":1758838914.712,"_component":"wildduck"}
http API 127.0.0.1 root [-/-] POST /users/68d5c082abe11a527cea4cfd/mailboxes/68d5c082abe11a527cea4cfe/messages?unseen=false 200 51ms
info Gelf {"short_message":"WILDDUCK [QUOTA] +","_mail_action":"quota","_user":"68d5c082abe11a527cea4cfd","_inc":1044,"_storage_used":23227,"_mailbox":"68d5c082abe11a527cea4cfe","facility":"wildduck","host":"Johns-MacBook-Pro-i9.local","timestamp":1758838914.755,"_component":"wildduck"}
info Gelf {"short_message":"WILDDUCK HTTP [POST /users/:user/mailboxes/:mailbox/messages] OK","_remote_ip":"127.0.0.1","_http_route":"/users/:user/mailboxes/:mailbox/messages","_http_method":"POST","_user":"root","_role":"root","_api_response":"success","_size":115,"_req_user":"68d5c082abe11a527cea4cfd","_req_mailbox":"68d5c082abe11a527cea4cfe","_req_unseen":"false","_req_raw":"<Buffer 4d 49 4d 45 2d 56 65 72 73 69 6f 6e 3a 20 31 2e 30 0d 0a 46 72 6f 6d 3a 20 30 78 36 62 31 37 65 66 61 62 31 61 32 62 33 …","facility":"wildduck","host":"Johns-MacBook-Pro-i9.local","timestamp":1758838914.762,"_component":"wildduck"}
http API 127.0.0.1 root [-/-] POST /users/68d5c082abe11a527cea4cfd/mailboxes/68d5c082abe11a527cea4cfe/messages?unseen=false 200 26ms
info Gelf {"short_message":"WILDDUCK [QUOTA] +","_mail_action":"quota","_user":"68d5c082abe11a527cea4cfd","_inc":264,"_storage_used":23491,"_mailbox":"68d5c082abe11a527cea4cfe","facility":"wildduck","host":"Johns-MacBook-Pro-i9.local","timestamp":1758838914.804,"_component":"wildduck"}
info Gelf {"short_message":"WILDDUCK HTTP [POST /users/:user/mailboxes/:mailbox/messages] OK","_remote_ip":"127.0.0.1","_http_route":"/users/:user/mailboxes/:mailbox/messages","_http_method":"POST","_user":"root","_role":"root","_api_response":"success","_size":114,"_req_user":"68d5c082abe11a527cea4cfd","_req_mailbox":"68d5c082abe11a527cea4cfe","_req_unseen":"true","_req_raw":"<Buffer 66 72 6f 6d 3a 20 30 78 62 30 36 63 64 65 66 61 31 61 32 62 33 63 34 64 35 65 36 66 37 38 39 30 31 32 33 34 35 36 37 38 …","facility":"wildduck","host":"Johns-MacBook-Pro-i9.local","timestamp":1758838914.81,"_component":"wildduck"}
http API 127.0.0.1 root [-/-] POST /users/68d5c082abe11a527cea4cfd/mailboxes/68d5c082abe11a527cea4cfe/messages?unseen=true 200 25ms
info Gelf {"short_message":"WILDDUCK [QUOTA] +","_mail_action":"quota","_user":"68d5c082abe11a527cea4cfd","_inc":178,"_storage_used":23669,"_mailbox":"68d5c082abe11a527cea4cfe","facility":"wildduck","host":"Johns-MacBook-Pro-i9.local","timestamp":1758838914.839,"_component":"wildduck"}
info Gelf {"short_message":"WILDDUCK HTTP [POST /users/:user/mailboxes/:mailbox/messages] OK","_remote_ip":"127.0.0.1","_http_route":"/users/:user/mailboxes/:mailbox/messages","_http_method":"POST","_user":"root","_role":"root","_api_response":"success","_size":114,"_req_user":"68d5c082abe11a527cea4cfd","_req_mailbox":"68d5c082abe11a527cea4cfe","_req_unseen":"true","_req_raw":"<Buffer 66 72 6f 6d 3a 20 30 78 62 30 36 63 64 65 66 61 31 61 32 62 33 63 34 64 35 65 36 66 37 38 39 30 31 32 33 34 35 36 37 38 …","facility":"wildduck","host":"Johns-MacBook-Pro-i9.local","timestamp":1758838914.856,"_component":"wildduck"}
http
API 127.0.0.1 root [-/-] POST /users/68d5c082abe11a527cea4cfd/mailboxes/68d5c082abe11a527cea4cfe/messages?unseen=true 200 24ms
info Gelf {"short_message":"WILDDUCK [QUOTA] +","_mail_action":"quota","_user":"68d5c082abe11a527cea4cfd","_inc":178,"_storage_used":23847,"_mailbox":"68d5c082abe11a527cea4cfe","facility":"wildduck","host":"Johns-MacBook-Pro-i9.local","timestamp":1758838914.885,"_component":"wildduck"}
info Gelf {"short_message":"WILDDUCK HTTP [POST /users/:user/mailboxes/:mailbox/messages] OK","_remote_ip":"127.0.0.1","_http_route":"/users/:user/mailboxes/:mailbox/messages","_http_method":"POST","_user":"root","_role":"root","_api_response":"success","_size":114,"_req_user":"68d5c082abe11a527cea4cfd","_req_mailbox":"68d5c082abe11a527cea4cfe","_req_unseen":"true","_req_raw":"<Buffer 66 72 6f 6d 3a 20 30 78 62 30 36 63 64 65 66 61 31 61 32 62 33 63 34 64 35 65 36 66 37 38 39 30 31 32 33 34 35 36 37 38 …","facility":"wildduck","host":"Johns-MacBook-Pro-i9.local","timestamp":1758838914.892,"_component":"wildduck"}
http API 127.0.0.1 root [-/-] POST /users/68d5c082abe11a527cea4cfd/mailboxes/68d5c082abe11a527cea4cfe/messages?unseen=true 200 13ms
info IMAP [qwbz44ccsuluw3ma] Secure connection from [127.0.0.1] to Johns-MacBook-Pro-i9.local 127.0.0.1:9993
sill IMAP [qwbz44ccsuluw3ma] S: * OK WildDuck IMAP Server ready for requests from 127.0.0.1 qwbz44ccsuluw3ma
sill IMAP [qwbz44ccsuluw3ma] C: T1 LOGIN "(* value hidden *)" "(* value hidden *)"
info Gelf {"short_message":"WILDDUCK [AUTHOK] 0x1a2b3c4d5e6f789012345678901234567890abcd","_mail_action":"auth","_auth_result":"success","_username":"0x1a2b3c4d5e6f789012345678901234567890abcd","_domain":"johns-macbook-pro-i9.local","_user":"68d5c082abe11a527cea4cfd","_password_type":"master","_scope":"imap","_ip":"127.0.0.1","_sess":"qwbz44ccsuluw3ma","facility":"wildduck","host":"Johns-MacBook-Pro-i9.local","timestamp":1758838915.48,"_component":"wildduck"}
info Gelf {"short_message":"WILDDUCK [CONNSTART] Connection established for 68d5c082abe11a527cea4cfd","_connection":"establish","_service":"imap","_sess":"qwbz44ccsuluw3ma","_user":"68d5c082abe11a527cea4cfd","_cid":"qwbz44ccsuluw3ma","_ip":"127.0.0.1","_limit":15,"facility":"wildduck","host":"Johns-MacBook-Pro-i9.local","timestamp":1758838915.481,"_component":"wildduck"}
info IMAP [qwbz44ccsuluw3ma] 0x1a2b3c4d5e6f789012345678901234567890abcd authenticated using LOGIN
sill IMAP [qwbz44ccsuluw3ma] New journal listener for 68d5c082abe11a527cea4cfd (0x1a2b3c4d5e6f789012345678901234567890abcd)
sill IMAP [qwbz44ccsuluw3ma] S: * CAPABILITY IMAP4rev1 APPENDLIMIT=26214400 CHILDREN CONDSTORE ENABLE ID IDLE MOVE NAMESPACE QUOTA SPECIAL-USE UIDPLUS UNSELECT UTF8=ACCEPT XLIST
sill IMAP [qwbz44ccsuluw3ma] S: T1 OK 0x1a2b3c4d5e6f789012345678901234567890abcd authenticated
sill IMAP
[qwbz44ccsuluw3ma] C: T2 LIST "" "*"
sill
IMAP [qwbz44ccsuluw3ma] LIST for "*"
sill IMAP [qwbz44ccsuluw3ma] S: * LIST (\HasNoChildren) "/" "INBOX"
sill IMAP
[qwbz44ccsuluw3ma] S: * LIST (\HasNoChildren \Sent) "/" "[Gmail]/Sent Mail"
sill
IMAP [qwbz44ccsuluw3ma] S: * LIST (\Noselect \HasChildren) "/" "[Gmail]"
sill IMAP [qwbz44ccsuluw3ma] S: * LIST (\HasNoChildren \Drafts) "/" "Drafts"
sill IMAP [qwbz44ccsuluw3ma] S: * LIST (\HasNoChildren \Junk) "/" "Junk"
sill IMAP [qwbz44ccsuluw3ma] S: * LIST (\HasNoChildren \Trash) "/" "Trash"
sill IMAP [qwbz44ccsuluw3ma] S: T2 OK LIST completed
sill IMAP [qwbz44ccsuluw3ma] C: T3 LOGOUT
sill IMAP [qwbz44ccsuluw3ma] Removed journal listener from 68d5c082abe11a527cea4cfd (0x1a2b3c4d5e6f789012345678901234567890abcd)
sill IMAP [qwbz44ccsuluw3ma] S: * BYE Logout requested
sill IMAP [qwbz44ccsuluw3ma] S: T3 OK This does compute!
      ✔ should list all mailboxes (453ms)
info Gelf {"short_message":"WILDDUCK [CONNRELEASE] Connection released for 68d5c082abe11a527cea4cfd","_connection":"release","_service":"imap","_sess":"qwbz44ccsuluw3ma","_user":"68d5c082abe11a527cea4cfd","_cid":"qwbz44ccsuluw3ma","_ip":"127.0.0.1","facility":"wildduck","host":"Johns-MacBook-Pro-i9.local","timestamp":1758838915.688,"_component":"wildduck"}
info IMAP [qwbz44ccsuluw3ma] Connection closed to [127.0.0.1]
info Gelf {"short_message":"WILDDUCK HTTP [GET /users] OK","_remote_ip":"127.0.0.1","_http_route":"/users","_http_method":"GET","_user":"root","_role":"root","_api_response":"success","_size":723,"facility":"wildduck","host":"Johns-MacBook-Pro-i9.local","timestamp":1758838916.356,"_component":"wildduck"}
http API 127.0.0.1 root [-/-] GET /users 200 12ms
info Gelf {"short_message":"WILDDUCK HTTP [GET /users] OK","_remote_ip":"127.0.0.1","_http_route":"/users","_http_method":"GET","_user":"root","_role":"root","_api_response":"success","_size":780,"_req_query":"0x1a2b3c4d5e6f789012345678901234567890abcd","facility":"wildduck","host":"Johns-MacBook-Pro-i9.local","timestamp":1758838916.384,"_component":"wildduck"}
http API
127.0.0.1 root [-/-] GET /users?query=0x1a2b3c4d5e6f789012345678901234567890abcd 200 4ms
verb Tasks Created task id=68d5c084abe11a527cea4d19
info Gelf {"short_message":"WILDDUCK HTTP [DELETE /users/:user] OK","_remote_ip":"127.0.0.1","_http_route":"/users/:user","_http_method":"DELETE","_user":"root","_role":"root","_api_response":"success","_code":"TaskScheduled","_size":209,"_req_user":"68d5c082abe11a527cea4cfd","facility":"wildduck","host":"Johns-MacBook-Pro-i9.local","timestamp":1758838916.427,"_component":"wildduck"}
http API
127.0.0.1 root [-/-] DELETE /users/68d5c082abe11a527cea4cfd 200 10ms
info Gelf {"short_message":"WILDDUCK HTTP [POST /authenticate] OK","_remote_ip":"127.0.0.1","_http_route":"/authenticate","_http_method":"POST","_user":"root","_role":"root","_api_response":"success","_size":334,"_req_username":"0x1a2b3c4d5e6f789012345678901234567890abcd","_req_password":"***","_req_token":"true","_res_id":"68d5c086abe11a527cea4d1b","facility":"wildduck","host":"Johns-MacBook-Pro-i9.local","timestamp":1758838918.937,"_component":"wildduck"}
http API 127.0.0.1 root [-/-] POST /authenticate 200 139ms
info Gelf {"short_message":"WILDDUCK HTTP [GET /users] OK","_remote_ip":"127.0.0.1","_http_route":"/users","_http_method":"GET","_user":"root","_role":"root","_api_response":"success","_size":776,"_req_query":"0x1a2b3c4d5e6f789012345678901234567890abcd","facility":"wildduck","host":"Johns-MacBook-Pro-i9.local","timestamp":1758838918.975,"_component":"wildduck"}
http API
127.0.0.1 root [-/-] GET /users?query=0x1a2b3c4d5e6f789012345678901234567890abcd 200 4ms
info Gelf {"short_message":"WILDDUCK HTTP [GET /users/:user/mailboxes] OK","_remote_ip":"127.0.0.1","_http_route":"/users/:user/mailboxes","_http_method":"GET","_user":"root","_role":"root","_api_response":"success","_size":1275,"_req_user":"68d5c086abe11a527cea4d1b","facility":"wildduck","host":"Johns-MacBook-Pro-i9.local","timestamp":1758838919.012,"_component":"wildduck"}
http API 127.0.0.1 root [-/-] GET /users/68d5c086abe11a527cea4d1b/mailboxes 200 2ms
info Gelf {"short_message":"WILDDUCK HTTP [PUT /users/:user/mailboxes/:mailbox] OK","_remote_ip":"127.0.0.1","_http_route":"/users/:user/mailboxes/:mailbox","_http_method":"PUT","_user":"root","_role":"root","_api_response":"success","_size":22,"_req_user":"68d5c086abe11a527cea4d1b","_req_mailbox":"68d5c086abe11a527cea4d1d","_req_path":"[Gmail]/Sent Mail","facility":"wildduck","host":"Johns-MacBook-Pro-i9.local","timestamp":1758838919.074,"_component":"wildduck"}
http API 127.0.0.1 root [-/-] PUT /users/68d5c086abe11a527cea4d1b/mailboxes/68d5c086abe11a527cea4d1d 200 6ms
info Gelf {"short_message":"WILDDUCK HTTP [GET /users/:user/mailboxes] OK","_remote_ip":"127.0.0.1","_http_route":"/users/:user/mailboxes","_http_method":"GET","_user":"root","_role":"root","_api_response":"success","_size":1283,"_req_user":"68d5c086abe11a527cea4d1b","facility":"wildduck","host":"Johns-MacBook-Pro-i9.local","timestamp":1758838919.104,"_component":"wildduck"}
http API 127.0.0.1 root [-/-] GET /users/68d5c086abe11a527cea4d1b/mailboxes 200 8ms
info Gelf {"short_message":"WILDDUCK [QUOTA] +","_mail_action":"quota","_user":"68d5c086abe11a527cea4d1b","_inc":256,"_storage_used":256,"_mailbox":"68d5c086abe11a527cea4d1c","facility":"wildduck","host":"Johns-MacBook-Pro-i9.local","timestamp":1758838919.283,"_component":"wildduck"}
info Gelf {"short_message":"WILDDUCK HTTP [POST /users/:user/mailboxes/:mailbox/messages] OK","_remote_ip":"127.0.0.1","_http_route":"/users/:user/mailboxes/:mailbox/messages","_http_method":"POST","_user":"root","_role":"root","_api_response":"success","_size":114,"_req_user":"68d5c086abe11a527cea4d1b","_req_mailbox":"68d5c086abe11a527cea4d1c","_req_date":"14-Sep-2013 21:22:28 -0300","_req_unseen":"true","_req_raw":"<Buffer 66 72 6f 6d 3a 20 30 78 62 30 36 63 64 65 66 61 31 61 32 62 33 63 34 64 35 65 36 66 37 38 39 30 31 32 33 34 35 36 37 38 …","facility":"wildduck","host":"Johns-MacBook-Pro-i9.local","timestamp":1758838919.29,"_component":"wildduck"}
http API 127.0.0.1 root [-/-] POST /users/68d5c086abe11a527cea4d1b/mailboxes/68d5c086abe11a527cea4d1c/messages?date=14-Sep-2013%2021%3A22%3A28%20-0300&unseen=true 200 14ms
info Gelf {"short_message":"WILDDUCK [QUOTA] +","_mail_action":"quota","_user":"68d5c086abe11a527cea4d1b","_inc":21927,"_storage_used":22183,"_mailbox":"68d5c086abe11a527cea4d1c","facility":"wildduck","host":"Johns-MacBook-Pro-i9.local","timestamp":1758838919.354,"_component":"wildduck"}
info Gelf {"short_message":"WILDDUCK HTTP [POST /users/:user/mailboxes/:mailbox/messages] OK","_remote_ip":"127.0.0.1","_http_route":"/users/:user/mailboxes/:mailbox/messages","_http_method":"POST","_user":"root","_role":"root","_api_response":"success","_size":116,"_req_user":"68d5c086abe11a527cea4d1b","_req_mailbox":"68d5c086abe11a527cea4d1c","_req_unseen":"false","_req_raw":"<Buffer 53 75 62 6a 65 63 74 3a 20 52 79 61 6e 20 46 69 6e 6e 69 65 27 73 20 4d 49 4d 45 20 54 6f 72 74 75 72 65 20 54 65 73 74 …","facility":"wildduck","host":"Johns-MacBook-Pro-i9.local","timestamp":1758838919.362,"_component":"wildduck"}
http API
127.0.0.1 root [-/-] POST /users/68d5c086abe11a527cea4d1b/mailboxes/68d5c086abe11a527cea4d1c/messages?unseen=false 200 48ms
info Gelf {"short_message":"WILDDUCK [QUOTA] +","_mail_action":"quota","_user":"68d5c086abe11a527cea4d1b","_inc":1044,"_storage_used":23227,"_mailbox":"68d5c086abe11a527cea4d1c","facility":"wildduck","host":"Johns-MacBook-Pro-i9.local","timestamp":1758838919.393,"_component":"wildduck"}
info Gelf {"short_message":"WILDDUCK HTTP [POST /users/:user/mailboxes/:mailbox/messages] OK","_remote_ip":"127.0.0.1","_http_route":"/users/:user/mailboxes/:mailbox/messages","_http_method":"POST","_user":"root","_role":"root","_api_response":"success","_size":115,"_req_user":"68d5c086abe11a527cea4d1b","_req_mailbox":"68d5c086abe11a527cea4d1c","_req_unseen":"false","_req_raw":"<Buffer 4d 49 4d 45 2d 56 65 72 73 69 6f 6e 3a 20 31 2e 30 0d 0a 46 72 6f 6d 3a 20 30 78 36 62 31 37 65 66 61 62 31 61 32 62 33 …","facility":"wildduck","host":"Johns-MacBook-Pro-i9.local","timestamp":1758838919.409,"_component":"wildduck"}
http API 127.0.0.1 root [-/-] POST /users/68d5c086abe11a527cea4d1b/mailboxes/68d5c086abe11a527cea4d1c/messages?unseen=false 200 25ms
info Gelf {"short_message":"WILDDUCK [QUOTA] +","_mail_action":"quota","_user":"68d5c086abe11a527cea4d1b","_inc":264,"_storage_used":23491,"_mailbox":"68d5c086abe11a527cea4d1c","facility":"wildduck","host":"Johns-MacBook-Pro-i9.local","timestamp":1758838919.438,"_component":"wildduck"}
info Gelf {"short_message":"WILDDUCK HTTP [POST /users/:user/mailboxes/:mailbox/messages] OK","_remote_ip":"127.0.0.1","_http_route":"/users/:user/mailboxes/:mailbox/messages","_http_method":"POST","_user":"root","_role":"root","_api_response":"success","_size":114,"_req_user":"68d5c086abe11a527cea4d1b","_req_mailbox":"68d5c086abe11a527cea4d1c","_req_unseen":"true","_req_raw":"<Buffer 66 72 6f 6d 3a 20 30 78 62 30 36 63 64 65 66 61 31 61 32 62 33 63 34 64 35 65 36 66 37 38 39 30 31 32 33 34 35 36 37 38 …","facility":"wildduck","host":"Johns-MacBook-Pro-i9.local","timestamp":1758838919.457,"_component":"wildduck"}
http API
127.0.0.1 root [-/-] POST /users/68d5c086abe11a527cea4d1b/mailboxes/68d5c086abe11a527cea4d1c/messages?unseen=true 200 25ms
info Gelf {"short_message":"WILDDUCK [QUOTA] +","_mail_action":"quota","_user":"68d5c086abe11a527cea4d1b","_inc":178,"_storage_used":23669,"_mailbox":"68d5c086abe11a527cea4d1c","facility":"wildduck","host":"Johns-MacBook-Pro-i9.local","timestamp":1758838919.485,"_component":"wildduck"}
info Gelf {"short_message":"WILDDUCK HTTP [POST /users/:user/mailboxes/:mailbox/messages] OK","_remote_ip":"127.0.0.1","_http_route":"/users/:user/mailboxes/:mailbox/messages","_http_method":"POST","_user":"root","_role":"root","_api_response":"success","_size":114,"_req_user":"68d5c086abe11a527cea4d1b","_req_mailbox":"68d5c086abe11a527cea4d1c","_req_unseen":"true","_req_raw":"<Buffer 66 72 6f 6d 3a 20 30 78 62 30 36 63 64 65 66 61 31 61 32 62 33 63 34 64 35 65 36 66 37 38 39 30 31 32 33 34 35 36 37 38 …","facility":"wildduck","host":"Johns-MacBook-Pro-i9.local","timestamp":1758838919.504,"_component":"wildduck"}
http API 127.0.0.1 root [-/-] POST /users/68d5c086abe11a527cea4d1b/mailboxes/68d5c086abe11a527cea4d1c/messages?unseen=true 200 25ms
info Gelf {"short_message":"WILDDUCK [QUOTA] +","_mail_action":"quota","_user":"68d5c086abe11a527cea4d1b","_inc":178,"_storage_used":23847,"_mailbox":"68d5c086abe11a527cea4d1c","facility":"wildduck","host":"Johns-MacBook-Pro-i9.local","timestamp":1758838919.532,"_component":"wildduck"}
info Gelf {"short_message":"WILDDUCK HTTP [POST /users/:user/mailboxes/:mailbox/messages] OK","_remote_ip":"127.0.0.1","_http_route":"/users/:user/mailboxes/:mailbox/messages","_http_method":"POST","_user":"root","_role":"root","_api_response":"success","_size":114,"_req_user":"68d5c086abe11a527cea4d1b","_req_mailbox":"68d5c086abe11a527cea4d1c","_req_unseen":"true","_req_raw":"<Buffer 66 72 6f 6d 3a 20 30 78 62 30 36 63 64 65 66 61 31 61 32 62 33 63 34 64 35 65 36 66 37 38 39 30 31 32 33 34 35 36 37 38 …","facility":"wildduck","host":"Johns-MacBook-Pro-i9.local","timestamp":1758838919.538,"_component":"wildduck"}
http API
127.0.0.1 root [-/-] POST /users/68d5c086abe11a527cea4d1b/mailboxes/68d5c086abe11a527cea4d1c/messages?unseen=true 200 12ms
info IMAP [qsoxgxoucimar4if] Secure connection from [127.0.0.1] to Johns-MacBook-Pro-i9.local 127.0.0.1:9993
sill IMAP
[qsoxgxoucimar4if] S: * OK WildDuck IMAP Server ready for requests from 127.0.0.1 qsoxgxoucimar4if
sill IMAP [qsoxgxoucimar4if] C: T1 LOGIN "(* value hidden *)" "(* value hidden *)"
info Gelf {"short_message":"WILDDUCK [AUTHOK] 0x1a2b3c4d5e6f789012345678901234567890abcd","_mail_action":"auth","_auth_result":"success","_username":"0x1a2b3c4d5e6f789012345678901234567890abcd","_domain":"johns-macbook-pro-i9.local","_user":"68d5c086abe11a527cea4d1b","_password_type":"master","_scope":"imap","_ip":"127.0.0.1","_sess":"qsoxgxoucimar4if","facility":"wildduck","host":"Johns-MacBook-Pro-i9.local","timestamp":1758838920.178,"_component":"wildduck"}
info Gelf {"short_message":"WILDDUCK [CONNSTART] Connection established for 68d5c086abe11a527cea4d1b","_connection":"establish","_service":"imap","_sess":"qsoxgxoucimar4if","_user":"68d5c086abe11a527cea4d1b","_cid":"qsoxgxoucimar4if","_ip":"127.0.0.1","_limit":15,"facility":"wildduck","host":"Johns-MacBook-Pro-i9.local","timestamp":1758838920.18,"_component":"wildduck"}
info IMAP [qsoxgxoucimar4if] 0x1a2b3c4d5e6f789012345678901234567890abcd authenticated using LOGIN
sill IMAP [qsoxgxoucimar4if] New journal listener for 68d5c086abe11a527cea4d1b (0x1a2b3c4d5e6f789012345678901234567890abcd)
sill IMAP [qsoxgxoucimar4if] S: * CAPABILITY IMAP4rev1 APPENDLIMIT=26214400 CHILDREN CONDSTORE ENABLE ID IDLE MOVE NAMESPACE QUOTA SPECIAL-USE UIDPLUS UNSELECT UTF8=ACCEPT XLIST
sill IMAP [qsoxgxoucimar4if] S: T1 OK 0x1a2b3c4d5e6f789012345678901234567890abcd authenticated
sill IMAP [qsoxgxoucimar4if] C: T2 XLIST "" "*"
sill IMAP [qsoxgxoucimar4if] LIST for "*"
sill IMAP [qsoxgxoucimar4if] S: * XLIST (\HasNoChildren \Inbox) "/" "Inbox"
sill IMAP [qsoxgxoucimar4if] S: * XLIST (\HasNoChildren \Sent) "/" "[Gmail]/Sent Mail"
sill IMAP
[qsoxgxoucimar4if] S: * XLIST (\Noselect \HasChildren) "/" "[Gmail]"
sill IMAP [qsoxgxoucimar4if] S: * XLIST (\HasNoChildren \Drafts) "/" "Drafts"
sill IMAP [qsoxgxoucimar4if] S: * XLIST (\HasNoChildren \Spam) "/" "Junk"
sill IMAP [qsoxgxoucimar4if] S: * XLIST (\HasNoChildren \Trash) "/" "Trash"
sill IMAP
[qsoxgxoucimar4if] S: T2 OK XLIST completed
sill IMAP [qsoxgxoucimar4if] C: T3 LOGOUT
sill IMAP [qsoxgxoucimar4if] Removed journal listener from 68d5c086abe11a527cea4d1b (0x1a2b3c4d5e6f789012345678901234567890abcd)
sill IMAP [qsoxgxoucimar4if] S: * BYE Logout requested
sill IMAP [qsoxgxoucimar4if] S: T3 OK Not bad for a duck from outer space.
      ✔ should list all mailboxes using XLIST (455ms)
info Gelf {"short_message":"WILDDUCK [CONNRELEASE] Connection released for 68d5c086abe11a527cea4d1b","_connection":"release","_service":"imap","_sess":"qsoxgxoucimar4if","_user":"68d5c086abe11a527cea4d1b","_cid":"qsoxgxoucimar4if","_ip":"127.0.0.1","facility":"wildduck","host":"Johns-MacBook-Pro-i9.local","timestamp":1758838920.392,"_component":"wildduck"}
info IMAP [qsoxgxoucimar4if] Connection closed to [127.0.0.1]
info Gelf {"short_message":"WILDDUCK HTTP [GET /users] OK","_remote_ip":"127.0.0.1","_http_route":"/users","_http_method":"GET","_user":"root","_role":"root","_api_response":"success","_size":723,"facility":"wildduck","host":"Johns-MacBook-Pro-i9.local","timestamp":1758838921.059,"_component":"wildduck"}
http API 127.0.0.1 root [-/-] GET /users 200 10ms
info Gelf {"short_message":"WILDDUCK HTTP [GET /users] OK","_remote_ip":"127.0.0.1","_http_route":"/users","_http_method":"GET","_user":"root","_role":"root","_api_response":"success","_size":780,"_req_query":"0x1a2b3c4d5e6f789012345678901234567890abcd","facility":"wildduck","host":"Johns-MacBook-Pro-i9.local","timestamp":1758838921.086,"_component":"wildduck"}
http API 127.0.0.1 root [-/-] GET /users?query=0x1a2b3c4d5e6f789012345678901234567890abcd 200 4ms
verb Tasks Created task id=68d5c089abe11a527cea4d37
info Gelf {"short_message":"WILDDUCK HTTP [DELETE /users/:user] OK","_remote_ip":"127.0.0.1","_http_route":"/users/:user","_http_method":"DELETE","_user":"root","_role":"root","_api_response":"success","_code":"TaskScheduled","_size":209,"_req_user":"68d5c086abe11a527cea4d1b","facility":"wildduck","host":"Johns-MacBook-Pro-i9.local","timestamp":1758838921.128,"_component":"wildduck"}
http API 127.0.0.1 root [-/-] DELETE /users/68d5c086abe11a527cea4d1b 200 9ms
info Gelf {"short_message":"WILDDUCK HTTP [POST /authenticate] OK","_remote_ip":"127.0.0.1","_http_route":"/authenticate","_http_method":"POST","_user":"root","_role":"root","_api_response":"success","_size":334,"_req_username":"0x1a2b3c4d5e6f789012345678901234567890abcd","_req_password":"***","_req_token":"true","_res_id":"68d5c08babe11a527cea4d39","facility":"wildduck","host":"Johns-MacBook-Pro-i9.local","timestamp":1758838923.671,"_component":"wildduck"}
http API
127.0.0.1 root [-/-] POST /authenticate 200 134ms
info Gelf {"short_message":"WILDDUCK HTTP [GET /users] OK","_remote_ip":"127.0.0.1","_http_route":"/users","_http_method":"GET","_user":"root","_role":"root","_api_response":"success","_size":776,"_req_query":"0x1a2b3c4d5e6f789012345678901234567890abcd","facility":"wildduck","host":"Johns-MacBook-Pro-i9.local","timestamp":1758838923.71,"_component":"wildduck"}
http API 127.0.0.1 root [-/-] GET /users?query=0x1a2b3c4d5e6f789012345678901234567890abcd 200 5ms
info Gelf {"short_message":"WILDDUCK HTTP [GET /users/:user/mailboxes] OK","_remote_ip":"127.0.0.1","_http_route":"/users/:user/mailboxes","_http_method":"GET","_user":"root","_role":"root","_api_response":"success","_size":1275,"_req_user":"68d5c08babe11a527cea4d39","facility":"wildduck","host":"Johns-MacBook-Pro-i9.local","timestamp":1758838923.758,"_component":"wildduck"}
http
API 127.0.0.1 root [-/-] GET /users/68d5c08babe11a527cea4d39/mailboxes 200 14ms
info Gelf {"short_message":"WILDDUCK HTTP [PUT /users/:user/mailboxes/:mailbox] OK","_remote_ip":"127.0.0.1","_http_route":"/users/:user/mailboxes/:mailbox","_http_method":"PUT","_user":"root","_role":"root","_api_response":"success","_size":22,"_req_user":"68d5c08babe11a527cea4d39","_req_mailbox":"68d5c08babe11a527cea4d3b","_req_path":"[Gmail]/Sent Mail","facility":"wildduck","host":"Johns-MacBook-Pro-i9.local","timestamp":1758838923.818,"_component":"wildduck"}
http API 127.0.0.1 root [-/-] PUT /users/68d5c08babe11a527cea4d39/mailboxes/68d5c08babe11a527cea4d3b 200 5ms
info Gelf {"short_message":"WILDDUCK HTTP [GET /users/:user/mailboxes] OK","_remote_ip":"127.0.0.1","_http_route":"/users/:user/mailboxes","_http_method":"GET","_user":"root","_role":"root","_api_response":"success","_size":1283,"_req_user":"68d5c08babe11a527cea4d39","facility":"wildduck","host":"Johns-MacBook-Pro-i9.local","timestamp":1758838923.857,"_component":"wildduck"}
http API 127.0.0.1 root [-/-] GET /users/68d5c08babe11a527cea4d39/mailboxes 200 16ms
info Gelf {"short_message":"WILDDUCK [QUOTA] +","_mail_action":"quota","_user":"68d5c08babe11a527cea4d39","_inc":256,"_storage_used":256,"_mailbox":"68d5c08babe11a527cea4d3a","facility":"wildduck","host":"Johns-MacBook-Pro-i9.local","timestamp":1758838924.035,"_component":"wildduck"}
info Gelf {"short_message":"WILDDUCK HTTP [POST /users/:user/mailboxes/:mailbox/messages] OK","_remote_ip":"127.0.0.1","_http_route":"/users/:user/mailboxes/:mailbox/messages","_http_method":"POST","_user":"root","_role":"root","_api_response":"success","_size":114,"_req_user":"68d5c08babe11a527cea4d39","_req_mailbox":"68d5c08babe11a527cea4d3a","_req_date":"14-Sep-2013 21:22:28 -0300","_req_unseen":"true","_req_raw":"<Buffer 66 72 6f 6d 3a 20 30 78 62 30 36 63 64 65 66 61 31 61 32 62 33 63 34 64 35 65 36 66 37 38 39 30 31 32 33 34 35 36 37 38 …","facility":"wildduck","host":"Johns-MacBook-Pro-i9.local","timestamp":1758838924.042,"_component":"wildduck"}
http API 127.0.0.1 root [-/-] POST /users/68d5c08babe11a527cea4d39/mailboxes/68d5c08babe11a527cea4d3a/messages?date=14-Sep-2013%2021%3A22%3A28%20-0300&unseen=true 200 12ms
info Gelf {"short_message":"WILDDUCK [QUOTA] +","_mail_action":"quota","_user":"68d5c08babe11a527cea4d39","_inc":21927,"_storage_used":22183,"_mailbox":"68d5c08babe11a527cea4d3a","facility":"wildduck","host":"Johns-MacBook-Pro-i9.local","timestamp":1758838924.113,"_component":"wildduck"}
info Gelf {"short_message":"WILDDUCK HTTP [POST /users/:user/mailboxes/:mailbox/messages] OK","_remote_ip":"127.0.0.1","_http_route":"/users/:user/mailboxes/:mailbox/messages","_http_method":"POST","_user":"root","_role":"root","_api_response":"success","_size":116,"_req_user":"68d5c08babe11a527cea4d39","_req_mailbox":"68d5c08babe11a527cea4d3a","_req_unseen":"false","_req_raw":"<Buffer 53 75 62 6a 65 63 74 3a 20 52 79 61 6e 20 46 69 6e 6e 69 65 27 73 20 4d 49 4d 45 20 54 6f 72 74 75 72 65 20 54 65 73 74 …","facility":"wildduck","host":"Johns-MacBook-Pro-i9.local","timestamp":1758838924.121,"_component":"wildduck"}
http API 127.0.0.1 root [-/-] POST /users/68d5c08babe11a527cea4d39/mailboxes/68d5c08babe11a527cea4d3a/messages?unseen=false 200 55ms
info Gelf {"short_message":"WILDDUCK [QUOTA] +","_mail_action":"quota","_user":"68d5c08babe11a527cea4d39","_inc":1044,"_storage_used":23227,"_mailbox":"68d5c08babe11a527cea4d3a","facility":"wildduck","host":"Johns-MacBook-Pro-i9.local","timestamp":1758838924.165,"_component":"wildduck"}
info Gelf {"short_message":"WILDDUCK HTTP [POST /users/:user/mailboxes/:mailbox/messages] OK","_remote_ip":"127.0.0.1","_http_route":"/users/:user/mailboxes/:mailbox/messages","_http_method":"POST","_user":"root","_role":"root","_api_response":"success","_size":115,"_req_user":"68d5c08babe11a527cea4d39","_req_mailbox":"68d5c08babe11a527cea4d3a","_req_unseen":"false","_req_raw":"<Buffer 4d 49 4d 45 2d 56 65 72 73 69 6f 6e 3a 20 31 2e 30 0d 0a 46 72 6f 6d 3a 20 30 78 36 62 31 37 65 66 61 62 31 61 32 62 33 …","facility":"wildduck","host":"Johns-MacBook-Pro-i9.local","timestamp":1758838924.171,"_component":"wildduck"}
http API
127.0.0.1 root [-/-] POST /users/68d5c08babe11a527cea4d39/mailboxes/68d5c08babe11a527cea4d3a/messages?unseen=false 200 28ms
info Gelf {"short_message":"WILDDUCK [QUOTA] +","_mail_action":"quota","_user":"68d5c08babe11a527cea4d39","_inc":264,"_storage_used":23491,"_mailbox":"68d5c08babe11a527cea4d3a","facility":"wildduck","host":"Johns-MacBook-Pro-i9.local","timestamp":1758838924.211,"_component":"wildduck"}
info Gelf {"short_message":"WILDDUCK HTTP [POST /users/:user/mailboxes/:mailbox/messages] OK","_remote_ip":"127.0.0.1","_http_route":"/users/:user/mailboxes/:mailbox/messages","_http_method":"POST","_user":"root","_role":"root","_api_response":"success","_size":114,"_req_user":"68d5c08babe11a527cea4d39","_req_mailbox":"68d5c08babe11a527cea4d3a","_req_unseen":"true","_req_raw":"<Buffer 66 72 6f 6d 3a 20 30 78 62 30 36 63 64 65 66 61 31 61 32 62 33 63 34 64 35 65 36 66 37 38 39 30 31 32 33 34 35 36 37 38 …","facility":"wildduck","host":"Johns-MacBook-Pro-i9.local","timestamp":1758838924.218,"_component":"wildduck"}
http API 127.0.0.1 root [-/-] POST /users/68d5c08babe11a527cea4d39/mailboxes/68d5c08babe11a527cea4d3a/messages?unseen=true 200 24ms
info Gelf {"short_message":"WILDDUCK [QUOTA] +","_mail_action":"quota","_user":"68d5c08babe11a527cea4d39","_inc":178,"_storage_used":23669,"_mailbox":"68d5c08babe11a527cea4d3a","facility":"wildduck","host":"Johns-MacBook-Pro-i9.local","timestamp":1758838924.259,"_component":"wildduck"}
info Gelf {"short_message":"WILDDUCK HTTP [POST /users/:user/mailboxes/:mailbox/messages] OK","_remote_ip":"127.0.0.1","_http_route":"/users/:user/mailboxes/:mailbox/messages","_http_method":"POST","_user":"root","_role":"root","_api_response":"success","_size":114,"_req_user":"68d5c08babe11a527cea4d39","_req_mailbox":"68d5c08babe11a527cea4d3a","_req_unseen":"true","_req_raw":"<Buffer 66 72 6f 6d 3a 20 30 78 62 30 36 63 64 65 66 61 31 61 32 62 33 63 34 64 35 65 36 66 37 38 39 30 31 32 33 34 35 36 37 38 …","facility":"wildduck","host":"Johns-MacBook-Pro-i9.local","timestamp":1758838924.266,"_component":"wildduck"}
http API 127.0.0.1 root [-/-] POST /users/68d5c08babe11a527cea4d39/mailboxes/68d5c08babe11a527cea4d3a/messages?unseen=true 200 25ms
info Gelf {"short_message":"WILDDUCK [QUOTA] +","_mail_action":"quota","_user":"68d5c08babe11a527cea4d39","_inc":178,"_storage_used":23847,"_mailbox":"68d5c08babe11a527cea4d3a","facility":"wildduck","host":"Johns-MacBook-Pro-i9.local","timestamp":1758838924.293,"_component":"wildduck"}
info Gelf {"short_message":"WILDDUCK HTTP [POST /users/:user/mailboxes/:mailbox/messages] OK","_remote_ip":"127.0.0.1","_http_route":"/users/:user/mailboxes/:mailbox/messages","_http_method":"POST","_user":"root","_role":"root","_api_response":"success","_size":114,"_req_user":"68d5c08babe11a527cea4d39","_req_mailbox":"68d5c08babe11a527cea4d3a","_req_unseen":"true","_req_raw":"<Buffer 66 72 6f 6d 3a 20 30 78 62 30 36 63 64 65 66 61 31 61 32 62 33 63 34 64 35 65 36 66 37 38 39 30 31 32 33 34 35 36 37 38 …","facility":"wildduck","host":"Johns-MacBook-Pro-i9.local","timestamp":1758838924.313,"_component":"wildduck"}
http API
127.0.0.1 root [-/-] POST /users/68d5c08babe11a527cea4d39/mailboxes/68d5c08babe11a527cea4d3a/messages?unseen=true 200 25ms
info IMAP [pq22mwtkldturkf3] Secure connection from [127.0.0.1] to Johns-MacBook-Pro-i9.local 127.0.0.1:9993
sill IMAP
[pq22mwtkldturkf3] S: * OK WildDuck IMAP Server ready for requests from 127.0.0.1 pq22mwtkldturkf3
sill IMAP [pq22mwtkldturkf3] C: T1 LOGIN "(* value hidden *)" "(* value hidden *)"
info Gelf {"short_message":"WILDDUCK [AUTHOK] 0x1a2b3c4d5e6f789012345678901234567890abcd","_mail_action":"auth","_auth_result":"success","_username":"0x1a2b3c4d5e6f789012345678901234567890abcd","_domain":"johns-macbook-pro-i9.local","_user":"68d5c08babe11a527cea4d39","_password_type":"master","_scope":"imap","_ip":"127.0.0.1","_sess":"pq22mwtkldturkf3","facility":"wildduck","host":"Johns-MacBook-Pro-i9.local","timestamp":1758838925.01,"_component":"wildduck"}
info Gelf {"short_message":"WILDDUCK [CONNSTART] Connection established for 68d5c08babe11a527cea4d39","_connection":"establish","_service":"imap","_sess":"pq22mwtkldturkf3","_user":"68d5c08babe11a527cea4d39","_cid":"pq22mwtkldturkf3","_ip":"127.0.0.1","_limit":15,"facility":"wildduck","host":"Johns-MacBook-Pro-i9.local","timestamp":1758838925.012,"_component":"wildduck"}
info IMAP [pq22mwtkldturkf3] 0x1a2b3c4d5e6f789012345678901234567890abcd authenticated using LOGIN
sill IMAP [pq22mwtkldturkf3] New journal listener for 68d5c08babe11a527cea4d39 (0x1a2b3c4d5e6f789012345678901234567890abcd)
sill IMAP [pq22mwtkldturkf3] S: * CAPABILITY IMAP4rev1 APPENDLIMIT=26214400 CHILDREN CONDSTORE ENABLE ID IDLE MOVE NAMESPACE QUOTA SPECIAL-USE UIDPLUS UNSELECT UTF8=ACCEPT XLIST
sill IMAP [pq22mwtkldturkf3] S: T1 OK 0x1a2b3c4d5e6f789012345678901234567890abcd authenticated
sill IMAP [pq22mwtkldturkf3] C: T2 LIST "" "%"
sill IMAP
[pq22mwtkldturkf3] LIST for "%"
sill IMAP [pq22mwtkldturkf3] S: * LIST (\HasNoChildren) "/" "INBOX"
sill IMAP [pq22mwtkldturkf3] S: * LIST (\Noselect \HasChildren) "/" "[Gmail]"
sill IMAP [pq22mwtkldturkf3] S: * LIST (\HasNoChildren \Drafts) "/" "Drafts"
sill IMAP [pq22mwtkldturkf3] S: * LIST (\HasNoChildren \Junk) "/" "Junk"
sill IMAP [pq22mwtkldturkf3] S: * LIST (\HasNoChildren \Trash) "/" "Trash"
sill IMAP [pq22mwtkldturkf3] S: T2 OK LIST completed
sill IMAP [pq22mwtkldturkf3] C: T3 LOGOUT
sill IMAP [pq22mwtkldturkf3] Removed journal listener from 68d5c08babe11a527cea4d39 (0x1a2b3c4d5e6f789012345678901234567890abcd)
sill IMAP [pq22mwtkldturkf3] S: * BYE Logout requested
sill IMAP [pq22mwtkldturkf3] S: T3 OK Oh ho ho ho, duck hunters is da cwaziest peoples! Ha ha ha.
      ✔ should list first level mailboxes (460ms)
info Gelf {"short_message":"WILDDUCK [CONNRELEASE] Connection released for 68d5c08babe11a527cea4d39","_connection":"release","_service":"imap","_sess":"pq22mwtkldturkf3","_user":"68d5c08babe11a527cea4d39","_cid":"pq22mwtkldturkf3","_ip":"127.0.0.1","facility":"wildduck","host":"Johns-MacBook-Pro-i9.local","timestamp":1758838925.231,"_component":"wildduck"}
info IMAP [pq22mwtkldturkf3] Connection closed to [127.0.0.1]
info Gelf {"short_message":"WILDDUCK HTTP [GET /users] OK","_remote_ip":"127.0.0.1","_http_route":"/users","_http_method":"GET","_user":"root","_role":"root","_api_response":"success","_size":723,"facility":"wildduck","host":"Johns-MacBook-Pro-i9.local","timestamp":1758838925.918,"_component":"wildduck"}
http API 127.0.0.1 root [-/-] GET /users 200 4ms
info Gelf {"short_message":"WILDDUCK HTTP [GET /users] OK","_remote_ip":"127.0.0.1","_http_route":"/users","_http_method":"GET","_user":"root","_role":"root","_api_response":"success","_size":780,"_req_query":"0x1a2b3c4d5e6f789012345678901234567890abcd","facility":"wildduck","host":"Johns-MacBook-Pro-i9.local","timestamp":1758838925.96,"_component":"wildduck"}
http API 127.0.0.1 root [-/-] GET /users?query=0x1a2b3c4d5e6f789012345678901234567890abcd 200 18ms
verb Tasks Created task id=68d5c08eabe11a527cea4d55
info Gelf {"short_message":"WILDDUCK HTTP [DELETE /users/:user] OK","_remote_ip":"127.0.0.1","_http_route":"/users/:user","_http_method":"DELETE","_user":"root","_role":"root","_api_response":"success","_code":"TaskScheduled","_size":209,"_req_user":"68d5c08babe11a527cea4d39","facility":"wildduck","host":"Johns-MacBook-Pro-i9.local","timestamp":1758838926.015,"_component":"wildduck"}
http API 127.0.0.1 root [-/-] DELETE /users/68d5c08babe11a527cea4d39 200 21ms
verb Tasks Starting task poll loop
verb Tasks type=acme-update id=acme-update-id data={}
verb Tasks Found task for processing id=68d5c055abe11a527cea4bed
verb Tasks type=user-delete id=68d5c055abe11a527cea4bed data={"user":"68d5c053abe11a527cea4bbe"}
verb Tasks task=user-delete id=68d5c055abe11a527cea4bed user=68d5c053abe11a527cea4bbe message=Deleted 3 addresses from registry
verb Tasks task=user-delete id=68d5c055abe11a527cea4bed user=68d5c053abe11a527cea4bbe message=Marked 6 messages for deletion
verb Tasks task=user-delete id=68d5c055abe11a527cea4bed user=68d5c053abe11a527cea4bbe message=Marked total of 6 messages for deletion
verb Tasks task=user-delete id=68d5c055abe11a527cea4bed user=68d5c053abe11a527cea4bbe message=Cleared user specific data
info Tasks Released task id=68d5c055abe11a527cea4bed lock=be2b1b2b6fff34a25dc5e03f
verb Tasks Found task for processing id=68d5c05aabe11a527cea4c0b
verb Tasks type=user-delete id=68d5c05aabe11a527cea4c0b data={"user":"68d5c058abe11a527cea4bef"}
verb Tasks task=user-delete id=68d5c05aabe11a527cea4c0b user=68d5c058abe11a527cea4bef message=Deleted 3 addresses from registry
verb Tasks task=user-delete id=68d5c05aabe11a527cea4c0b user=68d5c058abe11a527cea4bef message=Marked 6 messages for deletion
verb Tasks task=user-delete id=68d5c05aabe11a527cea4c0b user=68d5c058abe11a527cea4bef message=Marked total of 6 messages for deletion
verb Tasks task=user-delete id=68d5c05aabe11a527cea4c0b user=68d5c058abe11a527cea4bef message=Cleared user specific data
info Tasks Released task id=68d5c05aabe11a527cea4c0b lock=2875235d362e9c78334d1370
info Gelf {"short_message":"WILDDUCK HTTP [POST /authenticate] OK","_remote_ip":"127.0.0.1","_http_route":"/authenticate","_http_method":"POST","_user":"root","_role":"root","_api_response":"success","_size":334,"_req_username":"0x1a2b3c4d5e6f789012345678901234567890abcd","_req_password":"***","_req_token":"true","_res_id":"68d5c090abe11a527cea4d59","facility":"wildduck","host":"Johns-MacBook-Pro-i9.local","timestamp":1758838928.592,"_component":"wildduck"}
http API 127.0.0.1 root [-/-] POST /authenticate 200 134ms
info Gelf {"short_message":"WILDDUCK HTTP [GET /users] OK","_remote_ip":"127.0.0.1","_http_route":"/users","_http_method":"GET","_user":"root","_role":"root","_api_response":"success","_size":776,"_req_query":"0x1a2b3c4d5e6f789012345678901234567890abcd","facility":"wildduck","host":"Johns-MacBook-Pro-i9.local","timestamp":1758838928.631,"_component":"wildduck"}
http API 127.0.0.1 root [-/-] GET /users?query=0x1a2b3c4d5e6f789012345678901234567890abcd 200 4ms
info Gelf {"short_message":"WILDDUCK HTTP [GET /users/:user/mailboxes] OK","_remote_ip":"127.0.0.1","_http_route":"/users/:user/mailboxes","_http_method":"GET","_user":"root","_role":"root","_api_response":"success","_size":1275,"_req_user":"68d5c090abe11a527cea4d59","facility":"wildduck","host":"Johns-MacBook-Pro-i9.local","timestamp":1758838928.667,"_component":"wildduck"}
http API 127.0.0.1 root [-/-] GET /users/68d5c090abe11a527cea4d59/mailboxes 200 3ms
info Gelf {"short_message":"WILDDUCK HTTP [PUT /users/:user/mailboxes/:mailbox] OK","_remote_ip":"127.0.0.1","_http_route":"/users/:user/mailboxes/:mailbox","_http_method":"PUT","_user":"root","_role":"root","_api_response":"success","_size":22,"_req_user":"68d5c090abe11a527cea4d59","_req_mailbox":"68d5c090abe11a527cea4d5b","_req_path":"[Gmail]/Sent Mail","facility":"wildduck","host":"Johns-MacBook-Pro-i9.local","timestamp":1758838928.729,"_component":"wildduck"}
http API 127.0.0.1 root [-/-] PUT /users/68d5c090abe11a527cea4d59/mailboxes/68d5c090abe11a527cea4d5b 200 5ms
info Gelf {"short_message":"WILDDUCK HTTP [GET /users/:user/mailboxes] OK","_remote_ip":"127.0.0.1","_http_route":"/users/:user/mailboxes","_http_method":"GET","_user":"root","_role":"root","_api_response":"success","_size":1283,"_req_user":"68d5c090abe11a527cea4d59","facility":"wildduck","host":"Johns-MacBook-Pro-i9.local","timestamp":1758838928.758,"_component":"wildduck"}
http API 127.0.0.1 root [-/-] GET /users/68d5c090abe11a527cea4d59/mailboxes 200 6ms
info Gelf {"short_message":"WILDDUCK [QUOTA] +","_mail_action":"quota","_user":"68d5c090abe11a527cea4d59","_inc":256,"_storage_used":256,"_mailbox":"68d5c090abe11a527cea4d5a","facility":"wildduck","host":"Johns-MacBook-Pro-i9.local","timestamp":1758838928.938,"_component":"wildduck"}
info Gelf {"short_message":"WILDDUCK HTTP [POST /users/:user/mailboxes/:mailbox/messages] OK","_remote_ip":"127.0.0.1","_http_route":"/users/:user/mailboxes/:mailbox/messages","_http_method":"POST","_user":"root","_role":"root","_api_response":"success","_size":114,"_req_user":"68d5c090abe11a527cea4d59","_req_mailbox":"68d5c090abe11a527cea4d5a","_req_date":"14-Sep-2013 21:22:28 -0300","_req_unseen":"true","_req_raw":"<Buffer 66 72 6f 6d 3a 20 30 78 62 30 36 63 64 65 66 61 31 61 32 62 33 63 34 64 35 65 36 66 37 38 39 30 31 32 33 34 35 36 37 38 …","facility":"wildduck","host":"Johns-MacBook-Pro-i9.local","timestamp":1758838928.958,"_component":"wildduck"}
http
API 127.0.0.1 root [-/-] POST /users/68d5c090abe11a527cea4d59/mailboxes/68d5c090abe11a527cea4d5a/messages?date=14-Sep-2013%2021%3A22%3A28%20-0300&unseen=true 200 27ms
info Gelf {"short_message":"WILDDUCK [QUOTA] +","_mail_action":"quota","_user":"68d5c090abe11a527cea4d59","_inc":21927,"_storage_used":22183,"_mailbox":"68d5c090abe11a527cea4d5a","facility":"wildduck","host":"Johns-MacBook-Pro-i9.local","timestamp":1758838929.027,"_component":"wildduck"}
info Gelf {"short_message":"WILDDUCK HTTP [POST /users/:user/mailboxes/:mailbox/messages] OK","_remote_ip":"127.0.0.1","_http_route":"/users/:user/mailboxes/:mailbox/messages","_http_method":"POST","_user":"root","_role":"root","_api_response":"success","_size":116,"_req_user":"68d5c090abe11a527cea4d59","_req_mailbox":"68d5c090abe11a527cea4d5a","_req_unseen":"false","_req_raw":"<Buffer 53 75 62 6a 65 63 74 3a 20 52 79 61 6e 20 46 69 6e 6e 69 65 27 73 20 4d 49 4d 45 20 54 6f 72 74 75 72 65 20 54 65 73 74 …","facility":"wildduck","host":"Johns-MacBook-Pro-i9.local","timestamp":1758838929.036,"_component":"wildduck"}
http API 127.0.0.1 root [-/-] POST /users/68d5c090abe11a527cea4d59/mailboxes/68d5c090abe11a527cea4d5a/messages?unseen=false 200 53ms
info Gelf {"short_message":"WILDDUCK [QUOTA] +","_mail_action":"quota","_user":"68d5c090abe11a527cea4d59","_inc":1044,"_storage_used":23227,"_mailbox":"68d5c090abe11a527cea4d5a","facility":"wildduck","host":"Johns-MacBook-Pro-i9.local","timestamp":1758838929.067,"_component":"wildduck"}
info Gelf {"short_message":"WILDDUCK HTTP [POST /users/:user/mailboxes/:mailbox/messages] OK","_remote_ip":"127.0.0.1","_http_route":"/users/:user/mailboxes/:mailbox/messages","_http_method":"POST","_user":"root","_role":"root","_api_response":"success","_size":115,"_req_user":"68d5c090abe11a527cea4d59","_req_mailbox":"68d5c090abe11a527cea4d5a","_req_unseen":"false","_req_raw":"<Buffer 4d 49 4d 45 2d 56 65 72 73 69 6f 6e 3a 20 31 2e 30 0d 0a 46 72 6f 6d 3a 20 30 78 36 62 31 37 65 66 61 62 31 61 32 62 33 …","facility":"wildduck","host":"Johns-MacBook-Pro-i9.local","timestamp":1758838929.073,"_component":"wildduck"}
http API 127.0.0.1 root [-/-] POST /users/68d5c090abe11a527cea4d59/mailboxes/68d5c090abe11a527cea4d5a/messages?unseen=false 200 15ms
info Gelf {"short_message":"WILDDUCK [QUOTA] +","_mail_action":"quota","_user":"68d5c090abe11a527cea4d59","_inc":264,"_storage_used":23491,"_mailbox":"68d5c090abe11a527cea4d5a","facility":"wildduck","host":"Johns-MacBook-Pro-i9.local","timestamp":1758838929.111,"_component":"wildduck"}
info Gelf {"short_message":"WILDDUCK HTTP [POST /users/:user/mailboxes/:mailbox/messages] OK","_remote_ip":"127.0.0.1","_http_route":"/users/:user/mailboxes/:mailbox/messages","_http_method":"POST","_user":"root","_role":"root","_api_response":"success","_size":114,"_req_user":"68d5c090abe11a527cea4d59","_req_mailbox":"68d5c090abe11a527cea4d5a","_req_unseen":"true","_req_raw":"<Buffer 66 72 6f 6d 3a 20 30 78 62 30 36 63 64 65 66 61 31 61 32 62 33 63 34 64 35 65 36 66 37 38 39 30 31 32 33 34 35 36 37 38 …","facility":"wildduck","host":"Johns-MacBook-Pro-i9.local","timestamp":1758838929.117,"_component":"wildduck"}
http API
127.0.0.1 root [-/-] POST /users/68d5c090abe11a527cea4d59/mailboxes/68d5c090abe11a527cea4d5a/messages?unseen=true 200 21ms
info Gelf {"short_message":"WILDDUCK [QUOTA] +","_mail_action":"quota","_user":"68d5c090abe11a527cea4d59","_inc":178,"_storage_used":23669,"_mailbox":"68d5c090abe11a527cea4d5a","facility":"wildduck","host":"Johns-MacBook-Pro-i9.local","timestamp":1758838929.157,"_component":"wildduck"}
info Gelf {"short_message":"WILDDUCK HTTP [POST /users/:user/mailboxes/:mailbox/messages] OK","_remote_ip":"127.0.0.1","_http_route":"/users/:user/mailboxes/:mailbox/messages","_http_method":"POST","_user":"root","_role":"root","_api_response":"success","_size":114,"_req_user":"68d5c090abe11a527cea4d59","_req_mailbox":"68d5c090abe11a527cea4d5a","_req_unseen":"true","_req_raw":"<Buffer 66 72 6f 6d 3a 20 30 78 62 30 36 63 64 65 66 61 31 61 32 62 33 63 34 64 35 65 36 66 37 38 39 30 31 32 33 34 35 36 37 38 …","facility":"wildduck","host":"Johns-MacBook-Pro-i9.local","timestamp":1758838929.162,"_component":"wildduck"}
http API
127.0.0.1 root [-/-] POST /users/68d5c090abe11a527cea4d59/mailboxes/68d5c090abe11a527cea4d5a/messages?unseen=true 200 23ms
info Gelf {"short_message":"WILDDUCK [QUOTA] +","_mail_action":"quota","_user":"68d5c090abe11a527cea4d59","_inc":178,"_storage_used":23847,"_mailbox":"68d5c090abe11a527cea4d5a","facility":"wildduck","host":"Johns-MacBook-Pro-i9.local","timestamp":1758838929.191,"_component":"wildduck"}
info Gelf {"short_message":"WILDDUCK HTTP [POST /users/:user/mailboxes/:mailbox/messages] OK","_remote_ip":"127.0.0.1","_http_route":"/users/:user/mailboxes/:mailbox/messages","_http_method":"POST","_user":"root","_role":"root","_api_response":"success","_size":114,"_req_user":"68d5c090abe11a527cea4d59","_req_mailbox":"68d5c090abe11a527cea4d5a","_req_unseen":"true","_req_raw":"<Buffer 66 72 6f 6d 3a 20 30 78 62 30 36 63 64 65 66 61 31 61 32 62 33 63 34 64 35 65 36 66 37 38 39 30 31 32 33 34 35 36 37 38 …","facility":"wildduck","host":"Johns-MacBook-Pro-i9.local","timestamp":1758838929.212,"_component":"wildduck"}
http
API 127.0.0.1 root [-/-] POST /users/68d5c090abe11a527cea4d59/mailboxes/68d5c090abe11a527cea4d5a/messages?unseen=true 200 27ms
info IMAP [rq5cace2z7vcmfdh] Secure connection from [127.0.0.1] to Johns-MacBook-Pro-i9.local 127.0.0.1:9993
sill
IMAP [rq5cace2z7vcmfdh] S: * OK WildDuck IMAP Server ready for requests from 127.0.0.1 rq5cace2z7vcmfdh
sill IMAP [rq5cace2z7vcmfdh] C: T1 LOGIN "(* value hidden *)" "(* value hidden *)"
info Gelf {"short_message":"WILDDUCK [AUTHOK] 0x1a2b3c4d5e6f789012345678901234567890abcd","_mail_action":"auth","_auth_result":"success","_username":"0x1a2b3c4d5e6f789012345678901234567890abcd","_domain":"johns-macbook-pro-i9.local","_user":"68d5c090abe11a527cea4d59","_password_type":"master","_scope":"imap","_ip":"127.0.0.1","_sess":"rq5cace2z7vcmfdh","facility":"wildduck","host":"Johns-MacBook-Pro-i9.local","timestamp":1758838929.91,"_component":"wildduck"}
info Gelf {"short_message":"WILDDUCK [CONNSTART] Connection established for 68d5c090abe11a527cea4d59","_connection":"establish","_service":"imap","_sess":"rq5cace2z7vcmfdh","_user":"68d5c090abe11a527cea4d59","_cid":"rq5cace2z7vcmfdh","_ip":"127.0.0.1","_limit":15,"facility":"wildduck","host":"Johns-MacBook-Pro-i9.local","timestamp":1758838929.912,"_component":"wildduck"}
info IMAP [rq5cace2z7vcmfdh] 0x1a2b3c4d5e6f789012345678901234567890abcd authenticated using LOGIN
sill IMAP [rq5cace2z7vcmfdh] New journal listener for 68d5c090abe11a527cea4d59 (0x1a2b3c4d5e6f789012345678901234567890abcd)
sill IMAP [rq5cace2z7vcmfdh] S: * CAPABILITY IMAP4rev1 APPENDLIMIT=26214400 CHILDREN CONDSTORE ENABLE ID IDLE MOVE NAMESPACE QUOTA SPECIAL-USE UIDPLUS UNSELECT UTF8=ACCEPT XLIST
sill IMAP [rq5cace2z7vcmfdh] S: T1 OK 0x1a2b3c4d5e6f789012345678901234567890abcd authenticated
sill IMAP [rq5cace2z7vcmfdh] C: T2 LIST "" "[Gmail]/%"
sill IMAP [rq5cace2z7vcmfdh] LIST for "[Gmail]/%"
sill IMAP [rq5cace2z7vcmfdh] S: * LIST (\HasNoChildren \Sent) "/" "[Gmail]/Sent Mail"
sill IMAP [rq5cace2z7vcmfdh] S: T2 OK LIST completed
sill IMAP [rq5cace2z7vcmfdh] C: T3 LOGOUT
sill IMAP [rq5cace2z7vcmfdh] Removed journal listener from 68d5c090abe11a527cea4d59 (0x1a2b3c4d5e6f789012345678901234567890abcd)
sill IMAP [rq5cace2z7vcmfdh] S: * BYE Logout requested
sill IMAP [rq5cace2z7vcmfdh] S: T3 OK Not bad for a duck from outer space.
      ✔ should list second level mailboxes (474ms)
info Gelf {"short_message":"WILDDUCK [CONNRELEASE] Connection released for 68d5c090abe11a527cea4d59","_connection":"release","_service":"imap","_sess":"rq5cace2z7vcmfdh","_user":"68d5c090abe11a527cea4d59","_cid":"rq5cace2z7vcmfdh","_ip":"127.0.0.1","facility":"wildduck","host":"Johns-MacBook-Pro-i9.local","timestamp":1758838930.14,"_component":"wildduck"}
info IMAP [rq5cace2z7vcmfdh] Connection closed to [127.0.0.1]
    LSUB
verb Tasks Found task for processing id=68d5c05fabe11a527cea4c29
verb Tasks type=user-delete id=68d5c05fabe11a527cea4c29 data={"user":"68d5c05dabe11a527cea4c0d"}
verb Tasks task=user-delete id=68d5c05fabe11a527cea4c29 user=68d5c05dabe11a527cea4c0d message=Deleted 3 addresses from registry
verb Tasks task=user-delete id=68d5c05fabe11a527cea4c29 user=68d5c05dabe11a527cea4c0d message=Marked 6 messages for deletion
verb Tasks task=user-delete id=68d5c05fabe11a527cea4c29 user=68d5c05dabe11a527cea4c0d message=Marked total of 6 messages for deletion
verb Tasks task=user-delete id=68d5c05fabe11a527cea4c29 user=68d5c05dabe11a527cea4c0d message=Cleared user specific data
info Tasks Released task id=68d5c05fabe11a527cea4c29 lock=0d95beaff9c68fb7f39fa537
info Gelf {"short_message":"WILDDUCK HTTP [GET /users] OK","_remote_ip":"127.0.0.1","_http_route":"/users","_http_method":"GET","_user":"root","_role":"root","_api_response":"success","_size":723,"facility":"wildduck","host":"Johns-MacBook-Pro-i9.local","timestamp":1758838930.81,"_component":"wildduck"}
http API 127.0.0.1 root [-/-] GET /users 200 4ms
info Gelf {"short_message":"WILDDUCK HTTP [GET /users] OK","_remote_ip":"127.0.0.1","_http_route":"/users","_http_method":"GET","_user":"root","_role":"root","_api_response":"success","_size":780,"_req_query":"0x1a2b3c4d5e6f789012345678901234567890abcd","facility":"wildduck","host":"Johns-MacBook-Pro-i9.local","timestamp":1758838930.874,"_component":"wildduck"}
http API 127.0.0.1 root [-/-] GET /users?query=0x1a2b3c4d5e6f789012345678901234567890abcd 200 41ms
verb Tasks Created task id=68d5c092abe11a527cea4d76
info Gelf {"short_message":"WILDDUCK HTTP [DELETE /users/:user] OK","_remote_ip":"127.0.0.1","_http_route":"/users/:user","_http_method":"DELETE","_user":"root","_role":"root","_api_response":"success","_code":"TaskScheduled","_size":209,"_req_user":"68d5c090abe11a527cea4d59","facility":"wildduck","host":"Johns-MacBook-Pro-i9.local","timestamp":1758838930.921,"_component":"wildduck"}
http API 127.0.0.1 root [-/-] DELETE /users/68d5c090abe11a527cea4d59 200 8ms
verb Tasks Found task for processing id=68d5c063abe11a527cea4c47
verb Tasks type=user-delete id=68d5c063abe11a527cea4c47 data={"user":"68d5c061abe11a527cea4c2b"}
verb Tasks task=user-delete id=68d5c063abe11a527cea4c47 user=68d5c061abe11a527cea4c2b message=Deleted 3 addresses from registry
verb Tasks task=user-delete id=68d5c063abe11a527cea4c47 user=68d5c061abe11a527cea4c2b message=Marked 6 messages for deletion
verb Tasks task=user-delete id=68d5c063abe11a527cea4c47 user=68d5c061abe11a527cea4c2b message=Marked total of 6 messages for deletion
verb Tasks task=user-delete id=68d5c063abe11a527cea4c47 user=68d5c061abe11a527cea4c2b message=Cleared user specific data
info Tasks Released task id=68d5c063abe11a527cea4c47 lock=73d8a3fb4f524b233c8b368f
info Gelf {"short_message":"WILDDUCK HTTP [POST /authenticate] OK","_remote_ip":"127.0.0.1","_http_route":"/authenticate","_http_method":"POST","_user":"root","_role":"root","_api_response":"success","_size":334,"_req_username":"0x1a2b3c4d5e6f789012345678901234567890abcd","_req_password":"***","_req_token":"true","_res_id":"68d5c095abe11a527cea4d79","facility":"wildduck","host":"Johns-MacBook-Pro-i9.local","timestamp":1758838933.558,"_component":"wildduck"}
http API 127.0.0.1 root [-/-] POST /authenticate 200 149ms
info Gelf {"short_message":"WILDDUCK HTTP [GET /users] OK","_remote_ip":"127.0.0.1","_http_route":"/users","_http_method":"GET","_user":"root","_role":"root","_api_response":"success","_size":776,"_req_query":"0x1a2b3c4d5e6f789012345678901234567890abcd","facility":"wildduck","host":"Johns-MacBook-Pro-i9.local","timestamp":1758838933.61,"_component":"wildduck"}
http API 127.0.0.1 root [-/-] GET /users?query=0x1a2b3c4d5e6f789012345678901234567890abcd 200 19ms
info Gelf {"short_message":"WILDDUCK HTTP [GET /users/:user/mailboxes] OK","_remote_ip":"127.0.0.1","_http_route":"/users/:user/mailboxes","_http_method":"GET","_user":"root","_role":"root","_api_response":"success","_size":1275,"_req_user":"68d5c095abe11a527cea4d79","facility":"wildduck","host":"Johns-MacBook-Pro-i9.local","timestamp":1758838933.658,"_component":"wildduck"}
http API
127.0.0.1 root [-/-] GET /users/68d5c095abe11a527cea4d79/mailboxes 200 15ms
info Gelf {"short_message":"WILDDUCK HTTP [PUT /users/:user/mailboxes/:mailbox] OK","_remote_ip":"127.0.0.1","_http_route":"/users/:user/mailboxes/:mailbox","_http_method":"PUT","_user":"root","_role":"root","_api_response":"success","_size":22,"_req_user":"68d5c095abe11a527cea4d79","_req_mailbox":"68d5c095abe11a527cea4d7b","_req_path":"[Gmail]/Sent Mail","facility":"wildduck","host":"Johns-MacBook-Pro-i9.local","timestamp":1758838933.72,"_component":"wildduck"}
http API 127.0.0.1 root [-/-] PUT /users/68d5c095abe11a527cea4d79/mailboxes/68d5c095abe11a527cea4d7b 200 6ms
info Gelf {"short_message":"WILDDUCK HTTP [GET /users/:user/mailboxes] OK","_remote_ip":"127.0.0.1","_http_route":"/users/:user/mailboxes","_http_method":"GET","_user":"root","_role":"root","_api_response":"success","_size":1283,"_req_user":"68d5c095abe11a527cea4d79","facility":"wildduck","host":"Johns-MacBook-Pro-i9.local","timestamp":1758838933.758,"_component":"wildduck"}
http API
127.0.0.1 root [-/-] GET /users/68d5c095abe11a527cea4d79/mailboxes 200 16ms
info Gelf {"short_message":"WILDDUCK [QUOTA] +","_mail_action":"quota","_user":"68d5c095abe11a527cea4d79","_inc":256,"_storage_used":256,"_mailbox":"68d5c095abe11a527cea4d7a","facility":"wildduck","host":"Johns-MacBook-Pro-i9.local","timestamp":1758838933.935,"_component":"wildduck"}
info
Gelf {"short_message":"WILDDUCK HTTP [POST /users/:user/mailboxes/:mailbox/messages] OK","_remote_ip":"127.0.0.1","_http_route":"/users/:user/mailboxes/:mailbox/messages","_http_method":"POST","_user":"root","_role":"root","_api_response":"success","_size":114,"_req_user":"68d5c095abe11a527cea4d79","_req_mailbox":"68d5c095abe11a527cea4d7a","_req_date":"14-Sep-2013 21:22:28 -0300","_req_unseen":"true","_req_raw":"<Buffer 66 72 6f 6d 3a 20 30 78 62 30 36 63 64 65 66 61 31 61 32 62 33 63 34 64 35 65 36 66 37 38 39 30 31 32 33 34 35 36 37 38 …","facility":"wildduck","host":"Johns-MacBook-Pro-i9.local","timestamp":1758838933.941,"_component":"wildduck"}
http API 127.0.0.1 root [-/-] POST /users/68d5c095abe11a527cea4d79/mailboxes/68d5c095abe11a527cea4d7a/messages?date=14-Sep-2013%2021%3A22%3A28%20-0300&unseen=true 200 12ms
info Gelf {"short_message":"WILDDUCK [QUOTA] +","_mail_action":"quota","_user":"68d5c095abe11a527cea4d79","_inc":21927,"_storage_used":22183,"_mailbox":"68d5c095abe11a527cea4d7a","facility":"wildduck","host":"Johns-MacBook-Pro-i9.local","timestamp":1758838933.993,"_component":"wildduck"}
info Gelf {"short_message":"WILDDUCK HTTP [POST /users/:user/mailboxes/:mailbox/messages] OK","_remote_ip":"127.0.0.1","_http_route":"/users/:user/mailboxes/:mailbox/messages","_http_method":"POST","_user":"root","_role":"root","_api_response":"success","_size":116,"_req_user":"68d5c095abe11a527cea4d79","_req_mailbox":"68d5c095abe11a527cea4d7a","_req_unseen":"false","_req_raw":"<Buffer 53 75 62 6a 65 63 74 3a 20 52 79 61 6e 20 46 69 6e 6e 69 65 27 73 20 4d 49 4d 45 20 54 6f 72 74 75 72 65 20 54 65 73 74 …","facility":"wildduck","host":"Johns-MacBook-Pro-i9.local","timestamp":1758838934.014,"_component":"wildduck"}
http API 127.0.0.1 root [-/-] POST /users/68d5c095abe11a527cea4d79/mailboxes/68d5c095abe11a527cea4d7a/messages?unseen=false 200 51ms
info Gelf {"short_message":"WILDDUCK [QUOTA] +","_mail_action":"quota","_user":"68d5c095abe11a527cea4d79","_inc":1044,"_storage_used":23227,"_mailbox":"68d5c095abe11a527cea4d7a","facility":"wildduck","host":"Johns-MacBook-Pro-i9.local","timestamp":1758838934.061,"_component":"wildduck"}
info Gelf {"short_message":"WILDDUCK HTTP [POST /users/:user/mailboxes/:mailbox/messages] OK","_remote_ip":"127.0.0.1","_http_route":"/users/:user/mailboxes/:mailbox/messages","_http_method":"POST","_user":"root","_role":"root","_api_response":"success","_size":115,"_req_user":"68d5c095abe11a527cea4d79","_req_mailbox":"68d5c095abe11a527cea4d7a","_req_unseen":"false","_req_raw":"<Buffer 4d 49 4d 45 2d 56 65 72 73 69 6f 6e 3a 20 31 2e 30 0d 0a 46 72 6f 6d 3a 20 30 78 36 62 31 37 65 66 61 62 31 61 32 62 33 …","facility":"wildduck","host":"Johns-MacBook-Pro-i9.local","timestamp":1758838934.067,"_component":"wildduck"}
http API 127.0.0.1 root [-/-] POST /users/68d5c095abe11a527cea4d79/mailboxes/68d5c095abe11a527cea4d7a/messages?unseen=false 200 29ms
info Gelf {"short_message":"WILDDUCK [QUOTA] +","_mail_action":"quota","_user":"68d5c095abe11a527cea4d79","_inc":264,"_storage_used":23491,"_mailbox":"68d5c095abe11a527cea4d7a","facility":"wildduck","host":"Johns-MacBook-Pro-i9.local","timestamp":1758838934.11,"_component":"wildduck"}
info Gelf {"short_message":"WILDDUCK HTTP [POST /users/:user/mailboxes/:mailbox/messages] OK","_remote_ip":"127.0.0.1","_http_route":"/users/:user/mailboxes/:mailbox/messages","_http_method":"POST","_user":"root","_role":"root","_api_response":"success","_size":114,"_req_user":"68d5c095abe11a527cea4d79","_req_mailbox":"68d5c095abe11a527cea4d7a","_req_unseen":"true","_req_raw":"<Buffer 66 72 6f 6d 3a 20 30 78 62 30 36 63 64 65 66 61 31 61 32 62 33 63 34 64 35 65 36 66 37 38 39 30 31 32 33 34 35 36 37 38 …","facility":"wildduck","host":"Johns-MacBook-Pro-i9.local","timestamp":1758838934.116,"_component":"wildduck"}
http API
127.0.0.1 root [-/-] POST /users/68d5c095abe11a527cea4d79/mailboxes/68d5c095abe11a527cea4d7a/messages?unseen=true 200 25ms
info Gelf {"short_message":"WILDDUCK [QUOTA] +","_mail_action":"quota","_user":"68d5c095abe11a527cea4d79","_inc":178,"_storage_used":23669,"_mailbox":"68d5c095abe11a527cea4d7a","facility":"wildduck","host":"Johns-MacBook-Pro-i9.local","timestamp":1758838934.157,"_component":"wildduck"}
info Gelf {"short_message":"WILDDUCK HTTP [POST /users/:user/mailboxes/:mailbox/messages] OK","_remote_ip":"127.0.0.1","_http_route":"/users/:user/mailboxes/:mailbox/messages","_http_method":"POST","_user":"root","_role":"root","_api_response":"success","_size":114,"_req_user":"68d5c095abe11a527cea4d79","_req_mailbox":"68d5c095abe11a527cea4d7a","_req_unseen":"true","_req_raw":"<Buffer 66 72 6f 6d 3a 20 30 78 62 30 36 63 64 65 66 61 31 61 32 62 33 63 34 64 35 65 36 66 37 38 39 30 31 32 33 34 35 36 37 38 …","facility":"wildduck","host":"Johns-MacBook-Pro-i9.local","timestamp":1758838934.164,"_component":"wildduck"}
http API 127.0.0.1 root [-/-] POST /users/68d5c095abe11a527cea4d79/mailboxes/68d5c095abe11a527cea4d7a/messages?unseen=true 200 24ms
info Gelf {"short_message":"WILDDUCK [QUOTA] +","_mail_action":"quota","_user":"68d5c095abe11a527cea4d79","_inc":178,"_storage_used":23847,"_mailbox":"68d5c095abe11a527cea4d7a","facility":"wildduck","host":"Johns-MacBook-Pro-i9.local","timestamp":1758838934.192,"_component":"wildduck"}
info Gelf {"short_message":"WILDDUCK HTTP [POST /users/:user/mailboxes/:mailbox/messages] OK","_remote_ip":"127.0.0.1","_http_route":"/users/:user/mailboxes/:mailbox/messages","_http_method":"POST","_user":"root","_role":"root","_api_response":"success","_size":114,"_req_user":"68d5c095abe11a527cea4d79","_req_mailbox":"68d5c095abe11a527cea4d7a","_req_unseen":"true","_req_raw":"<Buffer 66 72 6f 6d 3a 20 30 78 62 30 36 63 64 65 66 61 31 61 32 62 33 63 34 64 35 65 36 66 37 38 39 30 31 32 33 34 35 36 37 38 …","facility":"wildduck","host":"Johns-MacBook-Pro-i9.local","timestamp":1758838934.212,"_component":"wildduck"}
http API 127.0.0.1 root [-/-] POST /users/68d5c095abe11a527cea4d79/mailboxes/68d5c095abe11a527cea4d7a/messages?unseen=true 200 25ms
verb Tasks Found task for processing id=68d5c068abe11a527cea4c65
verb
Tasks type=user-delete id=68d5c068abe11a527cea4c65 data={"user":"68d5c066abe11a527cea4c49"}
verb Tasks task=user-delete id=68d5c068abe11a527cea4c65 user=68d5c066abe11a527cea4c49 message=Deleted 3 addresses from registry
verb Tasks task=user-delete id=68d5c068abe11a527cea4c65 user=68d5c066abe11a527cea4c49 message=Marked 6 messages for deletion
verb Tasks task=user-delete id=68d5c068abe11a527cea4c65 user=68d5c066abe11a527cea4c49 message=Marked total of 6 messages for deletion
verb Tasks task=user-delete id=68d5c068abe11a527cea4c65 user=68d5c066abe11a527cea4c49 message=Cleared user specific data
info Tasks Released task id=68d5c068abe11a527cea4c65 lock=5c18b27b063ccef3a5f97b72
info IMAP [ik6ztbqy2w55nxl3] Secure connection from [127.0.0.1] to Johns-MacBook-Pro-i9.local 127.0.0.1:9993
sill IMAP [ik6ztbqy2w55nxl3] S: * OK WildDuck IMAP Server ready for requests from 127.0.0.1 ik6ztbqy2w55nxl3
sill IMAP [ik6ztbqy2w55nxl3] C: T1 LOGIN "(* value hidden *)" "(* value hidden *)"
info Gelf {"short_message":"WILDDUCK [AUTHOK] 0x1a2b3c4d5e6f789012345678901234567890abcd","_mail_action":"auth","_auth_result":"success","_username":"0x1a2b3c4d5e6f789012345678901234567890abcd","_domain":"johns-macbook-pro-i9.local","_user":"68d5c095abe11a527cea4d79","_password_type":"master","_scope":"imap","_ip":"127.0.0.1","_sess":"ik6ztbqy2w55nxl3","facility":"wildduck","host":"Johns-MacBook-Pro-i9.local","timestamp":1758838934.866,"_component":"wildduck"}
info Gelf {"short_message":"WILDDUCK [CONNSTART] Connection established for 68d5c095abe11a527cea4d79","_connection":"establish","_service":"imap","_sess":"ik6ztbqy2w55nxl3","_user":"68d5c095abe11a527cea4d79","_cid":"ik6ztbqy2w55nxl3","_ip":"127.0.0.1","_limit":15,"facility":"wildduck","host":"Johns-MacBook-Pro-i9.local","timestamp":1758838934.868,"_component":"wildduck"}
info IMAP [ik6ztbqy2w55nxl3] 0x1a2b3c4d5e6f789012345678901234567890abcd authenticated using LOGIN
sill IMAP [ik6ztbqy2w55nxl3] New journal listener for 68d5c095abe11a527cea4d79 (0x1a2b3c4d5e6f789012345678901234567890abcd)
sill IMAP [ik6ztbqy2w55nxl3] S: * CAPABILITY IMAP4rev1 APPENDLIMIT=26214400 CHILDREN CONDSTORE ENABLE ID IDLE MOVE NAMESPACE QUOTA SPECIAL-USE UIDPLUS UNSELECT UTF8=ACCEPT XLIST
sill IMAP [ik6ztbqy2w55nxl3] S: T1 OK 0x1a2b3c4d5e6f789012345678901234567890abcd authenticated
sill IMAP [ik6ztbqy2w55nxl3] C: T2 LSUB "" "*"
sill IMAP [ik6ztbqy2w55nxl3] LSUB for "*"
sill IMAP [ik6ztbqy2w55nxl3] S: * LSUB (\HasNoChildren) "/" "INBOX"
sill IMAP [ik6ztbqy2w55nxl3] S: * LSUB (\HasNoChildren) "/" "[Gmail]/Sent Mail"
sill IMAP [ik6ztbqy2w55nxl3] S: * LSUB (\HasNoChildren) "/" "Drafts"
sill IMAP [ik6ztbqy2w55nxl3] S: * LSUB (\HasNoChildren) "/" "Junk"
sill IMAP [ik6ztbqy2w55nxl3] S: * LSUB (\HasNoChildren) "/" "Trash"
sill IMAP [ik6ztbqy2w55nxl3] S: T2 OK LSUB completed
sill IMAP [ik6ztbqy2w55nxl3] C: T3 LOGOUT
sill IMAP [ik6ztbqy2w55nxl3] Removed journal listener from 68d5c095abe11a527cea4d79 (0x1a2b3c4d5e6f789012345678901234567890abcd)
sill IMAP [ik6ztbqy2w55nxl3] S: * BYE Logout requested
sill IMAP [ik6ztbqy2w55nxl3] S: T3 OK Oh, my Glob, you guys, drama bomb!
      ✔ should list all mailboxes (442ms)
info Gelf {"short_message":"WILDDUCK [CONNRELEASE] Connection released for 68d5c095abe11a527cea4d79","_connection":"release","_service":"imap","_sess":"ik6ztbqy2w55nxl3","_user":"68d5c095abe11a527cea4d79","_cid":"ik6ztbqy2w55nxl3","_ip":"127.0.0.1","facility":"wildduck","host":"Johns-MacBook-Pro-i9.local","timestamp":1758838935.075,"_component":"wildduck"}
info IMAP [ik6ztbqy2w55nxl3] Connection closed to [127.0.0.1]
info Gelf {"short_message":"WILDDUCK HTTP [GET /users] OK","_remote_ip":"127.0.0.1","_http_route":"/users","_http_method":"GET","_user":"root","_role":"root","_api_response":"success","_size":723,"facility":"wildduck","host":"Johns-MacBook-Pro-i9.local","timestamp":1758838935.76,"_component":"wildduck"}
http API 127.0.0.1 root [-/-] GET /users 200 13ms
info Gelf {"short_message":"WILDDUCK HTTP [GET /users] OK","_remote_ip":"127.0.0.1","_http_route":"/users","_http_method":"GET","_user":"root","_role":"root","_api_response":"success","_size":780,"_req_query":"0x1a2b3c4d5e6f789012345678901234567890abcd","facility":"wildduck","host":"Johns-MacBook-Pro-i9.local","timestamp":1758838935.789,"_component":"wildduck"}
http API
127.0.0.1 root [-/-] GET /users?query=0x1a2b3c4d5e6f789012345678901234567890abcd 200 5ms
verb Tasks Created task id=68d5c097abe11a527cea4d96
info Gelf {"short_message":"WILDDUCK HTTP [DELETE /users/:user] OK","_remote_ip":"127.0.0.1","_http_route":"/users/:user","_http_method":"DELETE","_user":"root","_role":"root","_api_response":"success","_code":"TaskScheduled","_size":209,"_req_user":"68d5c095abe11a527cea4d79","facility":"wildduck","host":"Johns-MacBook-Pro-i9.local","timestamp":1758838935.832,"_component":"wildduck"}
http API 127.0.0.1 root [-/-] DELETE /users/68d5c095abe11a527cea4d79 200 9ms
verb Tasks Found task for processing id=68d5c06dabe11a527cea4c83
verb Tasks type=user-delete id=68d5c06dabe11a527cea4c83 data={"user":"68d5c06aabe11a527cea4c67"}
verb Tasks task=user-delete id=68d5c06dabe11a527cea4c83 user=68d5c06aabe11a527cea4c67 message=Deleted 3 addresses from registry
verb Tasks task=user-delete id=68d5c06dabe11a527cea4c83 user=68d5c06aabe11a527cea4c67 message=Marked 6 messages for deletion
verb Tasks task=user-delete id=68d5c06dabe11a527cea4c83 user=68d5c06aabe11a527cea4c67 message=Marked total of 6 messages for deletion
verb Tasks task=user-delete id=68d5c06dabe11a527cea4c83 user=68d5c06aabe11a527cea4c67 message=Cleared user specific data
info Tasks Released task id=68d5c06dabe11a527cea4c83 lock=8e9ce228cd1cd369dbd79042
info Gelf {"short_message":"WILDDUCK HTTP [POST /authenticate] OK","_remote_ip":"127.0.0.1","_http_route":"/authenticate","_http_method":"POST","_user":"root","_role":"root","_api_response":"success","_size":334,"_req_username":"0x1a2b3c4d5e6f789012345678901234567890abcd","_req_password":"***","_req_token":"true","_res_id":"68d5c09aabe11a527cea4d99","facility":"wildduck","host":"Johns-MacBook-Pro-i9.local","timestamp":1758838938.465,"_component":"wildduck"}
http API 127.0.0.1 root [-/-] POST /authenticate 200 167ms
info Gelf {"short_message":"WILDDUCK HTTP [GET /users] OK","_remote_ip":"127.0.0.1","_http_route":"/users","_http_method":"GET","_user":"root","_role":"root","_api_response":"success","_size":776,"_req_query":"0x1a2b3c4d5e6f789012345678901234567890abcd","facility":"wildduck","host":"Johns-MacBook-Pro-i9.local","timestamp":1758838938.51,"_component":"wildduck"}
http API
127.0.0.1 root [-/-] GET /users?query=0x1a2b3c4d5e6f789012345678901234567890abcd 200 8ms
verb Tasks Found task for processing id=68d5c071abe11a527cea4ca1
verb Tasks type=user-delete id=68d5c071abe11a527cea4ca1 data={"user":"68d5c06fabe11a527cea4c85"}
verb Tasks task=user-delete id=68d5c071abe11a527cea4ca1 user=68d5c06fabe11a527cea4c85 message=Deleted 3 addresses from registry
info Gelf {"short_message":"WILDDUCK HTTP [GET /users/:user/mailboxes] OK","_remote_ip":"127.0.0.1","_http_route":"/users/:user/mailboxes","_http_method":"GET","_user":"root","_role":"root","_api_response":"success","_size":1275,"_req_user":"68d5c09aabe11a527cea4d99","facility":"wildduck","host":"Johns-MacBook-Pro-i9.local","timestamp":1758838938.559,"_component":"wildduck"}
http API 127.0.0.1 root [-/-] GET /users/68d5c09aabe11a527cea4d99/mailboxes 200 13ms
verb Tasks task=user-delete id=68d5c071abe11a527cea4ca1 user=68d5c06fabe11a527cea4c85 message=Marked 6 messages for deletion
verb Tasks task=user-delete id=68d5c071abe11a527cea4ca1 user=68d5c06fabe11a527cea4c85 message=Marked total of 6 messages for deletion
verb Tasks task=user-delete id=68d5c071abe11a527cea4ca1 user=68d5c06fabe11a527cea4c85 message=Cleared user specific data
info Tasks Released task id=68d5c071abe11a527cea4ca1 lock=c0fae6c729b64cfe46a986c9
info Gelf {"short_message":"WILDDUCK HTTP [PUT /users/:user/mailboxes/:mailbox] OK","_remote_ip":"127.0.0.1","_http_route":"/users/:user/mailboxes/:mailbox","_http_method":"PUT","_user":"root","_role":"root","_api_response":"success","_size":22,"_req_user":"68d5c09aabe11a527cea4d99","_req_mailbox":"68d5c09aabe11a527cea4d9b","_req_path":"[Gmail]/Sent Mail","facility":"wildduck","host":"Johns-MacBook-Pro-i9.local","timestamp":1758838938.621,"_component":"wildduck"}
http API
127.0.0.1 root [-/-] PUT /users/68d5c09aabe11a527cea4d99/mailboxes/68d5c09aabe11a527cea4d9b 200 6ms
info Gelf {"short_message":"WILDDUCK HTTP [GET /users/:user/mailboxes] OK","_remote_ip":"127.0.0.1","_http_route":"/users/:user/mailboxes","_http_method":"GET","_user":"root","_role":"root","_api_response":"success","_size":1283,"_req_user":"68d5c09aabe11a527cea4d99","facility":"wildduck","host":"Johns-MacBook-Pro-i9.local","timestamp":1758838938.658,"_component":"wildduck"}
http API
127.0.0.1 root [-/-] GET /users/68d5c09aabe11a527cea4d99/mailboxes 200 14ms
info Gelf {"short_message":"WILDDUCK [QUOTA] +","_mail_action":"quota","_user":"68d5c09aabe11a527cea4d99","_inc":256,"_storage_used":256,"_mailbox":"68d5c09aabe11a527cea4d9a","facility":"wildduck","host":"Johns-MacBook-Pro-i9.local","timestamp":1758838938.836,"_component":"wildduck"}
info Gelf {"short_message":"WILDDUCK HTTP [POST /users/:user/mailboxes/:mailbox/messages] OK","_remote_ip":"127.0.0.1","_http_route":"/users/:user/mailboxes/:mailbox/messages","_http_method":"POST","_user":"root","_role":"root","_api_response":"success","_size":114,"_req_user":"68d5c09aabe11a527cea4d99","_req_mailbox":"68d5c09aabe11a527cea4d9a","_req_date":"14-Sep-2013 21:22:28 -0300","_req_unseen":"true","_req_raw":"<Buffer 66 72 6f 6d 3a 20 30 78 62 30 36 63 64 65 66 61 31 61 32 62 33 63 34 64 35 65 36 66 37 38 39 30 31 32 33 34 35 36 37 38 …","facility":"wildduck","host":"Johns-MacBook-Pro-i9.local","timestamp":1758838938.843,"_component":"wildduck"}
http API
127.0.0.1 root [-/-] POST /users/68d5c09aabe11a527cea4d99/mailboxes/68d5c09aabe11a527cea4d9a/messages?date=14-Sep-2013%2021%3A22%3A28%20-0300&unseen=true 200 12ms
info Gelf {"short_message":"WILDDUCK [QUOTA] +","_mail_action":"quota","_user":"68d5c09aabe11a527cea4d99","_inc":21927,"_storage_used":22183,"_mailbox":"68d5c09aabe11a527cea4d9a","facility":"wildduck","host":"Johns-MacBook-Pro-i9.local","timestamp":1758838938.914,"_component":"wildduck"}
info Gelf {"short_message":"WILDDUCK HTTP [POST /users/:user/mailboxes/:mailbox/messages] OK","_remote_ip":"127.0.0.1","_http_route":"/users/:user/mailboxes/:mailbox/messages","_http_method":"POST","_user":"root","_role":"root","_api_response":"success","_size":116,"_req_user":"68d5c09aabe11a527cea4d99","_req_mailbox":"68d5c09aabe11a527cea4d9a","_req_unseen":"false","_req_raw":"<Buffer 53 75 62 6a 65 63 74 3a 20 52 79 61 6e 20 46 69 6e 6e 69 65 27 73 20 4d 49 4d 45 20 54 6f 72 74 75 72 65 20 54 65 73 74 …","facility":"wildduck","host":"Johns-MacBook-Pro-i9.local","timestamp":1758838938.923,"_component":"wildduck"}
http API 127.0.0.1 root [-/-] POST /users/68d5c09aabe11a527cea4d99/mailboxes/68d5c09aabe11a527cea4d9a/messages?unseen=false 200 58ms
info Gelf {"short_message":"WILDDUCK [QUOTA] +","_mail_action":"quota","_user":"68d5c09aabe11a527cea4d99","_inc":1044,"_storage_used":23227,"_mailbox":"68d5c09aabe11a527cea4d9a","facility":"wildduck","host":"Johns-MacBook-Pro-i9.local","timestamp":1758838938.964,"_component":"wildduck"}
info Gelf {"short_message":"WILDDUCK HTTP [POST /users/:user/mailboxes/:mailbox/messages] OK","_remote_ip":"127.0.0.1","_http_route":"/users/:user/mailboxes/:mailbox/messages","_http_method":"POST","_user":"root","_role":"root","_api_response":"success","_size":115,"_req_user":"68d5c09aabe11a527cea4d99","_req_mailbox":"68d5c09aabe11a527cea4d9a","_req_unseen":"false","_req_raw":"<Buffer 4d 49 4d 45 2d 56 65 72 73 69 6f 6e 3a 20 31 2e 30 0d 0a 46 72 6f 6d 3a 20 30 78 36 62 31 37 65 66 61 62 31 61 32 62 33 …","facility":"wildduck","host":"Johns-MacBook-Pro-i9.local","timestamp":1758838938.97,"_component":"wildduck"}
http API 127.0.0.1 root [-/-] POST /users/68d5c09aabe11a527cea4d99/mailboxes/68d5c09aabe11a527cea4d9a/messages?unseen=false 200 25ms
info Gelf {"short_message":"WILDDUCK [QUOTA] +","_mail_action":"quota","_user":"68d5c09aabe11a527cea4d99","_inc":264,"_storage_used":23491,"_mailbox":"68d5c09aabe11a527cea4d9a","facility":"wildduck","host":"Johns-MacBook-Pro-i9.local","timestamp":1758838939.012,"_component":"wildduck"}
info Gelf {"short_message":"WILDDUCK HTTP [POST /users/:user/mailboxes/:mailbox/messages] OK","_remote_ip":"127.0.0.1","_http_route":"/users/:user/mailboxes/:mailbox/messages","_http_method":"POST","_user":"root","_role":"root","_api_response":"success","_size":114,"_req_user":"68d5c09aabe11a527cea4d99","_req_mailbox":"68d5c09aabe11a527cea4d9a","_req_unseen":"true","_req_raw":"<Buffer 66 72 6f 6d 3a 20 30 78 62 30 36 63 64 65 66 61 31 61 32 62 33 63 34 64 35 65 36 66 37 38 39 30 31 32 33 34 35 36 37 38 …","facility":"wildduck","host":"Johns-MacBook-Pro-i9.local","timestamp":1758838939.018,"_component":"wildduck"}
http API 127.0.0.1 root [-/-] POST /users/68d5c09aabe11a527cea4d99/mailboxes/68d5c09aabe11a527cea4d9a/messages?unseen=true 200 25ms
info Gelf {"short_message":"WILDDUCK [QUOTA] +","_mail_action":"quota","_user":"68d5c09aabe11a527cea4d99","_inc":178,"_storage_used":23669,"_mailbox":"68d5c09aabe11a527cea4d9a","facility":"wildduck","host":"Johns-MacBook-Pro-i9.local","timestamp":1758838939.06,"_component":"wildduck"}
info Gelf {"short_message":"WILDDUCK HTTP [POST /users/:user/mailboxes/:mailbox/messages] OK","_remote_ip":"127.0.0.1","_http_route":"/users/:user/mailboxes/:mailbox/messages","_http_method":"POST","_user":"root","_role":"root","_api_response":"success","_size":114,"_req_user":"68d5c09aabe11a527cea4d99","_req_mailbox":"68d5c09aabe11a527cea4d9a","_req_unseen":"true","_req_raw":"<Buffer 66 72 6f 6d 3a 20 30 78 62 30 36 63 64 65 66 61 31 61 32 62 33 63 34 64 35 65 36 66 37 38 39 30 31 32 33 34 35 36 37 38 …","facility":"wildduck","host":"Johns-MacBook-Pro-i9.local","timestamp":1758838939.067,"_component":"wildduck"}
http API
127.0.0.1 root [-/-] POST /users/68d5c09aabe11a527cea4d99/mailboxes/68d5c09aabe11a527cea4d9a/messages?unseen=true 200 25ms
info Gelf {"short_message":"WILDDUCK [QUOTA] +","_mail_action":"quota","_user":"68d5c09aabe11a527cea4d99","_inc":178,"_storage_used":23847,"_mailbox":"68d5c09aabe11a527cea4d9a","facility":"wildduck","host":"Johns-MacBook-Pro-i9.local","timestamp":1758838939.107,"_component":"wildduck"}
info Gelf {"short_message":"WILDDUCK HTTP [POST /users/:user/mailboxes/:mailbox/messages] OK","_remote_ip":"127.0.0.1","_http_route":"/users/:user/mailboxes/:mailbox/messages","_http_method":"POST","_user":"root","_role":"root","_api_response":"success","_size":114,"_req_user":"68d5c09aabe11a527cea4d99","_req_mailbox":"68d5c09aabe11a527cea4d9a","_req_unseen":"true","_req_raw":"<Buffer 66 72 6f 6d 3a 20 30 78 62 30 36 63 64 65 66 61 31 61 32 62 33 63 34 64 35 65 36 66 37 38 39 30 31 32 33 34 35 36 37 38 …","facility":"wildduck","host":"Johns-MacBook-Pro-i9.local","timestamp":1758838939.115,"_component":"wildduck"}
http
API 127.0.0.1 root [-/-] POST /users/68d5c09aabe11a527cea4d99/mailboxes/68d5c09aabe11a527cea4d9a/messages?unseen=true 200 26ms
info IMAP [gi7wqjawqkmfwcpk] Secure connection from [127.0.0.1] to Johns-MacBook-Pro-i9.local 127.0.0.1:9993
sill IMAP [gi7wqjawqkmfwcpk] S: * OK WildDuck IMAP Server ready for requests from 127.0.0.1 gi7wqjawqkmfwcpk
sill IMAP [gi7wqjawqkmfwcpk] C: T1 LOGIN "(* value hidden *)" "(* value hidden *)"
info Gelf {"short_message":"WILDDUCK [AUTHOK] 0x1a2b3c4d5e6f789012345678901234567890abcd","_mail_action":"auth","_auth_result":"success","_username":"0x1a2b3c4d5e6f789012345678901234567890abcd","_domain":"johns-macbook-pro-i9.local","_user":"68d5c09aabe11a527cea4d99","_password_type":"master","_scope":"imap","_ip":"127.0.0.1","_sess":"gi7wqjawqkmfwcpk","facility":"wildduck","host":"Johns-MacBook-Pro-i9.local","timestamp":1758838939.782,"_component":"wildduck"}
info Gelf {"short_message":"WILDDUCK [CONNSTART] Connection established for 68d5c09aabe11a527cea4d99","_connection":"establish","_service":"imap","_sess":"gi7wqjawqkmfwcpk","_user":"68d5c09aabe11a527cea4d99","_cid":"gi7wqjawqkmfwcpk","_ip":"127.0.0.1","_limit":15,"facility":"wildduck","host":"Johns-MacBook-Pro-i9.local","timestamp":1758838939.783,"_component":"wildduck"}
info IMAP [gi7wqjawqkmfwcpk] 0x1a2b3c4d5e6f789012345678901234567890abcd authenticated using LOGIN
sill IMAP
[gi7wqjawqkmfwcpk] New journal listener for 68d5c09aabe11a527cea4d99 (0x1a2b3c4d5e6f789012345678901234567890abcd)
sill IMAP [gi7wqjawqkmfwcpk] S: * CAPABILITY IMAP4rev1 APPENDLIMIT=26214400 CHILDREN CONDSTORE ENABLE ID IDLE MOVE NAMESPACE QUOTA SPECIAL-USE UIDPLUS UNSELECT UTF8=ACCEPT XLIST
sill IMAP [gi7wqjawqkmfwcpk] S: T1 OK 0x1a2b3c4d5e6f789012345678901234567890abcd authenticated
sill IMAP [gi7wqjawqkmfwcpk] C: T2 LSUB "" "%"
sill IMAP [gi7wqjawqkmfwcpk] LSUB for "%"
sill IMAP [gi7wqjawqkmfwcpk] S: * LSUB (\HasNoChildren) "/" "INBOX"
sill IMAP [gi7wqjawqkmfwcpk] S: * LSUB (\HasNoChildren) "/" "Drafts"
sill IMAP [gi7wqjawqkmfwcpk] S: * LSUB (\HasNoChildren) "/" "Junk"
sill IMAP [gi7wqjawqkmfwcpk] S: * LSUB (\HasNoChildren) "/" "Trash"
sill IMAP [gi7wqjawqkmfwcpk] S: T2 OK LSUB completed
sill IMAP [gi7wqjawqkmfwcpk] C: T3 LOGOUT
sill IMAP [gi7wqjawqkmfwcpk] Removed journal listener from 68d5c09aabe11a527cea4d99 (0x1a2b3c4d5e6f789012345678901234567890abcd)
sill IMAP [gi7wqjawqkmfwcpk] S: * BYE Logout requested
sill IMAP [gi7wqjawqkmfwcpk] S: T3 OK No more Mr. Nice Duck!
      ✔ should list first level mailboxes (454ms)
info Gelf {"short_message":"WILDDUCK [CONNRELEASE] Connection released for 68d5c09aabe11a527cea4d99","_connection":"release","_service":"imap","_sess":"gi7wqjawqkmfwcpk","_user":"68d5c09aabe11a527cea4d99","_cid":"gi7wqjawqkmfwcpk","_ip":"127.0.0.1","facility":"wildduck","host":"Johns-MacBook-Pro-i9.local","timestamp":1758838939.989,"_component":"wildduck"}
info IMAP [gi7wqjawqkmfwcpk] Connection closed to [127.0.0.1]
verb Tasks Found task for processing id=68d5c076abe11a527cea4cbf
verb Tasks type=user-delete id=68d5c076abe11a527cea4cbf data={"user":"68d5c074abe11a527cea4ca3"}
verb Tasks task=user-delete id=68d5c076abe11a527cea4cbf user=68d5c074abe11a527cea4ca3 message=Deleted 3 addresses from registry
verb Tasks task=user-delete id=68d5c076abe11a527cea4cbf user=68d5c074abe11a527cea4ca3 message=Marked 6 messages for deletion
verb Tasks task=user-delete id=68d5c076abe11a527cea4cbf user=68d5c074abe11a527cea4ca3 message=Marked total of 6 messages for deletion
verb Tasks task=user-delete id=68d5c076abe11a527cea4cbf user=68d5c074abe11a527cea4ca3 message=Cleared user specific data
info Tasks Released task id=68d5c076abe11a527cea4cbf lock=fd016087bc805ece934e0ece
info Gelf {"short_message":"WILDDUCK HTTP [GET /users] OK","_remote_ip":"127.0.0.1","_http_route":"/users","_http_method":"GET","_user":"root","_role":"root","_api_response":"success","_size":723,"facility":"wildduck","host":"Johns-MacBook-Pro-i9.local","timestamp":1758838940.66,"_component":"wildduck"}
http API 127.0.0.1 root [-/-] GET /users 200 13ms
info Gelf {"short_message":"WILDDUCK HTTP [GET /users] OK","_remote_ip":"127.0.0.1","_http_route":"/users","_http_method":"GET","_user":"root","_role":"root","_api_response":"success","_size":780,"_req_query":"0x1a2b3c4d5e6f789012345678901234567890abcd","facility":"wildduck","host":"Johns-MacBook-Pro-i9.local","timestamp":1758838940.688,"_component":"wildduck"}
http API 127.0.0.1 root [-/-] GET /users?query=0x1a2b3c4d5e6f789012345678901234567890abcd 200 5ms
verb Tasks Created task id=68d5c09cabe11a527cea4db7
info Gelf {"short_message":"WILDDUCK HTTP [DELETE /users/:user] OK","_remote_ip":"127.0.0.1","_http_route":"/users/:user","_http_method":"DELETE","_user":"root","_role":"root","_api_response":"success","_code":"TaskScheduled","_size":209,"_req_user":"68d5c09aabe11a527cea4d99","facility":"wildduck","host":"Johns-MacBook-Pro-i9.local","timestamp":1758838940.732,"_component":"wildduck"}
http API 127.0.0.1 root [-/-] DELETE /users/68d5c09aabe11a527cea4d99 200 9ms
verb Tasks Found task for processing id=68d5c07aabe11a527cea4cdd
verb Tasks type=user-delete id=68d5c07aabe11a527cea4cdd data={"user":"68d5c078abe11a527cea4cc1"}
verb Tasks task=user-delete id=68d5c07aabe11a527cea4cdd user=68d5c078abe11a527cea4cc1 message=Deleted 3 addresses from registry
verb Tasks task=user-delete id=68d5c07aabe11a527cea4cdd user=68d5c078abe11a527cea4cc1 message=Marked 6 messages for deletion
verb Tasks task=user-delete id=68d5c07aabe11a527cea4cdd user=68d5c078abe11a527cea4cc1 message=Marked total of 6 messages for deletion
verb Tasks task=user-delete id=68d5c07aabe11a527cea4cdd user=68d5c078abe11a527cea4cc1 message=Cleared user specific data
info Tasks Released task id=68d5c07aabe11a527cea4cdd lock=e545da1f46c37d1158c9270c
info Gelf {"short_message":"WILDDUCK HTTP [POST /authenticate] OK","_remote_ip":"127.0.0.1","_http_route":"/authenticate","_http_method":"POST","_user":"root","_role":"root","_api_response":"success","_size":334,"_req_username":"0x1a2b3c4d5e6f789012345678901234567890abcd","_req_password":"***","_req_token":"true","_res_id":"68d5c09fabe11a527cea4dba","facility":"wildduck","host":"Johns-MacBook-Pro-i9.local","timestamp":1758838943.373,"_component":"wildduck"}
http API 127.0.0.1 root [-/-] POST /authenticate 200 134ms
info Gelf {"short_message":"WILDDUCK HTTP [GET /users] OK","_remote_ip":"127.0.0.1","_http_route":"/users","_http_method":"GET","_user":"root","_role":"root","_api_response":"success","_size":776,"_req_query":"0x1a2b3c4d5e6f789012345678901234567890abcd","facility":"wildduck","host":"Johns-MacBook-Pro-i9.local","timestamp":1758838943.415,"_component":"wildduck"}
http API 127.0.0.1 root [-/-] GET /users?query=0x1a2b3c4d5e6f789012345678901234567890abcd 200 4ms
info Gelf {"short_message":"WILDDUCK HTTP [GET /users/:user/mailboxes] OK","_remote_ip":"127.0.0.1","_http_route":"/users/:user/mailboxes","_http_method":"GET","_user":"root","_role":"root","_api_response":"success","_size":1275,"_req_user":"68d5c09fabe11a527cea4dba","facility":"wildduck","host":"Johns-MacBook-Pro-i9.local","timestamp":1758838943.459,"_component":"wildduck"}
http API 127.0.0.1 root [-/-] GET /users/68d5c09fabe11a527cea4dba/mailboxes 200 8ms
info Gelf {"short_message":"WILDDUCK HTTP [PUT /users/:user/mailboxes/:mailbox] OK","_remote_ip":"127.0.0.1","_http_route":"/users/:user/mailboxes/:mailbox","_http_method":"PUT","_user":"root","_role":"root","_api_response":"success","_size":22,"_req_user":"68d5c09fabe11a527cea4dba","_req_mailbox":"68d5c09fabe11a527cea4dbc","_req_path":"[Gmail]/Sent Mail","facility":"wildduck","host":"Johns-MacBook-Pro-i9.local","timestamp":1758838943.519,"_component":"wildduck"}
http API 127.0.0.1 root [-/-] PUT /users/68d5c09fabe11a527cea4dba/mailboxes/68d5c09fabe11a527cea4dbc 200 5ms
info Gelf {"short_message":"WILDDUCK HTTP [GET /users/:user/mailboxes] OK","_remote_ip":"127.0.0.1","_http_route":"/users/:user/mailboxes","_http_method":"GET","_user":"root","_role":"root","_api_response":"success","_size":1283,"_req_user":"68d5c09fabe11a527cea4dba","facility":"wildduck","host":"Johns-MacBook-Pro-i9.local","timestamp":1758838943.544,"_component":"wildduck"}
http API 127.0.0.1 root [-/-] GET /users/68d5c09fabe11a527cea4dba/mailboxes 200 3ms
info Gelf {"short_message":"WILDDUCK [QUOTA] +","_mail_action":"quota","_user":"68d5c09fabe11a527cea4dba","_inc":256,"_storage_used":256,"_mailbox":"68d5c09fabe11a527cea4dbb","facility":"wildduck","host":"Johns-MacBook-Pro-i9.local","timestamp":1758838943.741,"_component":"wildduck"}
info Gelf {"short_message":"WILDDUCK HTTP [POST /users/:user/mailboxes/:mailbox/messages] OK","_remote_ip":"127.0.0.1","_http_route":"/users/:user/mailboxes/:mailbox/messages","_http_method":"POST","_user":"root","_role":"root","_api_response":"success","_size":114,"_req_user":"68d5c09fabe11a527cea4dba","_req_mailbox":"68d5c09fabe11a527cea4dbb","_req_date":"14-Sep-2013 21:22:28 -0300","_req_unseen":"true","_req_raw":"<Buffer 66 72 6f 6d 3a 20 30 78 62 30 36 63 64 65 66 61 31 61 32 62 33 63 34 64 35 65 36 66 37 38 39 30 31 32 33 34 35 36 37 38 …","facility":"wildduck","host":"Johns-MacBook-Pro-i9.local","timestamp":1758838943.761,"_component":"wildduck"}
http API
127.0.0.1 root [-/-] POST /users/68d5c09fabe11a527cea4dba/mailboxes/68d5c09fabe11a527cea4dbb/messages?date=14-Sep-2013%2021%3A22%3A28%20-0300&unseen=true 200 26ms
info Gelf {"short_message":"WILDDUCK [QUOTA] +","_mail_action":"quota","_user":"68d5c09fabe11a527cea4dba","_inc":21927,"_storage_used":22183,"_mailbox":"68d5c09fabe11a527cea4dbb","facility":"wildduck","host":"Johns-MacBook-Pro-i9.local","timestamp":1758838943.826,"_component":"wildduck"}
info Gelf {"short_message":"WILDDUCK HTTP [POST /users/:user/mailboxes/:mailbox/messages] OK","_remote_ip":"127.0.0.1","_http_route":"/users/:user/mailboxes/:mailbox/messages","_http_method":"POST","_user":"root","_role":"root","_api_response":"success","_size":116,"_req_user":"68d5c09fabe11a527cea4dba","_req_mailbox":"68d5c09fabe11a527cea4dbb","_req_unseen":"false","_req_raw":"<Buffer 53 75 62 6a 65 63 74 3a 20 52 79 61 6e 20 46 69 6e 6e 69 65 27 73 20 4d 49 4d 45 20 54 6f 72 74 75 72 65 20 54 65 73 74 …","facility":"wildduck","host":"Johns-MacBook-Pro-i9.local","timestamp":1758838943.834,"_component":"wildduck"}
http API
127.0.0.1 root [-/-] POST /users/68d5c09fabe11a527cea4dba/mailboxes/68d5c09fabe11a527cea4dbb/messages?unseen=false 200 50ms
info Gelf {"short_message":"WILDDUCK [QUOTA] +","_mail_action":"quota","_user":"68d5c09fabe11a527cea4dba","_inc":1044,"_storage_used":23227,"_mailbox":"68d5c09fabe11a527cea4dbb","facility":"wildduck","host":"Johns-MacBook-Pro-i9.local","timestamp":1758838943.865,"_component":"wildduck"}
info Gelf {"short_message":"WILDDUCK HTTP [POST /users/:user/mailboxes/:mailbox/messages] OK","_remote_ip":"127.0.0.1","_http_route":"/users/:user/mailboxes/:mailbox/messages","_http_method":"POST","_user":"root","_role":"root","_api_response":"success","_size":115,"_req_user":"68d5c09fabe11a527cea4dba","_req_mailbox":"68d5c09fabe11a527cea4dbb","_req_unseen":"false","_req_raw":"<Buffer 4d 49 4d 45 2d 56 65 72 73 69 6f 6e 3a 20 31 2e 30 0d 0a 46 72 6f 6d 3a 20 30 78 36 62 31 37 65 66 61 62 31 61 32 62 33 …","facility":"wildduck","host":"Johns-MacBook-Pro-i9.local","timestamp":1758838943.872,"_component":"wildduck"}
http API 127.0.0.1 root [-/-] POST /users/68d5c09fabe11a527cea4dba/mailboxes/68d5c09fabe11a527cea4dbb/messages?unseen=false 200 15ms
info Gelf {"short_message":"WILDDUCK [QUOTA] +","_mail_action":"quota","_user":"68d5c09fabe11a527cea4dba","_inc":264,"_storage_used":23491,"_mailbox":"68d5c09fabe11a527cea4dbb","facility":"wildduck","host":"Johns-MacBook-Pro-i9.local","timestamp":1758838943.929,"_component":"wildduck"}
info Gelf {"short_message":"WILDDUCK HTTP [POST /users/:user/mailboxes/:mailbox/messages] OK","_remote_ip":"127.0.0.1","_http_route":"/users/:user/mailboxes/:mailbox/messages","_http_method":"POST","_user":"root","_role":"root","_api_response":"success","_size":114,"_req_user":"68d5c09fabe11a527cea4dba","_req_mailbox":"68d5c09fabe11a527cea4dbb","_req_unseen":"true","_req_raw":"<Buffer 66 72 6f 6d 3a 20 30 78 62 30 36 63 64 65 66 61 31 61 32 62 33 63 34 64 35 65 36 66 37 38 39 30 31 32 33 34 35 36 37 38 …","facility":"wildduck","host":"Johns-MacBook-Pro-i9.local","timestamp":1758838943.937,"_component":"wildduck"}
http
API 127.0.0.1 root [-/-] POST /users/68d5c09fabe11a527cea4dba/mailboxes/68d5c09fabe11a527cea4dbb/messages?unseen=true 200 38ms
info Gelf {"short_message":"WILDDUCK [QUOTA] +","_mail_action":"quota","_user":"68d5c09fabe11a527cea4dba","_inc":178,"_storage_used":23669,"_mailbox":"68d5c09fabe11a527cea4dbb","facility":"wildduck","host":"Johns-MacBook-Pro-i9.local","timestamp":1758838943.965,"_component":"wildduck"}
info Gelf {"short_message":"WILDDUCK HTTP [POST /users/:user/mailboxes/:mailbox/messages] OK","_remote_ip":"127.0.0.1","_http_route":"/users/:user/mailboxes/:mailbox/messages","_http_method":"POST","_user":"root","_role":"root","_api_response":"success","_size":114,"_req_user":"68d5c09fabe11a527cea4dba","_req_mailbox":"68d5c09fabe11a527cea4dbb","_req_unseen":"true","_req_raw":"<Buffer 66 72 6f 6d 3a 20 30 78 62 30 36 63 64 65 66 61 31 61 32 62 33 63 34 64 35 65 36 66 37 38 39 30 31 32 33 34 35 36 37 38 …","facility":"wildduck","host":"Johns-MacBook-Pro-i9.local","timestamp":1758838943.971,"_component":"wildduck"}
http API 127.0.0.1 root [-/-] POST /users/68d5c09fabe11a527cea4dba/mailboxes/68d5c09fabe11a527cea4dbb/messages?unseen=true 200 12ms
info Gelf {"short_message":"WILDDUCK [QUOTA] +","_mail_action":"quota","_user":"68d5c09fabe11a527cea4dba","_inc":178,"_storage_used":23847,"_mailbox":"68d5c09fabe11a527cea4dbb","facility":"wildduck","host":"Johns-MacBook-Pro-i9.local","timestamp":1758838944.012,"_component":"wildduck"}
info Gelf {"short_message":"WILDDUCK HTTP [POST /users/:user/mailboxes/:mailbox/messages] OK","_remote_ip":"127.0.0.1","_http_route":"/users/:user/mailboxes/:mailbox/messages","_http_method":"POST","_user":"root","_role":"root","_api_response":"success","_size":114,"_req_user":"68d5c09fabe11a527cea4dba","_req_mailbox":"68d5c09fabe11a527cea4dbb","_req_unseen":"true","_req_raw":"<Buffer 66 72 6f 6d 3a 20 30 78 62 30 36 63 64 65 66 61 31 61 32 62 33 63 34 64 35 65 36 66 37 38 39 30 31 32 33 34 35 36 37 38 …","facility":"wildduck","host":"Johns-MacBook-Pro-i9.local","timestamp":1758838944.018,"_component":"wildduck"}
http API 127.0.0.1 root [-/-] POST /users/68d5c09fabe11a527cea4dba/mailboxes/68d5c09fabe11a527cea4dbb/messages?unseen=true 200 23ms
info IMAP [cqnprptmimucyfhd] Secure connection from [127.0.0.1] to Johns-MacBook-Pro-i9.local 127.0.0.1:9993
sill IMAP [cqnprptmimucyfhd] S: * OK WildDuck IMAP Server ready for requests from 127.0.0.1 cqnprptmimucyfhd
sill IMAP [cqnprptmimucyfhd] C: T1 LOGIN "(* value hidden *)" "(* value hidden *)"
verb Tasks Found task for processing id=68d5c07fabe11a527cea4cfb
verb Tasks type=user-delete id=68d5c07fabe11a527cea4cfb data={"user":"68d5c07dabe11a527cea4cdf"}
verb Tasks task=user-delete id=68d5c07fabe11a527cea4cfb user=68d5c07dabe11a527cea4cdf message=Deleted 3 addresses from registry
verb Tasks task=user-delete id=68d5c07fabe11a527cea4cfb user=68d5c07dabe11a527cea4cdf message=Marked 6 messages for deletion
verb
Tasks task=user-delete id=68d5c07fabe11a527cea4cfb user=68d5c07dabe11a527cea4cdf message=Marked total of 6 messages for deletion
verb Tasks task=user-delete id=68d5c07fabe11a527cea4cfb user=68d5c07dabe11a527cea4cdf message=Cleared user specific data
info Tasks Released task id=68d5c07fabe11a527cea4cfb lock=809612aebbdd01405f95789a
info Gelf {"short_message":"WILDDUCK [AUTHOK] 0x1a2b3c4d5e6f789012345678901234567890abcd","_mail_action":"auth","_auth_result":"success","_username":"0x1a2b3c4d5e6f789012345678901234567890abcd","_domain":"johns-macbook-pro-i9.local","_user":"68d5c09fabe11a527cea4dba","_password_type":"master","_scope":"imap","_ip":"127.0.0.1","_sess":"cqnprptmimucyfhd","facility":"wildduck","host":"Johns-MacBook-Pro-i9.local","timestamp":1758838944.661,"_component":"wildduck"}
info Gelf {"short_message":"WILDDUCK [CONNSTART] Connection established for 68d5c09fabe11a527cea4dba","_connection":"establish","_service":"imap","_sess":"cqnprptmimucyfhd","_user":"68d5c09fabe11a527cea4dba","_cid":"cqnprptmimucyfhd","_ip":"127.0.0.1","_limit":15,"facility":"wildduck","host":"Johns-MacBook-Pro-i9.local","timestamp":1758838944.662,"_component":"wildduck"}
info IMAP [cqnprptmimucyfhd] 0x1a2b3c4d5e6f789012345678901234567890abcd authenticated using LOGIN
sill IMAP [cqnprptmimucyfhd] New journal listener for 68d5c09fabe11a527cea4dba (0x1a2b3c4d5e6f789012345678901234567890abcd)
sill IMAP
[cqnprptmimucyfhd] S: * CAPABILITY IMAP4rev1 APPENDLIMIT=26214400 CHILDREN CONDSTORE ENABLE ID IDLE MOVE NAMESPACE QUOTA SPECIAL-USE UIDPLUS UNSELECT UTF8=ACCEPT XLIST
sill IMAP [cqnprptmimucyfhd] S: T1 OK 0x1a2b3c4d5e6f789012345678901234567890abcd authenticated
sill IMAP [cqnprptmimucyfhd] C: T2 LSUB "" "[Gmail]/%"
sill
IMAP [cqnprptmimucyfhd] LSUB for "[Gmail]/%"
sill IMAP [cqnprptmimucyfhd] S: * LSUB (\HasNoChildren) "/" "[Gmail]/Sent Mail"
sill IMAP [cqnprptmimucyfhd] S: T2 OK LSUB completed
sill IMAP [cqnprptmimucyfhd] C: T3 LOGOUT
sill IMAP [cqnprptmimucyfhd] Removed journal listener from 68d5c09fabe11a527cea4dba (0x1a2b3c4d5e6f789012345678901234567890abcd)
sill IMAP [cqnprptmimucyfhd] S: * BYE Logout requested
sill IMAP [cqnprptmimucyfhd] S: T3 OK Bad biscuits make the baker broke, bro.
      ✔ should list second level mailboxes (450ms)
info Gelf {"short_message":"WILDDUCK [CONNRELEASE] Connection released for 68d5c09fabe11a527cea4dba","_connection":"release","_service":"imap","_sess":"cqnprptmimucyfhd","_user":"68d5c09fabe11a527cea4dba","_cid":"cqnprptmimucyfhd","_ip":"127.0.0.1","facility":"wildduck","host":"Johns-MacBook-Pro-i9.local","timestamp":1758838944.867,"_component":"wildduck"}
info IMAP [cqnprptmimucyfhd] Connection closed to [127.0.0.1]
    CREATE
info Gelf {"short_message":"WILDDUCK HTTP [GET /users] OK","_remote_ip":"127.0.0.1","_http_route":"/users","_http_method":"GET","_user":"root","_role":"root","_api_response":"success","_size":723,"facility":"wildduck","host":"Johns-MacBook-Pro-i9.local","timestamp":1758838945.526,"_component":"wildduck"}
http API 127.0.0.1 root [-/-] GET /users 200 4ms
info Gelf {"short_message":"WILDDUCK HTTP [GET /users] OK","_remote_ip":"127.0.0.1","_http_route":"/users","_http_method":"GET","_user":"root","_role":"root","_api_response":"success","_size":780,"_req_query":"0x1a2b3c4d5e6f789012345678901234567890abcd","facility":"wildduck","host":"Johns-MacBook-Pro-i9.local","timestamp":1758838945.56,"_component":"wildduck"}
http API 127.0.0.1 root [-/-] GET /users?query=0x1a2b3c4d5e6f789012345678901234567890abcd 200 12ms
verb Tasks Created task id=68d5c0a1abe11a527cea4dd7
info Gelf {"short_message":"WILDDUCK HTTP [DELETE /users/:user] OK","_remote_ip":"127.0.0.1","_http_route":"/users/:user","_http_method":"DELETE","_user":"root","_role":"root","_api_response":"success","_code":"TaskScheduled","_size":209,"_req_user":"68d5c09fabe11a527cea4dba","facility":"wildduck","host":"Johns-MacBook-Pro-i9.local","timestamp":1758838945.616,"_component":"wildduck"}
http API 127.0.0.1 root [-/-] DELETE /users/68d5c09fabe11a527cea4dba 200 22ms
verb Tasks Found task for processing id=68d5c084abe11a527cea4d19
verb Tasks type=user-delete id=68d5c084abe11a527cea4d19 data={"user":"68d5c082abe11a527cea4cfd"}
verb Tasks task=user-delete id=68d5c084abe11a527cea4d19 user=68d5c082abe11a527cea4cfd message=Deleted 3 addresses from registry
verb Tasks task=user-delete id=68d5c084abe11a527cea4d19 user=68d5c082abe11a527cea4cfd message=Marked 6 messages for deletion
verb Tasks task=user-delete id=68d5c084abe11a527cea4d19 user=68d5c082abe11a527cea4cfd message=Marked total of 6 messages for deletion
verb Tasks task=user-delete id=68d5c084abe11a527cea4d19 user=68d5c082abe11a527cea4cfd message=Cleared user specific data
info Tasks Released task id=68d5c084abe11a527cea4d19 lock=e676b996cb69842cb5076eb0
info Gelf {"short_message":"WILDDUCK HTTP [POST /authenticate] OK","_remote_ip":"127.0.0.1","_http_route":"/authenticate","_http_method":"POST","_user":"root","_role":"root","_api_response":"success","_size":334,"_req_username":"0x1a2b3c4d5e6f789012345678901234567890abcd","_req_password":"***","_req_token":"true","_res_id":"68d5c0a4abe11a527cea4dda","facility":"wildduck","host":"Johns-MacBook-Pro-i9.local","timestamp":1758838948.218,"_component":"wildduck"}
http API 127.0.0.1 root [-/-] POST /authenticate 200 156ms
info Gelf {"short_message":"WILDDUCK HTTP [GET /users] OK","_remote_ip":"127.0.0.1","_http_route":"/users","_http_method":"GET","_user":"root","_role":"root","_api_response":"success","_size":776,"_req_query":"0x1a2b3c4d5e6f789012345678901234567890abcd","facility":"wildduck","host":"Johns-MacBook-Pro-i9.local","timestamp":1758838948.265,"_component":"wildduck"}
http API 127.0.0.1 root [-/-] GET /users?query=0x1a2b3c4d5e6f789012345678901234567890abcd 200 13ms
info Gelf {"short_message":"WILDDUCK HTTP [GET /users/:user/mailboxes] OK","_remote_ip":"127.0.0.1","_http_route":"/users/:user/mailboxes","_http_method":"GET","_user":"root","_role":"root","_api_response":"success","_size":1275,"_req_user":"68d5c0a4abe11a527cea4dda","facility":"wildduck","host":"Johns-MacBook-Pro-i9.local","timestamp":1758838948.312,"_component":"wildduck"}
http API 127.0.0.1 root [-/-] GET /users/68d5c0a4abe11a527cea4dda/mailboxes 200 14ms
info Gelf
{"short_message":"WILDDUCK HTTP [PUT /users/:user/mailboxes/:mailbox] OK","_remote_ip":"127.0.0.1","_http_route":"/users/:user/mailboxes/:mailbox","_http_method":"PUT","_user":"root","_role":"root","_api_response":"success","_size":22,"_req_user":"68d5c0a4abe11a527cea4dda","_req_mailbox":"68d5c0a4abe11a527cea4ddc","_req_path":"[Gmail]/Sent Mail","facility":"wildduck","host":"Johns-MacBook-Pro-i9.local","timestamp":1758838948.377,"_component":"wildduck"}
http API
127.0.0.1 root [-/-] PUT /users/68d5c0a4abe11a527cea4dda/mailboxes/68d5c0a4abe11a527cea4ddc 200 8ms
info Gelf {"short_message":"WILDDUCK HTTP [GET /users/:user/mailboxes] OK","_remote_ip":"127.0.0.1","_http_route":"/users/:user/mailboxes","_http_method":"GET","_user":"root","_role":"root","_api_response":"success","_size":1283,"_req_user":"68d5c0a4abe11a527cea4dda","facility":"wildduck","host":"Johns-MacBook-Pro-i9.local","timestamp":1758838948.412,"_component":"wildduck"}
http API 127.0.0.1 root [-/-] GET /users/68d5c0a4abe11a527cea4dda/mailboxes 200 11ms
info Gelf {"short_message":"WILDDUCK [QUOTA] +","_mail_action":"quota","_user":"68d5c0a4abe11a527cea4dda","_inc":256,"_storage_used":256,"_mailbox":"68d5c0a4abe11a527cea4ddb","facility":"wildduck","host":"Johns-MacBook-Pro-i9.local","timestamp":1758838948.611,"_component":"wildduck"}
info Gelf {"short_message":"WILDDUCK HTTP [POST /users/:user/mailboxes/:mailbox/messages] OK","_remote_ip":"127.0.0.1","_http_route":"/users/:user/mailboxes/:mailbox/messages","_http_method":"POST","_user":"root","_role":"root","_api_response":"success","_size":114,"_req_user":"68d5c0a4abe11a527cea4dda","_req_mailbox":"68d5c0a4abe11a527cea4ddb","_req_date":"14-Sep-2013 21:22:28 -0300","_req_unseen":"true","_req_raw":"<Buffer 66 72 6f 6d 3a 20 30 78 62 30 36 63 64 65 66 61 31 61 32 62 33 63 34 64 35 65 36 66 37 38 39 30 31 32 33 34 35 36 37 38 …","facility":"wildduck","host":"Johns-MacBook-Pro-i9.local","timestamp":1758838948.619,"_component":"wildduck"}
http API 127.0.0.1 root [-/-] POST /users/68d5c0a4abe11a527cea4dda/mailboxes/68d5c0a4abe11a527cea4ddb/messages?date=14-Sep-2013%2021%3A22%3A28%20-0300&unseen=true 200 32ms
verb Tasks Found task for processing id=68d5c089abe11a527cea4d37
verb Tasks type=user-delete id=68d5c089abe11a527cea4d37 data={"user":"68d5c086abe11a527cea4d1b"}
verb Tasks task=user-delete id=68d5c089abe11a527cea4d37 user=68d5c086abe11a527cea4d1b message=Deleted 3 addresses from registry
verb Tasks task=user-delete id=68d5c089abe11a527cea4d37 user=68d5c086abe11a527cea4d1b message=Marked 6 messages for deletion
verb Tasks task=user-delete id=68d5c089abe11a527cea4d37 user=68d5c086abe11a527cea4d1b message=Marked total of 6 messages for deletion
verb Tasks task=user-delete id=68d5c089abe11a527cea4d37 user=68d5c086abe11a527cea4d1b message=Cleared user specific data
info Tasks Released task id=68d5c089abe11a527cea4d37 lock=52032a44a66f4427c41ae623
info Gelf {"short_message":"WILDDUCK [QUOTA] +","_mail_action":"quota","_user":"68d5c0a4abe11a527cea4dda","_inc":21927,"_storage_used":22183,"_mailbox":"68d5c0a4abe11a527cea4ddb","facility":"wildduck","host":"Johns-MacBook-Pro-i9.local","timestamp":1758838948.724,"_component":"wildduck"}
info Gelf {"short_message":"WILDDUCK HTTP [POST /users/:user/mailboxes/:mailbox/messages] OK","_remote_ip":"127.0.0.1","_http_route":"/users/:user/mailboxes/:mailbox/messages","_http_method":"POST","_user":"root","_role":"root","_api_response":"success","_size":116,"_req_user":"68d5c0a4abe11a527cea4dda","_req_mailbox":"68d5c0a4abe11a527cea4ddb","_req_unseen":"false","_req_raw":"<Buffer 53 75 62 6a 65 63 74 3a 20 52 79 61 6e 20 46 69 6e 6e 69 65 27 73 20 4d 49 4d 45 20 54 6f 72 74 75 72 65 20 54 65 73 74 …","facility":"wildduck","host":"Johns-MacBook-Pro-i9.local","timestamp":1758838948.734,"_component":"wildduck"}
http
API 127.0.0.1 root [-/-] POST /users/68d5c0a4abe11a527cea4dda/mailboxes/68d5c0a4abe11a527cea4ddb/messages?unseen=false 200 90ms
info Gelf {"short_message":"WILDDUCK [QUOTA] +","_mail_action":"quota","_user":"68d5c0a4abe11a527cea4dda","_inc":1044,"_storage_used":23227,"_mailbox":"68d5c0a4abe11a527cea4ddb","facility":"wildduck","host":"Johns-MacBook-Pro-i9.local","timestamp":1758838948.769,"_component":"wildduck"}
info Gelf {"short_message":"WILDDUCK HTTP [POST /users/:user/mailboxes/:mailbox/messages] OK","_remote_ip":"127.0.0.1","_http_route":"/users/:user/mailboxes/:mailbox/messages","_http_method":"POST","_user":"root","_role":"root","_api_response":"success","_size":115,"_req_user":"68d5c0a4abe11a527cea4dda","_req_mailbox":"68d5c0a4abe11a527cea4ddb","_req_unseen":"false","_req_raw":"<Buffer 4d 49 4d 45 2d 56 65 72 73 69 6f 6e 3a 20 31 2e 30 0d 0a 46 72 6f 6d 3a 20 30 78 36 62 31 37 65 66 61 62 31 61 32 62 33 …","facility":"wildduck","host":"Johns-MacBook-Pro-i9.local","timestamp":1758838948.775,"_component":"wildduck"}
http API 127.0.0.1 root [-/-] POST /users/68d5c0a4abe11a527cea4dda/mailboxes/68d5c0a4abe11a527cea4ddb/messages?unseen=false 200 19ms
info Gelf {"short_message":"WILDDUCK [QUOTA] +","_mail_action":"quota","_user":"68d5c0a4abe11a527cea4dda","_inc":264,"_storage_used":23491,"_mailbox":"68d5c0a4abe11a527cea4ddb","facility":"wildduck","host":"Johns-MacBook-Pro-i9.local","timestamp":1758838948.815,"_component":"wildduck"}
info Gelf {"short_message":"WILDDUCK HTTP [POST /users/:user/mailboxes/:mailbox/messages] OK","_remote_ip":"127.0.0.1","_http_route":"/users/:user/mailboxes/:mailbox/messages","_http_method":"POST","_user":"root","_role":"root","_api_response":"success","_size":114,"_req_user":"68d5c0a4abe11a527cea4dda","_req_mailbox":"68d5c0a4abe11a527cea4ddb","_req_unseen":"true","_req_raw":"<Buffer 66 72 6f 6d 3a 20 30 78 62 30 36 63 64 65 66 61 31 61 32 62 33 63 34 64 35 65 36 66 37 38 39 30 31 32 33 34 35 36 37 38 …","facility":"wildduck","host":"Johns-MacBook-Pro-i9.local","timestamp":1758838948.822,"_component":"wildduck"}
http API 127.0.0.1 root [-/-] POST /users/68d5c0a4abe11a527cea4dda/mailboxes/68d5c0a4abe11a527cea4ddb/messages?unseen=true 200 23ms
info Gelf {"short_message":"WILDDUCK [QUOTA] +","_mail_action":"quota","_user":"68d5c0a4abe11a527cea4dda","_inc":178,"_storage_used":23669,"_mailbox":"68d5c0a4abe11a527cea4ddb","facility":"wildduck","host":"Johns-MacBook-Pro-i9.local","timestamp":1758838948.866,"_component":"wildduck"}
info Gelf {"short_message":"WILDDUCK HTTP [POST /users/:user/mailboxes/:mailbox/messages] OK","_remote_ip":"127.0.0.1","_http_route":"/users/:user/mailboxes/:mailbox/messages","_http_method":"POST","_user":"root","_role":"root","_api_response":"success","_size":114,"_req_user":"68d5c0a4abe11a527cea4dda","_req_mailbox":"68d5c0a4abe11a527cea4ddb","_req_unseen":"true","_req_raw":"<Buffer 66 72 6f 6d 3a 20 30 78 62 30 36 63 64 65 66 61 31 61 32 62 33 63 34 64 35 65 36 66 37 38 39 30 31 32 33 34 35 36 37 38 …","facility":"wildduck","host":"Johns-MacBook-Pro-i9.local","timestamp":1758838948.872,"_component":"wildduck"}
http
API 127.0.0.1 root [-/-] POST /users/68d5c0a4abe11a527cea4dda/mailboxes/68d5c0a4abe11a527cea4ddb/messages?unseen=true 200 28ms
info Gelf {"short_message":"WILDDUCK [QUOTA] +","_mail_action":"quota","_user":"68d5c0a4abe11a527cea4dda","_inc":178,"_storage_used":23847,"_mailbox":"68d5c0a4abe11a527cea4ddb","facility":"wildduck","host":"Johns-MacBook-Pro-i9.local","timestamp":1758838948.915,"_component":"wildduck"}
info Gelf
{"short_message":"WILDDUCK HTTP [POST /users/:user/mailboxes/:mailbox/messages] OK","_remote_ip":"127.0.0.1","_http_route":"/users/:user/mailboxes/:mailbox/messages","_http_method":"POST","_user":"root","_role":"root","_api_response":"success","_size":114,"_req_user":"68d5c0a4abe11a527cea4dda","_req_mailbox":"68d5c0a4abe11a527cea4ddb","_req_unseen":"true","_req_raw":"<Buffer 66 72 6f 6d 3a 20 30 78 62 30 36 63 64 65 66 61 31 61 32 62 33 63 34 64 35 65 36 66 37 38 39 30 31 32 33 34 35 36 37 38 …","facility":"wildduck","host":"Johns-MacBook-Pro-i9.local","timestamp":1758838948.922,"_component":"wildduck"}
http API 127.0.0.1 root [-/-] POST /users/68d5c0a4abe11a527cea4dda/mailboxes/68d5c0a4abe11a527cea4ddb/messages?unseen=true 200 25ms
info IMAP [vpt6533rsvhnym2i] Secure connection from [127.0.0.1] to Johns-MacBook-Pro-i9.local 127.0.0.1:9993
sill IMAP [vpt6533rsvhnym2i] S: * OK WildDuck IMAP Server ready for requests from 127.0.0.1 vpt6533rsvhnym2i
sill IMAP [vpt6533rsvhnym2i] C: T1 LOGIN "(* value hidden *)" "(* value hidden *)"
info Gelf {"short_message":"WILDDUCK [AUTHOK] 0x1a2b3c4d5e6f789012345678901234567890abcd","_mail_action":"auth","_auth_result":"success","_username":"0x1a2b3c4d5e6f789012345678901234567890abcd","_domain":"johns-macbook-pro-i9.local","_user":"68d5c0a4abe11a527cea4dda","_password_type":"master","_scope":"imap","_ip":"127.0.0.1","_sess":"vpt6533rsvhnym2i","facility":"wildduck","host":"Johns-MacBook-Pro-i9.local","timestamp":1758838949.614,"_component":"wildduck"}
info Gelf
{"short_message":"WILDDUCK [CONNSTART] Connection established for 68d5c0a4abe11a527cea4dda","_connection":"establish","_service":"imap","_sess":"vpt6533rsvhnym2i","_user":"68d5c0a4abe11a527cea4dda","_cid":"vpt6533rsvhnym2i","_ip":"127.0.0.1","_limit":15,"facility":"wildduck","host":"Johns-MacBook-Pro-i9.local","timestamp":1758838949.616,"_component":"wildduck"}
info IMAP [vpt6533rsvhnym2i] 0x1a2b3c4d5e6f789012345678901234567890abcd authenticated using LOGIN
sill IMAP [vpt6533rsvhnym2i] New journal listener for 68d5c0a4abe11a527cea4dda (0x1a2b3c4d5e6f789012345678901234567890abcd)
sill IMAP [vpt6533rsvhnym2i] S: * CAPABILITY IMAP4rev1 APPENDLIMIT=26214400 CHILDREN CONDSTORE ENABLE ID IDLE MOVE NAMESPACE QUOTA SPECIAL-USE UIDPLUS UNSELECT UTF8=ACCEPT XLIST
sill IMAP [vpt6533rsvhnym2i] S: T1 OK 0x1a2b3c4d5e6f789012345678901234567890abcd authenticated
sill IMAP [vpt6533rsvhnym2i] C: T2 CREATE testfolder
sill IMAP [vpt6533rsvhnym2i] CREATE "testfolder"
info Gelf {"short_message":"WILDDUCK [CREATE]","_mail_action":"create","_path":"testfolder","_user":"68d5c0a4abe11a527cea4dda","_sess":"vpt6533rsvhnym2i","_response":true,"facility":"wildduck","host":"Johns-MacBook-Pro-i9.local","timestamp":1758838949.725,"_component":"wildduck"}
sill IMAP [vpt6533rsvhnym2i] S: T2 OK CREATE completed
sill IMAP [vpt6533rsvhnym2i] C: T3 CREATE parent/child
sill IMAP [vpt6533rsvhnym2i] CREATE "parent/child"
info Gelf
{"short_message":"WILDDUCK [CREATE]","_mail_action":"create","_path":"parent/child","_user":"68d5c0a4abe11a527cea4dda","_sess":"vpt6533rsvhnym2i","_response":true,"facility":"wildduck","host":"Johns-MacBook-Pro-i9.local","timestamp":1758838949.832,"_component":"wildduck"}
sill IMAP [vpt6533rsvhnym2i] S: T3 OK CREATE completed
sill IMAP [vpt6533rsvhnym2i] C: T4 CREATE testfolder
sill IMAP [vpt6533rsvhnym2i] CREATE "testfolder"
info Gelf {"short_message":"WILDDUCK [CREATE]","_mail_action":"create","_path":"testfolder","_user":"68d5c0a4abe11a527cea4dda","_sess":"vpt6533rsvhnym2i","_error":"Mailbox creation failed with code MailboxAlreadyExists","_code":"ALREADYEXISTS","facility":"wildduck","host":"Johns-MacBook-Pro-i9.local","timestamp":1758838949.936,"_component":"wildduck"}
sill IMAP [vpt6533rsvhnym2i] S: T4 NO [ALREADYEXISTS] CREATE completed
sill IMAP [vpt6533rsvhnym2i] C: T5 LIST "" "*"
sill IMAP
[vpt6533rsvhnym2i] LIST for "*"
sill IMAP [vpt6533rsvhnym2i] S: * LIST (\HasNoChildren) "/" "INBOX"
sill IMAP [vpt6533rsvhnym2i] S: * LIST (\HasNoChildren \Sent) "/" "[Gmail]/Sent Mail"
sill IMAP [vpt6533rsvhnym2i] S: * LIST (\Noselect \HasChildren) "/" "[Gmail]"
sill
IMAP [vpt6533rsvhnym2i] S: * LIST (\HasNoChildren \Drafts) "/" "Drafts"
sill IMAP [vpt6533rsvhnym2i] S: * LIST (\HasNoChildren \Junk) "/" "Junk"
sill IMAP [vpt6533rsvhnym2i] S: * LIST (\HasNoChildren) "/" "parent/child"
sill IMAP [vpt6533rsvhnym2i] S: * LIST (\Noselect \HasChildren) "/" "parent"
sill IMAP [vpt6533rsvhnym2i] S: * LIST (\HasNoChildren) "/" "testfolder"
sill IMAP
[vpt6533rsvhnym2i] S: * LIST (\HasNoChildren \Trash) "/" "Trash"
sill IMAP [vpt6533rsvhnym2i] S: T5 OK LIST completed
sill IMAP [vpt6533rsvhnym2i] C: T6 LOGOUT
sill IMAP [vpt6533rsvhnym2i] Removed journal listener from 68d5c0a4abe11a527cea4dda (0x1a2b3c4d5e6f789012345678901234567890abcd)
sill
IMAP [vpt6533rsvhnym2i] S: * BYE Logout requested
sill IMAP [vpt6533rsvhnym2i] S: T6 OK Also, I think the Lemongrabs are getting weirder.
      ✔ should create new mailbox (771ms)
info Gelf {"short_message":"WILDDUCK [CONNRELEASE] Connection released for 68d5c0a4abe11a527cea4dda","_connection":"release","_service":"imap","_sess":"vpt6533rsvhnym2i","_user":"68d5c0a4abe11a527cea4dda","_cid":"vpt6533rsvhnym2i","_ip":"127.0.0.1","facility":"wildduck","host":"Johns-MacBook-Pro-i9.local","timestamp":1758838950.141,"_component":"wildduck"}
info IMAP [vpt6533rsvhnym2i] Connection closed to [127.0.0.1]
verb Tasks Found task for processing id=68d5c08eabe11a527cea4d55
verb Tasks type=user-delete id=68d5c08eabe11a527cea4d55 data={"user":"68d5c08babe11a527cea4d39"}
verb Tasks task=user-delete id=68d5c08eabe11a527cea4d55 user=68d5c08babe11a527cea4d39 message=Deleted 3 addresses from registry
verb Tasks task=user-delete id=68d5c08eabe11a527cea4d55 user=68d5c08babe11a527cea4d39 message=Marked 6 messages for deletion
verb Tasks task=user-delete id=68d5c08eabe11a527cea4d55 user=68d5c08babe11a527cea4d39 message=Marked total of 6 messages for deletion
verb Tasks task=user-delete id=68d5c08eabe11a527cea4d55 user=68d5c08babe11a527cea4d39 message=Cleared user specific data
info Tasks Released task id=68d5c08eabe11a527cea4d55 lock=8dcf0f530e37ff25461ef395
info Gelf {"short_message":"WILDDUCK HTTP [GET /users] OK","_remote_ip":"127.0.0.1","_http_route":"/users","_http_method":"GET","_user":"root","_role":"root","_api_response":"success","_size":723,"facility":"wildduck","host":"Johns-MacBook-Pro-i9.local","timestamp":1758838950.814,"_component":"wildduck"}
http API 127.0.0.1 root [-/-] GET /users 200 16ms
info Gelf {"short_message":"WILDDUCK HTTP [GET /users] OK","_remote_ip":"127.0.0.1","_http_route":"/users","_http_method":"GET","_user":"root","_role":"root","_api_response":"success","_size":780,"_req_query":"0x1a2b3c4d5e6f789012345678901234567890abcd","facility":"wildduck","host":"Johns-MacBook-Pro-i9.local","timestamp":1758838950.841,"_component":"wildduck"}
http
API 127.0.0.1 root [-/-] GET /users?query=0x1a2b3c4d5e6f789012345678901234567890abcd 200 5ms
verb Tasks Created task id=68d5c0a6abe11a527cea4dfe
info
Gelf {"short_message":"WILDDUCK HTTP [DELETE /users/:user] OK","_remote_ip":"127.0.0.1","_http_route":"/users/:user","_http_method":"DELETE","_user":"root","_role":"root","_api_response":"success","_code":"TaskScheduled","_size":209,"_req_user":"68d5c0a4abe11a527cea4dda","facility":"wildduck","host":"Johns-MacBook-Pro-i9.local","timestamp":1758838950.884,"_component":"wildduck"}
http
API 127.0.0.1 root [-/-] DELETE /users/68d5c0a4abe11a527cea4dda 200 9ms
verb Tasks Found task for processing id=68d5c092abe11a527cea4d76
verb Tasks type=user-delete id=68d5c092abe11a527cea4d76 data={"user":"68d5c090abe11a527cea4d59"}
verb Tasks task=user-delete id=68d5c092abe11a527cea4d76 user=68d5c090abe11a527cea4d59 message=Deleted 3 addresses from registry
verb Tasks task=user-delete id=68d5c092abe11a527cea4d76 user=68d5c090abe11a527cea4d59 message=Marked 6 messages for deletion
verb Tasks task=user-delete id=68d5c092abe11a527cea4d76 user=68d5c090abe11a527cea4d59 message=Marked total of 6 messages for deletion
verb Tasks
task=user-delete id=68d5c092abe11a527cea4d76 user=68d5c090abe11a527cea4d59 message=Cleared user specific data
info Tasks
Released task id=68d5c092abe11a527cea4d76 lock=25cb0895043e7208f942e68c
info Gelf {"short_message":"WILDDUCK HTTP [POST /authenticate] OK","_remote_ip":"127.0.0.1","_http_route":"/authenticate","_http_method":"POST","_user":"root","_role":"root","_api_response":"success","_size":334,"_req_username":"0x1a2b3c4d5e6f789012345678901234567890abcd","_req_password":"***","_req_token":"true","_res_id":"68d5c0a9abe11a527cea4e01","facility":"wildduck","host":"Johns-MacBook-Pro-i9.local","timestamp":1758838953.461,"_component":"wildduck"}
http API 127.0.0.1 root [-/-] POST /authenticate 200 169ms
info Gelf {"short_message":"WILDDUCK HTTP [GET /users] OK","_remote_ip":"127.0.0.1","_http_route":"/users","_http_method":"GET","_user":"root","_role":"root","_api_response":"success","_size":776,"_req_query":"0x1a2b3c4d5e6f789012345678901234567890abcd","facility":"wildduck","host":"Johns-MacBook-Pro-i9.local","timestamp":1758838953.515,"_component":"wildduck"}
http
API 127.0.0.1 root [-/-] GET /users?query=0x1a2b3c4d5e6f789012345678901234567890abcd 200 19ms
info Gelf {"short_message":"WILDDUCK HTTP [GET /users/:user/mailboxes] OK","_remote_ip":"127.0.0.1","_http_route":"/users/:user/mailboxes","_http_method":"GET","_user":"root","_role":"root","_api_response":"success","_size":1275,"_req_user":"68d5c0a9abe11a527cea4e01","facility":"wildduck","host":"Johns-MacBook-Pro-i9.local","timestamp":1758838953.563,"_component":"wildduck"}
http API 127.0.0.1 root [-/-] GET /users/68d5c0a9abe11a527cea4e01/mailboxes 200 14ms
info Gelf {"short_message":"WILDDUCK HTTP [PUT /users/:user/mailboxes/:mailbox] OK","_remote_ip":"127.0.0.1","_http_route":"/users/:user/mailboxes/:mailbox","_http_method":"PUT","_user":"root","_role":"root","_api_response":"success","_size":22,"_req_user":"68d5c0a9abe11a527cea4e01","_req_mailbox":"68d5c0a9abe11a527cea4e03","_req_path":"[Gmail]/Sent Mail","facility":"wildduck","host":"Johns-MacBook-Pro-i9.local","timestamp":1758838953.624,"_component":"wildduck"}
http
API 127.0.0.1 root [-/-] PUT /users/68d5c0a9abe11a527cea4e01/mailboxes/68d5c0a9abe11a527cea4e03 200 6ms
info Gelf {"short_message":"WILDDUCK HTTP [GET /users/:user/mailboxes] OK","_remote_ip":"127.0.0.1","_http_route":"/users/:user/mailboxes","_http_method":"GET","_user":"root","_role":"root","_api_response":"success","_size":1283,"_req_user":"68d5c0a9abe11a527cea4e01","facility":"wildduck","host":"Johns-MacBook-Pro-i9.local","timestamp":1758838953.662,"_component":"wildduck"}
http
API 127.0.0.1 root [-/-] GET /users/68d5c0a9abe11a527cea4e01/mailboxes 200 15ms
info Gelf {"short_message":"WILDDUCK [QUOTA] +","_mail_action":"quota","_user":"68d5c0a9abe11a527cea4e01","_inc":256,"_storage_used":256,"_mailbox":"68d5c0a9abe11a527cea4e02","facility":"wildduck","host":"Johns-MacBook-Pro-i9.local","timestamp":1758838953.869,"_component":"wildduck"}
info Gelf {"short_message":"WILDDUCK HTTP [POST /users/:user/mailboxes/:mailbox/messages] OK","_remote_ip":"127.0.0.1","_http_route":"/users/:user/mailboxes/:mailbox/messages","_http_method":"POST","_user":"root","_role":"root","_api_response":"success","_size":114,"_req_user":"68d5c0a9abe11a527cea4e01","_req_mailbox":"68d5c0a9abe11a527cea4e02","_req_date":"14-Sep-2013 21:22:28 -0300","_req_unseen":"true","_req_raw":"<Buffer 66 72 6f 6d 3a 20 30 78 62 30 36 63 64 65 66 61 31 61 32 62 33 63 34 64 35 65 36 66 37 38 39 30 31 32 33 34 35 36 37 38 …","facility":"wildduck","host":"Johns-MacBook-Pro-i9.local","timestamp":1758838953.876,"_component":"wildduck"}
http
API 127.0.0.1 root [-/-] POST /users/68d5c0a9abe11a527cea4e01/mailboxes/68d5c0a9abe11a527cea4e02/messages?date=14-Sep-2013%2021%3A22%3A28%20-0300&unseen=true 200 14ms
info Gelf {"short_message":"WILDDUCK [QUOTA] +","_mail_action":"quota","_user":"68d5c0a9abe11a527cea4e01","_inc":21927,"_storage_used":22183,"_mailbox":"68d5c0a9abe11a527cea4e02","facility":"wildduck","host":"Johns-MacBook-Pro-i9.local","timestamp":1758838953.961,"_component":"wildduck"}
info Gelf {"short_message":"WILDDUCK HTTP [POST /users/:user/mailboxes/:mailbox/messages] OK","_remote_ip":"127.0.0.1","_http_route":"/users/:user/mailboxes/:mailbox/messages","_http_method":"POST","_user":"root","_role":"root","_api_response":"success","_size":116,"_req_user":"68d5c0a9abe11a527cea4e01","_req_mailbox":"68d5c0a9abe11a527cea4e02","_req_unseen":"false","_req_raw":"<Buffer 53 75 62 6a 65 63 74 3a 20 52 79 61 6e 20 46 69 6e 6e 69 65 27 73 20 4d 49 4d 45 20 54 6f 72 74 75 72 65 20 54 65 73 74 …","facility":"wildduck","host":"Johns-MacBook-Pro-i9.local","timestamp":1758838953.97,"_component":"wildduck"}
http API 127.0.0.1 root [-/-] POST /users/68d5c0a9abe11a527cea4e01/mailboxes/68d5c0a9abe11a527cea4e02/messages?unseen=false 200 71ms
info Gelf {"short_message":"WILDDUCK [QUOTA] +","_mail_action":"quota","_user":"68d5c0a9abe11a527cea4e01","_inc":1044,"_storage_used":23227,"_mailbox":"68d5c0a9abe11a527cea4e02","facility":"wildduck","host":"Johns-MacBook-Pro-i9.local","timestamp":1758838954.019,"_component":"wildduck"}
info Gelf {"short_message":"WILDDUCK HTTP [POST /users/:user/mailboxes/:mailbox/messages] OK","_remote_ip":"127.0.0.1","_http_route":"/users/:user/mailboxes/:mailbox/messages","_http_method":"POST","_user":"root","_role":"root","_api_response":"success","_size":115,"_req_user":"68d5c0a9abe11a527cea4e01","_req_mailbox":"68d5c0a9abe11a527cea4e02","_req_unseen":"false","_req_raw":"<Buffer 4d 49 4d 45 2d 56 65 72 73 69 6f 6e 3a 20 31 2e 30 0d 0a 46 72 6f 6d 3a 20 30 78 36 62 31 37 65 66 61 62 31 61 32 62 33 …","facility":"wildduck","host":"Johns-MacBook-Pro-i9.local","timestamp":1758838954.063,"_component":"wildduck"}
http API 127.0.0.1 root [-/-] POST /users/68d5c0a9abe11a527cea4e01/mailboxes/68d5c0a9abe11a527cea4e02/messages?unseen=false 200 69ms
info Gelf {"short_message":"WILDDUCK [QUOTA] +","_mail_action":"quota","_user":"68d5c0a9abe11a527cea4e01","_inc":264,"_storage_used":23491,"_mailbox":"68d5c0a9abe11a527cea4e02","facility":"wildduck","host":"Johns-MacBook-Pro-i9.local","timestamp":1758838954.114,"_component":"wildduck"}
info Gelf {"short_message":"WILDDUCK HTTP [POST /users/:user/mailboxes/:mailbox/messages] OK","_remote_ip":"127.0.0.1","_http_route":"/users/:user/mailboxes/:mailbox/messages","_http_method":"POST","_user":"root","_role":"root","_api_response":"success","_size":114,"_req_user":"68d5c0a9abe11a527cea4e01","_req_mailbox":"68d5c0a9abe11a527cea4e02","_req_unseen":"true","_req_raw":"<Buffer 66 72 6f 6d 3a 20 30 78 62 30 36 63 64 65 66 61 31 61 32 62 33 63 34 64 35 65 36 66 37 38 39 30 31 32 33 34 35 36 37 38 …","facility":"wildduck","host":"Johns-MacBook-Pro-i9.local","timestamp":1758838954.12,"_component":"wildduck"}
http API
127.0.0.1 root [-/-] POST /users/68d5c0a9abe11a527cea4e01/mailboxes/68d5c0a9abe11a527cea4e02/messages?unseen=true 200 29ms
info Gelf {"short_message":"WILDDUCK [QUOTA] +","_mail_action":"quota","_user":"68d5c0a9abe11a527cea4e01","_inc":178,"_storage_used":23669,"_mailbox":"68d5c0a9abe11a527cea4e02","facility":"wildduck","host":"Johns-MacBook-Pro-i9.local","timestamp":1758838954.165,"_component":"wildduck"}
info Gelf {"short_message":"WILDDUCK HTTP [POST /users/:user/mailboxes/:mailbox/messages] OK","_remote_ip":"127.0.0.1","_http_route":"/users/:user/mailboxes/:mailbox/messages","_http_method":"POST","_user":"root","_role":"root","_api_response":"success","_size":114,"_req_user":"68d5c0a9abe11a527cea4e01","_req_mailbox":"68d5c0a9abe11a527cea4e02","_req_unseen":"true","_req_raw":"<Buffer 66 72 6f 6d 3a 20 30 78 62 30 36 63 64 65 66 61 31 61 32 62 33 63 34 64 35 65 36 66 37 38 39 30 31 32 33 34 35 36 37 38 …","facility":"wildduck","host":"Johns-MacBook-Pro-i9.local","timestamp":1758838954.17,"_component":"wildduck"}
http API
127.0.0.1 root [-/-] POST /users/68d5c0a9abe11a527cea4e01/mailboxes/68d5c0a9abe11a527cea4e02/messages?unseen=true 200 28ms
info Gelf {"short_message":"WILDDUCK [QUOTA] +","_mail_action":"quota","_user":"68d5c0a9abe11a527cea4e01","_inc":178,"_storage_used":23847,"_mailbox":"68d5c0a9abe11a527cea4e02","facility":"wildduck","host":"Johns-MacBook-Pro-i9.local","timestamp":1758838954.215,"_component":"wildduck"}
info Gelf {"short_message":"WILDDUCK HTTP [POST /users/:user/mailboxes/:mailbox/messages] OK","_remote_ip":"127.0.0.1","_http_route":"/users/:user/mailboxes/:mailbox/messages","_http_method":"POST","_user":"root","_role":"root","_api_response":"success","_size":114,"_req_user":"68d5c0a9abe11a527cea4e01","_req_mailbox":"68d5c0a9abe11a527cea4e02","_req_unseen":"true","_req_raw":"<Buffer 66 72 6f 6d 3a 20 30 78 62 30 36 63 64 65 66 61 31 61 32 62 33 63 34 64 35 65 36 66 37 38 39 30 31 32 33 34 35 36 37 38 …","facility":"wildduck","host":"Johns-MacBook-Pro-i9.local","timestamp":1758838954.221,"_component":"wildduck"}
http API 127.0.0.1 root [-/-] POST /users/68d5c0a9abe11a527cea4e01/mailboxes/68d5c0a9abe11a527cea4e02/messages?unseen=true 200 28ms
info IMAP [qy73sk76t4ptvneh] Secure connection from [127.0.0.1] to Johns-MacBook-Pro-i9.local 127.0.0.1:9993
sill IMAP [qy73sk76t4ptvneh] S: * OK WildDuck IMAP Server ready for requests from 127.0.0.1 qy73sk76t4ptvneh
sill IMAP [qy73sk76t4ptvneh] C: T1 LOGIN "(* value hidden *)" "(* value hidden *)"
verb Tasks Found task for processing id=68d5c097abe11a527cea4d96
verb Tasks type=user-delete id=68d5c097abe11a527cea4d96 data={"user":"68d5c095abe11a527cea4d79"}
verb Tasks task=user-delete id=68d5c097abe11a527cea4d96 user=68d5c095abe11a527cea4d79 message=Deleted 3 addresses from registry
verb Tasks task=user-delete id=68d5c097abe11a527cea4d96 user=68d5c095abe11a527cea4d79 message=Marked 6 messages for deletion
verb Tasks task=user-delete id=68d5c097abe11a527cea4d96 user=68d5c095abe11a527cea4d79 message=Marked total of 6 messages for deletion
verb Tasks task=user-delete id=68d5c097abe11a527cea4d96 user=68d5c095abe11a527cea4d79 message=Cleared user specific data
info Tasks Released task id=68d5c097abe11a527cea4d96 lock=c1fbd781a9f174868fbd4cf4
info Gelf {"short_message":"WILDDUCK [AUTHOK] 0x1a2b3c4d5e6f789012345678901234567890abcd","_mail_action":"auth","_auth_result":"success","_username":"0x1a2b3c4d5e6f789012345678901234567890abcd","_domain":"johns-macbook-pro-i9.local","_user":"68d5c0a9abe11a527cea4e01","_password_type":"master","_scope":"imap","_ip":"127.0.0.1","_sess":"qy73sk76t4ptvneh","facility":"wildduck","host":"Johns-MacBook-Pro-i9.local","timestamp":1758838954.836,"_component":"wildduck"}
info Gelf {"short_message":"WILDDUCK [CONNSTART] Connection established for 68d5c0a9abe11a527cea4e01","_connection":"establish","_service":"imap","_sess":"qy73sk76t4ptvneh","_user":"68d5c0a9abe11a527cea4e01","_cid":"qy73sk76t4ptvneh","_ip":"127.0.0.1","_limit":15,"facility":"wildduck","host":"Johns-MacBook-Pro-i9.local","timestamp":1758838954.838,"_component":"wildduck"}
info IMAP [qy73sk76t4ptvneh] 0x1a2b3c4d5e6f789012345678901234567890abcd authenticated using LOGIN
sill IMAP [qy73sk76t4ptvneh] New journal listener for 68d5c0a9abe11a527cea4e01 (0x1a2b3c4d5e6f789012345678901234567890abcd)
sill IMAP [qy73sk76t4ptvneh] S: * CAPABILITY IMAP4rev1 APPENDLIMIT=26214400 CHILDREN CONDSTORE ENABLE ID IDLE MOVE NAMESPACE QUOTA SPECIAL-USE UIDPLUS UNSELECT UTF8=ACCEPT XLIST
sill IMAP [qy73sk76t4ptvneh] S: T1 OK 0x1a2b3c4d5e6f789012345678901234567890abcd authenticated
sill IMAP [qy73sk76t4ptvneh] C: T2 CREATE parent/child/aaaaaaaaaaaaaaaaaaaaaaaaaaaaaaaaaaaaaaaaaaaaaaaaaaaaaaaaaaaaaaaaaaaaaaaaaaaaaaaaaaaaaaaaaaaaaaaaaaaaaaaaaaaaaaaaaaaaaaaaaaaaaaaaaaaaaaaaaaaaaaaaaaaaaaaaaaaaaaaaaaaaaaaaaaaaaaaaaaaaaaaaaaaaaaaaaaaaaaaaaaaaaaaaaaaaaaaaaaaaaaaaaaaaaaaaaaaaaaaaaaaaaaaaaaaaaaaaaaaaaaaaaaaaaaaaaaaaaaaaaaaaaaaaaaaaaaaaaaaaaaaaaaaaaaaaaaaaaaaaaaaaaaaaaaaaaaaaaaaaaaaaaaaaaaaaaaaaaaaaaaaaaaaaaaaaaaaaaaaaaaaaaaaaaaaaaaaaaaaaaaaaaaaaaaaaaaaaaaaaaaaaaaaaaaaaaaaaaaaaaaaaaaaaaaaaaaaaaaaaaaaaaaaaaaaaaaaaaaaaaaaaaaaaaaaaaaaaaaaaaaaaaaaaaaaaa
sill
IMAP [qy73sk76t4ptvneh] CREATE "parent/child/aaaaaaaaaaaaaaaaaaaaaaaaaaaaaaaaaaaaaaaaaaaaaaaaaaaaaaaaaaaaaaaaaaaaaaaaaaaaaaaaaaaaaaaaaaaaaaaaaaaaaaaaaaaaaaaaaaaaaaaaaaaaaaaaaaaaaaaaaaaaaaaaaaaaaaaaaaaaaaaaaaaaaaaaaaaaaaaaaaaaaaaaaaaaaaaaaaaaaaaaaaaaaaaaaaaaaaaaaaaaaaaaaaaaaaaaaaaaaaaaaaaaaaaaaaaaaaaaaaaaaaaaaaaaaaaaaaaaaaaaaaaaaaaaaaaaaaaaaaaaaaaaaaaaaaaaaaaaaaaaaaaaaaaaaaaaaaaaaaaaaaaaaaaaaaaaaaaaaaaaaaaaaaaaaaaaaaaaaaaaaaaaaaaaaaaaaaaaaaaaaaaaaaaaaaaaaaaaaaaaaaaaaaaaaaaaaaaaaaaaaaaaaaaaaaaaaaaaaaaaaaaaaaaaaaaaaaaaaaaaaaaaaaaaaaaaaaaaaaaaaaaaaaaaaaaaa"
info Gelf {"short_message":"WILDDUCK [CREATE]","_mail_action":"create","_path":"parent/child/aaaaaaaaaaaaaaaaaaaaaaaaaaaaaaaaaaaaaaaaaaaaaaaaaaaaaaaaaaaaaaaaaaaaaaaaaaaaaaaaaaaaaaaaaaaaaaaaaaaaaaaaaaaaaaaaaaaaaaaaaaaaaaaaaaaaaaaaaaaaaaaaaaaaaaaaaaaaaaaaaaaaaaaaaaaaaaaaaaaaaaaaaaaaaaaaaaaaaaaaaaaaaaaaaaaaaaaaaaaaaaaaaaaaaaaaaaaaaaaaaaaaaaaaaaaaaaaaaaaaaaaaaaaaaaaaaaaaaaaaaaaaaaaaaaaaaaaaaaaaaaaaaaaaaaaaaaaaaaaaaaaaaaaaaaaaaaaaaaaaaaaaaaaaaaaaaaaaaaaaaaaaaaaaaaaaaaaaaaaaaaaaaaaaaaaaaaaaaaaaaaaaaaaaaaaaaaaaaaaaaaaaaaaaaaaaaaaaaaaaaaaaaaaaaaaaaaaaaaaaaaaaaaaaaaaaaaaaaaaaaaaaaaaaaaaaaaaaaaaaaaaaaaaaaaaaa","_user":"68d5c0a9abe11a527cea4e01","_sess":"qy73sk76t4ptvneh","_error":"Any part of the mailbox path cannot be longer than 512 chars","_code":"CANNOT","facility":"wildduck","host":"Johns-MacBook-Pro-i9.local","timestamp":1758838954.941,"_component":"wildduck"}
sill IMAP [qy73sk76t4ptvneh] S: T2 NO [CANNOT] CREATE completed
sill IMAP [qy73sk76t4ptvneh] C: T3 CREATE parent/child
sill IMAP [qy73sk76t4ptvneh] CREATE "parent/child"
info Gelf {"short_message":"WILDDUCK [CREATE]","_mail_action":"create","_path":"parent/child","_user":"68d5c0a9abe11a527cea4e01","_sess":"qy73sk76t4ptvneh","_response":true,"facility":"wildduck","host":"Johns-MacBook-Pro-i9.local","timestamp":1758838955.065,"_component":"wildduck"}
sill IMAP [qy73sk76t4ptvneh] S: T3 OK CREATE completed
sill IMAP
[qy73sk76t4ptvneh] C: T4 CREATE testfolder
sill IMAP [qy73sk76t4ptvneh] CREATE "testfolder"
info Gelf {"short_message":"WILDDUCK [CREATE]","_mail_action":"create","_path":"testfolder","_user":"68d5c0a9abe11a527cea4e01","_sess":"qy73sk76t4ptvneh","_response":true,"facility":"wildduck","host":"Johns-MacBook-Pro-i9.local","timestamp":1758838955.17,"_component":"wildduck"}
sill IMAP [qy73sk76t4ptvneh] S: T4 OK CREATE completed
sill IMAP [qy73sk76t4ptvneh] C: T5 LIST "" "*"
sill IMAP [qy73sk76t4ptvneh] LIST for "*"
sill IMAP [qy73sk76t4ptvneh] S: * LIST (\HasNoChildren) "/" "INBOX"
sill IMAP [qy73sk76t4ptvneh] S: * LIST (\HasNoChildren \Sent) "/" "[Gmail]/Sent Mail"
sill IMAP [qy73sk76t4ptvneh] S: * LIST (\Noselect \HasChildren) "/" "[Gmail]"
sill IMAP [qy73sk76t4ptvneh] S: * LIST (\HasNoChildren \Drafts) "/" "Drafts"
sill IMAP
[qy73sk76t4ptvneh] S: * LIST (\HasNoChildren \Junk) "/" "Junk"
sill IMAP [qy73sk76t4ptvneh] S: * LIST (\HasNoChildren) "/" "parent/child"
sill IMAP [qy73sk76t4ptvneh] S: * LIST (\Noselect \HasChildren) "/" "parent"
sill
IMAP [qy73sk76t4ptvneh] S: * LIST (\HasNoChildren) "/" "testfolder"
sill IMAP [qy73sk76t4ptvneh] S: * LIST (\HasNoChildren \Trash) "/" "Trash"
sill IMAP [qy73sk76t4ptvneh] S: T5 OK LIST completed
sill IMAP [qy73sk76t4ptvneh] C: T6 LOGOUT
sill IMAP [qy73sk76t4ptvneh] Removed journal listener from 68d5c0a9abe11a527cea4e01 (0x1a2b3c4d5e6f789012345678901234567890abcd)
sill IMAP [qy73sk76t4ptvneh] S: * BYE Logout requested
sill IMAP [qy73sk76t4ptvneh] S: T6 OK Cut the dramatics, would yeh, and follow me!
      ✔ cannot create a mailbox with subpath length bigger than 512 chars (787ms)
info Gelf {"short_message":"WILDDUCK [CONNRELEASE] Connection released for 68d5c0a9abe11a527cea4e01","_connection":"release","_service":"imap","_sess":"qy73sk76t4ptvneh","_user":"68d5c0a9abe11a527cea4e01","_cid":"qy73sk76t4ptvneh","_ip":"127.0.0.1","facility":"wildduck","host":"Johns-MacBook-Pro-i9.local","timestamp":1758838955.377,"_component":"wildduck"}
info IMAP [qy73sk76t4ptvneh] Connection closed to [127.0.0.1]
info Gelf {"short_message":"WILDDUCK HTTP [GET /users] OK","_remote_ip":"127.0.0.1","_http_route":"/users","_http_method":"GET","_user":"root","_role":"root","_api_response":"success","_size":723,"facility":"wildduck","host":"Johns-MacBook-Pro-i9.local","timestamp":1758838956.042,"_component":"wildduck"}
http API 127.0.0.1 root [-/-] GET /users 200 4ms
info Gelf {"short_message":"WILDDUCK HTTP [GET /users] OK","_remote_ip":"127.0.0.1","_http_route":"/users","_http_method":"GET","_user":"root","_role":"root","_api_response":"success","_size":780,"_req_query":"0x1a2b3c4d5e6f789012345678901234567890abcd","facility":"wildduck","host":"Johns-MacBook-Pro-i9.local","timestamp":1758838956.069,"_component":"wildduck"}
http
API 127.0.0.1 root [-/-] GET /users?query=0x1a2b3c4d5e6f789012345678901234567890abcd 200 5ms
verb Tasks Created task id=68d5c0acabe11a527cea4e24
info Gelf {"short_message":"WILDDUCK HTTP [DELETE /users/:user] OK","_remote_ip":"127.0.0.1","_http_route":"/users/:user","_http_method":"DELETE","_user":"root","_role":"root","_api_response":"success","_code":"TaskScheduled","_size":209,"_req_user":"68d5c0a9abe11a527cea4e01","facility":"wildduck","host":"Johns-MacBook-Pro-i9.local","timestamp":1758838956.12,"_component":"wildduck"}
http
API 127.0.0.1 root [-/-] DELETE /users/68d5c0a9abe11a527cea4e01 200 18ms
verb Tasks Found task for processing id=68d5c09cabe11a527cea4db7
verb
Tasks type=user-delete id=68d5c09cabe11a527cea4db7 data={"user":"68d5c09aabe11a527cea4d99"}
verb Tasks task=user-delete id=68d5c09cabe11a527cea4db7 user=68d5c09aabe11a527cea4d99 message=Deleted 3 addresses from registry
verb Tasks task=user-delete id=68d5c09cabe11a527cea4db7 user=68d5c09aabe11a527cea4d99 message=Marked 6 messages for deletion
verb Tasks task=user-delete id=68d5c09cabe11a527cea4db7 user=68d5c09aabe11a527cea4d99 message=Marked total of 6 messages for deletion
verb Tasks task=user-delete id=68d5c09cabe11a527cea4db7 user=68d5c09aabe11a527cea4d99 message=Cleared user specific data
info Tasks Released task id=68d5c09cabe11a527cea4db7 lock=7c7977aabd082859cf557fd7
info Gelf {"short_message":"WILDDUCK HTTP [POST /authenticate] OK","_remote_ip":"127.0.0.1","_http_route":"/authenticate","_http_method":"POST","_user":"root","_role":"root","_api_response":"success","_size":334,"_req_username":"0x1a2b3c4d5e6f789012345678901234567890abcd","_req_password":"***","_req_token":"true","_res_id":"68d5c0aeabe11a527cea4e27","facility":"wildduck","host":"Johns-MacBook-Pro-i9.local","timestamp":1758838958.744,"_component":"wildduck"}
http API 127.0.0.1 root [-/-] POST /authenticate 200 144ms
verb Tasks Found task for processing id=68d5c0a1abe11a527cea4dd7
verb Tasks type=user-delete id=68d5c0a1abe11a527cea4dd7 data={"user":"68d5c09fabe11a527cea4dba"}
verb Tasks task=user-delete id=68d5c0a1abe11a527cea4dd7 user=68d5c09fabe11a527cea4dba message=Deleted 3 addresses from registry
verb Tasks task=user-delete id=68d5c0a1abe11a527cea4dd7 user=68d5c09fabe11a527cea4dba message=Marked 6 messages for deletion
verb Tasks task=user-delete id=68d5c0a1abe11a527cea4dd7 user=68d5c09fabe11a527cea4dba message=Marked total of 6 messages for deletion
verb Tasks task=user-delete id=68d5c0a1abe11a527cea4dd7 user=68d5c09fabe11a527cea4dba message=Cleared user specific data
info Tasks Released task id=68d5c0a1abe11a527cea4dd7 lock=d721983928629c8f1257a667
info Gelf
{"short_message":"WILDDUCK HTTP [GET /users] OK","_remote_ip":"127.0.0.1","_http_route":"/users","_http_method":"GET","_user":"root","_role":"root","_api_response":"success","_size":776,"_req_query":"0x1a2b3c4d5e6f789012345678901234567890abcd","facility":"wildduck","host":"Johns-MacBook-Pro-i9.local","timestamp":1758838958.785,"_component":"wildduck"}
http
API 127.0.0.1 root [-/-] GET /users?query=0x1a2b3c4d5e6f789012345678901234567890abcd 200 6ms
info Gelf {"short_message":"WILDDUCK HTTP [GET /users/:user/mailboxes] OK","_remote_ip":"127.0.0.1","_http_route":"/users/:user/mailboxes","_http_method":"GET","_user":"root","_role":"root","_api_response":"success","_size":1275,"_req_user":"68d5c0aeabe11a527cea4e27","facility":"wildduck","host":"Johns-MacBook-Pro-i9.local","timestamp":1758838958.822,"_component":"wildduck"}
http API
127.0.0.1 root [-/-] GET /users/68d5c0aeabe11a527cea4e27/mailboxes 200 2ms
info Gelf {"short_message":"WILDDUCK HTTP [PUT /users/:user/mailboxes/:mailbox] OK","_remote_ip":"127.0.0.1","_http_route":"/users/:user/mailboxes/:mailbox","_http_method":"PUT","_user":"root","_role":"root","_api_response":"success","_size":22,"_req_user":"68d5c0aeabe11a527cea4e27","_req_mailbox":"68d5c0aeabe11a527cea4e29","_req_path":"[Gmail]/Sent Mail","facility":"wildduck","host":"Johns-MacBook-Pro-i9.local","timestamp":1758838958.882,"_component":"wildduck"}
http API 127.0.0.1 root [-/-] PUT /users/68d5c0aeabe11a527cea4e27/mailboxes/68d5c0aeabe11a527cea4e29 200 6ms
info Gelf {"short_message":"WILDDUCK HTTP [GET /users/:user/mailboxes] OK","_remote_ip":"127.0.0.1","_http_route":"/users/:user/mailboxes","_http_method":"GET","_user":"root","_role":"root","_api_response":"success","_size":1283,"_req_user":"68d5c0aeabe11a527cea4e27","facility":"wildduck","host":"Johns-MacBook-Pro-i9.local","timestamp":1758838958.912,"_component":"wildduck"}
http API 127.0.0.1 root [-/-] GET /users/68d5c0aeabe11a527cea4e27/mailboxes 200 7ms
info Gelf {"short_message":"WILDDUCK [QUOTA] +","_mail_action":"quota","_user":"68d5c0aeabe11a527cea4e27","_inc":256,"_storage_used":256,"_mailbox":"68d5c0aeabe11a527cea4e28","facility":"wildduck","host":"Johns-MacBook-Pro-i9.local","timestamp":1758838959.167,"_component":"wildduck"}
info Gelf {"short_message":"WILDDUCK HTTP [POST /users/:user/mailboxes/:mailbox/messages] OK","_remote_ip":"127.0.0.1","_http_route":"/users/:user/mailboxes/:mailbox/messages","_http_method":"POST","_user":"root","_role":"root","_api_response":"success","_size":114,"_req_user":"68d5c0aeabe11a527cea4e27","_req_mailbox":"68d5c0aeabe11a527cea4e28","_req_date":"14-Sep-2013 21:22:28 -0300","_req_unseen":"true","_req_raw":"<Buffer 66 72 6f 6d 3a 20 30 78 62 30 36 63 64 65 66 61 31 61 32 62 33 63 34 64 35 65 36 66 37 38 39 30 31 32 33 34 35 36 37 38 …","facility":"wildduck","host":"Johns-MacBook-Pro-i9.local","timestamp":1758838959.175,"_component":"wildduck"}
http API 127.0.0.1 root [-/-] POST /users/68d5c0aeabe11a527cea4e27/mailboxes/68d5c0aeabe11a527cea4e28/messages?date=14-Sep-2013%2021%3A22%3A28%20-0300&unseen=true 200 14ms
info Gelf {"short_message":"WILDDUCK [QUOTA] +","_mail_action":"quota","_user":"68d5c0aeabe11a527cea4e27","_inc":21927,"_storage_used":22183,"_mailbox":"68d5c0aeabe11a527cea4e28","facility":"wildduck","host":"Johns-MacBook-Pro-i9.local","timestamp":1758838959.241,"_component":"wildduck"}
info Gelf {"short_message":"WILDDUCK HTTP [POST /users/:user/mailboxes/:mailbox/messages] OK","_remote_ip":"127.0.0.1","_http_route":"/users/:user/mailboxes/:mailbox/messages","_http_method":"POST","_user":"root","_role":"root","_api_response":"success","_size":116,"_req_user":"68d5c0aeabe11a527cea4e27","_req_mailbox":"68d5c0aeabe11a527cea4e28","_req_unseen":"false","_req_raw":"<Buffer 53 75 62 6a 65 63 74 3a 20 52 79 61 6e 20 46 69 6e 6e 69 65 27 73 20 4d 49 4d 45 20 54 6f 72 74 75 72 65 20 54 65 73 74 …","facility":"wildduck","host":"Johns-MacBook-Pro-i9.local","timestamp":1758838959.266,"_component":"wildduck"}
http API 127.0.0.1 root [-/-] POST /users/68d5c0aeabe11a527cea4e27/mailboxes/68d5c0aeabe11a527cea4e28/messages?unseen=false 200 66ms
info Gelf {"short_message":"WILDDUCK [QUOTA] +","_mail_action":"quota","_user":"68d5c0aeabe11a527cea4e27","_inc":1044,"_storage_used":23227,"_mailbox":"68d5c0aeabe11a527cea4e28","facility":"wildduck","host":"Johns-MacBook-Pro-i9.local","timestamp":1758838959.314,"_component":"wildduck"}
info Gelf {"short_message":"WILDDUCK HTTP [POST /users/:user/mailboxes/:mailbox/messages] OK","_remote_ip":"127.0.0.1","_http_route":"/users/:user/mailboxes/:mailbox/messages","_http_method":"POST","_user":"root","_role":"root","_api_response":"success","_size":115,"_req_user":"68d5c0aeabe11a527cea4e27","_req_mailbox":"68d5c0aeabe11a527cea4e28","_req_unseen":"false","_req_raw":"<Buffer 4d 49 4d 45 2d 56 65 72 73 69 6f 6e 3a 20 31 2e 30 0d 0a 46 72 6f 6d 3a 20 30 78 36 62 31 37 65 66 61 62 31 61 32 62 33 …","facility":"wildduck","host":"Johns-MacBook-Pro-i9.local","timestamp":1758838959.321,"_component":"wildduck"}
http API 127.0.0.1 root [-/-] POST /users/68d5c0aeabe11a527cea4e27/mailboxes/68d5c0aeabe11a527cea4e28/messages?unseen=false 200 32ms
info Gelf {"short_message":"WILDDUCK [QUOTA] +","_mail_action":"quota","_user":"68d5c0aeabe11a527cea4e27","_inc":264,"_storage_used":23491,"_mailbox":"68d5c0aeabe11a527cea4e28","facility":"wildduck","host":"Johns-MacBook-Pro-i9.local","timestamp":1758838959.365,"_component":"wildduck"}
info Gelf {"short_message":"WILDDUCK HTTP [POST /users/:user/mailboxes/:mailbox/messages] OK","_remote_ip":"127.0.0.1","_http_route":"/users/:user/mailboxes/:mailbox/messages","_http_method":"POST","_user":"root","_role":"root","_api_response":"success","_size":114,"_req_user":"68d5c0aeabe11a527cea4e27","_req_mailbox":"68d5c0aeabe11a527cea4e28","_req_unseen":"true","_req_raw":"<Buffer 66 72 6f 6d 3a 20 30 78 62 30 36 63 64 65 66 61 31 61 32 62 33 63 34 64 35 65 36 66 37 38 39 30 31 32 33 34 35 36 37 38 …","facility":"wildduck","host":"Johns-MacBook-Pro-i9.local","timestamp":1758838959.372,"_component":"wildduck"}
http API 127.0.0.1 root [-/-] POST /users/68d5c0aeabe11a527cea4e27/mailboxes/68d5c0aeabe11a527cea4e28/messages?unseen=true 200 29ms
info Gelf {"short_message":"WILDDUCK [QUOTA] +","_mail_action":"quota","_user":"68d5c0aeabe11a527cea4e27","_inc":178,"_storage_used":23669,"_mailbox":"68d5c0aeabe11a527cea4e28","facility":"wildduck","host":"Johns-MacBook-Pro-i9.local","timestamp":1758838959.415,"_component":"wildduck"}
info Gelf {"short_message":"WILDDUCK HTTP [POST /users/:user/mailboxes/:mailbox/messages] OK","_remote_ip":"127.0.0.1","_http_route":"/users/:user/mailboxes/:mailbox/messages","_http_method":"POST","_user":"root","_role":"root","_api_response":"success","_size":114,"_req_user":"68d5c0aeabe11a527cea4e27","_req_mailbox":"68d5c0aeabe11a527cea4e28","_req_unseen":"true","_req_raw":"<Buffer 66 72 6f 6d 3a 20 30 78 62 30 36 63 64 65 66 61 31 61 32 62 33 63 34 64 35 65 36 66 37 38 39 30 31 32 33 34 35 36 37 38 …","facility":"wildduck","host":"Johns-MacBook-Pro-i9.local","timestamp":1758838959.422,"_component":"wildduck"}
http API 127.0.0.1 root [-/-] POST /users/68d5c0aeabe11a527cea4e27/mailboxes/68d5c0aeabe11a527cea4e28/messages?unseen=true 200 26ms
info Gelf {"short_message":"WILDDUCK [QUOTA] +","_mail_action":"quota","_user":"68d5c0aeabe11a527cea4e27","_inc":178,"_storage_used":23847,"_mailbox":"68d5c0aeabe11a527cea4e28","facility":"wildduck","host":"Johns-MacBook-Pro-i9.local","timestamp":1758838959.465,"_component":"wildduck"}
info Gelf {"short_message":"WILDDUCK HTTP [POST /users/:user/mailboxes/:mailbox/messages] OK","_remote_ip":"127.0.0.1","_http_route":"/users/:user/mailboxes/:mailbox/messages","_http_method":"POST","_user":"root","_role":"root","_api_response":"success","_size":114,"_req_user":"68d5c0aeabe11a527cea4e27","_req_mailbox":"68d5c0aeabe11a527cea4e28","_req_unseen":"true","_req_raw":"<Buffer 66 72 6f 6d 3a 20 30 78 62 30 36 63 64 65 66 61 31 61 32 62 33 63 34 64 35 65 36 66 37 38 39 30 31 32 33 34 35 36 37 38 …","facility":"wildduck","host":"Johns-MacBook-Pro-i9.local","timestamp":1758838959.471,"_component":"wildduck"}
http API 127.0.0.1 root [-/-] POST /users/68d5c0aeabe11a527cea4e27/mailboxes/68d5c0aeabe11a527cea4e28/messages?unseen=true 200 26ms
info IMAP [u5drezaawde4qtpm] Secure connection from [127.0.0.1] to Johns-MacBook-Pro-i9.local 127.0.0.1:9993
sill IMAP [u5drezaawde4qtpm] S: * OK WildDuck IMAP Server ready for requests from 127.0.0.1 u5drezaawde4qtpm
sill IMAP [u5drezaawde4qtpm] C: T1 LOGIN "(* value hidden *)" "(* value hidden *)"
info Gelf {"short_message":"WILDDUCK [AUTHOK] 0x1a2b3c4d5e6f789012345678901234567890abcd","_mail_action":"auth","_auth_result":"success","_username":"0x1a2b3c4d5e6f789012345678901234567890abcd","_domain":"johns-macbook-pro-i9.local","_user":"68d5c0aeabe11a527cea4e27","_password_type":"master","_scope":"imap","_ip":"127.0.0.1","_sess":"u5drezaawde4qtpm","facility":"wildduck","host":"Johns-MacBook-Pro-i9.local","timestamp":1758838960.164,"_component":"wildduck"}
info Gelf
{"short_message":"WILDDUCK [CONNSTART] Connection established for 68d5c0aeabe11a527cea4e27","_connection":"establish","_service":"imap","_sess":"u5drezaawde4qtpm","_user":"68d5c0aeabe11a527cea4e27","_cid":"u5drezaawde4qtpm","_ip":"127.0.0.1","_limit":15,"facility":"wildduck","host":"Johns-MacBook-Pro-i9.local","timestamp":1758838960.165,"_component":"wildduck"}
info IMAP [u5drezaawde4qtpm] 0x1a2b3c4d5e6f789012345678901234567890abcd authenticated using LOGIN
sill IMAP [u5drezaawde4qtpm] New journal listener for 68d5c0aeabe11a527cea4e27 (0x1a2b3c4d5e6f789012345678901234567890abcd)
sill IMAP [u5drezaawde4qtpm] S: * CAPABILITY IMAP4rev1 APPENDLIMIT=26214400 CHILDREN CONDSTORE ENABLE ID IDLE MOVE NAMESPACE QUOTA SPECIAL-USE UIDPLUS UNSELECT UTF8=ACCEPT XLIST
sill IMAP [u5drezaawde4qtpm] S: T1 OK 0x1a2b3c4d5e6f789012345678901234567890abcd authenticated
sill IMAP [u5drezaawde4qtpm] C: T2 CREATE subpath0/subpath1/subpath2/subpath3/subpath4/subpath5/subpath6/subpath7/subpath8/subpath9/subpath10/subpath11/subpath12/subpath13/subpath14/subpath15/subpath16/subpath17/subpath18/subpath19/subpath20/subpath21/subpath22/subpath23/subpath24/subpath25/subpath26/subpath27/subpath28/subpath29/subpath30/subpath31/subpath32/subpath33/subpath34/subpath35/subpath36/subpath37/subpath38/subpath39/subpath40/subpath41/subpath42/subpath43/subpath44/subpath45/subpath46/subpath47/subpath48/subpath49/subpath50/subpath51/subpath52/subpath53/subpath54/subpath55/subpath56/subpath57/subpath58/subpath59/subpath60/subpath61/subpath62/subpath63/subpath64/subpath65/subpath66/subpath67/subpath68/subpath69/subpath70/subpath71/subpath72/subpath73/subpath74/subpath75/subpath76/subpath77/subpath78/subpath79/subpath80/subpath81/subpath82/subpath83/subpath84/subpath85/subpath86/subpath87/subpath88/subpath89/subpath90/subpath91/subpath92/subpath93/subpath94/subpath95/subpath96/subpath97/subpath98/subpath99/subpath100/subpath101/subpath102/subpath103/subpath104/subpath105/subpath106/subpath107/subpath108/subpath109/subpath110/subpath111/subpath112/subpath113/subpath114/subpath115/subpath116/subpath117/subpath118/subpath119/subpath120/subpath121/subpath122/subpath123/subpath124/subpath125/subpath126/subpath127/subpath128
sill IMAP [u5drezaawde4qtpm] CREATE "subpath0/subpath1/subpath2/subpath3/subpath4/subpath5/subpath6/subpath7/subpath8/subpath9/subpath10/subpath11/subpath12/subpath13/subpath14/subpath15/subpath16/subpath17/subpath18/subpath19/subpath20/subpath21/subpath22/subpath23/subpath24/subpath25/subpath26/subpath27/subpath28/subpath29/subpath30/subpath31/subpath32/subpath33/subpath34/subpath35/subpath36/subpath37/subpath38/subpath39/subpath40/subpath41/subpath42/subpath43/subpath44/subpath45/subpath46/subpath47/subpath48/subpath49/subpath50/subpath51/subpath52/subpath53/subpath54/subpath55/subpath56/subpath57/subpath58/subpath59/subpath60/subpath61/subpath62/subpath63/subpath64/subpath65/subpath66/subpath67/subpath68/subpath69/subpath70/subpath71/subpath72/subpath73/subpath74/subpath75/subpath76/subpath77/subpath78/subpath79/subpath80/subpath81/subpath82/subpath83/subpath84/subpath85/subpath86/subpath87/subpath88/subpath89/subpath90/subpath91/subpath92/subpath93/subpath94/subpath95/subpath96/subpath97/subpath98/subpath99/subpath100/subpath101/subpath102/subpath103/subpath104/subpath105/subpath106/subpath107/subpath108/subpath109/subpath110/subpath111/subpath112/subpath113/subpath114/subpath115/subpath116/subpath117/subpath118/subpath119/subpath120/subpath121/subpath122/subpath123/subpath124/subpath125/subpath126/subpath127/subpath128"
info Gelf {"short_message":"WILDDUCK [CREATE]","_mail_action":"create","_path":"subpath0/subpath1/subpath2/subpath3/subpath4/subpath5/subpath6/subpath7/subpath8/subpath9/subpath10/subpath11/subpath12/subpath13/subpath14/subpath15/subpath16/subpath17/subpath18/subpath19/subpath20/subpath21/subpath22/subpath23/subpath24/subpath25/subpath26/subpath27/subpath28/subpath29/subpath30/subpath31/subpath32/subpath33/subpath34/subpath35/subpath36/subpath37/subpath38/subpath39/subpath40/subpath41/subpath42/subpath43/subpath44/subpath45/subpath46/subpath47/subpath48/subpath49/subpath50/subpath51/subpath52/subpath53/subpath54/subpath55/subpath56/subpath57/subpath58/subpath59/subpath60/subpath61/subpath62/subpath63/subpath64/subpath65/subpath66/subpath67/subpath68/subpath69/subpath70/subpath71/subpath72/subpath73/subpath74/subpath75/subpath76/subpath77/subpath78/subpath79/subpath80/subpath81/subpath82/subpath83/subpath84/subpath85/subpath86/subpath87/subpath88/subpath89/subpath90/subpath91/subpath92/subpath93/subpath94/subpath95/subpath96/subpath97/subpath98/subpath99/subpath100/subpath101/subpath102/subpath103/subpath104/subpath105/subpath106/subpath107/subpath108/subpath109/subpath110/subpath111/subpath112/subpath113/subpath114/subpath115/subpath116/subpath117/subpath118/subpath119/subpath120/subpath121/subpath122/subpath123/subpath124/subpath125/subpath126/subpath127/subpath128","_user":"68d5c0aeabe11a527cea4e27","_sess":"u5drezaawde4qtpm","_error":"The mailbox path cannot be more than 128 levels deep","_code":"CANNOT","facility":"wildduck","host":"Johns-MacBook-Pro-i9.local","timestamp":1758838960.269,"_component":"wildduck"}
sill IMAP [u5drezaawde4qtpm] S: T2 NO [CANNOT] CREATE completed
sill IMAP [u5drezaawde4qtpm] C: T3 CREATE parent/child
sill IMAP [u5drezaawde4qtpm] CREATE "parent/child"
info Gelf {"short_message":"WILDDUCK [CREATE]","_mail_action":"create","_path":"parent/child","_user":"68d5c0aeabe11a527cea4e27","_sess":"u5drezaawde4qtpm","_response":true,"facility":"wildduck","host":"Johns-MacBook-Pro-i9.local","timestamp":1758838960.375,"_component":"wildduck"}
sill IMAP [u5drezaawde4qtpm] S: T3 OK CREATE completed
sill IMAP [u5drezaawde4qtpm] C: T4 CREATE testfolder
sill IMAP [u5drezaawde4qtpm] CREATE "testfolder"
info Gelf {"short_message":"WILDDUCK [CREATE]","_mail_action":"create","_path":"testfolder","_user":"68d5c0aeabe11a527cea4e27","_sess":"u5drezaawde4qtpm","_response":true,"facility":"wildduck","host":"Johns-MacBook-Pro-i9.local","timestamp":1758838960.482,"_component":"wildduck"}
sill IMAP [u5drezaawde4qtpm] S: T4 OK CREATE completed
sill IMAP [u5drezaawde4qtpm] C: T5 LIST "" "*"
sill IMAP [u5drezaawde4qtpm] LIST for "*"
sill IMAP [u5drezaawde4qtpm] S: * LIST (\HasNoChildren) "/" "INBOX"
sill IMAP [u5drezaawde4qtpm] S: * LIST (\HasNoChildren \Sent) "/" "[Gmail]/Sent Mail"
sill IMAP [u5drezaawde4qtpm] S: * LIST (\Noselect \HasChildren) "/" "[Gmail]"
sill IMAP [u5drezaawde4qtpm] S: * LIST (\HasNoChildren \Drafts) "/" "Drafts"
sill IMAP [u5drezaawde4qtpm] S: * LIST (\HasNoChildren \Junk) "/" "Junk"
sill IMAP [u5drezaawde4qtpm] S: * LIST (\HasNoChildren) "/" "parent/child"
sill IMAP [u5drezaawde4qtpm] S: * LIST (\Noselect \HasChildren) "/" "parent"
sill IMAP [u5drezaawde4qtpm] S: * LIST (\HasNoChildren) "/" "testfolder"
sill IMAP [u5drezaawde4qtpm] S: * LIST (\HasNoChildren \Trash) "/" "Trash"
sill IMAP [u5drezaawde4qtpm] S: T5 OK LIST completed
sill IMAP [u5drezaawde4qtpm] C: T6 LOGOUT
sill IMAP [u5drezaawde4qtpm] Removed journal listener from 68d5c0aeabe11a527cea4e27 (0x1a2b3c4d5e6f789012345678901234567890abcd)
sill IMAP [u5drezaawde4qtpm] S: * BYE Logout requested
sill IMAP [u5drezaawde4qtpm] S: T6 OK Oh, my Glob, you guys, drama bomb!
      ✔ cannot create a mailbox with more than 128 subpaths (811ms)
info Gelf {"short_message":"WILDDUCK [CONNRELEASE] Connection released for 68d5c0aeabe11a527cea4e27","_connection":"release","_service":"imap","_sess":"u5drezaawde4qtpm","_user":"68d5c0aeabe11a527cea4e27","_cid":"u5drezaawde4qtpm","_ip":"127.0.0.1","facility":"wildduck","host":"Johns-MacBook-Pro-i9.local","timestamp":1758838960.689,"_component":"wildduck"}
info IMAP [u5drezaawde4qtpm] Connection closed to [127.0.0.1]
    RENAME
verb Tasks Found task for processing id=68d5c0a6abe11a527cea4dfe
verb Tasks type=user-delete id=68d5c0a6abe11a527cea4dfe data={"user":"68d5c0a4abe11a527cea4dda"}
verb Tasks task=user-delete id=68d5c0a6abe11a527cea4dfe user=68d5c0a4abe11a527cea4dda message=Deleted 3 addresses from registry
verb Tasks task=user-delete id=68d5c0a6abe11a527cea4dfe user=68d5c0a4abe11a527cea4dda message=Marked 6 messages for deletion
verb
Tasks task=user-delete id=68d5c0a6abe11a527cea4dfe user=68d5c0a4abe11a527cea4dda message=Marked total of 6 messages for deletion
verb Tasks task=user-delete id=68d5c0a6abe11a527cea4dfe user=68d5c0a4abe11a527cea4dda message=Cleared user specific data
info Tasks Released task id=68d5c0a6abe11a527cea4dfe lock=3fd4a1f4cbef24c96ee06e27
info Gelf {"short_message":"WILDDUCK HTTP [GET /users] OK","_remote_ip":"127.0.0.1","_http_route":"/users","_http_method":"GET","_user":"root","_role":"root","_api_response":"success","_size":723,"facility":"wildduck","host":"Johns-MacBook-Pro-i9.local","timestamp":1758838961.381,"_component":"wildduck"}
http API 127.0.0.1 root [-/-] GET /users 200 4ms
info Gelf {"short_message":"WILDDUCK HTTP [GET /users] OK","_remote_ip":"127.0.0.1","_http_route":"/users","_http_method":"GET","_user":"root","_role":"root","_api_response":"success","_size":780,"_req_query":"0x1a2b3c4d5e6f789012345678901234567890abcd","facility":"wildduck","host":"Johns-MacBook-Pro-i9.local","timestamp":1758838961.414,"_component":"wildduck"}
http API
127.0.0.1 root [-/-] GET /users?query=0x1a2b3c4d5e6f789012345678901234567890abcd 200 8ms
verb Tasks Created task id=68d5c0b1abe11a527cea4e4b
info Gelf {"short_message":"WILDDUCK HTTP [DELETE /users/:user] OK","_remote_ip":"127.0.0.1","_http_route":"/users/:user","_http_method":"DELETE","_user":"root","_role":"root","_api_response":"success","_code":"TaskScheduled","_size":209,"_req_user":"68d5c0aeabe11a527cea4e27","facility":"wildduck","host":"Johns-MacBook-Pro-i9.local","timestamp":1758838961.47,"_component":"wildduck"}
http API 127.0.0.1 root [-/-] DELETE /users/68d5c0aeabe11a527cea4e27 200 19ms
verb Tasks Found task for processing id=68d5c0acabe11a527cea4e24
verb Tasks type=user-delete id=68d5c0acabe11a527cea4e24 data={"user":"68d5c0a9abe11a527cea4e01"}
verb Tasks task=user-delete id=68d5c0acabe11a527cea4e24 user=68d5c0a9abe11a527cea4e01 message=Deleted 3 addresses from registry
verb Tasks task=user-delete id=68d5c0acabe11a527cea4e24 user=68d5c0a9abe11a527cea4e01 message=Marked 6 messages for deletion
verb Tasks task=user-delete id=68d5c0acabe11a527cea4e24 user=68d5c0a9abe11a527cea4e01 message=Marked total of 6 messages for deletion
verb Tasks task=user-delete id=68d5c0acabe11a527cea4e24 user=68d5c0a9abe11a527cea4e01 message=Cleared user specific data
info Tasks Released task id=68d5c0acabe11a527cea4e24 lock=5bfc6a7dfc76156162436e06
info Gelf {"short_message":"WILDDUCK HTTP [POST /authenticate] OK","_remote_ip":"127.0.0.1","_http_route":"/authenticate","_http_method":"POST","_user":"root","_role":"root","_api_response":"success","_size":334,"_req_username":"0x1a2b3c4d5e6f789012345678901234567890abcd","_req_password":"***","_req_token":"true","_res_id":"68d5c0b4abe11a527cea4e4e","facility":"wildduck","host":"Johns-MacBook-Pro-i9.local","timestamp":1758838964.04,"_component":"wildduck"}
http API
127.0.0.1 root [-/-] POST /authenticate 200 148ms
info Gelf {"short_message":"WILDDUCK HTTP [GET /users] OK","_remote_ip":"127.0.0.1","_http_route":"/users","_http_method":"GET","_user":"root","_role":"root","_api_response":"success","_size":776,"_req_query":"0x1a2b3c4d5e6f789012345678901234567890abcd","facility":"wildduck","host":"Johns-MacBook-Pro-i9.local","timestamp":1758838964.077,"_component":"wildduck"}
http API 127.0.0.1 root [-/-] GET /users?query=0x1a2b3c4d5e6f789012345678901234567890abcd 200 4ms
info Gelf {"short_message":"WILDDUCK HTTP [GET /users/:user/mailboxes] OK","_remote_ip":"127.0.0.1","_http_route":"/users/:user/mailboxes","_http_method":"GET","_user":"root","_role":"root","_api_response":"success","_size":1275,"_req_user":"68d5c0b4abe11a527cea4e4e","facility":"wildduck","host":"Johns-MacBook-Pro-i9.local","timestamp":1758838964.113,"_component":"wildduck"}
http API
127.0.0.1 root [-/-] GET /users/68d5c0b4abe11a527cea4e4e/mailboxes 200 3ms
info Gelf {"short_message":"WILDDUCK HTTP [PUT /users/:user/mailboxes/:mailbox] OK","_remote_ip":"127.0.0.1","_http_route":"/users/:user/mailboxes/:mailbox","_http_method":"PUT","_user":"root","_role":"root","_api_response":"success","_size":22,"_req_user":"68d5c0b4abe11a527cea4e4e","_req_mailbox":"68d5c0b4abe11a527cea4e50","_req_path":"[Gmail]/Sent Mail","facility":"wildduck","host":"Johns-MacBook-Pro-i9.local","timestamp":1758838964.173,"_component":"wildduck"}
http API
127.0.0.1 root [-/-] PUT /users/68d5c0b4abe11a527cea4e4e/mailboxes/68d5c0b4abe11a527cea4e50 200 5ms
info Gelf {"short_message":"WILDDUCK HTTP [GET /users/:user/mailboxes] OK","_remote_ip":"127.0.0.1","_http_route":"/users/:user/mailboxes","_http_method":"GET","_user":"root","_role":"root","_api_response":"success","_size":1283,"_req_user":"68d5c0b4abe11a527cea4e4e","facility":"wildduck","host":"Johns-MacBook-Pro-i9.local","timestamp":1758838964.213,"_component":"wildduck"}
http API 127.0.0.1 root [-/-] GET /users/68d5c0b4abe11a527cea4e4e/mailboxes 200 18ms
info Gelf {"short_message":"WILDDUCK [QUOTA] +","_mail_action":"quota","_user":"68d5c0b4abe11a527cea4e4e","_inc":256,"_storage_used":256,"_mailbox":"68d5c0b4abe11a527cea4e4f","facility":"wildduck","host":"Johns-MacBook-Pro-i9.local","timestamp":1758838964.462,"_component":"wildduck"}
info Gelf {"short_message":"WILDDUCK HTTP [POST /users/:user/mailboxes/:mailbox/messages] OK","_remote_ip":"127.0.0.1","_http_route":"/users/:user/mailboxes/:mailbox/messages","_http_method":"POST","_user":"root","_role":"root","_api_response":"success","_size":114,"_req_user":"68d5c0b4abe11a527cea4e4e","_req_mailbox":"68d5c0b4abe11a527cea4e4f","_req_date":"14-Sep-2013 21:22:28 -0300","_req_unseen":"true","_req_raw":"<Buffer 66 72 6f 6d 3a 20 30 78 62 30 36 63 64 65 66 61 31 61 32 62 33 63 34 64 35 65 36 66 37 38 39 30 31 32 33 34 35 36 37 38 …","facility":"wildduck","host":"Johns-MacBook-Pro-i9.local","timestamp":1758838964.468,"_component":"wildduck"}
http API 127.0.0.1 root [-/-] POST /users/68d5c0b4abe11a527cea4e4e/mailboxes/68d5c0b4abe11a527cea4e4f/messages?date=14-Sep-2013%2021%3A22%3A28%20-0300&unseen=true 200 75ms
info Gelf {"short_message":"WILDDUCK [QUOTA] +","_mail_action":"quota","_user":"68d5c0b4abe11a527cea4e4e","_inc":21927,"_storage_used":22183,"_mailbox":"68d5c0b4abe11a527cea4e4f","facility":"wildduck","host":"Johns-MacBook-Pro-i9.local","timestamp":1758838964.54,"_component":"wildduck"}
info Gelf {"short_message":"WILDDUCK HTTP [POST /users/:user/mailboxes/:mailbox/messages] OK","_remote_ip":"127.0.0.1","_http_route":"/users/:user/mailboxes/:mailbox/messages","_http_method":"POST","_user":"root","_role":"root","_api_response":"success","_size":116,"_req_user":"68d5c0b4abe11a527cea4e4e","_req_mailbox":"68d5c0b4abe11a527cea4e4f","_req_unseen":"false","_req_raw":"<Buffer 53 75 62 6a 65 63 74 3a 20 52 79 61 6e 20 46 69 6e 6e 69 65 27 73 20 4d 49 4d 45 20 54 6f 72 74 75 72 65 20 54 65 73 74 …","facility":"wildduck","host":"Johns-MacBook-Pro-i9.local","timestamp":1758838964.565,"_component":"wildduck"}
http API 127.0.0.1 root [-/-] POST /users/68d5c0b4abe11a527cea4e4e/mailboxes/68d5c0b4abe11a527cea4e4f/messages?unseen=false 200 75ms
info Gelf {"short_message":"WILDDUCK [QUOTA] +","_mail_action":"quota","_user":"68d5c0b4abe11a527cea4e4e","_inc":1044,"_storage_used":23227,"_mailbox":"68d5c0b4abe11a527cea4e4f","facility":"wildduck","host":"Johns-MacBook-Pro-i9.local","timestamp":1758838964.614,"_component":"wildduck"}
info Gelf {"short_message":"WILDDUCK HTTP [POST /users/:user/mailboxes/:mailbox/messages] OK","_remote_ip":"127.0.0.1","_http_route":"/users/:user/mailboxes/:mailbox/messages","_http_method":"POST","_user":"root","_role":"root","_api_response":"success","_size":115,"_req_user":"68d5c0b4abe11a527cea4e4e","_req_mailbox":"68d5c0b4abe11a527cea4e4f","_req_unseen":"false","_req_raw":"<Buffer 4d 49 4d 45 2d 56 65 72 73 69 6f 6e 3a 20 31 2e 30 0d 0a 46 72 6f 6d 3a 20 30 78 36 62 31 37 65 66 61 62 31 61 32 62 33 …","facility":"wildduck","host":"Johns-MacBook-Pro-i9.local","timestamp":1758838964.62,"_component":"wildduck"}
http API 127.0.0.1 root [-/-] POST /users/68d5c0b4abe11a527cea4e4e/mailboxes/68d5c0b4abe11a527cea4e4f/messages?unseen=false 200 32ms
info Gelf {"short_message":"WILDDUCK [QUOTA] +","_mail_action":"quota","_user":"68d5c0b4abe11a527cea4e4e","_inc":264,"_storage_used":23491,"_mailbox":"68d5c0b4abe11a527cea4e4f","facility":"wildduck","host":"Johns-MacBook-Pro-i9.local","timestamp":1758838964.664,"_component":"wildduck"}
info Gelf {"short_message":"WILDDUCK HTTP [POST /users/:user/mailboxes/:mailbox/messages] OK","_remote_ip":"127.0.0.1","_http_route":"/users/:user/mailboxes/:mailbox/messages","_http_method":"POST","_user":"root","_role":"root","_api_response":"success","_size":114,"_req_user":"68d5c0b4abe11a527cea4e4e","_req_mailbox":"68d5c0b4abe11a527cea4e4f","_req_unseen":"true","_req_raw":"<Buffer 66 72 6f 6d 3a 20 30 78 62 30 36 63 64 65 66 61 31 61 32 62 33 63 34 64 35 65 36 66 37 38 39 30 31 32 33 34 35 36 37 38 …","facility":"wildduck","host":"Johns-MacBook-Pro-i9.local","timestamp":1758838964.669,"_component":"wildduck"}
http API 127.0.0.1 root [-/-] POST /users/68d5c0b4abe11a527cea4e4e/mailboxes/68d5c0b4abe11a527cea4e4f/messages?unseen=true 200 26ms
info Gelf {"short_message":"WILDDUCK [QUOTA] +","_mail_action":"quota","_user":"68d5c0b4abe11a527cea4e4e","_inc":178,"_storage_used":23669,"_mailbox":"68d5c0b4abe11a527cea4e4f","facility":"wildduck","host":"Johns-MacBook-Pro-i9.local","timestamp":1758838964.715,"_component":"wildduck"}
info Gelf {"short_message":"WILDDUCK HTTP [POST /users/:user/mailboxes/:mailbox/messages] OK","_remote_ip":"127.0.0.1","_http_route":"/users/:user/mailboxes/:mailbox/messages","_http_method":"POST","_user":"root","_role":"root","_api_response":"success","_size":114,"_req_user":"68d5c0b4abe11a527cea4e4e","_req_mailbox":"68d5c0b4abe11a527cea4e4f","_req_unseen":"true","_req_raw":"<Buffer 66 72 6f 6d 3a 20 30 78 62 30 36 63 64 65 66 61 31 61 32 62 33 63 34 64 35 65 36 66 37 38 39 30 31 32 33 34 35 36 37 38 …","facility":"wildduck","host":"Johns-MacBook-Pro-i9.local","timestamp":1758838964.72,"_component":"wildduck"}
http API
127.0.0.1 root [-/-] POST /users/68d5c0b4abe11a527cea4e4e/mailboxes/68d5c0b4abe11a527cea4e4f/messages?unseen=true 200 27ms
info Gelf {"short_message":"WILDDUCK [QUOTA] +","_mail_action":"quota","_user":"68d5c0b4abe11a527cea4e4e","_inc":178,"_storage_used":23847,"_mailbox":"68d5c0b4abe11a527cea4e4f","facility":"wildduck","host":"Johns-MacBook-Pro-i9.local","timestamp":1758838964.765,"_component":"wildduck"}
info Gelf {"short_message":"WILDDUCK HTTP [POST /users/:user/mailboxes/:mailbox/messages] OK","_remote_ip":"127.0.0.1","_http_route":"/users/:user/mailboxes/:mailbox/messages","_http_method":"POST","_user":"root","_role":"root","_api_response":"success","_size":114,"_req_user":"68d5c0b4abe11a527cea4e4e","_req_mailbox":"68d5c0b4abe11a527cea4e4f","_req_unseen":"true","_req_raw":"<Buffer 66 72 6f 6d 3a 20 30 78 62 30 36 63 64 65 66 61 31 61 32 62 33 63 34 64 35 65 36 66 37 38 39 30 31 32 33 34 35 36 37 38 …","facility":"wildduck","host":"Johns-MacBook-Pro-i9.local","timestamp":1758838964.77,"_component":"wildduck"}
http API 127.0.0.1 root [-/-] POST /users/68d5c0b4abe11a527cea4e4e/mailboxes/68d5c0b4abe11a527cea4e4f/messages?unseen=true 200 27ms
verb Tasks Found task for processing id=68d5c0b1abe11a527cea4e4b
verb Tasks type=user-delete id=68d5c0b1abe11a527cea4e4b data={"user":"68d5c0aeabe11a527cea4e27"}
verb Tasks task=user-delete id=68d5c0b1abe11a527cea4e4b user=68d5c0aeabe11a527cea4e27 message=Deleted 3 addresses from registry
verb Tasks task=user-delete id=68d5c0b1abe11a527cea4e4b user=68d5c0aeabe11a527cea4e27 message=Marked 6 messages for deletion
verb Tasks task=user-delete id=68d5c0b1abe11a527cea4e4b user=68d5c0aeabe11a527cea4e27 message=Marked total of 6 messages for deletion
verb Tasks task=user-delete id=68d5c0b1abe11a527cea4e4b user=68d5c0aeabe11a527cea4e27 message=Cleared user specific data
info Tasks Released task id=68d5c0b1abe11a527cea4e4b lock=08ce4f359ac642051b24f33b
info IMAP [xc3dxbwxz2gzntph] Secure connection from [127.0.0.1] to Johns-MacBook-Pro-i9.local 127.0.0.1:9993
sill IMAP [xc3dxbwxz2gzntph] S: * OK WildDuck IMAP Server ready for requests from 127.0.0.1 xc3dxbwxz2gzntph
sill IMAP
[xc3dxbwxz2gzntph] C: T1 LOGIN "(* value hidden *)" "(* value hidden *)"
info Gelf {"short_message":"WILDDUCK [AUTHOK] 0x1a2b3c4d5e6f789012345678901234567890abcd","_mail_action":"auth","_auth_result":"success","_username":"0x1a2b3c4d5e6f789012345678901234567890abcd","_domain":"johns-macbook-pro-i9.local","_user":"68d5c0b4abe11a527cea4e4e","_password_type":"master","_scope":"imap","_ip":"127.0.0.1","_sess":"xc3dxbwxz2gzntph","facility":"wildduck","host":"Johns-MacBook-Pro-i9.local","timestamp":1758838965.414,"_component":"wildduck"}
info Gelf {"short_message":"WILDDUCK [CONNSTART] Connection established for 68d5c0b4abe11a527cea4e4e","_connection":"establish","_service":"imap","_sess":"xc3dxbwxz2gzntph","_user":"68d5c0b4abe11a527cea4e4e","_cid":"xc3dxbwxz2gzntph","_ip":"127.0.0.1","_limit":15,"facility":"wildduck","host":"Johns-MacBook-Pro-i9.local","timestamp":1758838965.415,"_component":"wildduck"}
info IMAP [xc3dxbwxz2gzntph] 0x1a2b3c4d5e6f789012345678901234567890abcd authenticated using LOGIN
sill IMAP [xc3dxbwxz2gzntph] New journal listener for 68d5c0b4abe11a527cea4e4e (0x1a2b3c4d5e6f789012345678901234567890abcd)
sill IMAP [xc3dxbwxz2gzntph] S: * CAPABILITY IMAP4rev1 APPENDLIMIT=26214400 CHILDREN CONDSTORE ENABLE ID IDLE MOVE NAMESPACE QUOTA SPECIAL-USE UIDPLUS UNSELECT UTF8=ACCEPT XLIST
sill IMAP [xc3dxbwxz2gzntph] S: T1 OK 0x1a2b3c4d5e6f789012345678901234567890abcd authenticated
sill IMAP [xc3dxbwxz2gzntph] C: T2 CREATE testfolder
sill IMAP [xc3dxbwxz2gzntph] CREATE "testfolder"
info Gelf {"short_message":"WILDDUCK [CREATE]","_mail_action":"create","_path":"testfolder","_user":"68d5c0b4abe11a527cea4e4e","_sess":"xc3dxbwxz2gzntph","_response":true,"facility":"wildduck","host":"Johns-MacBook-Pro-i9.local","timestamp":1758838965.522,"_component":"wildduck"}
sill IMAP [xc3dxbwxz2gzntph] S: T2 OK CREATE completed
sill IMAP [xc3dxbwxz2gzntph] C: T3 RENAME testfolder parent/child
sill IMAP [xc3dxbwxz2gzntph] RENAME "testfolder" to "parent/child"
info Gelf {"short_message":"WILDDUCK [RENAME]","_mail_action":"rename","_path":"testfolder","_destination":"parent/child","_user":"68d5c0b4abe11a527cea4e4e","_sess":"xc3dxbwxz2gzntph","_response":true,"facility":"wildduck","host":"Johns-MacBook-Pro-i9.local","timestamp":1758838965.63,"_component":"wildduck"}
sill IMAP [xc3dxbwxz2gzntph] S: T3 OK RENAME completed
sill IMAP
[xc3dxbwxz2gzntph] C: T4 RENAME testfolder other
sill IMAP [xc3dxbwxz2gzntph] RENAME "testfolder" to "other"
info Gelf {"short_message":"WILDDUCK [RENAME]","_mail_action":"rename","_path":"testfolder","_destination":"other","_user":"68d5c0b4abe11a527cea4e4e","_sess":"xc3dxbwxz2gzntph","_response":"NONEXISTENT","facility":"wildduck","host":"Johns-MacBook-Pro-i9.local","timestamp":1758838965.733,"_component":"wildduck"}
sill IMAP [xc3dxbwxz2gzntph] S: T4 NO [NONEXISTENT] RENAME completed
sill IMAP
[xc3dxbwxz2gzntph] C: T5 LIST "" "*"
sill IMAP [xc3dxbwxz2gzntph] LIST for "*"
sill IMAP [xc3dxbwxz2gzntph] S: * LIST (\HasNoChildren) "/" "INBOX"
sill IMAP [xc3dxbwxz2gzntph] S: * LIST (\HasNoChildren \Sent) "/" "[Gmail]/Sent Mail"
sill IMAP [xc3dxbwxz2gzntph] S: * LIST (\Noselect \HasChildren) "/" "[Gmail]"
sill IMAP [xc3dxbwxz2gzntph] S: * LIST (\HasNoChildren \Drafts) "/" "Drafts"
sill IMAP [xc3dxbwxz2gzntph] S: * LIST (\HasNoChildren \Junk) "/" "Junk"
sill IMAP [xc3dxbwxz2gzntph] S: * LIST (\HasNoChildren) "/" "parent/child"
sill IMAP [xc3dxbwxz2gzntph] S: * LIST (\Noselect \HasChildren) "/" "parent"
sill IMAP [xc3dxbwxz2gzntph] S: * LIST (\HasNoChildren \Trash) "/" "Trash"
sill IMAP [xc3dxbwxz2gzntph] S: T5 OK LIST completed
sill IMAP [xc3dxbwxz2gzntph] C: T6 LOGOUT
sill IMAP [xc3dxbwxz2gzntph] Removed journal listener from 68d5c0b4abe11a527cea4e4e (0x1a2b3c4d5e6f789012345678901234567890abcd)
sill IMAP [xc3dxbwxz2gzntph] S: * BYE Logout requested
sill IMAP [xc3dxbwxz2gzntph] S: T6 OK All dreams are but another reality. Never forget...
      ✔ should rename existing mailbox (768ms)
info Gelf {"short_message":"WILDDUCK [CONNRELEASE] Connection released for 68d5c0b4abe11a527cea4e4e","_connection":"release","_service":"imap","_sess":"xc3dxbwxz2gzntph","_user":"68d5c0b4abe11a527cea4e4e","_cid":"xc3dxbwxz2gzntph","_ip":"127.0.0.1","facility":"wildduck","host":"Johns-MacBook-Pro-i9.local","timestamp":1758838965.938,"_component":"wildduck"}
info IMAP [xc3dxbwxz2gzntph] Connection closed to [127.0.0.1]
info Gelf {"short_message":"WILDDUCK HTTP [GET /users] OK","_remote_ip":"127.0.0.1","_http_route":"/users","_http_method":"GET","_user":"root","_role":"root","_api_response":"success","_size":723,"facility":"wildduck","host":"Johns-MacBook-Pro-i9.local","timestamp":1758838966.623,"_component":"wildduck"}
http API 127.0.0.1 root [-/-] GET /users 200 4ms
info Gelf {"short_message":"WILDDUCK HTTP [GET /users] OK","_remote_ip":"127.0.0.1","_http_route":"/users","_http_method":"GET","_user":"root","_role":"root","_api_response":"success","_size":780,"_req_query":"0x1a2b3c4d5e6f789012345678901234567890abcd","facility":"wildduck","host":"Johns-MacBook-Pro-i9.local","timestamp":1758838966.664,"_component":"wildduck"}
http API 127.0.0.1 root [-/-] GET /users?query=0x1a2b3c4d5e6f789012345678901234567890abcd 200 18ms
verb Tasks Created task id=68d5c0b6abe11a527cea4e70
info Gelf {"short_message":"WILDDUCK HTTP [DELETE /users/:user] OK","_remote_ip":"127.0.0.1","_http_route":"/users/:user","_http_method":"DELETE","_user":"root","_role":"root","_api_response":"success","_code":"TaskScheduled","_size":209,"_req_user":"68d5c0b4abe11a527cea4e4e","facility":"wildduck","host":"Johns-MacBook-Pro-i9.local","timestamp":1758838966.719,"_component":"wildduck"}
http API 127.0.0.1 root [-/-] DELETE /users/68d5c0b4abe11a527cea4e4e 200 20ms
verb Tasks Found task for processing id=68d5c0b6abe11a527cea4e70
verb Tasks type=user-delete id=68d5c0b6abe11a527cea4e70 data={"user":"68d5c0b4abe11a527cea4e4e"}
verb Tasks task=user-delete id=68d5c0b6abe11a527cea4e70 user=68d5c0b4abe11a527cea4e4e message=Deleted 3 addresses from registry
verb Tasks task=user-delete id=68d5c0b6abe11a527cea4e70 user=68d5c0b4abe11a527cea4e4e message=Marked 6 messages for deletion
verb Tasks task=user-delete id=68d5c0b6abe11a527cea4e70 user=68d5c0b4abe11a527cea4e4e message=Marked total of 6 messages for deletion
verb Tasks task=user-delete id=68d5c0b6abe11a527cea4e70 user=68d5c0b4abe11a527cea4e4e message=Cleared user specific data
info Tasks Released task id=68d5c0b6abe11a527cea4e70 lock=57fa6bc0b10941c42658b3eb
info Gelf {"short_message":"WILDDUCK HTTP [POST /authenticate] OK","_remote_ip":"127.0.0.1","_http_route":"/authenticate","_http_method":"POST","_user":"root","_role":"root","_api_response":"success","_size":334,"_req_username":"0x1a2b3c4d5e6f789012345678901234567890abcd","_req_password":"***","_req_token":"true","_res_id":"68d5c0b9abe11a527cea4e73","facility":"wildduck","host":"Johns-MacBook-Pro-i9.local","timestamp":1758838969.312,"_component":"wildduck"}
http API 127.0.0.1 root [-/-] POST /authenticate 200 151ms
info Gelf {"short_message":"WILDDUCK HTTP [GET /users] OK","_remote_ip":"127.0.0.1","_http_route":"/users","_http_method":"GET","_user":"root","_role":"root","_api_response":"success","_size":776,"_req_query":"0x1a2b3c4d5e6f789012345678901234567890abcd","facility":"wildduck","host":"Johns-MacBook-Pro-i9.local","timestamp":1758838969.364,"_component":"wildduck"}
http API 127.0.0.1 root [-/-] GET /users?query=0x1a2b3c4d5e6f789012345678901234567890abcd 200 18ms
info Gelf {"short_message":"WILDDUCK HTTP [GET /users/:user/mailboxes] OK","_remote_ip":"127.0.0.1","_http_route":"/users/:user/mailboxes","_http_method":"GET","_user":"root","_role":"root","_api_response":"success","_size":1275,"_req_user":"68d5c0b9abe11a527cea4e73","facility":"wildduck","host":"Johns-MacBook-Pro-i9.local","timestamp":1758838969.412,"_component":"wildduck"}
http API 127.0.0.1 root [-/-] GET /users/68d5c0b9abe11a527cea4e73/mailboxes 200 14ms
info Gelf {"short_message":"WILDDUCK HTTP [PUT /users/:user/mailboxes/:mailbox] OK","_remote_ip":"127.0.0.1","_http_route":"/users/:user/mailboxes/:mailbox","_http_method":"PUT","_user":"root","_role":"root","_api_response":"success","_size":22,"_req_user":"68d5c0b9abe11a527cea4e73","_req_mailbox":"68d5c0b9abe11a527cea4e75","_req_path":"[Gmail]/Sent Mail","facility":"wildduck","host":"Johns-MacBook-Pro-i9.local","timestamp":1758838969.47,"_component":"wildduck"}
http API
127.0.0.1 root [-/-] PUT /users/68d5c0b9abe11a527cea4e73/mailboxes/68d5c0b9abe11a527cea4e75 200 5ms
info Gelf {"short_message":"WILDDUCK HTTP [GET /users/:user/mailboxes] OK","_remote_ip":"127.0.0.1","_http_route":"/users/:user/mailboxes","_http_method":"GET","_user":"root","_role":"root","_api_response":"success","_size":1283,"_req_user":"68d5c0b9abe11a527cea4e73","facility":"wildduck","host":"Johns-MacBook-Pro-i9.local","timestamp":1758838969.512,"_component":"wildduck"}
http API 127.0.0.1 root [-/-] GET /users/68d5c0b9abe11a527cea4e73/mailboxes 200 19ms
info Gelf {"short_message":"WILDDUCK [QUOTA] +","_mail_action":"quota","_user":"68d5c0b9abe11a527cea4e73","_inc":256,"_storage_used":256,"_mailbox":"68d5c0b9abe11a527cea4e74","facility":"wildduck","host":"Johns-MacBook-Pro-i9.local","timestamp":1758838969.716,"_component":"wildduck"}
info Gelf {"short_message":"WILDDUCK HTTP [POST /users/:user/mailboxes/:mailbox/messages] OK","_remote_ip":"127.0.0.1","_http_route":"/users/:user/mailboxes/:mailbox/messages","_http_method":"POST","_user":"root","_role":"root","_api_response":"success","_size":114,"_req_user":"68d5c0b9abe11a527cea4e73","_req_mailbox":"68d5c0b9abe11a527cea4e74","_req_date":"14-Sep-2013 21:22:28 -0300","_req_unseen":"true","_req_raw":"<Buffer 66 72 6f 6d 3a 20 30 78 62 30 36 63 64 65 66 61 31 61 32 62 33 63 34 64 35 65 36 66 37 38 39 30 31 32 33 34 35 36 37 38 …","facility":"wildduck","host":"Johns-MacBook-Pro-i9.local","timestamp":1758838969.723,"_component":"wildduck"}
http API
127.0.0.1 root [-/-] POST /users/68d5c0b9abe11a527cea4e73/mailboxes/68d5c0b9abe11a527cea4e74/messages?date=14-Sep-2013%2021%3A22%3A28%20-0300&unseen=true 200 25ms
info Gelf {"short_message":"WILDDUCK [QUOTA] +","_mail_action":"quota","_user":"68d5c0b9abe11a527cea4e73","_inc":21927,"_storage_used":22183,"_mailbox":"68d5c0b9abe11a527cea4e74","facility":"wildduck","host":"Johns-MacBook-Pro-i9.local","timestamp":1758838969.789,"_component":"wildduck"}
info Gelf {"short_message":"WILDDUCK HTTP [POST /users/:user/mailboxes/:mailbox/messages] OK","_remote_ip":"127.0.0.1","_http_route":"/users/:user/mailboxes/:mailbox/messages","_http_method":"POST","_user":"root","_role":"root","_api_response":"success","_size":116,"_req_user":"68d5c0b9abe11a527cea4e73","_req_mailbox":"68d5c0b9abe11a527cea4e74","_req_unseen":"false","_req_raw":"<Buffer 53 75 62 6a 65 63 74 3a 20 52 79 61 6e 20 46 69 6e 6e 69 65 27 73 20 4d 49 4d 45 20 54 6f 72 74 75 72 65 20 54 65 73 74 …","facility":"wildduck","host":"Johns-MacBook-Pro-i9.local","timestamp":1758838969.814,"_component":"wildduck"}
http API 127.0.0.1 root [-/-] POST /users/68d5c0b9abe11a527cea4e73/mailboxes/68d5c0b9abe11a527cea4e74/messages?unseen=false 200 67ms
info Gelf {"short_message":"WILDDUCK [QUOTA] +","_mail_action":"quota","_user":"68d5c0b9abe11a527cea4e73","_inc":1044,"_storage_used":23227,"_mailbox":"68d5c0b9abe11a527cea4e74","facility":"wildduck","host":"Johns-MacBook-Pro-i9.local","timestamp":1758838969.863,"_component":"wildduck"}
info Gelf {"short_message":"WILDDUCK HTTP [POST /users/:user/mailboxes/:mailbox/messages] OK","_remote_ip":"127.0.0.1","_http_route":"/users/:user/mailboxes/:mailbox/messages","_http_method":"POST","_user":"root","_role":"root","_api_response":"success","_size":115,"_req_user":"68d5c0b9abe11a527cea4e73","_req_mailbox":"68d5c0b9abe11a527cea4e74","_req_unseen":"false","_req_raw":"<Buffer 4d 49 4d 45 2d 56 65 72 73 69 6f 6e 3a 20 31 2e 30 0d 0a 46 72 6f 6d 3a 20 30 78 36 62 31 37 65 66 61 62 31 61 32 62 33 …","facility":"wildduck","host":"Johns-MacBook-Pro-i9.local","timestamp":1758838969.869,"_component":"wildduck"}
http API 127.0.0.1 root [-/-] POST /users/68d5c0b9abe11a527cea4e73/mailboxes/68d5c0b9abe11a527cea4e74/messages?unseen=false 200 32ms
info Gelf {"short_message":"WILDDUCK [QUOTA] +","_mail_action":"quota","_user":"68d5c0b9abe11a527cea4e73","_inc":264,"_storage_used":23491,"_mailbox":"68d5c0b9abe11a527cea4e74","facility":"wildduck","host":"Johns-MacBook-Pro-i9.local","timestamp":1758838969.915,"_component":"wildduck"}
info Gelf {"short_message":"WILDDUCK HTTP [POST /users/:user/mailboxes/:mailbox/messages] OK","_remote_ip":"127.0.0.1","_http_route":"/users/:user/mailboxes/:mailbox/messages","_http_method":"POST","_user":"root","_role":"root","_api_response":"success","_size":114,"_req_user":"68d5c0b9abe11a527cea4e73","_req_mailbox":"68d5c0b9abe11a527cea4e74","_req_unseen":"true","_req_raw":"<Buffer 66 72 6f 6d 3a 20 30 78 62 30 36 63 64 65 66 61 31 61 32 62 33 63 34 64 35 65 36 66 37 38 39 30 31 32 33 34 35 36 37 38 …","facility":"wildduck","host":"Johns-MacBook-Pro-i9.local","timestamp":1758838969.921,"_component":"wildduck"}
http API 127.0.0.1 root [-/-] POST /users/68d5c0b9abe11a527cea4e73/mailboxes/68d5c0b9abe11a527cea4e74/messages?unseen=true 200 29ms
info Gelf {"short_message":"WILDDUCK [QUOTA] +","_mail_action":"quota","_user":"68d5c0b9abe11a527cea4e73","_inc":178,"_storage_used":23669,"_mailbox":"68d5c0b9abe11a527cea4e74","facility":"wildduck","host":"Johns-MacBook-Pro-i9.local","timestamp":1758838969.966,"_component":"wildduck"}
info Gelf {"short_message":"WILDDUCK HTTP [POST /users/:user/mailboxes/:mailbox/messages] OK","_remote_ip":"127.0.0.1","_http_route":"/users/:user/mailboxes/:mailbox/messages","_http_method":"POST","_user":"root","_role":"root","_api_response":"success","_size":114,"_req_user":"68d5c0b9abe11a527cea4e73","_req_mailbox":"68d5c0b9abe11a527cea4e74","_req_unseen":"true","_req_raw":"<Buffer 66 72 6f 6d 3a 20 30 78 62 30 36 63 64 65 66 61 31 61 32 62 33 63 34 64 35 65 36 66 37 38 39 30 31 32 33 34 35 36 37 38 …","facility":"wildduck","host":"Johns-MacBook-Pro-i9.local","timestamp":1758838969.972,"_component":"wildduck"}
http API 127.0.0.1 root [-/-] POST /users/68d5c0b9abe11a527cea4e73/mailboxes/68d5c0b9abe11a527cea4e74/messages?unseen=true 200 28ms
info Gelf {"short_message":"WILDDUCK [QUOTA] +","_mail_action":"quota","_user":"68d5c0b9abe11a527cea4e73","_inc":178,"_storage_used":23847,"_mailbox":"68d5c0b9abe11a527cea4e74","facility":"wildduck","host":"Johns-MacBook-Pro-i9.local","timestamp":1758838970.016,"_component":"wildduck"}
info Gelf
{"short_message":"WILDDUCK HTTP [POST /users/:user/mailboxes/:mailbox/messages] OK","_remote_ip":"127.0.0.1","_http_route":"/users/:user/mailboxes/:mailbox/messages","_http_method":"POST","_user":"root","_role":"root","_api_response":"success","_size":114,"_req_user":"68d5c0b9abe11a527cea4e73","_req_mailbox":"68d5c0b9abe11a527cea4e74","_req_unseen":"true","_req_raw":"<Buffer 66 72 6f 6d 3a 20 30 78 62 30 36 63 64 65 66 61 31 61 32 62 33 63 34 64 35 65 36 66 37 38 39 30 31 32 33 34 35 36 37 38 …","facility":"wildduck","host":"Johns-MacBook-Pro-i9.local","timestamp":1758838970.022,"_component":"wildduck"}
http
API 127.0.0.1 root [-/-] POST /users/68d5c0b9abe11a527cea4e73/mailboxes/68d5c0b9abe11a527cea4e74/messages?unseen=true 200 26ms
info IMAP [qqxa6lctdki5vzyo] Secure connection from [127.0.0.1] to Johns-MacBook-Pro-i9.local 127.0.0.1:9993
sill IMAP [qqxa6lctdki5vzyo] S: * OK WildDuck IMAP Server ready for requests from 127.0.0.1 qqxa6lctdki5vzyo
sill IMAP [qqxa6lctdki5vzyo] C: T1 LOGIN "(* value hidden *)" "(* value hidden *)"
info Gelf {"short_message":"WILDDUCK [AUTHOK] 0x1a2b3c4d5e6f789012345678901234567890abcd","_mail_action":"auth","_auth_result":"success","_username":"0x1a2b3c4d5e6f789012345678901234567890abcd","_domain":"johns-macbook-pro-i9.local","_user":"68d5c0b9abe11a527cea4e73","_password_type":"master","_scope":"imap","_ip":"127.0.0.1","_sess":"qqxa6lctdki5vzyo","facility":"wildduck","host":"Johns-MacBook-Pro-i9.local","timestamp":1758838970.64,"_component":"wildduck"}
info Gelf {"short_message":"WILDDUCK [CONNSTART] Connection established for 68d5c0b9abe11a527cea4e73","_connection":"establish","_service":"imap","_sess":"qqxa6lctdki5vzyo","_user":"68d5c0b9abe11a527cea4e73","_cid":"qqxa6lctdki5vzyo","_ip":"127.0.0.1","_limit":15,"facility":"wildduck","host":"Johns-MacBook-Pro-i9.local","timestamp":1758838970.642,"_component":"wildduck"}
info IMAP [qqxa6lctdki5vzyo] 0x1a2b3c4d5e6f789012345678901234567890abcd authenticated using LOGIN
sill IMAP [qqxa6lctdki5vzyo] New journal listener for 68d5c0b9abe11a527cea4e73 (0x1a2b3c4d5e6f789012345678901234567890abcd)
sill IMAP [qqxa6lctdki5vzyo] S: * CAPABILITY IMAP4rev1 APPENDLIMIT=26214400 CHILDREN CONDSTORE ENABLE ID IDLE MOVE NAMESPACE QUOTA SPECIAL-USE UIDPLUS UNSELECT UTF8=ACCEPT XLIST
sill IMAP [qqxa6lctdki5vzyo] S: T1 OK 0x1a2b3c4d5e6f789012345678901234567890abcd authenticated
sill IMAP [qqxa6lctdki5vzyo] C: T2 CREATE testfolder
sill IMAP [qqxa6lctdki5vzyo] CREATE "testfolder"
info Gelf {"short_message":"WILDDUCK [CREATE]","_mail_action":"create","_path":"testfolder","_user":"68d5c0b9abe11a527cea4e73","_sess":"qqxa6lctdki5vzyo","_response":true,"facility":"wildduck","host":"Johns-MacBook-Pro-i9.local","timestamp":1758838970.767,"_component":"wildduck"}
sill IMAP [qqxa6lctdki5vzyo] S: T2 OK CREATE completed
sill IMAP [qqxa6lctdki5vzyo] C: T3 RENAME testfolder parent/child/aaaaaaaaaaaaaaaaaaaaaaaaaaaaaaaaaaaaaaaaaaaaaaaaaaaaaaaaaaaaaaaaaaaaaaaaaaaaaaaaaaaaaaaaaaaaaaaaaaaaaaaaaaaaaaaaaaaaaaaaaaaaaaaaaaaaaaaaaaaaaaaaaaaaaaaaaaaaaaaaaaaaaaaaaaaaaaaaaaaaaaaaaaaaaaaaaaaaaaaaaaaaaaaaaaaaaaaaaaaaaaaaaaaaaaaaaaaaaaaaaaaaaaaaaaaaaaaaaaaaaaaaaaaaaaaaaaaaaaaaaaaaaaaaaaaaaaaaaaaaaaaaaaaaaaaaaaaaaaaaaaaaaaaaaaaaaaaaaaaaaaaaaaaaaaaaaaaaaaaaaaaaaaaaaaaaaaaaaaaaaaaaaaaaaaaaaaaaaaaaaaaaaaaaaaaaaaaaaaaaaaaaaaaaaaaaaaaaaaaaaaaaaaaaaaaaaaaaaaaaaaaaaaaaaaaaaaaaaaaaaaaaaaaaaaaaaaaaaaaaaaaaaaaaaaaaa
sill IMAP
[qqxa6lctdki5vzyo] RENAME "testfolder" to "parent/child/aaaaaaaaaaaaaaaaaaaaaaaaaaaaaaaaaaaaaaaaaaaaaaaaaaaaaaaaaaaaaaaaaaaaaaaaaaaaaaaaaaaaaaaaaaaaaaaaaaaaaaaaaaaaaaaaaaaaaaaaaaaaaaaaaaaaaaaaaaaaaaaaaaaaaaaaaaaaaaaaaaaaaaaaaaaaaaaaaaaaaaaaaaaaaaaaaaaaaaaaaaaaaaaaaaaaaaaaaaaaaaaaaaaaaaaaaaaaaaaaaaaaaaaaaaaaaaaaaaaaaaaaaaaaaaaaaaaaaaaaaaaaaaaaaaaaaaaaaaaaaaaaaaaaaaaaaaaaaaaaaaaaaaaaaaaaaaaaaaaaaaaaaaaaaaaaaaaaaaaaaaaaaaaaaaaaaaaaaaaaaaaaaaaaaaaaaaaaaaaaaaaaaaaaaaaaaaaaaaaaaaaaaaaaaaaaaaaaaaaaaaaaaaaaaaaaaaaaaaaaaaaaaaaaaaaaaaaaaaaaaaaaaaaaaaaaaaaaaaaaaaaaaaaaaaaaa"
info Gelf
{"short_message":"WILDDUCK [RENAME]","_mail_action":"rename","_path":"testfolder","_destination":"parent/child/aaaaaaaaaaaaaaaaaaaaaaaaaaaaaaaaaaaaaaaaaaaaaaaaaaaaaaaaaaaaaaaaaaaaaaaaaaaaaaaaaaaaaaaaaaaaaaaaaaaaaaaaaaaaaaaaaaaaaaaaaaaaaaaaaaaaaaaaaaaaaaaaaaaaaaaaaaaaaaaaaaaaaaaaaaaaaaaaaaaaaaaaaaaaaaaaaaaaaaaaaaaaaaaaaaaaaaaaaaaaaaaaaaaaaaaaaaaaaaaaaaaaaaaaaaaaaaaaaaaaaaaaaaaaaaaaaaaaaaaaaaaaaaaaaaaaaaaaaaaaaaaaaaaaaaaaaaaaaaaaaaaaaaaaaaaaaaaaaaaaaaaaaaaaaaaaaaaaaaaaaaaaaaaaaaaaaaaaaaaaaaaaaaaaaaaaaaaaaaaaaaaaaaaaaaaaaaaaaaaaaaaaaaaaaaaaaaaaaaaaaaaaaaaaaaaaaaaaaaaaaaaaaaaaaaaaaaaaaaaaaaaaaaaaaaaaaaaaaaaaaaaaaaaaaaaaa","_user":"68d5c0b9abe11a527cea4e73","_sess":"qqxa6lctdki5vzyo","_error":"Any part of the mailbox path cannot be longer than 512 chars","_code":"CANNOT","facility":"wildduck","host":"Johns-MacBook-Pro-i9.local","timestamp":1758838970.871,"_component":"wildduck"}
sill IMAP [qqxa6lctdki5vzyo] S: T3 NO [CANNOT] RENAME completed
sill IMAP [qqxa6lctdki5vzyo] C: T5 LIST "" "*"
sill IMAP [qqxa6lctdki5vzyo] LIST for "*"
sill IMAP [qqxa6lctdki5vzyo] S: * LIST (\HasNoChildren) "/" "INBOX"
sill IMAP [qqxa6lctdki5vzyo] S: * LIST (\HasNoChildren \Sent) "/" "[Gmail]/Sent Mail"
sill IMAP [qqxa6lctdki5vzyo] S: * LIST (\Noselect \HasChildren) "/" "[Gmail]"
sill IMAP [qqxa6lctdki5vzyo] S: * LIST (\HasNoChildren \Drafts) "/" "Drafts"
sill IMAP [qqxa6lctdki5vzyo] S: * LIST (\HasNoChildren \Junk) "/" "Junk"
sill
IMAP [qqxa6lctdki5vzyo] S: * LIST (\HasNoChildren) "/" "testfolder"
sill IMAP [qqxa6lctdki5vzyo] S: * LIST (\HasNoChildren \Trash) "/" "Trash"
sill IMAP [qqxa6lctdki5vzyo] S: T5 OK LIST completed
sill IMAP [qqxa6lctdki5vzyo] C: T6 LOGOUT
sill
IMAP [qqxa6lctdki5vzyo] Removed journal listener from 68d5c0b9abe11a527cea4e73 (0x1a2b3c4d5e6f789012345678901234567890abcd)
sill IMAP [qqxa6lctdki5vzyo] S: * BYE Logout requested
sill IMAP [qqxa6lctdki5vzyo] S: T6 OK The Wind Fish is watching...Hoot!
      ✔ cannot rename a mailbox to a mailbox path where subpath length is bigger than max allowed (688ms)
info Gelf {"short_message":"WILDDUCK [CONNRELEASE] Connection released for 68d5c0b9abe11a527cea4e73","_connection":"release","_service":"imap","_sess":"qqxa6lctdki5vzyo","_user":"68d5c0b9abe11a527cea4e73","_cid":"qqxa6lctdki5vzyo","_ip":"127.0.0.1","facility":"wildduck","host":"Johns-MacBook-Pro-i9.local","timestamp":1758838971.076,"_component":"wildduck"}
info IMAP [qqxa6lctdki5vzyo] Connection closed to [127.0.0.1]
info Gelf {"short_message":"WILDDUCK HTTP [GET /users] OK","_remote_ip":"127.0.0.1","_http_route":"/users","_http_method":"GET","_user":"root","_role":"root","_api_response":"success","_size":723,"facility":"wildduck","host":"Johns-MacBook-Pro-i9.local","timestamp":1758838971.764,"_component":"wildduck"}
http API 127.0.0.1 root [-/-] GET /users 200 21ms
info Gelf {"short_message":"WILDDUCK HTTP [GET /users] OK","_remote_ip":"127.0.0.1","_http_route":"/users","_http_method":"GET","_user":"root","_role":"root","_api_response":"success","_size":780,"_req_query":"0x1a2b3c4d5e6f789012345678901234567890abcd","facility":"wildduck","host":"Johns-MacBook-Pro-i9.local","timestamp":1758838971.792,"_component":"wildduck"}
http API 127.0.0.1 root [-/-] GET /users?query=0x1a2b3c4d5e6f789012345678901234567890abcd 200 5ms
verb Tasks Created task id=68d5c0bbabe11a527cea4e92
info Gelf {"short_message":"WILDDUCK HTTP [DELETE /users/:user] OK","_remote_ip":"127.0.0.1","_http_route":"/users/:user","_http_method":"DELETE","_user":"root","_role":"root","_api_response":"success","_code":"TaskScheduled","_size":209,"_req_user":"68d5c0b9abe11a527cea4e73","facility":"wildduck","host":"Johns-MacBook-Pro-i9.local","timestamp":1758838971.834,"_component":"wildduck"}
http API 127.0.0.1 root [-/-] DELETE /users/68d5c0b9abe11a527cea4e73 200 8ms
verb Tasks Found task for processing id=68d5c0bbabe11a527cea4e92
verb Tasks type=user-delete id=68d5c0bbabe11a527cea4e92 data={"user":"68d5c0b9abe11a527cea4e73"}
verb Tasks task=user-delete id=68d5c0bbabe11a527cea4e92 user=68d5c0b9abe11a527cea4e73 message=Deleted 3 addresses from registry
verb Tasks task=user-delete id=68d5c0bbabe11a527cea4e92 user=68d5c0b9abe11a527cea4e73 message=Marked 6 messages for deletion
verb Tasks task=user-delete id=68d5c0bbabe11a527cea4e92 user=68d5c0b9abe11a527cea4e73 message=Marked total of 6 messages for deletion
verb Tasks task=user-delete id=68d5c0bbabe11a527cea4e92 user=68d5c0b9abe11a527cea4e73 message=Cleared user specific data
info Tasks Released task id=68d5c0bbabe11a527cea4e92 lock=a32740356c6341c5d41c82db
info Gelf {"short_message":"WILDDUCK HTTP [POST /authenticate] OK","_remote_ip":"127.0.0.1","_http_route":"/authenticate","_http_method":"POST","_user":"root","_role":"root","_api_response":"success","_size":334,"_req_username":"0x1a2b3c4d5e6f789012345678901234567890abcd","_req_password":"***","_req_token":"true","_res_id":"68d5c0beabe11a527cea4e95","facility":"wildduck","host":"Johns-MacBook-Pro-i9.local","timestamp":1758838974.342,"_component":"wildduck"}
http API 127.0.0.1 root [-/-] POST /authenticate 200 150ms
info Gelf {"short_message":"WILDDUCK HTTP [GET /users] OK","_remote_ip":"127.0.0.1","_http_route":"/users","_http_method":"GET","_user":"root","_role":"root","_api_response":"success","_size":776,"_req_query":"0x1a2b3c4d5e6f789012345678901234567890abcd","facility":"wildduck","host":"Johns-MacBook-Pro-i9.local","timestamp":1758838974.379,"_component":"wildduck"}
http
API 127.0.0.1 root [-/-] GET /users?query=0x1a2b3c4d5e6f789012345678901234567890abcd 200 5ms
info Gelf {"short_message":"WILDDUCK HTTP [GET /users/:user/mailboxes] OK","_remote_ip":"127.0.0.1","_http_route":"/users/:user/mailboxes","_http_method":"GET","_user":"root","_role":"root","_api_response":"success","_size":1275,"_req_user":"68d5c0beabe11a527cea4e95","facility":"wildduck","host":"Johns-MacBook-Pro-i9.local","timestamp":1758838974.415,"_component":"wildduck"}
http API
127.0.0.1 root [-/-] GET /users/68d5c0beabe11a527cea4e95/mailboxes 200 2ms
info Gelf {"short_message":"WILDDUCK HTTP [PUT /users/:user/mailboxes/:mailbox] OK","_remote_ip":"127.0.0.1","_http_route":"/users/:user/mailboxes/:mailbox","_http_method":"PUT","_user":"root","_role":"root","_api_response":"success","_size":22,"_req_user":"68d5c0beabe11a527cea4e95","_req_mailbox":"68d5c0beabe11a527cea4e97","_req_path":"[Gmail]/Sent Mail","facility":"wildduck","host":"Johns-MacBook-Pro-i9.local","timestamp":1758838974.474,"_component":"wildduck"}
http API
127.0.0.1 root [-/-] PUT /users/68d5c0beabe11a527cea4e95/mailboxes/68d5c0beabe11a527cea4e97 200 5ms
info Gelf {"short_message":"WILDDUCK HTTP [GET /users/:user/mailboxes] OK","_remote_ip":"127.0.0.1","_http_route":"/users/:user/mailboxes","_http_method":"GET","_user":"root","_role":"root","_api_response":"success","_size":1283,"_req_user":"68d5c0beabe11a527cea4e95","facility":"wildduck","host":"Johns-MacBook-Pro-i9.local","timestamp":1758838974.513,"_component":"wildduck"}
http API 127.0.0.1 root [-/-] GET /users/68d5c0beabe11a527cea4e95/mailboxes 200 16ms
info Gelf {"short_message":"WILDDUCK [QUOTA] +","_mail_action":"quota","_user":"68d5c0beabe11a527cea4e95","_inc":256,"_storage_used":256,"_mailbox":"68d5c0beabe11a527cea4e96","facility":"wildduck","host":"Johns-MacBook-Pro-i9.local","timestamp":1758838974.69,"_component":"wildduck"}
info Gelf {"short_message":"WILDDUCK HTTP [POST /users/:user/mailboxes/:mailbox/messages] OK","_remote_ip":"127.0.0.1","_http_route":"/users/:user/mailboxes/:mailbox/messages","_http_method":"POST","_user":"root","_role":"root","_api_response":"success","_size":114,"_req_user":"68d5c0beabe11a527cea4e95","_req_mailbox":"68d5c0beabe11a527cea4e96","_req_date":"14-Sep-2013 21:22:28 -0300","_req_unseen":"true","_req_raw":"<Buffer 66 72 6f 6d 3a 20 30 78 62 30 36 63 64 65 66 61 31 61 32 62 33 63 34 64 35 65 36 66 37 38 39 30 31 32 33 34 35 36 37 38 …","facility":"wildduck","host":"Johns-MacBook-Pro-i9.local","timestamp":1758838974.712,"_component":"wildduck"}
http API 127.0.0.1 root [-/-] POST /users/68d5c0beabe11a527cea4e95/mailboxes/68d5c0beabe11a527cea4e96/messages?date=14-Sep-2013%2021%3A22%3A28%20-0300&unseen=true 200 27ms
info Gelf {"short_message":"WILDDUCK [QUOTA] +","_mail_action":"quota","_user":"68d5c0beabe11a527cea4e95","_inc":21927,"_storage_used":22183,"_mailbox":"68d5c0beabe11a527cea4e96","facility":"wildduck","host":"Johns-MacBook-Pro-i9.local","timestamp":1758838974.778,"_component":"wildduck"}
info Gelf {"short_message":"WILDDUCK HTTP [POST /users/:user/mailboxes/:mailbox/messages] OK","_remote_ip":"127.0.0.1","_http_route":"/users/:user/mailboxes/:mailbox/messages","_http_method":"POST","_user":"root","_role":"root","_api_response":"success","_size":116,"_req_user":"68d5c0beabe11a527cea4e95","_req_mailbox":"68d5c0beabe11a527cea4e96","_req_unseen":"false","_req_raw":"<Buffer 53 75 62 6a 65 63 74 3a 20 52 79 61 6e 20 46 69 6e 6e 69 65 27 73 20 4d 49 4d 45 20 54 6f 72 74 75 72 65 20 54 65 73 74 …","facility":"wildduck","host":"Johns-MacBook-Pro-i9.local","timestamp":1758838974.785,"_component":"wildduck"}
http API
127.0.0.1 root [-/-] POST /users/68d5c0beabe11a527cea4e95/mailboxes/68d5c0beabe11a527cea4e96/messages?unseen=false 200 49ms
info Gelf {"short_message":"WILDDUCK [QUOTA] +","_mail_action":"quota","_user":"68d5c0beabe11a527cea4e95","_inc":1044,"_storage_used":23227,"_mailbox":"68d5c0beabe11a527cea4e96","facility":"wildduck","host":"Johns-MacBook-Pro-i9.local","timestamp":1758838974.818,"_component":"wildduck"}
info Gelf {"short_message":"WILDDUCK HTTP [POST /users/:user/mailboxes/:mailbox/messages] OK","_remote_ip":"127.0.0.1","_http_route":"/users/:user/mailboxes/:mailbox/messages","_http_method":"POST","_user":"root","_role":"root","_api_response":"success","_size":115,"_req_user":"68d5c0beabe11a527cea4e95","_req_mailbox":"68d5c0beabe11a527cea4e96","_req_unseen":"false","_req_raw":"<Buffer 4d 49 4d 45 2d 56 65 72 73 69 6f 6e 3a 20 31 2e 30 0d 0a 46 72 6f 6d 3a 20 30 78 36 62 31 37 65 66 61 62 31 61 32 62 33 …","facility":"wildduck","host":"Johns-MacBook-Pro-i9.local","timestamp":1758838974.824,"_component":"wildduck"}
http API
127.0.0.1 root [-/-] POST /users/68d5c0beabe11a527cea4e95/mailboxes/68d5c0beabe11a527cea4e96/messages?unseen=false 200 17ms
info Gelf {"short_message":"WILDDUCK [QUOTA] +","_mail_action":"quota","_user":"68d5c0beabe11a527cea4e95","_inc":264,"_storage_used":23491,"_mailbox":"68d5c0beabe11a527cea4e96","facility":"wildduck","host":"Johns-MacBook-Pro-i9.local","timestamp":1758838974.865,"_component":"wildduck"}
info Gelf
{"short_message":"WILDDUCK HTTP [POST /users/:user/mailboxes/:mailbox/messages] OK","_remote_ip":"127.0.0.1","_http_route":"/users/:user/mailboxes/:mailbox/messages","_http_method":"POST","_user":"root","_role":"root","_api_response":"success","_size":114,"_req_user":"68d5c0beabe11a527cea4e95","_req_mailbox":"68d5c0beabe11a527cea4e96","_req_unseen":"true","_req_raw":"<Buffer 66 72 6f 6d 3a 20 30 78 62 30 36 63 64 65 66 61 31 61 32 62 33 63 34 64 35 65 36 66 37 38 39 30 31 32 33 34 35 36 37 38 …","facility":"wildduck","host":"Johns-MacBook-Pro-i9.local","timestamp":1758838974.871,"_component":"wildduck"}
http API
127.0.0.1 root [-/-] POST /users/68d5c0beabe11a527cea4e95/mailboxes/68d5c0beabe11a527cea4e96/messages?unseen=true 200 25ms
info Gelf {"short_message":"WILDDUCK [QUOTA] +","_mail_action":"quota","_user":"68d5c0beabe11a527cea4e95","_inc":178,"_storage_used":23669,"_mailbox":"68d5c0beabe11a527cea4e96","facility":"wildduck","host":"Johns-MacBook-Pro-i9.local","timestamp":1758838974.915,"_component":"wildduck"}
info Gelf {"short_message":"WILDDUCK HTTP [POST /users/:user/mailboxes/:mailbox/messages] OK","_remote_ip":"127.0.0.1","_http_route":"/users/:user/mailboxes/:mailbox/messages","_http_method":"POST","_user":"root","_role":"root","_api_response":"success","_size":114,"_req_user":"68d5c0beabe11a527cea4e95","_req_mailbox":"68d5c0beabe11a527cea4e96","_req_unseen":"true","_req_raw":"<Buffer 66 72 6f 6d 3a 20 30 78 62 30 36 63 64 65 66 61 31 61 32 62 33 63 34 64 35 65 36 66 37 38 39 30 31 32 33 34 35 36 37 38 …","facility":"wildduck","host":"Johns-MacBook-Pro-i9.local","timestamp":1758838974.921,"_component":"wildduck"}
http API 127.0.0.1 root [-/-] POST /users/68d5c0beabe11a527cea4e95/mailboxes/68d5c0beabe11a527cea4e96/messages?unseen=true 200 26ms
info Gelf {"short_message":"WILDDUCK [QUOTA] +","_mail_action":"quota","_user":"68d5c0beabe11a527cea4e95","_inc":178,"_storage_used":23847,"_mailbox":"68d5c0beabe11a527cea4e96","facility":"wildduck","host":"Johns-MacBook-Pro-i9.local","timestamp":1758838974.965,"_component":"wildduck"}
info Gelf {"short_message":"WILDDUCK HTTP [POST /users/:user/mailboxes/:mailbox/messages] OK","_remote_ip":"127.0.0.1","_http_route":"/users/:user/mailboxes/:mailbox/messages","_http_method":"POST","_user":"root","_role":"root","_api_response":"success","_size":114,"_req_user":"68d5c0beabe11a527cea4e95","_req_mailbox":"68d5c0beabe11a527cea4e96","_req_unseen":"true","_req_raw":"<Buffer 66 72 6f 6d 3a 20 30 78 62 30 36 63 64 65 66 61 31 61 32 62 33 63 34 64 35 65 36 66 37 38 39 30 31 32 33 34 35 36 37 38 …","facility":"wildduck","host":"Johns-MacBook-Pro-i9.local","timestamp":1758838974.971,"_component":"wildduck"}
http API 127.0.0.1 root [-/-] POST /users/68d5c0beabe11a527cea4e95/mailboxes/68d5c0beabe11a527cea4e96/messages?unseen=true 200 26ms
info IMAP [euj2yfu5flspam36] Secure connection from [127.0.0.1] to Johns-MacBook-Pro-i9.local 127.0.0.1:9993
sill IMAP [euj2yfu5flspam36] S: * OK WildDuck IMAP Server ready for requests from 127.0.0.1 euj2yfu5flspam36
sill IMAP [euj2yfu5flspam36] C: T1 LOGIN "(* value hidden *)" "(* value hidden *)"
info Gelf {"short_message":"WILDDUCK [AUTHOK] 0x1a2b3c4d5e6f789012345678901234567890abcd","_mail_action":"auth","_auth_result":"success","_username":"0x1a2b3c4d5e6f789012345678901234567890abcd","_domain":"johns-macbook-pro-i9.local","_user":"68d5c0beabe11a527cea4e95","_password_type":"master","_scope":"imap","_ip":"127.0.0.1","_sess":"euj2yfu5flspam36","facility":"wildduck","host":"Johns-MacBook-Pro-i9.local","timestamp":1758838975.614,"_component":"wildduck"}
info Gelf {"short_message":"WILDDUCK [CONNSTART] Connection established for 68d5c0beabe11a527cea4e95","_connection":"establish","_service":"imap","_sess":"euj2yfu5flspam36","_user":"68d5c0beabe11a527cea4e95","_cid":"euj2yfu5flspam36","_ip":"127.0.0.1","_limit":15,"facility":"wildduck","host":"Johns-MacBook-Pro-i9.local","timestamp":1758838975.615,"_component":"wildduck"}
info IMAP [euj2yfu5flspam36] 0x1a2b3c4d5e6f789012345678901234567890abcd authenticated using LOGIN
sill IMAP [euj2yfu5flspam36] New journal listener for 68d5c0beabe11a527cea4e95 (0x1a2b3c4d5e6f789012345678901234567890abcd)
sill
IMAP [euj2yfu5flspam36] S: * CAPABILITY IMAP4rev1 APPENDLIMIT=26214400 CHILDREN CONDSTORE ENABLE ID IDLE MOVE NAMESPACE QUOTA SPECIAL-USE UIDPLUS UNSELECT UTF8=ACCEPT XLIST
sill IMAP [euj2yfu5flspam36] S: T1 OK 0x1a2b3c4d5e6f789012345678901234567890abcd authenticated
sill IMAP [euj2yfu5flspam36] C: T2 CREATE testfolder
sill IMAP [euj2yfu5flspam36] CREATE "testfolder"
info Gelf {"short_message":"WILDDUCK [CREATE]","_mail_action":"create","_path":"testfolder","_user":"68d5c0beabe11a527cea4e95","_sess":"euj2yfu5flspam36","_response":true,"facility":"wildduck","host":"Johns-MacBook-Pro-i9.local","timestamp":1758838975.724,"_component":"wildduck"}
sill IMAP [euj2yfu5flspam36] S: T2 OK CREATE completed
sill IMAP [euj2yfu5flspam36] C: T3 RENAME testfolder subpath0/subpath1/subpath2/subpath3/subpath4/subpath5/subpath6/subpath7/subpath8/subpath9/subpath10/subpath11/subpath12/subpath13/subpath14/subpath15/subpath16/subpath17/subpath18/subpath19/subpath20/subpath21/subpath22/subpath23/subpath24/subpath25/subpath26/subpath27/subpath28/subpath29/subpath30/subpath31/subpath32/subpath33/subpath34/subpath35/subpath36/subpath37/subpath38/subpath39/subpath40/subpath41/subpath42/subpath43/subpath44/subpath45/subpath46/subpath47/subpath48/subpath49/subpath50/subpath51/subpath52/subpath53/subpath54/subpath55/subpath56/subpath57/subpath58/subpath59/subpath60/subpath61/subpath62/subpath63/subpath64/subpath65/subpath66/subpath67/subpath68/subpath69/subpath70/subpath71/subpath72/subpath73/subpath74/subpath75/subpath76/subpath77/subpath78/subpath79/subpath80/subpath81/subpath82/subpath83/subpath84/subpath85/subpath86/subpath87/subpath88/subpath89/subpath90/subpath91/subpath92/subpath93/subpath94/subpath95/subpath96/subpath97/subpath98/subpath99/subpath100/subpath101/subpath102/subpath103/subpath104/subpath105/subpath106/subpath107/subpath108/subpath109/subpath110/subpath111/subpath112/subpath113/subpath114/subpath115/subpath116/subpath117/subpath118/subpath119/subpath120/subpath121/subpath122/subpath123/subpath124/subpath125/subpath126/subpath127/subpath128
sill IMAP [euj2yfu5flspam36] RENAME "testfolder" to "subpath0/subpath1/subpath2/subpath3/subpath4/subpath5/subpath6/subpath7/subpath8/subpath9/subpath10/subpath11/subpath12/subpath13/subpath14/subpath15/subpath16/subpath17/subpath18/subpath19/subpath20/subpath21/subpath22/subpath23/subpath24/subpath25/subpath26/subpath27/subpath28/subpath29/subpath30/subpath31/subpath32/subpath33/subpath34/subpath35/subpath36/subpath37/subpath38/subpath39/subpath40/subpath41/subpath42/subpath43/subpath44/subpath45/subpath46/subpath47/subpath48/subpath49/subpath50/subpath51/subpath52/subpath53/subpath54/subpath55/subpath56/subpath57/subpath58/subpath59/subpath60/subpath61/subpath62/subpath63/subpath64/subpath65/subpath66/subpath67/subpath68/subpath69/subpath70/subpath71/subpath72/subpath73/subpath74/subpath75/subpath76/subpath77/subpath78/subpath79/subpath80/subpath81/subpath82/subpath83/subpath84/subpath85/subpath86/subpath87/subpath88/subpath89/subpath90/subpath91/subpath92/subpath93/subpath94/subpath95/subpath96/subpath97/subpath98/subpath99/subpath100/subpath101/subpath102/subpath103/subpath104/subpath105/subpath106/subpath107/subpath108/subpath109/subpath110/subpath111/subpath112/subpath113/subpath114/subpath115/subpath116/subpath117/subpath118/subpath119/subpath120/subpath121/subpath122/subpath123/subpath124/subpath125/subpath126/subpath127/subpath128"
info Gelf {"short_message":"WILDDUCK [RENAME]","_mail_action":"rename","_path":"testfolder","_destination":"subpath0/subpath1/subpath2/subpath3/subpath4/subpath5/subpath6/subpath7/subpath8/subpath9/subpath10/subpath11/subpath12/subpath13/subpath14/subpath15/subpath16/subpath17/subpath18/subpath19/subpath20/subpath21/subpath22/subpath23/subpath24/subpath25/subpath26/subpath27/subpath28/subpath29/subpath30/subpath31/subpath32/subpath33/subpath34/subpath35/subpath36/subpath37/subpath38/subpath39/subpath40/subpath41/subpath42/subpath43/subpath44/subpath45/subpath46/subpath47/subpath48/subpath49/subpath50/subpath51/subpath52/subpath53/subpath54/subpath55/subpath56/subpath57/subpath58/subpath59/subpath60/subpath61/subpath62/subpath63/subpath64/subpath65/subpath66/subpath67/subpath68/subpath69/subpath70/subpath71/subpath72/subpath73/subpath74/subpath75/subpath76/subpath77/subpath78/subpath79/subpath80/subpath81/subpath82/subpath83/subpath84/subpath85/subpath86/subpath87/subpath88/subpath89/subpath90/subpath91/subpath92/subpath93/subpath94/subpath95/subpath96/subpath97/subpath98/subpath99/subpath100/subpath101/subpath102/subpath103/subpath104/subpath105/subpath106/subpath107/subpath108/subpath109/subpath110/subpath111/subpath112/subpath113/subpath114/subpath115/subpath116/subpath117/subpath118/subpath119/subpath120/subpath121/subpath122/subpath123/subpath124/subpath125/subpath126/subpath127/subpath128","_user":"68d5c0beabe11a527cea4e95","_sess":"euj2yfu5flspam36","_error":"The mailbox path cannot be more than 128 levels deep","_code":"CANNOT","facility":"wildduck","host":"Johns-MacBook-Pro-i9.local","timestamp":1758838975.828,"_component":"wildduck"}
sill IMAP [euj2yfu5flspam36] S: T3 NO [CANNOT] RENAME completed
sill IMAP [euj2yfu5flspam36] C: T5 LIST "" "*"
sill IMAP [euj2yfu5flspam36] LIST for "*"
sill IMAP [euj2yfu5flspam36] S: * LIST (\HasNoChildren) "/" "INBOX"
sill IMAP [euj2yfu5flspam36] S: * LIST (\HasNoChildren \Sent) "/" "[Gmail]/Sent Mail"
sill IMAP [euj2yfu5flspam36] S: * LIST (\Noselect \HasChildren) "/" "[Gmail]"
sill IMAP [euj2yfu5flspam36] S: * LIST (\HasNoChildren \Drafts) "/" "Drafts"
sill IMAP [euj2yfu5flspam36] S: * LIST (\HasNoChildren \Junk) "/" "Junk"
sill IMAP [euj2yfu5flspam36] S: * LIST (\HasNoChildren) "/" "testfolder"
sill IMAP [euj2yfu5flspam36] S: * LIST (\HasNoChildren \Trash) "/" "Trash"
sill IMAP [euj2yfu5flspam36] S: T5 OK LIST completed
sill IMAP [euj2yfu5flspam36] C: T6 LOGOUT
sill IMAP [euj2yfu5flspam36] Removed journal listener from 68d5c0beabe11a527cea4e95 (0x1a2b3c4d5e6f789012345678901234567890abcd)
sill IMAP
[euj2yfu5flspam36] S: * BYE Logout requested
sill IMAP [euj2yfu5flspam36] S: T6 OK Also, I think the Lemongrabs are getting weirder.
      ✔ cannot rename a mailbox to a mailbox path where there are more than max subpath count (661ms)
info Gelf {"short_message":"WILDDUCK [CONNRELEASE] Connection released for 68d5c0beabe11a527cea4e95","_connection":"release","_service":"imap","_sess":"euj2yfu5flspam36","_user":"68d5c0beabe11a527cea4e95","_cid":"euj2yfu5flspam36","_ip":"127.0.0.1","facility":"wildduck","host":"Johns-MacBook-Pro-i9.local","timestamp":1758838976.032,"_component":"wildduck"}
info IMAP [euj2yfu5flspam36] Connection closed to [127.0.0.1]
    DELETE
info Gelf {"short_message":"WILDDUCK HTTP [GET /users] OK","_remote_ip":"127.0.0.1","_http_route":"/users","_http_method":"GET","_user":"root","_role":"root","_api_response":"success","_size":723,"facility":"wildduck","host":"Johns-MacBook-Pro-i9.local","timestamp":1758838976.689,"_component":"wildduck"}
http API 127.0.0.1 root [-/-] GET /users 200 3ms
info Gelf {"short_message":"WILDDUCK HTTP [GET /users] OK","_remote_ip":"127.0.0.1","_http_route":"/users","_http_method":"GET","_user":"root","_role":"root","_api_response":"success","_size":780,"_req_query":"0x1a2b3c4d5e6f789012345678901234567890abcd","facility":"wildduck","host":"Johns-MacBook-Pro-i9.local","timestamp":1758838976.715,"_component":"wildduck"}
http API 127.0.0.1 root [-/-] GET /users?query=0x1a2b3c4d5e6f789012345678901234567890abcd 200 5ms
verb Tasks Created task id=68d5c0c0abe11a527cea4eb4
info Gelf {"short_message":"WILDDUCK HTTP [DELETE /users/:user] OK","_remote_ip":"127.0.0.1","_http_route":"/users/:user","_http_method":"DELETE","_user":"root","_role":"root","_api_response":"success","_code":"TaskScheduled","_size":209,"_req_user":"68d5c0beabe11a527cea4e95","facility":"wildduck","host":"Johns-MacBook-Pro-i9.local","timestamp":1758838976.769,"_component":"wildduck"}
http API 127.0.0.1 root [-/-] DELETE /users/68d5c0beabe11a527cea4e95 200 20ms
verb Tasks Found task for processing id=68d5c0c0abe11a527cea4eb4
verb Tasks
type=user-delete id=68d5c0c0abe11a527cea4eb4 data={"user":"68d5c0beabe11a527cea4e95"}
verb Tasks task=user-delete id=68d5c0c0abe11a527cea4eb4 user=68d5c0beabe11a527cea4e95 message=Deleted 3 addresses from registry
verb Tasks task=user-delete id=68d5c0c0abe11a527cea4eb4 user=68d5c0beabe11a527cea4e95 message=Marked 6 messages for deletion
verb Tasks task=user-delete id=68d5c0c0abe11a527cea4eb4 user=68d5c0beabe11a527cea4e95 message=Marked total of 6 messages for deletion
verb Tasks task=user-delete id=68d5c0c0abe11a527cea4eb4 user=68d5c0beabe11a527cea4e95 message=Cleared user specific data
info Tasks Released task id=68d5c0c0abe11a527cea4eb4 lock=9362ab8ab2d04dbad234f36e
info Gelf {"short_message":"WILDDUCK HTTP [POST /authenticate] OK","_remote_ip":"127.0.0.1","_http_route":"/authenticate","_http_method":"POST","_user":"root","_role":"root","_api_response":"success","_size":334,"_req_username":"0x1a2b3c4d5e6f789012345678901234567890abcd","_req_password":"***","_req_token":"true","_res_id":"68d5c0c3abe11a527cea4eb7","facility":"wildduck","host":"Johns-MacBook-Pro-i9.local","timestamp":1758838979.295,"_component":"wildduck"}
http API 127.0.0.1 root [-/-] POST /authenticate 200 133ms
info Gelf {"short_message":"WILDDUCK HTTP [GET /users] OK","_remote_ip":"127.0.0.1","_http_route":"/users","_http_method":"GET","_user":"root","_role":"root","_api_response":"success","_size":776,"_req_query":"0x1a2b3c4d5e6f789012345678901234567890abcd","facility":"wildduck","host":"Johns-MacBook-Pro-i9.local","timestamp":1758838979.333,"_component":"wildduck"}
http API 127.0.0.1 root [-/-] GET /users?query=0x1a2b3c4d5e6f789012345678901234567890abcd 200 5ms
info Gelf {"short_message":"WILDDUCK HTTP [GET /users/:user/mailboxes] OK","_remote_ip":"127.0.0.1","_http_route":"/users/:user/mailboxes","_http_method":"GET","_user":"root","_role":"root","_api_response":"success","_size":1275,"_req_user":"68d5c0c3abe11a527cea4eb7","facility":"wildduck","host":"Johns-MacBook-Pro-i9.local","timestamp":1758838979.369,"_component":"wildduck"}
http API
127.0.0.1 root [-/-] GET /users/68d5c0c3abe11a527cea4eb7/mailboxes 200 2ms
info Gelf {"short_message":"WILDDUCK HTTP [PUT /users/:user/mailboxes/:mailbox] OK","_remote_ip":"127.0.0.1","_http_route":"/users/:user/mailboxes/:mailbox","_http_method":"PUT","_user":"root","_role":"root","_api_response":"success","_size":22,"_req_user":"68d5c0c3abe11a527cea4eb7","_req_mailbox":"68d5c0c3abe11a527cea4eb9","_req_path":"[Gmail]/Sent Mail","facility":"wildduck","host":"Johns-MacBook-Pro-i9.local","timestamp":1758838979.43,"_component":"wildduck"}
http
API 127.0.0.1 root [-/-] PUT /users/68d5c0c3abe11a527cea4eb7/mailboxes/68d5c0c3abe11a527cea4eb9 200 5ms
info Gelf {"short_message":"WILDDUCK HTTP [GET /users/:user/mailboxes] OK","_remote_ip":"127.0.0.1","_http_route":"/users/:user/mailboxes","_http_method":"GET","_user":"root","_role":"root","_api_response":"success","_size":1283,"_req_user":"68d5c0c3abe11a527cea4eb7","facility":"wildduck","host":"Johns-MacBook-Pro-i9.local","timestamp":1758838979.463,"_component":"wildduck"}
http API 127.0.0.1 root [-/-] GET /users/68d5c0c3abe11a527cea4eb7/mailboxes 200 11ms
info Gelf {"short_message":"WILDDUCK [QUOTA] +","_mail_action":"quota","_user":"68d5c0c3abe11a527cea4eb7","_inc":256,"_storage_used":256,"_mailbox":"68d5c0c3abe11a527cea4eb8","facility":"wildduck","host":"Johns-MacBook-Pro-i9.local","timestamp":1758838979.616,"_component":"wildduck"}
info Gelf {"short_message":"WILDDUCK HTTP [POST /users/:user/mailboxes/:mailbox/messages] OK","_remote_ip":"127.0.0.1","_http_route":"/users/:user/mailboxes/:mailbox/messages","_http_method":"POST","_user":"root","_role":"root","_api_response":"success","_size":114,"_req_user":"68d5c0c3abe11a527cea4eb7","_req_mailbox":"68d5c0c3abe11a527cea4eb8","_req_date":"14-Sep-2013 21:22:28 -0300","_req_unseen":"true","_req_raw":"<Buffer 66 72 6f 6d 3a 20 30 78 62 30 36 63 64 65 66 61 31 61 32 62 33 63 34 64 35 65 36 66 37 38 39 30 31 32 33 34 35 36 37 38 …","facility":"wildduck","host":"Johns-MacBook-Pro-i9.local","timestamp":1758838979.631,"_component":"wildduck"}
http API 127.0.0.1 root [-/-] POST /users/68d5c0c3abe11a527cea4eb7/mailboxes/68d5c0c3abe11a527cea4eb8/messages?date=14-Sep-2013%2021%3A22%3A28%20-0300&unseen=true 200 30ms
info Gelf {"short_message":"WILDDUCK [QUOTA] +","_mail_action":"quota","_user":"68d5c0c3abe11a527cea4eb7","_inc":21927,"_storage_used":22183,"_mailbox":"68d5c0c3abe11a527cea4eb8","facility":"wildduck","host":"Johns-MacBook-Pro-i9.local","timestamp":1758838979.693,"_component":"wildduck"}
info Gelf {"short_message":"WILDDUCK HTTP [POST /users/:user/mailboxes/:mailbox/messages] OK","_remote_ip":"127.0.0.1","_http_route":"/users/:user/mailboxes/:mailbox/messages","_http_method":"POST","_user":"root","_role":"root","_api_response":"success","_size":116,"_req_user":"68d5c0c3abe11a527cea4eb7","_req_mailbox":"68d5c0c3abe11a527cea4eb8","_req_unseen":"false","_req_raw":"<Buffer 53 75 62 6a 65 63 74 3a 20 52 79 61 6e 20 46 69 6e 6e 69 65 27 73 20 4d 49 4d 45 20 54 6f 72 74 75 72 65 20 54 65 73 74 …","facility":"wildduck","host":"Johns-MacBook-Pro-i9.local","timestamp":1758838979.715,"_component":"wildduck"}
http API 127.0.0.1 root [-/-] POST /users/68d5c0c3abe11a527cea4eb7/mailboxes/68d5c0c3abe11a527cea4eb8/messages?unseen=false 200 60ms
info Gelf {"short_message":"WILDDUCK [QUOTA] +","_mail_action":"quota","_user":"68d5c0c3abe11a527cea4eb7","_inc":1044,"_storage_used":23227,"_mailbox":"68d5c0c3abe11a527cea4eb8","facility":"wildduck","host":"Johns-MacBook-Pro-i9.local","timestamp":1758838979.762,"_component":"wildduck"}
info Gelf {"short_message":"WILDDUCK HTTP [POST /users/:user/mailboxes/:mailbox/messages] OK","_remote_ip":"127.0.0.1","_http_route":"/users/:user/mailboxes/:mailbox/messages","_http_method":"POST","_user":"root","_role":"root","_api_response":"success","_size":115,"_req_user":"68d5c0c3abe11a527cea4eb7","_req_mailbox":"68d5c0c3abe11a527cea4eb8","_req_unseen":"false","_req_raw":"<Buffer 4d 49 4d 45 2d 56 65 72 73 69 6f 6e 3a 20 31 2e 30 0d 0a 46 72 6f 6d 3a 20 30 78 36 62 31 37 65 66 61 62 31 61 32 62 33 …","facility":"wildduck","host":"Johns-MacBook-Pro-i9.local","timestamp":1758838979.767,"_component":"wildduck"}
http API 127.0.0.1 root [-/-] POST /users/68d5c0c3abe11a527cea4eb7/mailboxes/68d5c0c3abe11a527cea4eb8/messages?unseen=false 200 29ms
info Gelf {"short_message":"WILDDUCK [QUOTA] +","_mail_action":"quota","_user":"68d5c0c3abe11a527cea4eb7","_inc":264,"_storage_used":23491,"_mailbox":"68d5c0c3abe11a527cea4eb8","facility":"wildduck","host":"Johns-MacBook-Pro-i9.local","timestamp":1758838979.812,"_component":"wildduck"}
info Gelf {"short_message":"WILDDUCK HTTP [POST /users/:user/mailboxes/:mailbox/messages] OK","_remote_ip":"127.0.0.1","_http_route":"/users/:user/mailboxes/:mailbox/messages","_http_method":"POST","_user":"root","_role":"root","_api_response":"success","_size":114,"_req_user":"68d5c0c3abe11a527cea4eb7","_req_mailbox":"68d5c0c3abe11a527cea4eb8","_req_unseen":"true","_req_raw":"<Buffer 66 72 6f 6d 3a 20 30 78 62 30 36 63 64 65 66 61 31 61 32 62 33 63 34 64 35 65 36 66 37 38 39 30 31 32 33 34 35 36 37 38 …","facility":"wildduck","host":"Johns-MacBook-Pro-i9.local","timestamp":1758838979.818,"_component":"wildduck"}
http API 127.0.0.1 root [-/-] POST /users/68d5c0c3abe11a527cea4eb7/mailboxes/68d5c0c3abe11a527cea4eb8/messages?unseen=true 200 27ms
info Gelf {"short_message":"WILDDUCK [QUOTA] +","_mail_action":"quota","_user":"68d5c0c3abe11a527cea4eb7","_inc":178,"_storage_used":23669,"_mailbox":"68d5c0c3abe11a527cea4eb8","facility":"wildduck","host":"Johns-MacBook-Pro-i9.local","timestamp":1758838979.862,"_component":"wildduck"}
info Gelf {"short_message":"WILDDUCK HTTP [POST /users/:user/mailboxes/:mailbox/messages] OK","_remote_ip":"127.0.0.1","_http_route":"/users/:user/mailboxes/:mailbox/messages","_http_method":"POST","_user":"root","_role":"root","_api_response":"success","_size":114,"_req_user":"68d5c0c3abe11a527cea4eb7","_req_mailbox":"68d5c0c3abe11a527cea4eb8","_req_unseen":"true","_req_raw":"<Buffer 66 72 6f 6d 3a 20 30 78 62 30 36 63 64 65 66 61 31 61 32 62 33 63 34 64 35 65 36 66 37 38 39 30 31 32 33 34 35 36 37 38 …","facility":"wildduck","host":"Johns-MacBook-Pro-i9.local","timestamp":1758838979.868,"_component":"wildduck"}
http API
127.0.0.1 root [-/-] POST /users/68d5c0c3abe11a527cea4eb7/mailboxes/68d5c0c3abe11a527cea4eb8/messages?unseen=true 200 27ms
info Gelf {"short_message":"WILDDUCK [QUOTA] +","_mail_action":"quota","_user":"68d5c0c3abe11a527cea4eb7","_inc":178,"_storage_used":23847,"_mailbox":"68d5c0c3abe11a527cea4eb8","facility":"wildduck","host":"Johns-MacBook-Pro-i9.local","timestamp":1758838979.912,"_component":"wildduck"}
info Gelf {"short_message":"WILDDUCK HTTP [POST /users/:user/mailboxes/:mailbox/messages] OK","_remote_ip":"127.0.0.1","_http_route":"/users/:user/mailboxes/:mailbox/messages","_http_method":"POST","_user":"root","_role":"root","_api_response":"success","_size":114,"_req_user":"68d5c0c3abe11a527cea4eb7","_req_mailbox":"68d5c0c3abe11a527cea4eb8","_req_unseen":"true","_req_raw":"<Buffer 66 72 6f 6d 3a 20 30 78 62 30 36 63 64 65 66 61 31 61 32 62 33 63 34 64 35 65 36 66 37 38 39 30 31 32 33 34 35 36 37 38 …","facility":"wildduck","host":"Johns-MacBook-Pro-i9.local","timestamp":1758838979.917,"_component":"wildduck"}
http API 127.0.0.1 root [-/-] POST /users/68d5c0c3abe11a527cea4eb7/mailboxes/68d5c0c3abe11a527cea4eb8/messages?unseen=true 200 26ms
info IMAP [qtmroe54qebdxi5i] Secure connection from [127.0.0.1] to Johns-MacBook-Pro-i9.local 127.0.0.1:9993
sill IMAP [qtmroe54qebdxi5i] S: * OK WildDuck IMAP Server ready for requests from 127.0.0.1 qtmroe54qebdxi5i
sill IMAP [qtmroe54qebdxi5i] C: T1 LOGIN "(* value hidden *)" "(* value hidden *)"
info Gelf {"short_message":"WILDDUCK [AUTHOK] 0x1a2b3c4d5e6f789012345678901234567890abcd","_mail_action":"auth","_auth_result":"success","_username":"0x1a2b3c4d5e6f789012345678901234567890abcd","_domain":"johns-macbook-pro-i9.local","_user":"68d5c0c3abe11a527cea4eb7","_password_type":"master","_scope":"imap","_ip":"127.0.0.1","_sess":"qtmroe54qebdxi5i","facility":"wildduck","host":"Johns-MacBook-Pro-i9.local","timestamp":1758838980.564,"_component":"wildduck"}
info Gelf {"short_message":"WILDDUCK [CONNSTART] Connection established for 68d5c0c3abe11a527cea4eb7","_connection":"establish","_service":"imap","_sess":"qtmroe54qebdxi5i","_user":"68d5c0c3abe11a527cea4eb7","_cid":"qtmroe54qebdxi5i","_ip":"127.0.0.1","_limit":15,"facility":"wildduck","host":"Johns-MacBook-Pro-i9.local","timestamp":1758838980.566,"_component":"wildduck"}
info IMAP [qtmroe54qebdxi5i] 0x1a2b3c4d5e6f789012345678901234567890abcd authenticated using LOGIN
sill IMAP
[qtmroe54qebdxi5i] New journal listener for 68d5c0c3abe11a527cea4eb7 (0x1a2b3c4d5e6f789012345678901234567890abcd)
sill IMAP [qtmroe54qebdxi5i] S: * CAPABILITY IMAP4rev1 APPENDLIMIT=26214400 CHILDREN CONDSTORE ENABLE ID IDLE MOVE NAMESPACE QUOTA SPECIAL-USE UIDPLUS UNSELECT UTF8=ACCEPT XLIST
sill IMAP [qtmroe54qebdxi5i] S: T1 OK 0x1a2b3c4d5e6f789012345678901234567890abcd authenticated
sill IMAP [qtmroe54qebdxi5i] C: T2 CREATE testfolder
sill IMAP [qtmroe54qebdxi5i] CREATE "testfolder"
info Gelf {"short_message":"WILDDUCK [CREATE]","_mail_action":"create","_path":"testfolder","_user":"68d5c0c3abe11a527cea4eb7","_sess":"qtmroe54qebdxi5i","_response":true,"facility":"wildduck","host":"Johns-MacBook-Pro-i9.local","timestamp":1758838980.673,"_component":"wildduck"}
sill
IMAP [qtmroe54qebdxi5i] S: T2 OK CREATE completed
sill
IMAP [qtmroe54qebdxi5i] C: T3 DELETE testfolder
sill IMAP [qtmroe54qebdxi5i] DELETE "testfolder"
info Gelf {"short_message":"WILDDUCK [DELETE]","_mail_action":"delete","_path":"testfolder","_user":"68d5c0c3abe11a527cea4eb7","_sess":"qtmroe54qebdxi5i","_response":true,"facility":"wildduck","host":"Johns-MacBook-Pro-i9.local","timestamp":1758838980.782,"_component":"wildduck"}
sill IMAP [qtmroe54qebdxi5i] S: T3 OK DELETE completed
sill IMAP [qtmroe54qebdxi5i] C: T4 DELETE testfolder
sill
IMAP [qtmroe54qebdxi5i] DELETE "testfolder"
info Gelf {"short_message":"WILDDUCK [DELETE]","_mail_action":"delete","_path":"testfolder","_user":"68d5c0c3abe11a527cea4eb7","_sess":"qtmroe54qebdxi5i","_response":"NONEXISTENT","facility":"wildduck","host":"Johns-MacBook-Pro-i9.local","timestamp":1758838980.885,"_component":"wildduck"}
sill IMAP [qtmroe54qebdxi5i] S: T4 NO [NONEXISTENT] DELETE completed
sill IMAP [qtmroe54qebdxi5i] C: T5 LIST "" "*"
sill IMAP [qtmroe54qebdxi5i] LIST for "*"
sill IMAP [qtmroe54qebdxi5i] S: * LIST (\HasNoChildren) "/" "INBOX"
sill IMAP [qtmroe54qebdxi5i] S: * LIST (\HasNoChildren \Sent) "/" "[Gmail]/Sent Mail"
sill IMAP [qtmroe54qebdxi5i] S: * LIST (\Noselect \HasChildren) "/" "[Gmail]"
sill IMAP [qtmroe54qebdxi5i] S: * LIST (\HasNoChildren \Drafts) "/" "Drafts"
sill
IMAP [qtmroe54qebdxi5i] S: * LIST (\HasNoChildren \Junk) "/" "Junk"
sill IMAP [qtmroe54qebdxi5i] S: * LIST (\HasNoChildren \Trash) "/" "Trash"
sill IMAP [qtmroe54qebdxi5i] S: T5 OK LIST completed
sill IMAP [qtmroe54qebdxi5i] C: T6 LOGOUT
sill IMAP [qtmroe54qebdxi5i] Removed journal listener from 68d5c0c3abe11a527cea4eb7 (0x1a2b3c4d5e6f789012345678901234567890abcd)
sill IMAP [qtmroe54qebdxi5i] S: * BYE Logout requested
sill IMAP [qtmroe54qebdxi5i] S: T6 OK Not bad for a duck from outer space.
      ✔ should delete existing mailbox (769ms)
info Gelf
{"short_message":"WILDDUCK [CONNRELEASE] Connection released for 68d5c0c3abe11a527cea4eb7","_connection":"release","_service":"imap","_sess":"qtmroe54qebdxi5i","_user":"68d5c0c3abe11a527cea4eb7","_cid":"qtmroe54qebdxi5i","_ip":"127.0.0.1","facility":"wildduck","host":"Johns-MacBook-Pro-i9.local","timestamp":1758838981.09,"_component":"wildduck"}
info IMAP [qtmroe54qebdxi5i] Connection closed to [127.0.0.1]
info Gelf {"short_message":"WILDDUCK HTTP [GET /users] OK","_remote_ip":"127.0.0.1","_http_route":"/users","_http_method":"GET","_user":"root","_role":"root","_api_response":"success","_size":723,"facility":"wildduck","host":"Johns-MacBook-Pro-i9.local","timestamp":1758838981.765,"_component":"wildduck"}
http API 127.0.0.1 root [-/-] GET /users 200 12ms
info Gelf {"short_message":"WILDDUCK HTTP [GET /users] OK","_remote_ip":"127.0.0.1","_http_route":"/users","_http_method":"GET","_user":"root","_role":"root","_api_response":"success","_size":780,"_req_query":"0x1a2b3c4d5e6f789012345678901234567890abcd","facility":"wildduck","host":"Johns-MacBook-Pro-i9.local","timestamp":1758838981.792,"_component":"wildduck"}
http API
127.0.0.1 root [-/-] GET /users?query=0x1a2b3c4d5e6f789012345678901234567890abcd 200 4ms
verb Tasks Created task id=68d5c0c5abe11a527cea4ed8
info Gelf {"short_message":"WILDDUCK HTTP [DELETE /users/:user] OK","_remote_ip":"127.0.0.1","_http_route":"/users/:user","_http_method":"DELETE","_user":"root","_role":"root","_api_response":"success","_code":"TaskScheduled","_size":209,"_req_user":"68d5c0c3abe11a527cea4eb7","facility":"wildduck","host":"Johns-MacBook-Pro-i9.local","timestamp":1758838981.835,"_component":"wildduck"}
http API
127.0.0.1 root [-/-] DELETE /users/68d5c0c3abe11a527cea4eb7 200 10ms
info Gelf {"short_message":"WILDDUCK HTTP [POST /authenticate] OK","_remote_ip":"127.0.0.1","_http_route":"/authenticate","_http_method":"POST","_user":"root","_role":"root","_api_response":"success","_size":334,"_req_username":"0x1a2b3c4d5e6f789012345678901234567890abcd","_req_password":"***","_req_token":"true","_res_id":"68d5c0c8abe11a527cea4eda","facility":"wildduck","host":"Johns-MacBook-Pro-i9.local","timestamp":1758838984.393,"_component":"wildduck"}
http API 127.0.0.1 root [-/-] POST /authenticate 200 133ms
info Gelf {"short_message":"WILDDUCK HTTP [GET /users] OK","_remote_ip":"127.0.0.1","_http_route":"/users","_http_method":"GET","_user":"root","_role":"root","_api_response":"success","_size":776,"_req_query":"0x1a2b3c4d5e6f789012345678901234567890abcd","facility":"wildduck","host":"Johns-MacBook-Pro-i9.local","timestamp":1758838984.431,"_component":"wildduck"}
http API 127.0.0.1 root [-/-] GET /users?query=0x1a2b3c4d5e6f789012345678901234567890abcd 200 4ms
info Gelf {"short_message":"WILDDUCK HTTP [GET /users/:user/mailboxes] OK","_remote_ip":"127.0.0.1","_http_route":"/users/:user/mailboxes","_http_method":"GET","_user":"root","_role":"root","_api_response":"success","_size":1275,"_req_user":"68d5c0c8abe11a527cea4eda","facility":"wildduck","host":"Johns-MacBook-Pro-i9.local","timestamp":1758838984.468,"_component":"wildduck"}
http API
127.0.0.1 root [-/-] GET /users/68d5c0c8abe11a527cea4eda/mailboxes 200 3ms
info Gelf {"short_message":"WILDDUCK HTTP [PUT /users/:user/mailboxes/:mailbox] OK","_remote_ip":"127.0.0.1","_http_route":"/users/:user/mailboxes/:mailbox","_http_method":"PUT","_user":"root","_role":"root","_api_response":"success","_size":22,"_req_user":"68d5c0c8abe11a527cea4eda","_req_mailbox":"68d5c0c8abe11a527cea4edc","_req_path":"[Gmail]/Sent Mail","facility":"wildduck","host":"Johns-MacBook-Pro-i9.local","timestamp":1758838984.529,"_component":"wildduck"}
http API
127.0.0.1 root [-/-] PUT /users/68d5c0c8abe11a527cea4eda/mailboxes/68d5c0c8abe11a527cea4edc 200 6ms
info Gelf {"short_message":"WILDDUCK HTTP [GET /users/:user/mailboxes] OK","_remote_ip":"127.0.0.1","_http_route":"/users/:user/mailboxes","_http_method":"GET","_user":"root","_role":"root","_api_response":"success","_size":1283,"_req_user":"68d5c0c8abe11a527cea4eda","facility":"wildduck","host":"Johns-MacBook-Pro-i9.local","timestamp":1758838984.563,"_component":"wildduck"}
http API 127.0.0.1 root [-/-] GET /users/68d5c0c8abe11a527cea4eda/mailboxes 200 12ms
info Gelf {"short_message":"WILDDUCK [QUOTA] +","_mail_action":"quota","_user":"68d5c0c8abe11a527cea4eda","_inc":256,"_storage_used":256,"_mailbox":"68d5c0c8abe11a527cea4edb","facility":"wildduck","host":"Johns-MacBook-Pro-i9.local","timestamp":1758838984.717,"_component":"wildduck"}
info Gelf {"short_message":"WILDDUCK HTTP [POST /users/:user/mailboxes/:mailbox/messages] OK","_remote_ip":"127.0.0.1","_http_route":"/users/:user/mailboxes/:mailbox/messages","_http_method":"POST","_user":"root","_role":"root","_api_response":"success","_size":114,"_req_user":"68d5c0c8abe11a527cea4eda","_req_mailbox":"68d5c0c8abe11a527cea4edb","_req_date":"14-Sep-2013 21:22:28 -0300","_req_unseen":"true","_req_raw":"<Buffer 66 72 6f 6d 3a 20 30 78 62 30 36 63 64 65 66 61 31 61 32 62 33 63 34 64 35 65 36 66 37 38 39 30 31 32 33 34 35 36 37 38 …","facility":"wildduck","host":"Johns-MacBook-Pro-i9.local","timestamp":1758838984.723,"_component":"wildduck"}
http API 127.0.0.1 root [-/-] POST /users/68d5c0c8abe11a527cea4eda/mailboxes/68d5c0c8abe11a527cea4edb/messages?date=14-Sep-2013%2021%3A22%3A28%20-0300&unseen=true 200 22ms
info Gelf {"short_message":"WILDDUCK [QUOTA] +","_mail_action":"quota","_user":"68d5c0c8abe11a527cea4eda","_inc":21927,"_storage_used":22183,"_mailbox":"68d5c0c8abe11a527cea4edb","facility":"wildduck","host":"Johns-MacBook-Pro-i9.local","timestamp":1758838984.793,"_component":"wildduck"}
info Gelf {"short_message":"WILDDUCK HTTP [POST /users/:user/mailboxes/:mailbox/messages] OK","_remote_ip":"127.0.0.1","_http_route":"/users/:user/mailboxes/:mailbox/messages","_http_method":"POST","_user":"root","_role":"root","_api_response":"success","_size":116,"_req_user":"68d5c0c8abe11a527cea4eda","_req_mailbox":"68d5c0c8abe11a527cea4edb","_req_unseen":"false","_req_raw":"<Buffer 53 75 62 6a 65 63 74 3a 20 52 79 61 6e 20 46 69 6e 6e 69 65 27 73 20 4d 49 4d 45 20 54 6f 72 74 75 72 65 20 54 65 73 74 …","facility":"wildduck","host":"Johns-MacBook-Pro-i9.local","timestamp":1758838984.818,"_component":"wildduck"}
http API
127.0.0.1 root [-/-] POST /users/68d5c0c8abe11a527cea4eda/mailboxes/68d5c0c8abe11a527cea4edb/messages?unseen=false 200 71ms
info Gelf {"short_message":"WILDDUCK [QUOTA] +","_mail_action":"quota","_user":"68d5c0c8abe11a527cea4eda","_inc":1044,"_storage_used":23227,"_mailbox":"68d5c0c8abe11a527cea4edb","facility":"wildduck","host":"Johns-MacBook-Pro-i9.local","timestamp":1758838984.866,"_component":"wildduck"}
info Gelf
{"short_message":"WILDDUCK HTTP [POST /users/:user/mailboxes/:mailbox/messages] OK","_remote_ip":"127.0.0.1","_http_route":"/users/:user/mailboxes/:mailbox/messages","_http_method":"POST","_user":"root","_role":"root","_api_response":"success","_size":115,"_req_user":"68d5c0c8abe11a527cea4eda","_req_mailbox":"68d5c0c8abe11a527cea4edb","_req_unseen":"false","_req_raw":"<Buffer 4d 49 4d 45 2d 56 65 72 73 69 6f 6e 3a 20 31 2e 30 0d 0a 46 72 6f 6d 3a 20 30 78 36 62 31 37 65 66 61 62 31 61 32 62 33 …","facility":"wildduck","host":"Johns-MacBook-Pro-i9.local","timestamp":1758838984.872,"_component":"wildduck"}
http API
127.0.0.1 root [-/-] POST /users/68d5c0c8abe11a527cea4eda/mailboxes/68d5c0c8abe11a527cea4edb/messages?unseen=false 200 30ms
info Gelf {"short_message":"WILDDUCK [QUOTA] +","_mail_action":"quota","_user":"68d5c0c8abe11a527cea4eda","_inc":264,"_storage_used":23491,"_mailbox":"68d5c0c8abe11a527cea4edb","facility":"wildduck","host":"Johns-MacBook-Pro-i9.local","timestamp":1758838984.916,"_component":"wildduck"}
info Gelf {"short_message":"WILDDUCK HTTP [POST /users/:user/mailboxes/:mailbox/messages] OK","_remote_ip":"127.0.0.1","_http_route":"/users/:user/mailboxes/:mailbox/messages","_http_method":"POST","_user":"root","_role":"root","_api_response":"success","_size":114,"_req_user":"68d5c0c8abe11a527cea4eda","_req_mailbox":"68d5c0c8abe11a527cea4edb","_req_unseen":"true","_req_raw":"<Buffer 66 72 6f 6d 3a 20 30 78 62 30 36 63 64 65 66 61 31 61 32 62 33 63 34 64 35 65 36 66 37 38 39 30 31 32 33 34 35 36 37 38 …","facility":"wildduck","host":"Johns-MacBook-Pro-i9.local","timestamp":1758838984.922,"_component":"wildduck"}
http API
127.0.0.1 root [-/-] POST /users/68d5c0c8abe11a527cea4eda/mailboxes/68d5c0c8abe11a527cea4edb/messages?unseen=true 200 27ms
verb Tasks Found task for processing id=68d5c0c5abe11a527cea4ed8
verb
Tasks type=user-delete id=68d5c0c5abe11a527cea4ed8 data={"user":"68d5c0c3abe11a527cea4eb7"}
verb
Tasks task=user-delete id=68d5c0c5abe11a527cea4ed8 user=68d5c0c3abe11a527cea4eb7 message=Deleted 3 addresses from registry
verb Tasks task=user-delete id=68d5c0c5abe11a527cea4ed8 user=68d5c0c3abe11a527cea4eb7 message=Marked 6 messages for deletion
verb Tasks task=user-delete id=68d5c0c5abe11a527cea4ed8 user=68d5c0c3abe11a527cea4eb7 message=Marked total of 6 messages for deletion
verb Tasks task=user-delete id=68d5c0c5abe11a527cea4ed8 user=68d5c0c3abe11a527cea4eb7 message=Cleared user specific data
info Tasks Released task id=68d5c0c5abe11a527cea4ed8 lock=dc30966998c779bbc105646b
info Gelf {"short_message":"WILDDUCK [QUOTA] +","_mail_action":"quota","_user":"68d5c0c8abe11a527cea4eda","_inc":178,"_storage_used":23669,"_mailbox":"68d5c0c8abe11a527cea4edb","facility":"wildduck","host":"Johns-MacBook-Pro-i9.local","timestamp":1758838984.966,"_component":"wildduck"}
info Gelf {"short_message":"WILDDUCK HTTP [POST /users/:user/mailboxes/:mailbox/messages] OK","_remote_ip":"127.0.0.1","_http_route":"/users/:user/mailboxes/:mailbox/messages","_http_method":"POST","_user":"root","_role":"root","_api_response":"success","_size":114,"_req_user":"68d5c0c8abe11a527cea4eda","_req_mailbox":"68d5c0c8abe11a527cea4edb","_req_unseen":"true","_req_raw":"<Buffer 66 72 6f 6d 3a 20 30 78 62 30 36 63 64 65 66 61 31 61 32 62 33 63 34 64 35 65 36 66 37 38 39 30 31 32 33 34 35 36 37 38 …","facility":"wildduck","host":"Johns-MacBook-Pro-i9.local","timestamp":1758838984.97,"_component":"wildduck"}
http API 127.0.0.1 root [-/-] POST /users/68d5c0c8abe11a527cea4eda/mailboxes/68d5c0c8abe11a527cea4edb/messages?unseen=true 200 26ms
info Gelf {"short_message":"WILDDUCK [QUOTA] +","_mail_action":"quota","_user":"68d5c0c8abe11a527cea4eda","_inc":178,"_storage_used":23847,"_mailbox":"68d5c0c8abe11a527cea4edb","facility":"wildduck","host":"Johns-MacBook-Pro-i9.local","timestamp":1758838985.015,"_component":"wildduck"}
info Gelf {"short_message":"WILDDUCK HTTP [POST /users/:user/mailboxes/:mailbox/messages] OK","_remote_ip":"127.0.0.1","_http_route":"/users/:user/mailboxes/:mailbox/messages","_http_method":"POST","_user":"root","_role":"root","_api_response":"success","_size":114,"_req_user":"68d5c0c8abe11a527cea4eda","_req_mailbox":"68d5c0c8abe11a527cea4edb","_req_unseen":"true","_req_raw":"<Buffer 66 72 6f 6d 3a 20 30 78 62 30 36 63 64 65 66 61 31 61 32 62 33 63 34 64 35 65 36 66 37 38 39 30 31 32 33 34 35 36 37 38 …","facility":"wildduck","host":"Johns-MacBook-Pro-i9.local","timestamp":1758838985.021,"_component":"wildduck"}
http API 127.0.0.1 root [-/-] POST /users/68d5c0c8abe11a527cea4eda/mailboxes/68d5c0c8abe11a527cea4edb/messages?unseen=true 200 27ms
info IMAP [oei3hwuvbdrqdfa7] Secure connection from [127.0.0.1] to Johns-MacBook-Pro-i9.local 127.0.0.1:9993
sill IMAP [oei3hwuvbdrqdfa7] S: * OK WildDuck IMAP Server ready for requests from 127.0.0.1 oei3hwuvbdrqdfa7
sill IMAP [oei3hwuvbdrqdfa7] C: T1 LOGIN "(* value hidden *)" "(* value hidden *)"
info Gelf {"short_message":"WILDDUCK [AUTHOK] 0x1a2b3c4d5e6f789012345678901234567890abcd","_mail_action":"auth","_auth_result":"success","_username":"0x1a2b3c4d5e6f789012345678901234567890abcd","_domain":"johns-macbook-pro-i9.local","_user":"68d5c0c8abe11a527cea4eda","_password_type":"master","_scope":"imap","_ip":"127.0.0.1","_sess":"oei3hwuvbdrqdfa7","facility":"wildduck","host":"Johns-MacBook-Pro-i9.local","timestamp":1758838985.687,"_component":"wildduck"}
info Gelf {"short_message":"WILDDUCK [CONNSTART] Connection established for 68d5c0c8abe11a527cea4eda","_connection":"establish","_service":"imap","_sess":"oei3hwuvbdrqdfa7","_user":"68d5c0c8abe11a527cea4eda","_cid":"oei3hwuvbdrqdfa7","_ip":"127.0.0.1","_limit":15,"facility":"wildduck","host":"Johns-MacBook-Pro-i9.local","timestamp":1758838985.688,"_component":"wildduck"}
info IMAP [oei3hwuvbdrqdfa7] 0x1a2b3c4d5e6f789012345678901234567890abcd authenticated using LOGIN
sill IMAP [oei3hwuvbdrqdfa7] New journal listener for 68d5c0c8abe11a527cea4eda (0x1a2b3c4d5e6f789012345678901234567890abcd)
sill IMAP [oei3hwuvbdrqdfa7] S: * CAPABILITY IMAP4rev1 APPENDLIMIT=26214400 CHILDREN CONDSTORE ENABLE ID IDLE MOVE NAMESPACE QUOTA SPECIAL-USE UIDPLUS UNSELECT UTF8=ACCEPT XLIST
sill IMAP [oei3hwuvbdrqdfa7] S: T1 OK 0x1a2b3c4d5e6f789012345678901234567890abcd authenticated
sill IMAP
[oei3hwuvbdrqdfa7] C: T2 CREATE testfolder
sill IMAP [oei3hwuvbdrqdfa7] CREATE "testfolder"
info Gelf {"short_message":"WILDDUCK [CREATE]","_mail_action":"create","_path":"testfolder","_user":"68d5c0c8abe11a527cea4eda","_sess":"oei3hwuvbdrqdfa7","_response":true,"facility":"wildduck","host":"Johns-MacBook-Pro-i9.local","timestamp":1758838985.814,"_component":"wildduck"}
sill IMAP [oei3hwuvbdrqdfa7] S: T2 OK CREATE completed
sill IMAP
[oei3hwuvbdrqdfa7] C: T3 SELECT testfolder
sill IMAP [oei3hwuvbdrqdfa7] Opening "testfolder"
sill IMAP [oei3hwuvbdrqdfa7] S: * FLAGS (\Answered \Flagged \Draft \Deleted \Seen)
sill IMAP [oei3hwuvbdrqdfa7] S: * OK [PERMANENTFLAGS (\Answered \Flagged \Draft \Deleted \Seen \*)] Flags permitted
sill IMAP [oei3hwuvbdrqdfa7] S: * OK [UIDVALIDITY 1758838985] UIDs valid
sill IMAP [oei3hwuvbdrqdfa7] S: * 0 EXISTS
sill IMAP [oei3hwuvbdrqdfa7] S: * 0 RECENT
sill IMAP [oei3hwuvbdrqdfa7] S: * OK [UIDNEXT 1] Predicted next UID
sill IMAP
[oei3hwuvbdrqdfa7] S: T3 OK [READ-WRITE] SELECT completed
sill IMAP
[oei3hwuvbdrqdfa7] C: T4 DELETE testfolder
sill IMAP [oei3hwuvbdrqdfa7] DELETE "testfolder"
sill IMAP [oei3hwuvbdrqdfa7] Removed journal listener from 68d5c0c8abe11a527cea4eda (0x1a2b3c4d5e6f789012345678901234567890abcd)
sill IMAP [oei3hwuvbdrqdfa7] S: * BYE Selected mailbox was deleted, have to disconnect
      ✔ should disconnect deleted mailbox clients (587ms)
info Gelf
{"short_message":"WILDDUCK [CONNRELEASE] Connection released for 68d5c0c8abe11a527cea4eda","_connection":"release","_service":"imap","_sess":"oei3hwuvbdrqdfa7","_user":"68d5c0c8abe11a527cea4eda","_cid":"oei3hwuvbdrqdfa7","_ip":"127.0.0.1","facility":"wildduck","host":"Johns-MacBook-Pro-i9.local","timestamp":1758838986.026,"_component":"wildduck"}
info IMAP [oei3hwuvbdrqdfa7] Connection closed to [127.0.0.1]
info Gelf {"short_message":"WILDDUCK [DELETE]","_mail_action":"delete","_path":"testfolder","_user":"68d5c0c8abe11a527cea4eda","_sess":"oei3hwuvbdrqdfa7","_response":true,"facility":"wildduck","host":"Johns-MacBook-Pro-i9.local","timestamp":1758838986.027,"_component":"wildduck"}
sill IMAP [oei3hwuvbdrqdfa7] S: T4 OK DELETE completed
    APPEND
info Gelf {"short_message":"WILDDUCK HTTP [GET /users] OK","_remote_ip":"127.0.0.1","_http_route":"/users","_http_method":"GET","_user":"root","_role":"root","_api_response":"success","_size":723,"facility":"wildduck","host":"Johns-MacBook-Pro-i9.local","timestamp":1758838986.814,"_component":"wildduck"}
http API 127.0.0.1 root [-/-] GET /users 200 9ms
info Gelf {"short_message":"WILDDUCK HTTP [GET /users] OK","_remote_ip":"127.0.0.1","_http_route":"/users","_http_method":"GET","_user":"root","_role":"root","_api_response":"success","_size":780,"_req_query":"0x1a2b3c4d5e6f789012345678901234567890abcd","facility":"wildduck","host":"Johns-MacBook-Pro-i9.local","timestamp":1758838986.842,"_component":"wildduck"}
http
API 127.0.0.1 root [-/-] GET /users?query=0x1a2b3c4d5e6f789012345678901234567890abcd 200 4ms
verb Tasks Created task id=68d5c0caabe11a527cea4efc
info Gelf {"short_message":"WILDDUCK HTTP [DELETE /users/:user] OK","_remote_ip":"127.0.0.1","_http_route":"/users/:user","_http_method":"DELETE","_user":"root","_role":"root","_api_response":"success","_code":"TaskScheduled","_size":209,"_req_user":"68d5c0c8abe11a527cea4eda","facility":"wildduck","host":"Johns-MacBook-Pro-i9.local","timestamp":1758838986.885,"_component":"wildduck"}
http API 127.0.0.1 root [-/-] DELETE /users/68d5c0c8abe11a527cea4eda 200 9ms
verb Tasks Found task for processing id=68d5c0caabe11a527cea4efc
verb Tasks type=user-delete id=68d5c0caabe11a527cea4efc data={"user":"68d5c0c8abe11a527cea4eda"}
verb Tasks task=user-delete id=68d5c0caabe11a527cea4efc user=68d5c0c8abe11a527cea4eda message=Deleted 3 addresses from registry
verb Tasks task=user-delete id=68d5c0caabe11a527cea4efc user=68d5c0c8abe11a527cea4eda message=Marked 6 messages for deletion
verb Tasks task=user-delete id=68d5c0caabe11a527cea4efc user=68d5c0c8abe11a527cea4eda message=Marked total of 6 messages for deletion
verb Tasks task=user-delete id=68d5c0caabe11a527cea4efc user=68d5c0c8abe11a527cea4eda message=Cleared user specific data
info Tasks Released task id=68d5c0caabe11a527cea4efc lock=dc08df9bab4080f03bf556e6
info Gelf {"short_message":"WILDDUCK HTTP [POST /authenticate] OK","_remote_ip":"127.0.0.1","_http_route":"/authenticate","_http_method":"POST","_user":"root","_role":"root","_api_response":"success","_size":334,"_req_username":"0x1a2b3c4d5e6f789012345678901234567890abcd","_req_password":"***","_req_token":"true","_res_id":"68d5c0cdabe11a527cea4eff","facility":"wildduck","host":"Johns-MacBook-Pro-i9.local","timestamp":1758838989.494,"_component":"wildduck"}
http API 127.0.0.1 root [-/-] POST /authenticate 200 150ms
info Gelf {"short_message":"WILDDUCK HTTP [GET /users] OK","_remote_ip":"127.0.0.1","_http_route":"/users","_http_method":"GET","_user":"root","_role":"root","_api_response":"success","_size":776,"_req_query":"0x1a2b3c4d5e6f789012345678901234567890abcd","facility":"wildduck","host":"Johns-MacBook-Pro-i9.local","timestamp":1758838989.531,"_component":"wildduck"}
http API 127.0.0.1 root [-/-] GET /users?query=0x1a2b3c4d5e6f789012345678901234567890abcd 200 5ms
info Gelf {"short_message":"WILDDUCK HTTP [GET /users/:user/mailboxes] OK","_remote_ip":"127.0.0.1","_http_route":"/users/:user/mailboxes","_http_method":"GET","_user":"root","_role":"root","_api_response":"success","_size":1275,"_req_user":"68d5c0cdabe11a527cea4eff","facility":"wildduck","host":"Johns-MacBook-Pro-i9.local","timestamp":1758838989.567,"_component":"wildduck"}
http API 127.0.0.1 root [-/-] GET /users/68d5c0cdabe11a527cea4eff/mailboxes 200 2ms
info Gelf {"short_message":"WILDDUCK HTTP [PUT /users/:user/mailboxes/:mailbox] OK","_remote_ip":"127.0.0.1","_http_route":"/users/:user/mailboxes/:mailbox","_http_method":"PUT","_user":"root","_role":"root","_api_response":"success","_size":22,"_req_user":"68d5c0cdabe11a527cea4eff","_req_mailbox":"68d5c0cdabe11a527cea4f01","_req_path":"[Gmail]/Sent Mail","facility":"wildduck","host":"Johns-MacBook-Pro-i9.local","timestamp":1758838989.628,"_component":"wildduck"}
http API
127.0.0.1 root [-/-] PUT /users/68d5c0cdabe11a527cea4eff/mailboxes/68d5c0cdabe11a527cea4f01 200 5ms
info Gelf {"short_message":"WILDDUCK HTTP [GET /users/:user/mailboxes] OK","_remote_ip":"127.0.0.1","_http_route":"/users/:user/mailboxes","_http_method":"GET","_user":"root","_role":"root","_api_response":"success","_size":1283,"_req_user":"68d5c0cdabe11a527cea4eff","facility":"wildduck","host":"Johns-MacBook-Pro-i9.local","timestamp":1758838989.664,"_component":"wildduck"}
http API 127.0.0.1 root [-/-] GET /users/68d5c0cdabe11a527cea4eff/mailboxes 200 12ms
info Gelf {"short_message":"WILDDUCK [QUOTA] +","_mail_action":"quota","_user":"68d5c0cdabe11a527cea4eff","_inc":256,"_storage_used":256,"_mailbox":"68d5c0cdabe11a527cea4f00","facility":"wildduck","host":"Johns-MacBook-Pro-i9.local","timestamp":1758838989.825,"_component":"wildduck"}
info Gelf {"short_message":"WILDDUCK HTTP [POST /users/:user/mailboxes/:mailbox/messages] OK","_remote_ip":"127.0.0.1","_http_route":"/users/:user/mailboxes/:mailbox/messages","_http_method":"POST","_user":"root","_role":"root","_api_response":"success","_size":114,"_req_user":"68d5c0cdabe11a527cea4eff","_req_mailbox":"68d5c0cdabe11a527cea4f00","_req_date":"14-Sep-2013 21:22:28 -0300","_req_unseen":"true","_req_raw":"<Buffer 66 72 6f 6d 3a 20 30 78 62 30 36 63 64 65 66 61 31 61 32 62 33 63 34 64 35 65 36 66 37 38 39 30 31 32 33 34 35 36 37 38 …","facility":"wildduck","host":"Johns-MacBook-Pro-i9.local","timestamp":1758838989.845,"_component":"wildduck"}
http API 127.0.0.1 root [-/-] POST /users/68d5c0cdabe11a527cea4eff/mailboxes/68d5c0cdabe11a527cea4f00/messages?date=14-Sep-2013%2021%3A22%3A28%20-0300&unseen=true 200 25ms
info Gelf {"short_message":"WILDDUCK [QUOTA] +","_mail_action":"quota","_user":"68d5c0cdabe11a527cea4eff","_inc":21927,"_storage_used":22183,"_mailbox":"68d5c0cdabe11a527cea4f00","facility":"wildduck","host":"Johns-MacBook-Pro-i9.local","timestamp":1758838989.918,"_component":"wildduck"}
info Gelf {"short_message":"WILDDUCK HTTP [POST /users/:user/mailboxes/:mailbox/messages] OK","_remote_ip":"127.0.0.1","_http_route":"/users/:user/mailboxes/:mailbox/messages","_http_method":"POST","_user":"root","_role":"root","_api_response":"success","_size":116,"_req_user":"68d5c0cdabe11a527cea4eff","_req_mailbox":"68d5c0cdabe11a527cea4f00","_req_unseen":"false","_req_raw":"<Buffer 53 75 62 6a 65 63 74 3a 20 52 79 61 6e 20 46 69 6e 6e 69 65 27 73 20 4d 49 4d 45 20 54 6f 72 74 75 72 65 20 54 65 73 74 …","facility":"wildduck","host":"Johns-MacBook-Pro-i9.local","timestamp":1758838989.926,"_component":"wildduck"}
http API 127.0.0.1 root [-/-] POST /users/68d5c0cdabe11a527cea4eff/mailboxes/68d5c0cdabe11a527cea4f00/messages?unseen=false 200 57ms
info Gelf {"short_message":"WILDDUCK [QUOTA] +","_mail_action":"quota","_user":"68d5c0cdabe11a527cea4eff","_inc":1044,"_storage_used":23227,"_mailbox":"68d5c0cdabe11a527cea4f00","facility":"wildduck","host":"Johns-MacBook-Pro-i9.local","timestamp":1758838989.968,"_component":"wildduck"}
info Gelf {"short_message":"WILDDUCK HTTP [POST /users/:user/mailboxes/:mailbox/messages] OK","_remote_ip":"127.0.0.1","_http_route":"/users/:user/mailboxes/:mailbox/messages","_http_method":"POST","_user":"root","_role":"root","_api_response":"success","_size":115,"_req_user":"68d5c0cdabe11a527cea4eff","_req_mailbox":"68d5c0cdabe11a527cea4f00","_req_unseen":"false","_req_raw":"<Buffer 4d 49 4d 45 2d 56 65 72 73 69 6f 6e 3a 20 31 2e 30 0d 0a 46 72 6f 6d 3a 20 30 78 36 62 31 37 65 66 61 62 31 61 32 62 33 …","facility":"wildduck","host":"Johns-MacBook-Pro-i9.local","timestamp":1758838989.975,"_component":"wildduck"}
http API 127.0.0.1 root [-/-] POST /users/68d5c0cdabe11a527cea4eff/mailboxes/68d5c0cdabe11a527cea4f00/messages?unseen=false 200 25ms
info Gelf {"short_message":"WILDDUCK [QUOTA] +","_mail_action":"quota","_user":"68d5c0cdabe11a527cea4eff","_inc":264,"_storage_used":23491,"_mailbox":"68d5c0cdabe11a527cea4f00","facility":"wildduck","host":"Johns-MacBook-Pro-i9.local","timestamp":1758838990.016,"_component":"wildduck"}
info Gelf {"short_message":"WILDDUCK HTTP [POST /users/:user/mailboxes/:mailbox/messages] OK","_remote_ip":"127.0.0.1","_http_route":"/users/:user/mailboxes/:mailbox/messages","_http_method":"POST","_user":"root","_role":"root","_api_response":"success","_size":114,"_req_user":"68d5c0cdabe11a527cea4eff","_req_mailbox":"68d5c0cdabe11a527cea4f00","_req_unseen":"true","_req_raw":"<Buffer 66 72 6f 6d 3a 20 30 78 62 30 36 63 64 65 66 61 31 61 32 62 33 63 34 64 35 65 36 66 37 38 39 30 31 32 33 34 35 36 37 38 …","facility":"wildduck","host":"Johns-MacBook-Pro-i9.local","timestamp":1758838990.022,"_component":"wildduck"}
http API 127.0.0.1 root [-/-] POST /users/68d5c0cdabe11a527cea4eff/mailboxes/68d5c0cdabe11a527cea4f00/messages?unseen=true 200 24ms
info Gelf {"short_message":"WILDDUCK [QUOTA] +","_mail_action":"quota","_user":"68d5c0cdabe11a527cea4eff","_inc":178,"_storage_used":23669,"_mailbox":"68d5c0cdabe11a527cea4f00","facility":"wildduck","host":"Johns-MacBook-Pro-i9.local","timestamp":1758838990.066,"_component":"wildduck"}
info Gelf {"short_message":"WILDDUCK HTTP [POST /users/:user/mailboxes/:mailbox/messages] OK","_remote_ip":"127.0.0.1","_http_route":"/users/:user/mailboxes/:mailbox/messages","_http_method":"POST","_user":"root","_role":"root","_api_response":"success","_size":114,"_req_user":"68d5c0cdabe11a527cea4eff","_req_mailbox":"68d5c0cdabe11a527cea4f00","_req_unseen":"true","_req_raw":"<Buffer 66 72 6f 6d 3a 20 30 78 62 30 36 63 64 65 66 61 31 61 32 62 33 63 34 64 35 65 36 66 37 38 39 30 31 32 33 34 35 36 37 38 …","facility":"wildduck","host":"Johns-MacBook-Pro-i9.local","timestamp":1758838990.071,"_component":"wildduck"}
http API
127.0.0.1 root [-/-] POST /users/68d5c0cdabe11a527cea4eff/mailboxes/68d5c0cdabe11a527cea4f00/messages?unseen=true 200 26ms
info Gelf {"short_message":"WILDDUCK [QUOTA] +","_mail_action":"quota","_user":"68d5c0cdabe11a527cea4eff","_inc":178,"_storage_used":23847,"_mailbox":"68d5c0cdabe11a527cea4f00","facility":"wildduck","host":"Johns-MacBook-Pro-i9.local","timestamp":1758838990.116,"_component":"wildduck"}
info Gelf
{"short_message":"WILDDUCK HTTP [POST /users/:user/mailboxes/:mailbox/messages] OK","_remote_ip":"127.0.0.1","_http_route":"/users/:user/mailboxes/:mailbox/messages","_http_method":"POST","_user":"root","_role":"root","_api_response":"success","_size":114,"_req_user":"68d5c0cdabe11a527cea4eff","_req_mailbox":"68d5c0cdabe11a527cea4f00","_req_unseen":"true","_req_raw":"<Buffer 66 72 6f 6d 3a 20 30 78 62 30 36 63 64 65 66 61 31 61 32 62 33 63 34 64 35 65 36 66 37 38 39 30 31 32 33 34 35 36 37 38 …","facility":"wildduck","host":"Johns-MacBook-Pro-i9.local","timestamp":1758838990.122,"_component":"wildduck"}
http API 127.0.0.1 root [-/-] POST /users/68d5c0cdabe11a527cea4eff/mailboxes/68d5c0cdabe11a527cea4f00/messages?unseen=true 200 28ms
info IMAP [t6d2lki4jzo5ftrq] Secure connection from [127.0.0.1] to Johns-MacBook-Pro-i9.local 127.0.0.1:9993
sill IMAP [t6d2lki4jzo5ftrq] S: * OK WildDuck IMAP Server ready for requests from 127.0.0.1 t6d2lki4jzo5ftrq
sill IMAP [t6d2lki4jzo5ftrq] C: T1 LOGIN "(* value hidden *)" "(* value hidden *)"
info Gelf {"short_message":"WILDDUCK [AUTHOK] 0x1a2b3c4d5e6f789012345678901234567890abcd","_mail_action":"auth","_auth_result":"success","_username":"0x1a2b3c4d5e6f789012345678901234567890abcd","_domain":"johns-macbook-pro-i9.local","_user":"68d5c0cdabe11a527cea4eff","_password_type":"master","_scope":"imap","_ip":"127.0.0.1","_sess":"t6d2lki4jzo5ftrq","facility":"wildduck","host":"Johns-MacBook-Pro-i9.local","timestamp":1758838990.736,"_component":"wildduck"}
info Gelf {"short_message":"WILDDUCK [CONNSTART] Connection established for 68d5c0cdabe11a527cea4eff","_connection":"establish","_service":"imap","_sess":"t6d2lki4jzo5ftrq","_user":"68d5c0cdabe11a527cea4eff","_cid":"t6d2lki4jzo5ftrq","_ip":"127.0.0.1","_limit":15,"facility":"wildduck","host":"Johns-MacBook-Pro-i9.local","timestamp":1758838990.737,"_component":"wildduck"}
info IMAP [t6d2lki4jzo5ftrq] 0x1a2b3c4d5e6f789012345678901234567890abcd authenticated using LOGIN
sill IMAP [t6d2lki4jzo5ftrq] New journal listener for 68d5c0cdabe11a527cea4eff (0x1a2b3c4d5e6f789012345678901234567890abcd)
sill IMAP [t6d2lki4jzo5ftrq] S: * CAPABILITY IMAP4rev1 APPENDLIMIT=26214400 CHILDREN CONDSTORE ENABLE ID IDLE MOVE NAMESPACE QUOTA SPECIAL-USE UIDPLUS UNSELECT UTF8=ACCEPT XLIST
sill IMAP [t6d2lki4jzo5ftrq] S: T1 OK 0x1a2b3c4d5e6f789012345678901234567890abcd authenticated
sill IMAP [t6d2lki4jzo5ftrq] S: + Go ahead
sill IMAP [t6d2lki4jzo5ftrq] C: T2 APPEND zzz "(* 234B literal *)"
sill IMAP [t6d2lki4jzo5ftrq] Appending message to "zzz"
info Gelf {"short_message":"WILDDUCK [APPEND]","_mail_action":"append","_path":"zzz","_user":"68d5c0cdabe11a527cea4eff","_sess":"t6d2lki4jzo5ftrq","_size":234,"_response":"TRYCREATE","facility":"wildduck","host":"Johns-MacBook-Pro-i9.local","timestamp":1758838990.865,"_component":"wildduck"}
sill IMAP [t6d2lki4jzo5ftrq] S: T2 NO [TRYCREATE] APPEND completed
sill IMAP [t6d2lki4jzo5ftrq] C: T3 LOGOUT
sill IMAP [t6d2lki4jzo5ftrq] Removed journal listener from 68d5c0cdabe11a527cea4eff (0x1a2b3c4d5e6f789012345678901234567890abcd)
sill IMAP [t6d2lki4jzo5ftrq] S: * BYE Logout requested
sill IMAP [t6d2lki4jzo5ftrq] S: T3 OK Cut the dramatics, would yeh, and follow me!
      ✔ should fail appending to nonexistent mailbox (476ms)
info Gelf {"short_message":"WILDDUCK [CONNRELEASE] Connection released for 68d5c0cdabe11a527cea4eff","_connection":"release","_service":"imap","_sess":"t6d2lki4jzo5ftrq","_user":"68d5c0cdabe11a527cea4eff","_cid":"t6d2lki4jzo5ftrq","_ip":"127.0.0.1","facility":"wildduck","host":"Johns-MacBook-Pro-i9.local","timestamp":1758838990.967,"_component":"wildduck"}
info IMAP [t6d2lki4jzo5ftrq] Connection closed to [127.0.0.1]
info Gelf {"short_message":"WILDDUCK HTTP [GET /users] OK","_remote_ip":"127.0.0.1","_http_route":"/users","_http_method":"GET","_user":"root","_role":"root","_api_response":"success","_size":723,"facility":"wildduck","host":"Johns-MacBook-Pro-i9.local","timestamp":1758838991.627,"_component":"wildduck"}
http API
127.0.0.1 root [-/-] GET /users 200 3ms
info Gelf {"short_message":"WILDDUCK HTTP [GET /users] OK","_remote_ip":"127.0.0.1","_http_route":"/users","_http_method":"GET","_user":"root","_role":"root","_api_response":"success","_size":780,"_req_query":"0x1a2b3c4d5e6f789012345678901234567890abcd","facility":"wildduck","host":"Johns-MacBook-Pro-i9.local","timestamp":1758838991.666,"_component":"wildduck"}
http API 127.0.0.1 root [-/-] GET /users?query=0x1a2b3c4d5e6f789012345678901234567890abcd 200 16ms
verb Tasks Created task id=68d5c0cfabe11a527cea4f1b
info Gelf {"short_message":"WILDDUCK HTTP [DELETE /users/:user] OK","_remote_ip":"127.0.0.1","_http_route":"/users/:user","_http_method":"DELETE","_user":"root","_role":"root","_api_response":"success","_code":"TaskScheduled","_size":209,"_req_user":"68d5c0cdabe11a527cea4eff","facility":"wildduck","host":"Johns-MacBook-Pro-i9.local","timestamp":1758838991.72,"_component":"wildduck"}
http API
127.0.0.1 root [-/-] DELETE /users/68d5c0cdabe11a527cea4eff 200 21ms
verb Tasks Found task for processing id=68d5c0cfabe11a527cea4f1b
verb Tasks type=user-delete id=68d5c0cfabe11a527cea4f1b data={"user":"68d5c0cdabe11a527cea4eff"}
verb Tasks
task=user-delete id=68d5c0cfabe11a527cea4f1b user=68d5c0cdabe11a527cea4eff message=Deleted 3 addresses from registry
verb Tasks task=user-delete id=68d5c0cfabe11a527cea4f1b user=68d5c0cdabe11a527cea4eff message=Marked 6 messages for deletion
verb Tasks
task=user-delete id=68d5c0cfabe11a527cea4f1b user=68d5c0cdabe11a527cea4eff message=Marked total of 6 messages for deletion
verb Tasks task=user-delete id=68d5c0cfabe11a527cea4f1b user=68d5c0cdabe11a527cea4eff message=Cleared user specific data
info Tasks Released task id=68d5c0cfabe11a527cea4f1b lock=36b64307f55685141397a658
info Gelf {"short_message":"WILDDUCK HTTP [POST /authenticate] OK","_remote_ip":"127.0.0.1","_http_route":"/authenticate","_http_method":"POST","_user":"root","_role":"root","_api_response":"success","_size":334,"_req_username":"0x1a2b3c4d5e6f789012345678901234567890abcd","_req_password":"***","_req_token":"true","_res_id":"68d5c0d2abe11a527cea4f1e","facility":"wildduck","host":"Johns-MacBook-Pro-i9.local","timestamp":1758838994.292,"_component":"wildduck"}
http API 127.0.0.1 root [-/-] POST /authenticate 200 149ms
info Gelf {"short_message":"WILDDUCK HTTP [GET /users] OK","_remote_ip":"127.0.0.1","_http_route":"/users","_http_method":"GET","_user":"root","_role":"root","_api_response":"success","_size":776,"_req_query":"0x1a2b3c4d5e6f789012345678901234567890abcd","facility":"wildduck","host":"Johns-MacBook-Pro-i9.local","timestamp":1758838994.33,"_component":"wildduck"}
http API 127.0.0.1 root [-/-] GET /users?query=0x1a2b3c4d5e6f789012345678901234567890abcd 200 4ms
info Gelf {"short_message":"WILDDUCK HTTP [GET /users/:user/mailboxes] OK","_remote_ip":"127.0.0.1","_http_route":"/users/:user/mailboxes","_http_method":"GET","_user":"root","_role":"root","_api_response":"success","_size":1275,"_req_user":"68d5c0d2abe11a527cea4f1e","facility":"wildduck","host":"Johns-MacBook-Pro-i9.local","timestamp":1758838994.368,"_component":"wildduck"}
http API 127.0.0.1 root [-/-] GET /users/68d5c0d2abe11a527cea4f1e/mailboxes 200 2ms
info Gelf {"short_message":"WILDDUCK HTTP [PUT /users/:user/mailboxes/:mailbox] OK","_remote_ip":"127.0.0.1","_http_route":"/users/:user/mailboxes/:mailbox","_http_method":"PUT","_user":"root","_role":"root","_api_response":"success","_size":22,"_req_user":"68d5c0d2abe11a527cea4f1e","_req_mailbox":"68d5c0d2abe11a527cea4f20","_req_path":"[Gmail]/Sent Mail","facility":"wildduck","host":"Johns-MacBook-Pro-i9.local","timestamp":1758838994.428,"_component":"wildduck"}
http API 127.0.0.1 root [-/-] PUT /users/68d5c0d2abe11a527cea4f1e/mailboxes/68d5c0d2abe11a527cea4f20 200 5ms
info Gelf {"short_message":"WILDDUCK HTTP [GET /users/:user/mailboxes] OK","_remote_ip":"127.0.0.1","_http_route":"/users/:user/mailboxes","_http_method":"GET","_user":"root","_role":"root","_api_response":"success","_size":1283,"_req_user":"68d5c0d2abe11a527cea4f1e","facility":"wildduck","host":"Johns-MacBook-Pro-i9.local","timestamp":1758838994.464,"_component":"wildduck"}
http API 127.0.0.1 root [-/-] GET /users/68d5c0d2abe11a527cea4f1e/mailboxes 200 13ms
info Gelf {"short_message":"WILDDUCK [QUOTA] +","_mail_action":"quota","_user":"68d5c0d2abe11a527cea4f1e","_inc":256,"_storage_used":256,"_mailbox":"68d5c0d2abe11a527cea4f1f","facility":"wildduck","host":"Johns-MacBook-Pro-i9.local","timestamp":1758838994.617,"_component":"wildduck"}
info Gelf {"short_message":"WILDDUCK HTTP [POST /users/:user/mailboxes/:mailbox/messages] OK","_remote_ip":"127.0.0.1","_http_route":"/users/:user/mailboxes/:mailbox/messages","_http_method":"POST","_user":"root","_role":"root","_api_response":"success","_size":114,"_req_user":"68d5c0d2abe11a527cea4f1e","_req_mailbox":"68d5c0d2abe11a527cea4f1f","_req_date":"14-Sep-2013 21:22:28 -0300","_req_unseen":"true","_req_raw":"<Buffer 66 72 6f 6d 3a 20 30 78 62 30 36 63 64 65 66 61 31 61 32 62 33 63 34 64 35 65 36 66 37 38 39 30 31 32 33 34 35 36 37 38 …","facility":"wildduck","host":"Johns-MacBook-Pro-i9.local","timestamp":1758838994.623,"_component":"wildduck"}
http API 127.0.0.1 root [-/-] POST /users/68d5c0d2abe11a527cea4f1e/mailboxes/68d5c0d2abe11a527cea4f1f/messages?date=14-Sep-2013%2021%3A22%3A28%20-0300&unseen=true 200 21ms
info Gelf {"short_message":"WILDDUCK [QUOTA] +","_mail_action":"quota","_user":"68d5c0d2abe11a527cea4f1e","_inc":21927,"_storage_used":22183,"_mailbox":"68d5c0d2abe11a527cea4f1f","facility":"wildduck","host":"Johns-MacBook-Pro-i9.local","timestamp":1758838994.69,"_component":"wildduck"}
info Gelf {"short_message":"WILDDUCK HTTP [POST /users/:user/mailboxes/:mailbox/messages] OK","_remote_ip":"127.0.0.1","_http_route":"/users/:user/mailboxes/:mailbox/messages","_http_method":"POST","_user":"root","_role":"root","_api_response":"success","_size":116,"_req_user":"68d5c0d2abe11a527cea4f1e","_req_mailbox":"68d5c0d2abe11a527cea4f1f","_req_unseen":"false","_req_raw":"<Buffer 53 75 62 6a 65 63 74 3a 20 52 79 61 6e 20 46 69 6e 6e 69 65 27 73 20 4d 49 4d 45 20 54 6f 72 74 75 72 65 20 54 65 73 74 …","facility":"wildduck","host":"Johns-MacBook-Pro-i9.local","timestamp":1758838994.714,"_component":"wildduck"}
http API 127.0.0.1 root [-/-] POST /users/68d5c0d2abe11a527cea4f1e/mailboxes/68d5c0d2abe11a527cea4f1f/messages?unseen=false 200 68ms
info Gelf {"short_message":"WILDDUCK [QUOTA] +","_mail_action":"quota","_user":"68d5c0d2abe11a527cea4f1e","_inc":1044,"_storage_used":23227,"_mailbox":"68d5c0d2abe11a527cea4f1f","facility":"wildduck","host":"Johns-MacBook-Pro-i9.local","timestamp":1758838994.744,"_component":"wildduck"}
info Gelf {"short_message":"WILDDUCK HTTP [POST /users/:user/mailboxes/:mailbox/messages] OK","_remote_ip":"127.0.0.1","_http_route":"/users/:user/mailboxes/:mailbox/messages","_http_method":"POST","_user":"root","_role":"root","_api_response":"success","_size":115,"_req_user":"68d5c0d2abe11a527cea4f1e","_req_mailbox":"68d5c0d2abe11a527cea4f1f","_req_unseen":"false","_req_raw":"<Buffer 4d 49 4d 45 2d 56 65 72 73 69 6f 6e 3a 20 31 2e 30 0d 0a 46 72 6f 6d 3a 20 30 78 36 62 31 37 65 66 61 62 31 61 32 62 33 …","facility":"wildduck","host":"Johns-MacBook-Pro-i9.local","timestamp":1758838994.767,"_component":"wildduck"}
http
API 127.0.0.1 root [-/-] POST /users/68d5c0d2abe11a527cea4f1e/mailboxes/68d5c0d2abe11a527cea4f1f/messages?unseen=false 200 30ms
info Gelf {"short_message":"WILDDUCK [QUOTA] +","_mail_action":"quota","_user":"68d5c0d2abe11a527cea4f1e","_inc":264,"_storage_used":23491,"_mailbox":"68d5c0d2abe11a527cea4f1f","facility":"wildduck","host":"Johns-MacBook-Pro-i9.local","timestamp":1758838994.796,"_component":"wildduck"}
info Gelf {"short_message":"WILDDUCK HTTP [POST /users/:user/mailboxes/:mailbox/messages] OK","_remote_ip":"127.0.0.1","_http_route":"/users/:user/mailboxes/:mailbox/messages","_http_method":"POST","_user":"root","_role":"root","_api_response":"success","_size":114,"_req_user":"68d5c0d2abe11a527cea4f1e","_req_mailbox":"68d5c0d2abe11a527cea4f1f","_req_unseen":"true","_req_raw":"<Buffer 66 72 6f 6d 3a 20 30 78 62 30 36 63 64 65 66 61 31 61 32 62 33 63 34 64 35 65 36 66 37 38 39 30 31 32 33 34 35 36 37 38 …","facility":"wildduck","host":"Johns-MacBook-Pro-i9.local","timestamp":1758838994.818,"_component":"wildduck"}
http API 127.0.0.1 root [-/-] POST /users/68d5c0d2abe11a527cea4f1e/mailboxes/68d5c0d2abe11a527cea4f1f/messages?unseen=true 200 29ms
info Gelf {"short_message":"WILDDUCK [QUOTA] +","_mail_action":"quota","_user":"68d5c0d2abe11a527cea4f1e","_inc":178,"_storage_used":23669,"_mailbox":"68d5c0d2abe11a527cea4f1f","facility":"wildduck","host":"Johns-MacBook-Pro-i9.local","timestamp":1758838994.863,"_component":"wildduck"}
info Gelf {"short_message":"WILDDUCK HTTP [POST /users/:user/mailboxes/:mailbox/messages] OK","_remote_ip":"127.0.0.1","_http_route":"/users/:user/mailboxes/:mailbox/messages","_http_method":"POST","_user":"root","_role":"root","_api_response":"success","_size":114,"_req_user":"68d5c0d2abe11a527cea4f1e","_req_mailbox":"68d5c0d2abe11a527cea4f1f","_req_unseen":"true","_req_raw":"<Buffer 66 72 6f 6d 3a 20 30 78 62 30 36 63 64 65 66 61 31 61 32 62 33 63 34 64 35 65 36 66 37 38 39 30 31 32 33 34 35 36 37 38 …","facility":"wildduck","host":"Johns-MacBook-Pro-i9.local","timestamp":1758838994.869,"_component":"wildduck"}
http API 127.0.0.1 root [-/-] POST /users/68d5c0d2abe11a527cea4f1e/mailboxes/68d5c0d2abe11a527cea4f1f/messages?unseen=true 200 28ms
info Gelf {"short_message":"WILDDUCK [QUOTA] +","_mail_action":"quota","_user":"68d5c0d2abe11a527cea4f1e","_inc":178,"_storage_used":23847,"_mailbox":"68d5c0d2abe11a527cea4f1f","facility":"wildduck","host":"Johns-MacBook-Pro-i9.local","timestamp":1758838994.912,"_component":"wildduck"}
info Gelf {"short_message":"WILDDUCK HTTP [POST /users/:user/mailboxes/:mailbox/messages] OK","_remote_ip":"127.0.0.1","_http_route":"/users/:user/mailboxes/:mailbox/messages","_http_method":"POST","_user":"root","_role":"root","_api_response":"success","_size":114,"_req_user":"68d5c0d2abe11a527cea4f1e","_req_mailbox":"68d5c0d2abe11a527cea4f1f","_req_unseen":"true","_req_raw":"<Buffer 66 72 6f 6d 3a 20 30 78 62 30 36 63 64 65 66 61 31 61 32 62 33 63 34 64 35 65 36 66 37 38 39 30 31 32 33 34 35 36 37 38 …","facility":"wildduck","host":"Johns-MacBook-Pro-i9.local","timestamp":1758838994.919,"_component":"wildduck"}
http API 127.0.0.1 root [-/-] POST /users/68d5c0d2abe11a527cea4f1e/mailboxes/68d5c0d2abe11a527cea4f1f/messages?unseen=true 200 28ms
info IMAP [h4fpdl4auxn4a7kq] Secure connection from [127.0.0.1] to Johns-MacBook-Pro-i9.local 127.0.0.1:9993
sill IMAP [h4fpdl4auxn4a7kq] S: * OK WildDuck IMAP Server ready for requests from 127.0.0.1 h4fpdl4auxn4a7kq
sill IMAP [h4fpdl4auxn4a7kq] C: T1 LOGIN "(* value hidden *)" "(* value hidden *)"
info Gelf {"short_message":"WILDDUCK [AUTHOK] 0x1a2b3c4d5e6f789012345678901234567890abcd","_mail_action":"auth","_auth_result":"success","_username":"0x1a2b3c4d5e6f789012345678901234567890abcd","_domain":"johns-macbook-pro-i9.local","_user":"68d5c0d2abe11a527cea4f1e","_password_type":"master","_scope":"imap","_ip":"127.0.0.1","_sess":"h4fpdl4auxn4a7kq","facility":"wildduck","host":"Johns-MacBook-Pro-i9.local","timestamp":1758838995.638,"_component":"wildduck"}
info Gelf {"short_message":"WILDDUCK [CONNSTART] Connection established for 68d5c0d2abe11a527cea4f1e","_connection":"establish","_service":"imap","_sess":"h4fpdl4auxn4a7kq","_user":"68d5c0d2abe11a527cea4f1e","_cid":"h4fpdl4auxn4a7kq","_ip":"127.0.0.1","_limit":15,"facility":"wildduck","host":"Johns-MacBook-Pro-i9.local","timestamp":1758838995.64,"_component":"wildduck"}
info IMAP [h4fpdl4auxn4a7kq] 0x1a2b3c4d5e6f789012345678901234567890abcd authenticated using LOGIN
sill IMAP [h4fpdl4auxn4a7kq] New journal listener for 68d5c0d2abe11a527cea4f1e (0x1a2b3c4d5e6f789012345678901234567890abcd)
sill IMAP [h4fpdl4auxn4a7kq] S: * CAPABILITY IMAP4rev1 APPENDLIMIT=26214400 CHILDREN CONDSTORE ENABLE ID IDLE MOVE NAMESPACE QUOTA SPECIAL-USE UIDPLUS UNSELECT UTF8=ACCEPT XLIST
sill IMAP [h4fpdl4auxn4a7kq] S: T1 OK 0x1a2b3c4d5e6f789012345678901234567890abcd authenticated
sill IMAP [h4fpdl4auxn4a7kq] S: + Go ahead
sill IMAP [h4fpdl4auxn4a7kq] C: T2 APPEND INBOX "(* 234B literal *)"
sill IMAP [h4fpdl4auxn4a7kq] Appending message to "INBOX"
info Gelf {"short_message":"WILDDUCK [QUOTA] +","_mail_action":"quota","_user":"68d5c0d2abe11a527cea4f1e","_inc":234,"_storage_used":24081,"_sess":"h4fpdl4auxn4a7kq","_mailbox":"68d5c0d2abe11a527cea4f1f","facility":"wildduck","host":"Johns-MacBook-Pro-i9.local","timestamp":1758838995.769,"_component":"wildduck"}
info Gelf {"short_message":"WILDDUCK [APPEND]","_mail_action":"append","_path":"INBOX","_user":"68d5c0d2abe11a527cea4f1e","_mailbox":"68d5c0d2abe11a527cea4f1f","_sess":"h4fpdl4auxn4a7kq","_size":234,"_uid_validity":1758838994,"_uid":1000,"_append_id":"68d5c0d3abe11a527cea4f3a","_mailbox_path":"INBOX","_append_status":"new","_response":true,"facility":"wildduck","host":"Johns-MacBook-Pro-i9.local","timestamp":1758838995.774,"_component":"wildduck"}
sill IMAP [h4fpdl4auxn4a7kq] S: T2 OK [APPENDUID 1758838994 1000] APPEND completed
sill IMAP [h4fpdl4auxn4a7kq] C: T3 LOGOUT
sill
IMAP [h4fpdl4auxn4a7kq] Removed journal listener from 68d5c0d2abe11a527cea4f1e (0x1a2b3c4d5e6f789012345678901234567890abcd)
sill IMAP [h4fpdl4auxn4a7kq] S: * BYE Logout requested
sill IMAP [h4fpdl4auxn4a7kq] S: T3 OK Melissa, I have to go, they got into my toilet paper! Melissa, I have to go!
      ✔ should append to mailbox (485ms)
info Gelf {"short_message":"WILDDUCK [CONNRELEASE] Connection released for 68d5c0d2abe11a527cea4f1e","_connection":"release","_service":"imap","_sess":"h4fpdl4auxn4a7kq","_user":"68d5c0d2abe11a527cea4f1e","_cid":"h4fpdl4auxn4a7kq","_ip":"127.0.0.1","facility":"wildduck","host":"Johns-MacBook-Pro-i9.local","timestamp":1758838995.876,"_component":"wildduck"}
info IMAP [h4fpdl4auxn4a7kq] Connection closed to [127.0.0.1]
info Gelf {"short_message":"WILDDUCK HTTP [GET /users] OK","_remote_ip":"127.0.0.1","_http_route":"/users","_http_method":"GET","_user":"root","_role":"root","_api_response":"success","_size":723,"facility":"wildduck","host":"Johns-MacBook-Pro-i9.local","timestamp":1758838996.541,"_component":"wildduck"}
http API 127.0.0.1 root [-/-] GET /users 200 4ms
info Gelf {"short_message":"WILDDUCK HTTP [GET /users] OK","_remote_ip":"127.0.0.1","_http_route":"/users","_http_method":"GET","_user":"root","_role":"root","_api_response":"success","_size":780,"_req_query":"0x1a2b3c4d5e6f789012345678901234567890abcd","facility":"wildduck","host":"Johns-MacBook-Pro-i9.local","timestamp":1758838996.567,"_component":"wildduck"}
http API 127.0.0.1 root [-/-] GET /users?query=0x1a2b3c4d5e6f789012345678901234567890abcd 200 4ms
verb Tasks Created task id=68d5c0d4abe11a527cea4f3d
info Gelf {"short_message":"WILDDUCK HTTP [DELETE /users/:user] OK","_remote_ip":"127.0.0.1","_http_route":"/users/:user","_http_method":"DELETE","_user":"root","_role":"root","_api_response":"success","_code":"TaskScheduled","_size":209,"_req_user":"68d5c0d2abe11a527cea4f1e","facility":"wildduck","host":"Johns-MacBook-Pro-i9.local","timestamp":1758838996.62,"_component":"wildduck"}
http API 127.0.0.1 root [-/-] DELETE /users/68d5c0d2abe11a527cea4f1e 200 20ms
verb Tasks Found task for processing id=68d5c0d4abe11a527cea4f3d
verb Tasks type=user-delete id=68d5c0d4abe11a527cea4f3d data={"user":"68d5c0d2abe11a527cea4f1e"}
verb Tasks task=user-delete id=68d5c0d4abe11a527cea4f3d user=68d5c0d2abe11a527cea4f1e message=Deleted 3 addresses from registry
verb Tasks task=user-delete id=68d5c0d4abe11a527cea4f3d user=68d5c0d2abe11a527cea4f1e message=Marked 7 messages for deletion
verb Tasks task=user-delete id=68d5c0d4abe11a527cea4f3d user=68d5c0d2abe11a527cea4f1e message=Marked total of 7 messages for deletion
verb Tasks task=user-delete id=68d5c0d4abe11a527cea4f3d user=68d5c0d2abe11a527cea4f1e message=Cleared user specific data
info Tasks Released task id=68d5c0d4abe11a527cea4f3d lock=21a7416fb53dcc26f77c38b5
info Gelf {"short_message":"WILDDUCK HTTP [POST /authenticate] OK","_remote_ip":"127.0.0.1","_http_route":"/authenticate","_http_method":"POST","_user":"root","_role":"root","_api_response":"success","_size":334,"_req_username":"0x1a2b3c4d5e6f789012345678901234567890abcd","_req_password":"***","_req_token":"true","_res_id":"68d5c0d7abe11a527cea4f40","facility":"wildduck","host":"Johns-MacBook-Pro-i9.local","timestamp":1758838999.144,"_component":"wildduck"}
http API 127.0.0.1 root [-/-] POST /authenticate 200 134ms
info Gelf {"short_message":"WILDDUCK HTTP [GET /users] OK","_remote_ip":"127.0.0.1","_http_route":"/users","_http_method":"GET","_user":"root","_role":"root","_api_response":"success","_size":776,"_req_query":"0x1a2b3c4d5e6f789012345678901234567890abcd","facility":"wildduck","host":"Johns-MacBook-Pro-i9.local","timestamp":1758838999.182,"_component":"wildduck"}
http API 127.0.0.1 root [-/-] GET /users?query=0x1a2b3c4d5e6f789012345678901234567890abcd 200 4ms
info Gelf {"short_message":"WILDDUCK HTTP [GET /users/:user/mailboxes] OK","_remote_ip":"127.0.0.1","_http_route":"/users/:user/mailboxes","_http_method":"GET","_user":"root","_role":"root","_api_response":"success","_size":1275,"_req_user":"68d5c0d7abe11a527cea4f40","facility":"wildduck","host":"Johns-MacBook-Pro-i9.local","timestamp":1758838999.218,"_component":"wildduck"}
http API
127.0.0.1 root [-/-] GET /users/68d5c0d7abe11a527cea4f40/mailboxes 200 2ms
info Gelf {"short_message":"WILDDUCK HTTP [PUT /users/:user/mailboxes/:mailbox] OK","_remote_ip":"127.0.0.1","_http_route":"/users/:user/mailboxes/:mailbox","_http_method":"PUT","_user":"root","_role":"root","_api_response":"success","_size":22,"_req_user":"68d5c0d7abe11a527cea4f40","_req_mailbox":"68d5c0d7abe11a527cea4f42","_req_path":"[Gmail]/Sent Mail","facility":"wildduck","host":"Johns-MacBook-Pro-i9.local","timestamp":1758838999.278,"_component":"wildduck"}
http API 127.0.0.1 root [-/-] PUT /users/68d5c0d7abe11a527cea4f40/mailboxes/68d5c0d7abe11a527cea4f42 200 5ms
info Gelf {"short_message":"WILDDUCK HTTP [GET /users/:user/mailboxes] OK","_remote_ip":"127.0.0.1","_http_route":"/users/:user/mailboxes","_http_method":"GET","_user":"root","_role":"root","_api_response":"success","_size":1283,"_req_user":"68d5c0d7abe11a527cea4f40","facility":"wildduck","host":"Johns-MacBook-Pro-i9.local","timestamp":1758838999.313,"_component":"wildduck"}
http API 127.0.0.1 root [-/-] GET /users/68d5c0d7abe11a527cea4f40/mailboxes 200 12ms
info Gelf {"short_message":"WILDDUCK [QUOTA] +","_mail_action":"quota","_user":"68d5c0d7abe11a527cea4f40","_inc":256,"_storage_used":256,"_mailbox":"68d5c0d7abe11a527cea4f41","facility":"wildduck","host":"Johns-MacBook-Pro-i9.local","timestamp":1758838999.493,"_component":"wildduck"}
info Gelf {"short_message":"WILDDUCK HTTP [POST /users/:user/mailboxes/:mailbox/messages] OK","_remote_ip":"127.0.0.1","_http_route":"/users/:user/mailboxes/:mailbox/messages","_http_method":"POST","_user":"root","_role":"root","_api_response":"success","_size":114,"_req_user":"68d5c0d7abe11a527cea4f40","_req_mailbox":"68d5c0d7abe11a527cea4f41","_req_date":"14-Sep-2013 21:22:28 -0300","_req_unseen":"true","_req_raw":"<Buffer 66 72 6f 6d 3a 20 30 78 62 30 36 63 64 65 66 61 31 61 32 62 33 63 34 64 35 65 36 66 37 38 39 30 31 32 33 34 35 36 37 38 …","facility":"wildduck","host":"Johns-MacBook-Pro-i9.local","timestamp":1758838999.516,"_component":"wildduck"}
http API 127.0.0.1 root [-/-] POST /users/68d5c0d7abe11a527cea4f40/mailboxes/68d5c0d7abe11a527cea4f41/messages?date=14-Sep-2013%2021%3A22%3A28%20-0300&unseen=true 200 28ms
info Gelf {"short_message":"WILDDUCK [QUOTA] +","_mail_action":"quota","_user":"68d5c0d7abe11a527cea4f40","_inc":21927,"_storage_used":22183,"_mailbox":"68d5c0d7abe11a527cea4f41","facility":"wildduck","host":"Johns-MacBook-Pro-i9.local","timestamp":1758838999.579,"_component":"wildduck"}
info Gelf {"short_message":"WILDDUCK HTTP [POST /users/:user/mailboxes/:mailbox/messages] OK","_remote_ip":"127.0.0.1","_http_route":"/users/:user/mailboxes/:mailbox/messages","_http_method":"POST","_user":"root","_role":"root","_api_response":"success","_size":116,"_req_user":"68d5c0d7abe11a527cea4f40","_req_mailbox":"68d5c0d7abe11a527cea4f41","_req_unseen":"false","_req_raw":"<Buffer 53 75 62 6a 65 63 74 3a 20 52 79 61 6e 20 46 69 6e 6e 69 65 27 73 20 4d 49 4d 45 20 54 6f 72 74 75 72 65 20 54 65 73 74 …","facility":"wildduck","host":"Johns-MacBook-Pro-i9.local","timestamp":1758838999.587,"_component":"wildduck"}
http API 127.0.0.1 root [-/-] POST /users/68d5c0d7abe11a527cea4f40/mailboxes/68d5c0d7abe11a527cea4f41/messages?unseen=false 200 48ms
info Gelf {"short_message":"WILDDUCK [QUOTA] +","_mail_action":"quota","_user":"68d5c0d7abe11a527cea4f40","_inc":1044,"_storage_used":23227,"_mailbox":"68d5c0d7abe11a527cea4f41","facility":"wildduck","host":"Johns-MacBook-Pro-i9.local","timestamp":1758838999.619,"_component":"wildduck"}
info Gelf {"short_message":"WILDDUCK HTTP [POST /users/:user/mailboxes/:mailbox/messages] OK","_remote_ip":"127.0.0.1","_http_route":"/users/:user/mailboxes/:mailbox/messages","_http_method":"POST","_user":"root","_role":"root","_api_response":"success","_size":115,"_req_user":"68d5c0d7abe11a527cea4f40","_req_mailbox":"68d5c0d7abe11a527cea4f41","_req_unseen":"false","_req_raw":"<Buffer 4d 49 4d 45 2d 56 65 72 73 69 6f 6e 3a 20 31 2e 30 0d 0a 46 72 6f 6d 3a 20 30 78 36 62 31 37 65 66 61 62 31 61 32 62 33 …","facility":"wildduck","host":"Johns-MacBook-Pro-i9.local","timestamp":1758838999.624,"_component":"wildduck"}
http API 127.0.0.1 root [-/-] POST /users/68d5c0d7abe11a527cea4f40/mailboxes/68d5c0d7abe11a527cea4f41/messages?unseen=false 200 15ms
info Gelf {"short_message":"WILDDUCK [QUOTA] +","_mail_action":"quota","_user":"68d5c0d7abe11a527cea4f40","_inc":264,"_storage_used":23491,"_mailbox":"68d5c0d7abe11a527cea4f41","facility":"wildduck","host":"Johns-MacBook-Pro-i9.local","timestamp":1758838999.666,"_component":"wildduck"}
info Gelf {"short_message":"WILDDUCK HTTP [POST /users/:user/mailboxes/:mailbox/messages] OK","_remote_ip":"127.0.0.1","_http_route":"/users/:user/mailboxes/:mailbox/messages","_http_method":"POST","_user":"root","_role":"root","_api_response":"success","_size":114,"_req_user":"68d5c0d7abe11a527cea4f40","_req_mailbox":"68d5c0d7abe11a527cea4f41","_req_unseen":"true","_req_raw":"<Buffer 66 72 6f 6d 3a 20 30 78 62 30 36 63 64 65 66 61 31 61 32 62 33 63 34 64 35 65 36 66 37 38 39 30 31 32 33 34 35 36 37 38 …","facility":"wildduck","host":"Johns-MacBook-Pro-i9.local","timestamp":1758838999.672,"_component":"wildduck"}
http API 127.0.0.1 root [-/-] POST /users/68d5c0d7abe11a527cea4f40/mailboxes/68d5c0d7abe11a527cea4f41/messages?unseen=true 200 24ms
info Gelf {"short_message":"WILDDUCK [QUOTA] +","_mail_action":"quota","_user":"68d5c0d7abe11a527cea4f40","_inc":178,"_storage_used":23669,"_mailbox":"68d5c0d7abe11a527cea4f41","facility":"wildduck","host":"Johns-MacBook-Pro-i9.local","timestamp":1758838999.717,"_component":"wildduck"}
info Gelf {"short_message":"WILDDUCK HTTP [POST /users/:user/mailboxes/:mailbox/messages] OK","_remote_ip":"127.0.0.1","_http_route":"/users/:user/mailboxes/:mailbox/messages","_http_method":"POST","_user":"root","_role":"root","_api_response":"success","_size":114,"_req_user":"68d5c0d7abe11a527cea4f40","_req_mailbox":"68d5c0d7abe11a527cea4f41","_req_unseen":"true","_req_raw":"<Buffer 66 72 6f 6d 3a 20 30 78 62 30 36 63 64 65 66 61 31 61 32 62 33 63 34 64 35 65 36 66 37 38 39 30 31 32 33 34 35 36 37 38 …","facility":"wildduck","host":"Johns-MacBook-Pro-i9.local","timestamp":1758838999.723,"_component":"wildduck"}
http API 127.0.0.1 root [-/-] POST /users/68d5c0d7abe11a527cea4f40/mailboxes/68d5c0d7abe11a527cea4f41/messages?unseen=true 200 29ms
info Gelf {"short_message":"WILDDUCK [QUOTA] +","_mail_action":"quota","_user":"68d5c0d7abe11a527cea4f40","_inc":178,"_storage_used":23847,"_mailbox":"68d5c0d7abe11a527cea4f41","facility":"wildduck","host":"Johns-MacBook-Pro-i9.local","timestamp":1758838999.765,"_component":"wildduck"}
info Gelf {"short_message":"WILDDUCK HTTP [POST /users/:user/mailboxes/:mailbox/messages] OK","_remote_ip":"127.0.0.1","_http_route":"/users/:user/mailboxes/:mailbox/messages","_http_method":"POST","_user":"root","_role":"root","_api_response":"success","_size":114,"_req_user":"68d5c0d7abe11a527cea4f40","_req_mailbox":"68d5c0d7abe11a527cea4f41","_req_unseen":"true","_req_raw":"<Buffer 66 72 6f 6d 3a 20 30 78 62 30 36 63 64 65 66 61 31 61 32 62 33 63 34 64 35 65 36 66 37 38 39 30 31 32 33 34 35 36 37 38 …","facility":"wildduck","host":"Johns-MacBook-Pro-i9.local","timestamp":1758838999.771,"_component":"wildduck"}
http API 127.0.0.1 root [-/-] POST /users/68d5c0d7abe11a527cea4f40/mailboxes/68d5c0d7abe11a527cea4f41/messages?unseen=true 200 25ms
info
IMAP [5afldngwzoy2zqcg] Secure connection from [127.0.0.1] to Johns-MacBook-Pro-i9.local 127.0.0.1:9993
sill IMAP [5afldngwzoy2zqcg] S: * OK WildDuck IMAP Server ready for requests from 127.0.0.1 5afldngwzoy2zqcg
sill IMAP [5afldngwzoy2zqcg] C: T1 LOGIN "(* value hidden *)" "(* value hidden *)"
info Gelf {"short_message":"WILDDUCK [AUTHOK] 0x1a2b3c4d5e6f789012345678901234567890abcd","_mail_action":"auth","_auth_result":"success","_username":"0x1a2b3c4d5e6f789012345678901234567890abcd","_domain":"johns-macbook-pro-i9.local","_user":"68d5c0d7abe11a527cea4f40","_password_type":"master","_scope":"imap","_ip":"127.0.0.1","_sess":"5afldngwzoy2zqcg","facility":"wildduck","host":"Johns-MacBook-Pro-i9.local","timestamp":1758839000.365,"_component":"wildduck"}
info Gelf {"short_message":"WILDDUCK [CONNSTART] Connection established for 68d5c0d7abe11a527cea4f40","_connection":"establish","_service":"imap","_sess":"5afldngwzoy2zqcg","_user":"68d5c0d7abe11a527cea4f40","_cid":"5afldngwzoy2zqcg","_ip":"127.0.0.1","_limit":15,"facility":"wildduck","host":"Johns-MacBook-Pro-i9.local","timestamp":1758839000.367,"_component":"wildduck"}
info IMAP [5afldngwzoy2zqcg] 0x1a2b3c4d5e6f789012345678901234567890abcd authenticated using LOGIN
sill IMAP [5afldngwzoy2zqcg] New journal listener for 68d5c0d7abe11a527cea4f40 (0x1a2b3c4d5e6f789012345678901234567890abcd)
sill IMAP [5afldngwzoy2zqcg] S: * CAPABILITY IMAP4rev1 APPENDLIMIT=26214400 CHILDREN CONDSTORE ENABLE ID IDLE MOVE NAMESPACE QUOTA SPECIAL-USE UIDPLUS UNSELECT UTF8=ACCEPT XLIST
sill IMAP [5afldngwzoy2zqcg] S: T1 OK 0x1a2b3c4d5e6f789012345678901234567890abcd authenticated
sill IMAP [5afldngwzoy2zqcg] S: + Go ahead
sill IMAP [5afldngwzoy2zqcg] C: T2 APPEND INBOX (MyFlag) "(* 26B string *)" "(* 234B literal *)"
sill IMAP [5afldngwzoy2zqcg] Appending message to "INBOX"
info Gelf {"short_message":"WILDDUCK [QUOTA] +","_mail_action":"quota","_user":"68d5c0d7abe11a527cea4f40","_inc":234,"_storage_used":24081,"_sess":"5afldngwzoy2zqcg","_mailbox":"68d5c0d7abe11a527cea4f41","facility":"wildduck","host":"Johns-MacBook-Pro-i9.local","timestamp":1758839000.476,"_component":"wildduck"}
info Gelf {"short_message":"WILDDUCK [APPEND]","_mail_action":"append","_path":"INBOX","_user":"68d5c0d7abe11a527cea4f40","_mailbox":"68d5c0d7abe11a527cea4f41","_sess":"5afldngwzoy2zqcg","_flags":"MyFlag","_internaldate":"14-Sep-2013 21:22:28 -0300","_size":234,"_uid_validity":1758838999,"_uid":1000,"_append_id":"68d5c0d8abe11a527cea4f5c","_mailbox_path":"INBOX","_append_status":"new","_response":true,"facility":"wildduck","host":"Johns-MacBook-Pro-i9.local","timestamp":1758839000.482,"_component":"wildduck"}
sill IMAP [5afldngwzoy2zqcg] S: T2 OK [APPENDUID 1758838999 1000] APPEND completed
sill IMAP [5afldngwzoy2zqcg] C: T3 LOGOUT
sill IMAP [5afldngwzoy2zqcg] Removed journal listener from 68d5c0d7abe11a527cea4f40 (0x1a2b3c4d5e6f789012345678901234567890abcd)
sill IMAP [5afldngwzoy2zqcg] S: * BYE Logout requested
sill IMAP [5afldngwzoy2zqcg] S: T3 OK Oh ho ho ho, duck hunters is da cwaziest peoples! Ha ha ha.
      ✔ should append to mailbox with optional arguments (455ms)
info Gelf {"short_message":"WILDDUCK [CONNRELEASE] Connection released for 68d5c0d7abe11a527cea4f40","_connection":"release","_service":"imap","_sess":"5afldngwzoy2zqcg","_user":"68d5c0d7abe11a527cea4f40","_cid":"5afldngwzoy2zqcg","_ip":"127.0.0.1","facility":"wildduck","host":"Johns-MacBook-Pro-i9.local","timestamp":1758839000.584,"_component":"wildduck"}
info IMAP [5afldngwzoy2zqcg] Connection closed to [127.0.0.1]
info Gelf {"short_message":"WILDDUCK HTTP [GET /users] OK","_remote_ip":"127.0.0.1","_http_route":"/users","_http_method":"GET","_user":"root","_role":"root","_api_response":"success","_size":723,"facility":"wildduck","host":"Johns-MacBook-Pro-i9.local","timestamp":1758839001.264,"_component":"wildduck"}
http API 127.0.0.1 root [-/-] GET /users 200 20ms
info Gelf {"short_message":"WILDDUCK HTTP [GET /users] OK","_remote_ip":"127.0.0.1","_http_route":"/users","_http_method":"GET","_user":"root","_role":"root","_api_response":"success","_size":780,"_req_query":"0x1a2b3c4d5e6f789012345678901234567890abcd","facility":"wildduck","host":"Johns-MacBook-Pro-i9.local","timestamp":1758839001.292,"_component":"wildduck"}
http API 127.0.0.1 root [-/-] GET /users?query=0x1a2b3c4d5e6f789012345678901234567890abcd 200 4ms
verb Tasks Created task id=68d5c0d9abe11a527cea4f5f
info Gelf {"short_message":"WILDDUCK HTTP [DELETE /users/:user] OK","_remote_ip":"127.0.0.1","_http_route":"/users/:user","_http_method":"DELETE","_user":"root","_role":"root","_api_response":"success","_code":"TaskScheduled","_size":209,"_req_user":"68d5c0d7abe11a527cea4f40","facility":"wildduck","host":"Johns-MacBook-Pro-i9.local","timestamp":1758839001.334,"_component":"wildduck"}
http API 127.0.0.1 root [-/-] DELETE /users/68d5c0d7abe11a527cea4f40 200 9ms
info Gelf {"short_message":"WILDDUCK HTTP [POST /authenticate] OK","_remote_ip":"127.0.0.1","_http_route":"/authenticate","_http_method":"POST","_user":"root","_role":"root","_api_response":"success","_size":334,"_req_username":"0x1a2b3c4d5e6f789012345678901234567890abcd","_req_password":"***","_req_token":"true","_res_id":"68d5c0dbabe11a527cea4f61","facility":"wildduck","host":"Johns-MacBook-Pro-i9.local","timestamp":1758839003.894,"_component":"wildduck"}
http API 127.0.0.1 root [-/-] POST /authenticate 200 150ms
info Gelf {"short_message":"WILDDUCK HTTP [GET /users] OK","_remote_ip":"127.0.0.1","_http_route":"/users","_http_method":"GET","_user":"root","_role":"root","_api_response":"success","_size":776,"_req_query":"0x1a2b3c4d5e6f789012345678901234567890abcd","facility":"wildduck","host":"Johns-MacBook-Pro-i9.local","timestamp":1758839003.932,"_component":"wildduck"}
http API 127.0.0.1 root [-/-] GET /users?query=0x1a2b3c4d5e6f789012345678901234567890abcd 200 4ms
info Gelf {"short_message":"WILDDUCK HTTP [GET /users/:user/mailboxes] OK","_remote_ip":"127.0.0.1","_http_route":"/users/:user/mailboxes","_http_method":"GET","_user":"root","_role":"root","_api_response":"success","_size":1275,"_req_user":"68d5c0dbabe11a527cea4f61","facility":"wildduck","host":"Johns-MacBook-Pro-i9.local","timestamp":1758839003.969,"_component":"wildduck"}
http API 127.0.0.1 root [-/-] GET /users/68d5c0dbabe11a527cea4f61/mailboxes 200 2ms
info Gelf {"short_message":"WILDDUCK HTTP [PUT /users/:user/mailboxes/:mailbox] OK","_remote_ip":"127.0.0.1","_http_route":"/users/:user/mailboxes/:mailbox","_http_method":"PUT","_user":"root","_role":"root","_api_response":"success","_size":22,"_req_user":"68d5c0dbabe11a527cea4f61","_req_mailbox":"68d5c0dbabe11a527cea4f63","_req_path":"[Gmail]/Sent Mail","facility":"wildduck","host":"Johns-MacBook-Pro-i9.local","timestamp":1758839004.029,"_component":"wildduck"}
http API 127.0.0.1 root [-/-] PUT /users/68d5c0dbabe11a527cea4f61/mailboxes/68d5c0dbabe11a527cea4f63 200 5ms
info Gelf {"short_message":"WILDDUCK HTTP [GET /users/:user/mailboxes] OK","_remote_ip":"127.0.0.1","_http_route":"/users/:user/mailboxes","_http_method":"GET","_user":"root","_role":"root","_api_response":"success","_size":1283,"_req_user":"68d5c0dbabe11a527cea4f61","facility":"wildduck","host":"Johns-MacBook-Pro-i9.local","timestamp":1758839004.064,"_component":"wildduck"}
http API 127.0.0.1 root [-/-] GET /users/68d5c0dbabe11a527cea4f61/mailboxes 200 12ms
info Gelf {"short_message":"WILDDUCK [QUOTA] +","_mail_action":"quota","_user":"68d5c0dbabe11a527cea4f61","_inc":256,"_storage_used":256,"_mailbox":"68d5c0dbabe11a527cea4f62","facility":"wildduck","host":"Johns-MacBook-Pro-i9.local","timestamp":1758839004.245,"_component":"wildduck"}
info Gelf {"short_message":"WILDDUCK HTTP [POST /users/:user/mailboxes/:mailbox/messages] OK","_remote_ip":"127.0.0.1","_http_route":"/users/:user/mailboxes/:mailbox/messages","_http_method":"POST","_user":"root","_role":"root","_api_response":"success","_size":114,"_req_user":"68d5c0dbabe11a527cea4f61","_req_mailbox":"68d5c0dbabe11a527cea4f62","_req_date":"14-Sep-2013 21:22:28 -0300","_req_unseen":"true","_req_raw":"<Buffer 66 72 6f 6d 3a 20 30 78 62 30 36 63 64 65 66 61 31 61 32 62 33 63 34 64 35 65 36 66 37 38 39 30 31 32 33 34 35 36 37 38 …","facility":"wildduck","host":"Johns-MacBook-Pro-i9.local","timestamp":1758839004.268,"_component":"wildduck"}
http API 127.0.0.1 root [-/-] POST /users/68d5c0dbabe11a527cea4f61/mailboxes/68d5c0dbabe11a527cea4f62/messages?date=14-Sep-2013%2021%3A22%3A28%20-0300&unseen=true 200 29ms
info Gelf {"short_message":"WILDDUCK [QUOTA] +","_mail_action":"quota","_user":"68d5c0dbabe11a527cea4f61","_inc":21927,"_storage_used":22183,"_mailbox":"68d5c0dbabe11a527cea4f62","facility":"wildduck","host":"Johns-MacBook-Pro-i9.local","timestamp":1758839004.329,"_component":"wildduck"}
info Gelf {"short_message":"WILDDUCK HTTP [POST /users/:user/mailboxes/:mailbox/messages] OK","_remote_ip":"127.0.0.1","_http_route":"/users/:user/mailboxes/:mailbox/messages","_http_method":"POST","_user":"root","_role":"root","_api_response":"success","_size":116,"_req_user":"68d5c0dbabe11a527cea4f61","_req_mailbox":"68d5c0dbabe11a527cea4f62","_req_unseen":"false","_req_raw":"<Buffer 53 75 62 6a 65 63 74 3a 20 52 79 61 6e 20 46 69 6e 6e 69 65 27 73 20 4d 49 4d 45 20 54 6f 72 74 75 72 65 20 54 65 73 74 …","facility":"wildduck","host":"Johns-MacBook-Pro-i9.local","timestamp":1758839004.336,"_component":"wildduck"}
http API 127.0.0.1 root [-/-] POST /users/68d5c0dbabe11a527cea4f61/mailboxes/68d5c0dbabe11a527cea4f62/messages?unseen=false 200 45ms
info Gelf {"short_message":"WILDDUCK [QUOTA] +","_mail_action":"quota","_user":"68d5c0dbabe11a527cea4f61","_inc":1044,"_storage_used":23227,"_mailbox":"68d5c0dbabe11a527cea4f62","facility":"wildduck","host":"Johns-MacBook-Pro-i9.local","timestamp":1758839004.373,"_component":"wildduck"}
info Gelf {"short_message":"WILDDUCK HTTP [POST /users/:user/mailboxes/:mailbox/messages] OK","_remote_ip":"127.0.0.1","_http_route":"/users/:user/mailboxes/:mailbox/messages","_http_method":"POST","_user":"root","_role":"root","_api_response":"success","_size":115,"_req_user":"68d5c0dbabe11a527cea4f61","_req_mailbox":"68d5c0dbabe11a527cea4f62","_req_unseen":"false","_req_raw":"<Buffer 4d 49 4d 45 2d 56 65 72 73 69 6f 6e 3a 20 31 2e 30 0d 0a 46 72 6f 6d 3a 20 30 78 36 62 31 37 65 66 61 62 31 61 32 62 33 …","facility":"wildduck","host":"Johns-MacBook-Pro-i9.local","timestamp":1758839004.38,"_component":"wildduck"}
http API 127.0.0.1 root [-/-] POST /users/68d5c0dbabe11a527cea4f61/mailboxes/68d5c0dbabe11a527cea4f62/messages?unseen=false 200 21ms
info Gelf {"short_message":"WILDDUCK [QUOTA] +","_mail_action":"quota","_user":"68d5c0dbabe11a527cea4f61","_inc":264,"_storage_used":23491,"_mailbox":"68d5c0dbabe11a527cea4f62","facility":"wildduck","host":"Johns-MacBook-Pro-i9.local","timestamp":1758839004.417,"_component":"wildduck"}
info Gelf {"short_message":"WILDDUCK HTTP [POST /users/:user/mailboxes/:mailbox/messages] OK","_remote_ip":"127.0.0.1","_http_route":"/users/:user/mailboxes/:mailbox/messages","_http_method":"POST","_user":"root","_role":"root","_api_response":"success","_size":114,"_req_user":"68d5c0dbabe11a527cea4f61","_req_mailbox":"68d5c0dbabe11a527cea4f62","_req_unseen":"true","_req_raw":"<Buffer 66 72 6f 6d 3a 20 30 78 62 30 36 63 64 65 66 61 31 61 32 62 33 63 34 64 35 65 36 66 37 38 39 30 31 32 33 34 35 36 37 38 …","facility":"wildduck","host":"Johns-MacBook-Pro-i9.local","timestamp":1758839004.423,"_component":"wildduck"}
http API 127.0.0.1 root [-/-] POST /users/68d5c0dbabe11a527cea4f61/mailboxes/68d5c0dbabe11a527cea4f62/messages?unseen=true 200 18ms
info Gelf {"short_message":"WILDDUCK [QUOTA] +","_mail_action":"quota","_user":"68d5c0dbabe11a527cea4f61","_inc":178,"_storage_used":23669,"_mailbox":"68d5c0dbabe11a527cea4f62","facility":"wildduck","host":"Johns-MacBook-Pro-i9.local","timestamp":1758839004.466,"_component":"wildduck"}
info Gelf {"short_message":"WILDDUCK HTTP [POST /users/:user/mailboxes/:mailbox/messages] OK","_remote_ip":"127.0.0.1","_http_route":"/users/:user/mailboxes/:mailbox/messages","_http_method":"POST","_user":"root","_role":"root","_api_response":"success","_size":114,"_req_user":"68d5c0dbabe11a527cea4f61","_req_mailbox":"68d5c0dbabe11a527cea4f62","_req_unseen":"true","_req_raw":"<Buffer 66 72 6f 6d 3a 20 30 78 62 30 36 63 64 65 66 61 31 61 32 62 33 63 34 64 35 65 36 66 37 38 39 30 31 32 33 34 35 36 37 38 …","facility":"wildduck","host":"Johns-MacBook-Pro-i9.local","timestamp":1758839004.473,"_component":"wildduck"}
http API 127.0.0.1 root [-/-] POST /users/68d5c0dbabe11a527cea4f61/mailboxes/68d5c0dbabe11a527cea4f62/messages?unseen=true 200 28ms
info Gelf {"short_message":"WILDDUCK [QUOTA] +","_mail_action":"quota","_user":"68d5c0dbabe11a527cea4f61","_inc":178,"_storage_used":23847,"_mailbox":"68d5c0dbabe11a527cea4f62","facility":"wildduck","host":"Johns-MacBook-Pro-i9.local","timestamp":1758839004.516,"_component":"wildduck"}
info Gelf {"short_message":"WILDDUCK HTTP [POST /users/:user/mailboxes/:mailbox/messages] OK","_remote_ip":"127.0.0.1","_http_route":"/users/:user/mailboxes/:mailbox/messages","_http_method":"POST","_user":"root","_role":"root","_api_response":"success","_size":114,"_req_user":"68d5c0dbabe11a527cea4f61","_req_mailbox":"68d5c0dbabe11a527cea4f62","_req_unseen":"true","_req_raw":"<Buffer 66 72 6f 6d 3a 20 30 78 62 30 36 63 64 65 66 61 31 61 32 62 33 63 34 64 35 65 36 66 37 38 39 30 31 32 33 34 35 36 37 38 …","facility":"wildduck","host":"Johns-MacBook-Pro-i9.local","timestamp":1758839004.523,"_component":"wildduck"}
http API 127.0.0.1 root [-/-] POST /users/68d5c0dbabe11a527cea4f61/mailboxes/68d5c0dbabe11a527cea4f62/messages?unseen=true 200 27ms
info IMAP [f2en7cnboh4j7s3o] Secure connection from [127.0.0.1] to Johns-MacBook-Pro-i9.local 127.0.0.1:9993
sill IMAP [f2en7cnboh4j7s3o] S: * OK WildDuck IMAP Server ready for requests from 127.0.0.1 f2en7cnboh4j7s3o
sill IMAP [f2en7cnboh4j7s3o] C: T1 LOGIN "(* value hidden *)" "(* value hidden *)"
verb Tasks Found task for processing id=68d5c0d9abe11a527cea4f5f
verb
Tasks type=user-delete id=68d5c0d9abe11a527cea4f5f data={"user":"68d5c0d7abe11a527cea4f40"}
verb Tasks task=user-delete id=68d5c0d9abe11a527cea4f5f user=68d5c0d7abe11a527cea4f40 message=Deleted 3 addresses from registry
verb Tasks task=user-delete id=68d5c0d9abe11a527cea4f5f user=68d5c0d7abe11a527cea4f40 message=Marked 7 messages for deletion
verb Tasks task=user-delete id=68d5c0d9abe11a527cea4f5f user=68d5c0d7abe11a527cea4f40 message=Marked total of 7 messages for deletion
verb Tasks task=user-delete id=68d5c0d9abe11a527cea4f5f user=68d5c0d7abe11a527cea4f40 message=Cleared user specific data
info Tasks Released task id=68d5c0d9abe11a527cea4f5f lock=ad9af97d14c2d1f4c2e742aa
info Gelf {"short_message":"WILDDUCK [AUTHOK] 0x1a2b3c4d5e6f789012345678901234567890abcd","_mail_action":"auth","_auth_result":"success","_username":"0x1a2b3c4d5e6f789012345678901234567890abcd","_domain":"johns-macbook-pro-i9.local","_user":"68d5c0dbabe11a527cea4f61","_password_type":"master","_scope":"imap","_ip":"127.0.0.1","_sess":"f2en7cnboh4j7s3o","facility":"wildduck","host":"Johns-MacBook-Pro-i9.local","timestamp":1758839005.137,"_component":"wildduck"}
info Gelf {"short_message":"WILDDUCK [CONNSTART] Connection established for 68d5c0dbabe11a527cea4f61","_connection":"establish","_service":"imap","_sess":"f2en7cnboh4j7s3o","_user":"68d5c0dbabe11a527cea4f61","_cid":"f2en7cnboh4j7s3o","_ip":"127.0.0.1","_limit":15,"facility":"wildduck","host":"Johns-MacBook-Pro-i9.local","timestamp":1758839005.139,"_component":"wildduck"}
info IMAP [f2en7cnboh4j7s3o] 0x1a2b3c4d5e6f789012345678901234567890abcd authenticated using LOGIN
sill IMAP [f2en7cnboh4j7s3o] New journal listener for 68d5c0dbabe11a527cea4f61 (0x1a2b3c4d5e6f789012345678901234567890abcd)
sill IMAP [f2en7cnboh4j7s3o] S: * CAPABILITY IMAP4rev1 APPENDLIMIT=26214400 CHILDREN CONDSTORE ENABLE ID IDLE MOVE NAMESPACE QUOTA SPECIAL-USE UIDPLUS UNSELECT UTF8=ACCEPT XLIST
sill IMAP [f2en7cnboh4j7s3o] S: T1 OK 0x1a2b3c4d5e6f789012345678901234567890abcd authenticated
sill IMAP [f2en7cnboh4j7s3o] S: + Go ahead
sill IMAP [f2en7cnboh4j7s3o] C: T2 APPEND INBOX (Seen $NotJunk NotJunk) "(* 26B string *)" "(* 80101B literal *)"
sill IMAP [f2en7cnboh4j7s3o] Appending message to "INBOX"
info Gelf {"short_message":"WILDDUCK [QUOTA] +","_mail_action":"quota","_user":"68d5c0dbabe11a527cea4f61","_inc":80101,"_storage_used":103948,"_sess":"f2en7cnboh4j7s3o","_mailbox":"68d5c0dbabe11a527cea4f62","facility":"wildduck","host":"Johns-MacBook-Pro-i9.local","timestamp":1758839005.792,"_component":"wildduck"}
info Gelf {"short_message":"WILDDUCK [APPEND]","_mail_action":"append","_path":"INBOX","_user":"68d5c0dbabe11a527cea4f61","_mailbox":"68d5c0dbabe11a527cea4f62","_sess":"f2en7cnboh4j7s3o","_flags":"Seen, $NotJunk, NotJunk","_internaldate":"20-Oct-2015 09:57:08 +0300","_size":80101,"_uid_validity":1758839003,"_uid":1000,"_append_id":"68d5c0ddabe11a527cea4f7e","_mailbox_path":"INBOX","_append_status":"new","_response":true,"facility":"wildduck","host":"Johns-MacBook-Pro-i9.local","timestamp":1758839005.817,"_component":"wildduck"}
sill IMAP [f2en7cnboh4j7s3o] S: T2 OK [APPENDUID 1758839003 1000] APPEND completed
sill
IMAP [f2en7cnboh4j7s3o] C: T3 LOGOUT
sill IMAP [f2en7cnboh4j7s3o] Removed journal listener from 68d5c0dbabe11a527cea4f61 (0x1a2b3c4d5e6f789012345678901234567890abcd)
sill IMAP [f2en7cnboh4j7s3o] S: * BYE Logout requested
sill IMAP [f2en7cnboh4j7s3o] S: T3 OK Well, that makes sense. Send a bird to catch a cat!
      ✔ should append large file in chunks (1027ms)
info Gelf {"short_message":"WILDDUCK [CONNRELEASE] Connection released for 68d5c0dbabe11a527cea4f61","_connection":"release","_service":"imap","_sess":"f2en7cnboh4j7s3o","_user":"68d5c0dbabe11a527cea4f61","_cid":"f2en7cnboh4j7s3o","_ip":"127.0.0.1","facility":"wildduck","host":"Johns-MacBook-Pro-i9.local","timestamp":1758839005.919,"_component":"wildduck"}
info IMAP [f2en7cnboh4j7s3o] Connection closed to [127.0.0.1]
    SELECT
info Gelf {"short_message":"WILDDUCK HTTP [GET /users] OK","_remote_ip":"127.0.0.1","_http_route":"/users","_http_method":"GET","_user":"root","_role":"root","_api_response":"success","_size":724,"facility":"wildduck","host":"Johns-MacBook-Pro-i9.local","timestamp":1758839006.623,"_component":"wildduck"}
http API 127.0.0.1 root [-/-] GET /users 200 5ms
info Gelf {"short_message":"WILDDUCK HTTP [GET /users] OK","_remote_ip":"127.0.0.1","_http_route":"/users","_http_method":"GET","_user":"root","_role":"root","_api_response":"success","_size":781,"_req_query":"0x1a2b3c4d5e6f789012345678901234567890abcd","facility":"wildduck","host":"Johns-MacBook-Pro-i9.local","timestamp":1758839006.694,"_component":"wildduck"}
http API 127.0.0.1 root [-/-] GET /users?query=0x1a2b3c4d5e6f789012345678901234567890abcd 200 5ms
verb Tasks Created task id=68d5c0deabe11a527cea4f81
info Gelf {"short_message":"WILDDUCK HTTP [DELETE /users/:user] OK","_remote_ip":"127.0.0.1","_http_route":"/users/:user","_http_method":"DELETE","_user":"root","_role":"root","_api_response":"success","_code":"TaskScheduled","_size":209,"_req_user":"68d5c0dbabe11a527cea4f61","facility":"wildduck","host":"Johns-MacBook-Pro-i9.local","timestamp":1758839006.736,"_component":"wildduck"}
http API 127.0.0.1 root [-/-] DELETE /users/68d5c0dbabe11a527cea4f61 200 9ms
verb Tasks Found task for processing id=68d5c0deabe11a527cea4f81
verb
Tasks type=user-delete id=68d5c0deabe11a527cea4f81 data={"user":"68d5c0dbabe11a527cea4f61"}
verb Tasks task=user-delete id=68d5c0deabe11a527cea4f81 user=68d5c0dbabe11a527cea4f61 message=Deleted 4 addresses from registry
verb Tasks task=user-delete id=68d5c0deabe11a527cea4f81 user=68d5c0dbabe11a527cea4f61 message=Marked 7 messages for deletion
verb
Tasks task=user-delete id=68d5c0deabe11a527cea4f81 user=68d5c0dbabe11a527cea4f61 message=Marked total of 7 messages for deletion
verb Tasks task=user-delete id=68d5c0deabe11a527cea4f81 user=68d5c0dbabe11a527cea4f61 message=Cleared user specific data
info Tasks Released task id=68d5c0deabe11a527cea4f81 lock=c11194e1e2ae4a0d967fecb4
info Gelf {"short_message":"WILDDUCK HTTP [POST /authenticate] OK","_remote_ip":"127.0.0.1","_http_route":"/authenticate","_http_method":"POST","_user":"root","_role":"root","_api_response":"success","_size":334,"_req_username":"0x1a2b3c4d5e6f789012345678901234567890abcd","_req_password":"***","_req_token":"true","_res_id":"68d5c0e1abe11a527cea4f84","facility":"wildduck","host":"Johns-MacBook-Pro-i9.local","timestamp":1758839009.293,"_component":"wildduck"}
http API 127.0.0.1 root [-/-] POST /authenticate 200 150ms
info Gelf {"short_message":"WILDDUCK HTTP [GET /users] OK","_remote_ip":"127.0.0.1","_http_route":"/users","_http_method":"GET","_user":"root","_role":"root","_api_response":"success","_size":776,"_req_query":"0x1a2b3c4d5e6f789012345678901234567890abcd","facility":"wildduck","host":"Johns-MacBook-Pro-i9.local","timestamp":1758839009.332,"_component":"wildduck"}
http API 127.0.0.1 root [-/-] GET /users?query=0x1a2b3c4d5e6f789012345678901234567890abcd 200 5ms
info Gelf {"short_message":"WILDDUCK HTTP [GET /users/:user/mailboxes] OK","_remote_ip":"127.0.0.1","_http_route":"/users/:user/mailboxes","_http_method":"GET","_user":"root","_role":"root","_api_response":"success","_size":1275,"_req_user":"68d5c0e1abe11a527cea4f84","facility":"wildduck","host":"Johns-MacBook-Pro-i9.local","timestamp":1758839009.368,"_component":"wildduck"}
http API 127.0.0.1 root [-/-] GET /users/68d5c0e1abe11a527cea4f84/mailboxes 200 3ms
info Gelf {"short_message":"WILDDUCK HTTP [PUT /users/:user/mailboxes/:mailbox] OK","_remote_ip":"127.0.0.1","_http_route":"/users/:user/mailboxes/:mailbox","_http_method":"PUT","_user":"root","_role":"root","_api_response":"success","_size":22,"_req_user":"68d5c0e1abe11a527cea4f84","_req_mailbox":"68d5c0e1abe11a527cea4f86","_req_path":"[Gmail]/Sent Mail","facility":"wildduck","host":"Johns-MacBook-Pro-i9.local","timestamp":1758839009.428,"_component":"wildduck"}
http API
127.0.0.1 root [-/-] PUT /users/68d5c0e1abe11a527cea4f84/mailboxes/68d5c0e1abe11a527cea4f86 200 5ms
info Gelf {"short_message":"WILDDUCK HTTP [GET /users/:user/mailboxes] OK","_remote_ip":"127.0.0.1","_http_route":"/users/:user/mailboxes","_http_method":"GET","_user":"root","_role":"root","_api_response":"success","_size":1283,"_req_user":"68d5c0e1abe11a527cea4f84","facility":"wildduck","host":"Johns-MacBook-Pro-i9.local","timestamp":1758839009.464,"_component":"wildduck"}
http API 127.0.0.1 root [-/-] GET /users/68d5c0e1abe11a527cea4f84/mailboxes 200 13ms
info Gelf {"short_message":"WILDDUCK [QUOTA] +","_mail_action":"quota","_user":"68d5c0e1abe11a527cea4f84","_inc":256,"_storage_used":256,"_mailbox":"68d5c0e1abe11a527cea4f85","facility":"wildduck","host":"Johns-MacBook-Pro-i9.local","timestamp":1758839009.663,"_component":"wildduck"}
info Gelf
{"short_message":"WILDDUCK HTTP [POST /users/:user/mailboxes/:mailbox/messages] OK","_remote_ip":"127.0.0.1","_http_route":"/users/:user/mailboxes/:mailbox/messages","_http_method":"POST","_user":"root","_role":"root","_api_response":"success","_size":114,"_req_user":"68d5c0e1abe11a527cea4f84","_req_mailbox":"68d5c0e1abe11a527cea4f85","_req_date":"14-Sep-2013 21:22:28 -0300","_req_unseen":"true","_req_raw":"<Buffer 66 72 6f 6d 3a 20 30 78 62 30 36 63 64 65 66 61 31 61 32 62 33 63 34 64 35 65 36 66 37 38 39 30 31 32 33 34 35 36 37 38 …","facility":"wildduck","host":"Johns-MacBook-Pro-i9.local","timestamp":1758839009.669,"_component":"wildduck"}
http
API 127.0.0.1 root [-/-] POST /users/68d5c0e1abe11a527cea4f84/mailboxes/68d5c0e1abe11a527cea4f85/messages?date=14-Sep-2013%2021%3A22%3A28%20-0300&unseen=true 200 29ms
info Gelf {"short_message":"WILDDUCK [QUOTA] +","_mail_action":"quota","_user":"68d5c0e1abe11a527cea4f84","_inc":21927,"_storage_used":22183,"_mailbox":"68d5c0e1abe11a527cea4f85","facility":"wildduck","host":"Johns-MacBook-Pro-i9.local","timestamp":1758839009.74,"_component":"wildduck"}
info Gelf {"short_message":"WILDDUCK HTTP [POST /users/:user/mailboxes/:mailbox/messages] OK","_remote_ip":"127.0.0.1","_http_route":"/users/:user/mailboxes/:mailbox/messages","_http_method":"POST","_user":"root","_role":"root","_api_response":"success","_size":116,"_req_user":"68d5c0e1abe11a527cea4f84","_req_mailbox":"68d5c0e1abe11a527cea4f85","_req_unseen":"false","_req_raw":"<Buffer 53 75 62 6a 65 63 74 3a 20 52 79 61 6e 20 46 69 6e 6e 69 65 27 73 20 4d 49 4d 45 20 54 6f 72 74 75 72 65 20 54 65 73 74 …","facility":"wildduck","host":"Johns-MacBook-Pro-i9.local","timestamp":1758839009.764,"_component":"wildduck"}
http API 127.0.0.1 root [-/-] POST /users/68d5c0e1abe11a527cea4f84/mailboxes/68d5c0e1abe11a527cea4f85/messages?unseen=false 200 72ms
info Gelf {"short_message":"WILDDUCK [QUOTA] +","_mail_action":"quota","_user":"68d5c0e1abe11a527cea4f84","_inc":1044,"_storage_used":23227,"_mailbox":"68d5c0e1abe11a527cea4f85","facility":"wildduck","host":"Johns-MacBook-Pro-i9.local","timestamp":1758839009.795,"_component":"wildduck"}
info Gelf {"short_message":"WILDDUCK HTTP [POST /users/:user/mailboxes/:mailbox/messages] OK","_remote_ip":"127.0.0.1","_http_route":"/users/:user/mailboxes/:mailbox/messages","_http_method":"POST","_user":"root","_role":"root","_api_response":"success","_size":115,"_req_user":"68d5c0e1abe11a527cea4f84","_req_mailbox":"68d5c0e1abe11a527cea4f85","_req_unseen":"false","_req_raw":"<Buffer 4d 49 4d 45 2d 56 65 72 73 69 6f 6e 3a 20 31 2e 30 0d 0a 46 72 6f 6d 3a 20 30 78 36 62 31 37 65 66 61 62 31 61 32 62 33 …","facility":"wildduck","host":"Johns-MacBook-Pro-i9.local","timestamp":1758839009.819,"_component":"wildduck"}
http API 127.0.0.1 root [-/-] POST /users/68d5c0e1abe11a527cea4f84/mailboxes/68d5c0e1abe11a527cea4f85/messages?unseen=false 200 31ms
info Gelf {"short_message":"WILDDUCK [QUOTA] +","_mail_action":"quota","_user":"68d5c0e1abe11a527cea4f84","_inc":264,"_storage_used":23491,"_mailbox":"68d5c0e1abe11a527cea4f85","facility":"wildduck","host":"Johns-MacBook-Pro-i9.local","timestamp":1758839009.865,"_component":"wildduck"}
info Gelf {"short_message":"WILDDUCK HTTP [POST /users/:user/mailboxes/:mailbox/messages] OK","_remote_ip":"127.0.0.1","_http_route":"/users/:user/mailboxes/:mailbox/messages","_http_method":"POST","_user":"root","_role":"root","_api_response":"success","_size":114,"_req_user":"68d5c0e1abe11a527cea4f84","_req_mailbox":"68d5c0e1abe11a527cea4f85","_req_unseen":"true","_req_raw":"<Buffer 66 72 6f 6d 3a 20 30 78 62 30 36 63 64 65 66 61 31 61 32 62 33 63 34 64 35 65 36 66 37 38 39 30 31 32 33 34 35 36 37 38 …","facility":"wildduck","host":"Johns-MacBook-Pro-i9.local","timestamp":1758839009.872,"_component":"wildduck"}
http API 127.0.0.1 root [-/-] POST /users/68d5c0e1abe11a527cea4f84/mailboxes/68d5c0e1abe11a527cea4f85/messages?unseen=true 200 30ms
info Gelf {"short_message":"WILDDUCK [QUOTA] +","_mail_action":"quota","_user":"68d5c0e1abe11a527cea4f84","_inc":178,"_storage_used":23669,"_mailbox":"68d5c0e1abe11a527cea4f85","facility":"wildduck","host":"Johns-MacBook-Pro-i9.local","timestamp":1758839009.918,"_component":"wildduck"}
info Gelf {"short_message":"WILDDUCK HTTP [POST /users/:user/mailboxes/:mailbox/messages] OK","_remote_ip":"127.0.0.1","_http_route":"/users/:user/mailboxes/:mailbox/messages","_http_method":"POST","_user":"root","_role":"root","_api_response":"success","_size":114,"_req_user":"68d5c0e1abe11a527cea4f84","_req_mailbox":"68d5c0e1abe11a527cea4f85","_req_unseen":"true","_req_raw":"<Buffer 66 72 6f 6d 3a 20 30 78 62 30 36 63 64 65 66 61 31 61 32 62 33 63 34 64 35 65 36 66 37 38 39 30 31 32 33 34 35 36 37 38 …","facility":"wildduck","host":"Johns-MacBook-Pro-i9.local","timestamp":1758839009.924,"_component":"wildduck"}
http
API 127.0.0.1 root [-/-] POST /users/68d5c0e1abe11a527cea4f84/mailboxes/68d5c0e1abe11a527cea4f85/messages?unseen=true 200 29ms
info Gelf {"short_message":"WILDDUCK [QUOTA] +","_mail_action":"quota","_user":"68d5c0e1abe11a527cea4f84","_inc":178,"_storage_used":23847,"_mailbox":"68d5c0e1abe11a527cea4f85","facility":"wildduck","host":"Johns-MacBook-Pro-i9.local","timestamp":1758839009.968,"_component":"wildduck"}
info Gelf
{"short_message":"WILDDUCK HTTP [POST /users/:user/mailboxes/:mailbox/messages] OK","_remote_ip":"127.0.0.1","_http_route":"/users/:user/mailboxes/:mailbox/messages","_http_method":"POST","_user":"root","_role":"root","_api_response":"success","_size":114,"_req_user":"68d5c0e1abe11a527cea4f84","_req_mailbox":"68d5c0e1abe11a527cea4f85","_req_unseen":"true","_req_raw":"<Buffer 66 72 6f 6d 3a 20 30 78 62 30 36 63 64 65 66 61 31 61 32 62 33 63 34 64 35 65 36 66 37 38 39 30 31 32 33 34 35 36 37 38 …","facility":"wildduck","host":"Johns-MacBook-Pro-i9.local","timestamp":1758839009.974,"_component":"wildduck"}
http API 127.0.0.1 root [-/-] POST /users/68d5c0e1abe11a527cea4f84/mailboxes/68d5c0e1abe11a527cea4f85/messages?unseen=true 200 27ms
info IMAP [xrcydfy6boheyq2h] Secure connection from [127.0.0.1] to Johns-MacBook-Pro-i9.local 127.0.0.1:9993
sill IMAP
[xrcydfy6boheyq2h] S: * OK WildDuck IMAP Server ready for requests from 127.0.0.1 xrcydfy6boheyq2h
sill IMAP [xrcydfy6boheyq2h] C: T1 LOGIN "(* value hidden *)" "(* value hidden *)"
info Gelf {"short_message":"WILDDUCK [AUTHOK] 0x1a2b3c4d5e6f789012345678901234567890abcd","_mail_action":"auth","_auth_result":"success","_username":"0x1a2b3c4d5e6f789012345678901234567890abcd","_domain":"johns-macbook-pro-i9.local","_user":"68d5c0e1abe11a527cea4f84","_password_type":"master","_scope":"imap","_ip":"127.0.0.1","_sess":"xrcydfy6boheyq2h","facility":"wildduck","host":"Johns-MacBook-Pro-i9.local","timestamp":1758839010.615,"_component":"wildduck"}
info Gelf {"short_message":"WILDDUCK [CONNSTART] Connection established for 68d5c0e1abe11a527cea4f84","_connection":"establish","_service":"imap","_sess":"xrcydfy6boheyq2h","_user":"68d5c0e1abe11a527cea4f84","_cid":"xrcydfy6boheyq2h","_ip":"127.0.0.1","_limit":15,"facility":"wildduck","host":"Johns-MacBook-Pro-i9.local","timestamp":1758839010.616,"_component":"wildduck"}
info IMAP [xrcydfy6boheyq2h] 0x1a2b3c4d5e6f789012345678901234567890abcd authenticated using LOGIN
sill IMAP [xrcydfy6boheyq2h] New journal listener for 68d5c0e1abe11a527cea4f84 (0x1a2b3c4d5e6f789012345678901234567890abcd)
sill IMAP [xrcydfy6boheyq2h] S: * CAPABILITY IMAP4rev1 APPENDLIMIT=26214400 CHILDREN CONDSTORE ENABLE ID IDLE MOVE NAMESPACE QUOTA SPECIAL-USE UIDPLUS UNSELECT UTF8=ACCEPT XLIST
sill IMAP [xrcydfy6boheyq2h] S: T1 OK 0x1a2b3c4d5e6f789012345678901234567890abcd authenticated
sill IMAP [xrcydfy6boheyq2h] C: T2 SELECT zzz
sill IMAP [xrcydfy6boheyq2h] Opening "zzz"
sill IMAP [xrcydfy6boheyq2h] S: T2 NO [NONEXISTENT] SELECT completed
sill IMAP
[xrcydfy6boheyq2h] C: T3 LOGOUT
sill IMAP [xrcydfy6boheyq2h] Removed journal listener from 68d5c0e1abe11a527cea4f84 (0x1a2b3c4d5e6f789012345678901234567890abcd)
sill
IMAP [xrcydfy6boheyq2h] S: * BYE Logout requested
sill IMAP [xrcydfy6boheyq2h] S: T3 OK Melissa, I have to go, they got into my toilet paper! Melissa, I have to go!
      ✔ should not select nonexistent mailbox (451ms)
info Gelf {"short_message":"WILDDUCK [CONNRELEASE] Connection released for 68d5c0e1abe11a527cea4f84","_connection":"release","_service":"imap","_sess":"xrcydfy6boheyq2h","_user":"68d5c0e1abe11a527cea4f84","_cid":"xrcydfy6boheyq2h","_ip":"127.0.0.1","facility":"wildduck","host":"Johns-MacBook-Pro-i9.local","timestamp":1758839010.823,"_component":"wildduck"}
info IMAP [xrcydfy6boheyq2h] Connection closed to [127.0.0.1]
info Gelf {"short_message":"WILDDUCK HTTP [GET /users] OK","_remote_ip":"127.0.0.1","_http_route":"/users","_http_method":"GET","_user":"root","_role":"root","_api_response":"success","_size":723,"facility":"wildduck","host":"Johns-MacBook-Pro-i9.local","timestamp":1758839011.483,"_component":"wildduck"}
http API 127.0.0.1 root [-/-] GET /users 200 4ms
info Gelf {"short_message":"WILDDUCK HTTP [GET /users] OK","_remote_ip":"127.0.0.1","_http_route":"/users","_http_method":"GET","_user":"root","_role":"root","_api_response":"success","_size":780,"_req_query":"0x1a2b3c4d5e6f789012345678901234567890abcd","facility":"wildduck","host":"Johns-MacBook-Pro-i9.local","timestamp":1758839011.517,"_component":"wildduck"}
http API 127.0.0.1 root [-/-] GET /users?query=0x1a2b3c4d5e6f789012345678901234567890abcd 200 10ms
verb Tasks Created task id=68d5c0e3abe11a527cea4fa0
info Gelf {"short_message":"WILDDUCK HTTP [DELETE /users/:user] OK","_remote_ip":"127.0.0.1","_http_route":"/users/:user","_http_method":"DELETE","_user":"root","_role":"root","_api_response":"success","_code":"TaskScheduled","_size":209,"_req_user":"68d5c0e1abe11a527cea4f84","facility":"wildduck","host":"Johns-MacBook-Pro-i9.local","timestamp":1758839011.57,"_component":"wildduck"}
http API 127.0.0.1 root [-/-] DELETE /users/68d5c0e1abe11a527cea4f84 200 21ms
verb Tasks Found task for processing id=68d5c0e3abe11a527cea4fa0
verb Tasks type=user-delete id=68d5c0e3abe11a527cea4fa0 data={"user":"68d5c0e1abe11a527cea4f84"}
verb Tasks
task=user-delete id=68d5c0e3abe11a527cea4fa0 user=68d5c0e1abe11a527cea4f84 message=Deleted 3 addresses from registry
verb Tasks task=user-delete id=68d5c0e3abe11a527cea4fa0 user=68d5c0e1abe11a527cea4f84 message=Marked 6 messages for deletion
verb Tasks task=user-delete id=68d5c0e3abe11a527cea4fa0 user=68d5c0e1abe11a527cea4f84 message=Marked total of 6 messages for deletion
verb Tasks
task=user-delete id=68d5c0e3abe11a527cea4fa0 user=68d5c0e1abe11a527cea4f84 message=Cleared user specific data
info Tasks Released task id=68d5c0e3abe11a527cea4fa0 lock=5c549cac69068f9f6813bfd3
info Gelf {"short_message":"WILDDUCK HTTP [POST /authenticate] OK","_remote_ip":"127.0.0.1","_http_route":"/authenticate","_http_method":"POST","_user":"root","_role":"root","_api_response":"success","_size":334,"_req_username":"0x1a2b3c4d5e6f789012345678901234567890abcd","_req_password":"***","_req_token":"true","_res_id":"68d5c0e6abe11a527cea4fa3","facility":"wildduck","host":"Johns-MacBook-Pro-i9.local","timestamp":1758839014.142,"_component":"wildduck"}
http API 127.0.0.1 root [-/-] POST /authenticate 200 149ms
info Gelf {"short_message":"WILDDUCK HTTP [GET /users] OK","_remote_ip":"127.0.0.1","_http_route":"/users","_http_method":"GET","_user":"root","_role":"root","_api_response":"success","_size":776,"_req_query":"0x1a2b3c4d5e6f789012345678901234567890abcd","facility":"wildduck","host":"Johns-MacBook-Pro-i9.local","timestamp":1758839014.181,"_component":"wildduck"}
http
API 127.0.0.1 root [-/-] GET /users?query=0x1a2b3c4d5e6f789012345678901234567890abcd 200 5ms
info Gelf {"short_message":"WILDDUCK HTTP [GET /users/:user/mailboxes] OK","_remote_ip":"127.0.0.1","_http_route":"/users/:user/mailboxes","_http_method":"GET","_user":"root","_role":"root","_api_response":"success","_size":1275,"_req_user":"68d5c0e6abe11a527cea4fa3","facility":"wildduck","host":"Johns-MacBook-Pro-i9.local","timestamp":1758839014.218,"_component":"wildduck"}
http API 127.0.0.1 root [-/-] GET /users/68d5c0e6abe11a527cea4fa3/mailboxes 200 3ms
info Gelf {"short_message":"WILDDUCK HTTP [PUT /users/:user/mailboxes/:mailbox] OK","_remote_ip":"127.0.0.1","_http_route":"/users/:user/mailboxes/:mailbox","_http_method":"PUT","_user":"root","_role":"root","_api_response":"success","_size":22,"_req_user":"68d5c0e6abe11a527cea4fa3","_req_mailbox":"68d5c0e6abe11a527cea4fa5","_req_path":"[Gmail]/Sent Mail","facility":"wildduck","host":"Johns-MacBook-Pro-i9.local","timestamp":1758839014.278,"_component":"wildduck"}
http API
127.0.0.1 root [-/-] PUT /users/68d5c0e6abe11a527cea4fa3/mailboxes/68d5c0e6abe11a527cea4fa5 200 5ms
info Gelf {"short_message":"WILDDUCK HTTP [GET /users/:user/mailboxes] OK","_remote_ip":"127.0.0.1","_http_route":"/users/:user/mailboxes","_http_method":"GET","_user":"root","_role":"root","_api_response":"success","_size":1283,"_req_user":"68d5c0e6abe11a527cea4fa3","facility":"wildduck","host":"Johns-MacBook-Pro-i9.local","timestamp":1758839014.314,"_component":"wildduck"}
http API 127.0.0.1 root [-/-] GET /users/68d5c0e6abe11a527cea4fa3/mailboxes 200 13ms
info Gelf {"short_message":"WILDDUCK [QUOTA] +","_mail_action":"quota","_user":"68d5c0e6abe11a527cea4fa3","_inc":256,"_storage_used":256,"_mailbox":"68d5c0e6abe11a527cea4fa4","facility":"wildduck","host":"Johns-MacBook-Pro-i9.local","timestamp":1758839014.467,"_component":"wildduck"}
info Gelf {"short_message":"WILDDUCK HTTP [POST /users/:user/mailboxes/:mailbox/messages] OK","_remote_ip":"127.0.0.1","_http_route":"/users/:user/mailboxes/:mailbox/messages","_http_method":"POST","_user":"root","_role":"root","_api_response":"success","_size":114,"_req_user":"68d5c0e6abe11a527cea4fa3","_req_mailbox":"68d5c0e6abe11a527cea4fa4","_req_date":"14-Sep-2013 21:22:28 -0300","_req_unseen":"true","_req_raw":"<Buffer 66 72 6f 6d 3a 20 30 78 62 30 36 63 64 65 66 61 31 61 32 62 33 63 34 64 35 65 36 66 37 38 39 30 31 32 33 34 35 36 37 38 …","facility":"wildduck","host":"Johns-MacBook-Pro-i9.local","timestamp":1758839014.542,"_component":"wildduck"}
http API 127.0.0.1 root [-/-] POST /users/68d5c0e6abe11a527cea4fa3/mailboxes/68d5c0e6abe11a527cea4fa4/messages?date=14-Sep-2013%2021%3A22%3A28%20-0300&unseen=true 200 88ms
info Gelf {"short_message":"WILDDUCK [QUOTA] +","_mail_action":"quota","_user":"68d5c0e6abe11a527cea4fa3","_inc":21927,"_storage_used":22183,"_mailbox":"68d5c0e6abe11a527cea4fa4","facility":"wildduck","host":"Johns-MacBook-Pro-i9.local","timestamp":1758839014.594,"_component":"wildduck"}
info Gelf {"short_message":"WILDDUCK HTTP [POST /users/:user/mailboxes/:mailbox/messages] OK","_remote_ip":"127.0.0.1","_http_route":"/users/:user/mailboxes/:mailbox/messages","_http_method":"POST","_user":"root","_role":"root","_api_response":"success","_size":116,"_req_user":"68d5c0e6abe11a527cea4fa3","_req_mailbox":"68d5c0e6abe11a527cea4fa4","_req_unseen":"false","_req_raw":"<Buffer 53 75 62 6a 65 63 74 3a 20 52 79 61 6e 20 46 69 6e 6e 69 65 27 73 20 4d 49 4d 45 20 54 6f 72 74 75 72 65 20 54 65 73 74 …","facility":"wildduck","host":"Johns-MacBook-Pro-i9.local","timestamp":1758839014.619,"_component":"wildduck"}
http API 127.0.0.1 root [-/-] POST /users/68d5c0e6abe11a527cea4fa3/mailboxes/68d5c0e6abe11a527cea4fa4/messages?unseen=false 200 54ms
info Gelf {"short_message":"WILDDUCK [QUOTA] +","_mail_action":"quota","_user":"68d5c0e6abe11a527cea4fa3","_inc":1044,"_storage_used":23227,"_mailbox":"68d5c0e6abe11a527cea4fa4","facility":"wildduck","host":"Johns-MacBook-Pro-i9.local","timestamp":1758839014.666,"_component":"wildduck"}
info Gelf {"short_message":"WILDDUCK HTTP [POST /users/:user/mailboxes/:mailbox/messages] OK","_remote_ip":"127.0.0.1","_http_route":"/users/:user/mailboxes/:mailbox/messages","_http_method":"POST","_user":"root","_role":"root","_api_response":"success","_size":115,"_req_user":"68d5c0e6abe11a527cea4fa3","_req_mailbox":"68d5c0e6abe11a527cea4fa4","_req_unseen":"false","_req_raw":"<Buffer 4d 49 4d 45 2d 56 65 72 73 69 6f 6e 3a 20 31 2e 30 0d 0a 46 72 6f 6d 3a 20 30 78 36 62 31 37 65 66 61 62 31 61 32 62 33 …","facility":"wildduck","host":"Johns-MacBook-Pro-i9.local","timestamp":1758839014.672,"_component":"wildduck"}
http API 127.0.0.1 root [-/-] POST /users/68d5c0e6abe11a527cea4fa3/mailboxes/68d5c0e6abe11a527cea4fa4/messages?unseen=false 200 30ms
info Gelf {"short_message":"WILDDUCK [QUOTA] +","_mail_action":"quota","_user":"68d5c0e6abe11a527cea4fa3","_inc":264,"_storage_used":23491,"_mailbox":"68d5c0e6abe11a527cea4fa4","facility":"wildduck","host":"Johns-MacBook-Pro-i9.local","timestamp":1758839014.718,"_component":"wildduck"}
info Gelf {"short_message":"WILDDUCK HTTP [POST /users/:user/mailboxes/:mailbox/messages] OK","_remote_ip":"127.0.0.1","_http_route":"/users/:user/mailboxes/:mailbox/messages","_http_method":"POST","_user":"root","_role":"root","_api_response":"success","_size":114,"_req_user":"68d5c0e6abe11a527cea4fa3","_req_mailbox":"68d5c0e6abe11a527cea4fa4","_req_unseen":"true","_req_raw":"<Buffer 66 72 6f 6d 3a 20 30 78 62 30 36 63 64 65 66 61 31 61 32 62 33 63 34 64 35 65 36 66 37 38 39 30 31 32 33 34 35 36 37 38 …","facility":"wildduck","host":"Johns-MacBook-Pro-i9.local","timestamp":1758839014.724,"_component":"wildduck"}
http API 127.0.0.1 root [-/-] POST /users/68d5c0e6abe11a527cea4fa3/mailboxes/68d5c0e6abe11a527cea4fa4/messages?unseen=true 200 30ms
info Gelf {"short_message":"WILDDUCK [QUOTA] +","_mail_action":"quota","_user":"68d5c0e6abe11a527cea4fa3","_inc":178,"_storage_used":23669,"_mailbox":"68d5c0e6abe11a527cea4fa4","facility":"wildduck","host":"Johns-MacBook-Pro-i9.local","timestamp":1758839014.766,"_component":"wildduck"}
info Gelf {"short_message":"WILDDUCK HTTP [POST /users/:user/mailboxes/:mailbox/messages] OK","_remote_ip":"127.0.0.1","_http_route":"/users/:user/mailboxes/:mailbox/messages","_http_method":"POST","_user":"root","_role":"root","_api_response":"success","_size":114,"_req_user":"68d5c0e6abe11a527cea4fa3","_req_mailbox":"68d5c0e6abe11a527cea4fa4","_req_unseen":"true","_req_raw":"<Buffer 66 72 6f 6d 3a 20 30 78 62 30 36 63 64 65 66 61 31 61 32 62 33 63 34 64 35 65 36 66 37 38 39 30 31 32 33 34 35 36 37 38 …","facility":"wildduck","host":"Johns-MacBook-Pro-i9.local","timestamp":1758839014.771,"_component":"wildduck"}
http
API 127.0.0.1 root [-/-] POST /users/68d5c0e6abe11a527cea4fa3/mailboxes/68d5c0e6abe11a527cea4fa4/messages?unseen=true 200 24ms
info Gelf {"short_message":"WILDDUCK [QUOTA] +","_mail_action":"quota","_user":"68d5c0e6abe11a527cea4fa3","_inc":178,"_storage_used":23847,"_mailbox":"68d5c0e6abe11a527cea4fa4","facility":"wildduck","host":"Johns-MacBook-Pro-i9.local","timestamp":1758839014.816,"_component":"wildduck"}
info Gelf {"short_message":"WILDDUCK HTTP [POST /users/:user/mailboxes/:mailbox/messages] OK","_remote_ip":"127.0.0.1","_http_route":"/users/:user/mailboxes/:mailbox/messages","_http_method":"POST","_user":"root","_role":"root","_api_response":"success","_size":114,"_req_user":"68d5c0e6abe11a527cea4fa3","_req_mailbox":"68d5c0e6abe11a527cea4fa4","_req_unseen":"true","_req_raw":"<Buffer 66 72 6f 6d 3a 20 30 78 62 30 36 63 64 65 66 61 31 61 32 62 33 63 34 64 35 65 36 66 37 38 39 30 31 32 33 34 35 36 37 38 …","facility":"wildduck","host":"Johns-MacBook-Pro-i9.local","timestamp":1758839014.821,"_component":"wildduck"}
http API
127.0.0.1 root [-/-] POST /users/68d5c0e6abe11a527cea4fa3/mailboxes/68d5c0e6abe11a527cea4fa4/messages?unseen=true 200 27ms
info IMAP [tukffwylkc74sbf2] Secure connection from [127.0.0.1] to Johns-MacBook-Pro-i9.local 127.0.0.1:9993
sill
IMAP [tukffwylkc74sbf2] S: * OK WildDuck IMAP Server ready for requests from 127.0.0.1 tukffwylkc74sbf2
sill IMAP [tukffwylkc74sbf2] C: T1 LOGIN "(* value hidden *)" "(* value hidden *)"
info Gelf {"short_message":"WILDDUCK [AUTHOK] 0x1a2b3c4d5e6f789012345678901234567890abcd","_mail_action":"auth","_auth_result":"success","_username":"0x1a2b3c4d5e6f789012345678901234567890abcd","_domain":"johns-macbook-pro-i9.local","_user":"68d5c0e6abe11a527cea4fa3","_password_type":"master","_scope":"imap","_ip":"127.0.0.1","_sess":"tukffwylkc74sbf2","facility":"wildduck","host":"Johns-MacBook-Pro-i9.local","timestamp":1758839015.438,"_component":"wildduck"}
info Gelf {"short_message":"WILDDUCK [CONNSTART] Connection established for 68d5c0e6abe11a527cea4fa3","_connection":"establish","_service":"imap","_sess":"tukffwylkc74sbf2","_user":"68d5c0e6abe11a527cea4fa3","_cid":"tukffwylkc74sbf2","_ip":"127.0.0.1","_limit":15,"facility":"wildduck","host":"Johns-MacBook-Pro-i9.local","timestamp":1758839015.44,"_component":"wildduck"}
info IMAP [tukffwylkc74sbf2] 0x1a2b3c4d5e6f789012345678901234567890abcd authenticated using LOGIN
sill IMAP [tukffwylkc74sbf2] New journal listener for 68d5c0e6abe11a527cea4fa3 (0x1a2b3c4d5e6f789012345678901234567890abcd)
sill IMAP [tukffwylkc74sbf2] S: * CAPABILITY IMAP4rev1 APPENDLIMIT=26214400 CHILDREN CONDSTORE ENABLE ID IDLE MOVE NAMESPACE QUOTA SPECIAL-USE UIDPLUS UNSELECT UTF8=ACCEPT XLIST
sill IMAP [tukffwylkc74sbf2] S: T1 OK 0x1a2b3c4d5e6f789012345678901234567890abcd authenticated
sill IMAP [tukffwylkc74sbf2] C: T2 SELECT INBOX
sill IMAP [tukffwylkc74sbf2] Opening "INBOX"
sill IMAP [tukffwylkc74sbf2] S: * FLAGS (\Answered \Flagged \Draft \Deleted \Seen)
sill IMAP [tukffwylkc74sbf2] S: * OK [PERMANENTFLAGS (\Answered \Flagged \Draft \Deleted \Seen \*)] Flags permitted
sill IMAP [tukffwylkc74sbf2] S: * OK [UIDVALIDITY 1758839014] UIDs valid
sill IMAP [tukffwylkc74sbf2] S: * 6 EXISTS
sill IMAP [tukffwylkc74sbf2] S: * 0 RECENT
sill IMAP [tukffwylkc74sbf2] S: * OK [HIGHESTMODSEQ 5000] Highest
sill
IMAP [tukffwylkc74sbf2] S: * OK [UIDNEXT 1000] Predicted next UID
sill IMAP [tukffwylkc74sbf2] S: T2 OK [READ-WRITE] SELECT completed
sill IMAP [tukffwylkc74sbf2] C: T3 LOGOUT
sill
IMAP [tukffwylkc74sbf2] Removed journal listener from 68d5c0e6abe11a527cea4fa3 (0x1a2b3c4d5e6f789012345678901234567890abcd)
sill IMAP [tukffwylkc74sbf2] S: * BYE Logout requested
sill IMAP [tukffwylkc74sbf2] S: T3 OK Cut the dramatics, would yeh, and follow me!
      ✔ should not select existing mailbox (456ms)
info Gelf {"short_message":"WILDDUCK [CONNRELEASE] Connection released for 68d5c0e6abe11a527cea4fa3","_connection":"release","_service":"imap","_sess":"tukffwylkc74sbf2","_user":"68d5c0e6abe11a527cea4fa3","_cid":"tukffwylkc74sbf2","_ip":"127.0.0.1","facility":"wildduck","host":"Johns-MacBook-Pro-i9.local","timestamp":1758839015.647,"_component":"wildduck"}
info IMAP [tukffwylkc74sbf2] Connection closed to [127.0.0.1]
    COPY
info Gelf {"short_message":"WILDDUCK HTTP [GET /users] OK","_remote_ip":"127.0.0.1","_http_route":"/users","_http_method":"GET","_user":"root","_role":"root","_api_response":"success","_size":723,"facility":"wildduck","host":"Johns-MacBook-Pro-i9.local","timestamp":1758839016.365,"_component":"wildduck"}
http API 127.0.0.1 root [-/-] GET /users 200 21ms
info Gelf {"short_message":"WILDDUCK HTTP [GET /users] OK","_remote_ip":"127.0.0.1","_http_route":"/users","_http_method":"GET","_user":"root","_role":"root","_api_response":"success","_size":780,"_req_query":"0x1a2b3c4d5e6f789012345678901234567890abcd","facility":"wildduck","host":"Johns-MacBook-Pro-i9.local","timestamp":1758839016.393,"_component":"wildduck"}
http API 127.0.0.1 root [-/-] GET /users?query=0x1a2b3c4d5e6f789012345678901234567890abcd 200 4ms
verb Tasks Created task id=68d5c0e8abe11a527cea4fbf
info Gelf
{"short_message":"WILDDUCK HTTP [DELETE /users/:user] OK","_remote_ip":"127.0.0.1","_http_route":"/users/:user","_http_method":"DELETE","_user":"root","_role":"root","_api_response":"success","_code":"TaskScheduled","_size":209,"_req_user":"68d5c0e6abe11a527cea4fa3","facility":"wildduck","host":"Johns-MacBook-Pro-i9.local","timestamp":1758839016.434,"_component":"wildduck"}
http
API 127.0.0.1 root [-/-] DELETE /users/68d5c0e6abe11a527cea4fa3 200 9ms
info Gelf {"short_message":"WILDDUCK HTTP [POST /authenticate] OK","_remote_ip":"127.0.0.1","_http_route":"/authenticate","_http_method":"POST","_user":"root","_role":"root","_api_response":"success","_size":334,"_req_username":"0x1a2b3c4d5e6f789012345678901234567890abcd","_req_password":"***","_req_token":"true","_res_id":"68d5c0ebabe11a527cea4fc1","facility":"wildduck","host":"Johns-MacBook-Pro-i9.local","timestamp":1758839019.044,"_component":"wildduck"}
http API 127.0.0.1 root [-/-] POST /authenticate 200 147ms
info Gelf {"short_message":"WILDDUCK HTTP [GET /users] OK","_remote_ip":"127.0.0.1","_http_route":"/users","_http_method":"GET","_user":"root","_role":"root","_api_response":"success","_size":776,"_req_query":"0x1a2b3c4d5e6f789012345678901234567890abcd","facility":"wildduck","host":"Johns-MacBook-Pro-i9.local","timestamp":1758839019.082,"_component":"wildduck"}
http
API 127.0.0.1 root [-/-] GET /users?query=0x1a2b3c4d5e6f789012345678901234567890abcd 200 4ms
verb Tasks Found task for processing id=68d5c0e8abe11a527cea4fbf
verb Tasks type=user-delete id=68d5c0e8abe11a527cea4fbf data={"user":"68d5c0e6abe11a527cea4fa3"}
verb Tasks task=user-delete id=68d5c0e8abe11a527cea4fbf user=68d5c0e6abe11a527cea4fa3 message=Deleted 3 addresses from registry
verb Tasks task=user-delete id=68d5c0e8abe11a527cea4fbf user=68d5c0e6abe11a527cea4fa3 message=Marked 6 messages for deletion
verb
Tasks task=user-delete id=68d5c0e8abe11a527cea4fbf user=68d5c0e6abe11a527cea4fa3 message=Marked total of 6 messages for deletion
verb Tasks task=user-delete id=68d5c0e8abe11a527cea4fbf user=68d5c0e6abe11a527cea4fa3 message=Cleared user specific data
info Tasks Released task id=68d5c0e8abe11a527cea4fbf lock=f7101c155b17466ce2ef8a0f
info Gelf {"short_message":"WILDDUCK HTTP [GET /users/:user/mailboxes] OK","_remote_ip":"127.0.0.1","_http_route":"/users/:user/mailboxes","_http_method":"GET","_user":"root","_role":"root","_api_response":"success","_size":1275,"_req_user":"68d5c0ebabe11a527cea4fc1","facility":"wildduck","host":"Johns-MacBook-Pro-i9.local","timestamp":1758839019.119,"_component":"wildduck"}
http API 127.0.0.1 root [-/-] GET /users/68d5c0ebabe11a527cea4fc1/mailboxes 200 2ms
info Gelf {"short_message":"WILDDUCK HTTP [PUT /users/:user/mailboxes/:mailbox] OK","_remote_ip":"127.0.0.1","_http_route":"/users/:user/mailboxes/:mailbox","_http_method":"PUT","_user":"root","_role":"root","_api_response":"success","_size":22,"_req_user":"68d5c0ebabe11a527cea4fc1","_req_mailbox":"68d5c0ebabe11a527cea4fc3","_req_path":"[Gmail]/Sent Mail","facility":"wildduck","host":"Johns-MacBook-Pro-i9.local","timestamp":1758839019.177,"_component":"wildduck"}
http API 127.0.0.1 root [-/-] PUT /users/68d5c0ebabe11a527cea4fc1/mailboxes/68d5c0ebabe11a527cea4fc3 200 5ms
info Gelf {"short_message":"WILDDUCK HTTP [GET /users/:user/mailboxes] OK","_remote_ip":"127.0.0.1","_http_route":"/users/:user/mailboxes","_http_method":"GET","_user":"root","_role":"root","_api_response":"success","_size":1283,"_req_user":"68d5c0ebabe11a527cea4fc1","facility":"wildduck","host":"Johns-MacBook-Pro-i9.local","timestamp":1758839019.214,"_component":"wildduck"}
http API 127.0.0.1 root [-/-] GET /users/68d5c0ebabe11a527cea4fc1/mailboxes 200 14ms
info Gelf {"short_message":"WILDDUCK [QUOTA] +","_mail_action":"quota","_user":"68d5c0ebabe11a527cea4fc1","_inc":256,"_storage_used":256,"_mailbox":"68d5c0ebabe11a527cea4fc2","facility":"wildduck","host":"Johns-MacBook-Pro-i9.local","timestamp":1758839019.374,"_component":"wildduck"}
info Gelf {"short_message":"WILDDUCK HTTP [POST /users/:user/mailboxes/:mailbox/messages] OK","_remote_ip":"127.0.0.1","_http_route":"/users/:user/mailboxes/:mailbox/messages","_http_method":"POST","_user":"root","_role":"root","_api_response":"success","_size":114,"_req_user":"68d5c0ebabe11a527cea4fc1","_req_mailbox":"68d5c0ebabe11a527cea4fc2","_req_date":"14-Sep-2013 21:22:28 -0300","_req_unseen":"true","_req_raw":"<Buffer 66 72 6f 6d 3a 20 30 78 62 30 36 63 64 65 66 61 31 61 32 62 33 63 34 64 35 65 36 66 37 38 39 30 31 32 33 34 35 36 37 38 …","facility":"wildduck","host":"Johns-MacBook-Pro-i9.local","timestamp":1758839019.38,"_component":"wildduck"}
http API 127.0.0.1 root [-/-] POST /users/68d5c0ebabe11a527cea4fc1/mailboxes/68d5c0ebabe11a527cea4fc2/messages?date=14-Sep-2013%2021%3A22%3A28%20-0300&unseen=true 200 12ms
info Gelf {"short_message":"WILDDUCK [QUOTA] +","_mail_action":"quota","_user":"68d5c0ebabe11a527cea4fc1","_inc":21927,"_storage_used":22183,"_mailbox":"68d5c0ebabe11a527cea4fc2","facility":"wildduck","host":"Johns-MacBook-Pro-i9.local","timestamp":1758839019.441,"_component":"wildduck"}
info Gelf {"short_message":"WILDDUCK HTTP [POST /users/:user/mailboxes/:mailbox/messages] OK","_remote_ip":"127.0.0.1","_http_route":"/users/:user/mailboxes/:mailbox/messages","_http_method":"POST","_user":"root","_role":"root","_api_response":"success","_size":116,"_req_user":"68d5c0ebabe11a527cea4fc1","_req_mailbox":"68d5c0ebabe11a527cea4fc2","_req_unseen":"false","_req_raw":"<Buffer 53 75 62 6a 65 63 74 3a 20 52 79 61 6e 20 46 69 6e 6e 69 65 27 73 20 4d 49 4d 45 20 54 6f 72 74 75 72 65 20 54 65 73 74 …","facility":"wildduck","host":"Johns-MacBook-Pro-i9.local","timestamp":1758839019.464,"_component":"wildduck"}
http API 127.0.0.1 root [-/-] POST /users/68d5c0ebabe11a527cea4fc1/mailboxes/68d5c0ebabe11a527cea4fc2/messages?unseen=false 200 60ms
info Gelf {"short_message":"WILDDUCK [QUOTA] +","_mail_action":"quota","_user":"68d5c0ebabe11a527cea4fc1","_inc":1044,"_storage_used":23227,"_mailbox":"68d5c0ebabe11a527cea4fc2","facility":"wildduck","host":"Johns-MacBook-Pro-i9.local","timestamp":1758839019.494,"_component":"wildduck"}
info Gelf {"short_message":"WILDDUCK HTTP [POST /users/:user/mailboxes/:mailbox/messages] OK","_remote_ip":"127.0.0.1","_http_route":"/users/:user/mailboxes/:mailbox/messages","_http_method":"POST","_user":"root","_role":"root","_api_response":"success","_size":115,"_req_user":"68d5c0ebabe11a527cea4fc1","_req_mailbox":"68d5c0ebabe11a527cea4fc2","_req_unseen":"false","_req_raw":"<Buffer 4d 49 4d 45 2d 56 65 72 73 69 6f 6e 3a 20 31 2e 30 0d 0a 46 72 6f 6d 3a 20 30 78 36 62 31 37 65 66 61 62 31 61 32 62 33 …","facility":"wildduck","host":"Johns-MacBook-Pro-i9.local","timestamp":1758839019.517,"_component":"wildduck"}
http API 127.0.0.1 root [-/-] POST /users/68d5c0ebabe11a527cea4fc1/mailboxes/68d5c0ebabe11a527cea4fc2/messages?unseen=false 200 31ms
info Gelf {"short_message":"WILDDUCK [QUOTA] +","_mail_action":"quota","_user":"68d5c0ebabe11a527cea4fc1","_inc":264,"_storage_used":23491,"_mailbox":"68d5c0ebabe11a527cea4fc2","facility":"wildduck","host":"Johns-MacBook-Pro-i9.local","timestamp":1758839019.546,"_component":"wildduck"}
info Gelf {"short_message":"WILDDUCK HTTP [POST /users/:user/mailboxes/:mailbox/messages] OK","_remote_ip":"127.0.0.1","_http_route":"/users/:user/mailboxes/:mailbox/messages","_http_method":"POST","_user":"root","_role":"root","_api_response":"success","_size":114,"_req_user":"68d5c0ebabe11a527cea4fc1","_req_mailbox":"68d5c0ebabe11a527cea4fc2","_req_unseen":"true","_req_raw":"<Buffer 66 72 6f 6d 3a 20 30 78 62 30 36 63 64 65 66 61 31 61 32 62 33 63 34 64 35 65 36 66 37 38 39 30 31 32 33 34 35 36 37 38 …","facility":"wildduck","host":"Johns-MacBook-Pro-i9.local","timestamp":1758839019.569,"_component":"wildduck"}
http API 127.0.0.1 root [-/-] POST /users/68d5c0ebabe11a527cea4fc1/mailboxes/68d5c0ebabe11a527cea4fc2/messages?unseen=true 200 28ms
info Gelf {"short_message":"WILDDUCK [QUOTA] +","_mail_action":"quota","_user":"68d5c0ebabe11a527cea4fc1","_inc":178,"_storage_used":23669,"_mailbox":"68d5c0ebabe11a527cea4fc2","facility":"wildduck","host":"Johns-MacBook-Pro-i9.local","timestamp":1758839019.613,"_component":"wildduck"}
info Gelf {"short_message":"WILDDUCK HTTP [POST /users/:user/mailboxes/:mailbox/messages] OK","_remote_ip":"127.0.0.1","_http_route":"/users/:user/mailboxes/:mailbox/messages","_http_method":"POST","_user":"root","_role":"root","_api_response":"success","_size":114,"_req_user":"68d5c0ebabe11a527cea4fc1","_req_mailbox":"68d5c0ebabe11a527cea4fc2","_req_unseen":"true","_req_raw":"<Buffer 66 72 6f 6d 3a 20 30 78 62 30 36 63 64 65 66 61 31 61 32 62 33 63 34 64 35 65 36 66 37 38 39 30 31 32 33 34 35 36 37 38 …","facility":"wildduck","host":"Johns-MacBook-Pro-i9.local","timestamp":1758839019.619,"_component":"wildduck"}
http API 127.0.0.1 root [-/-] POST /users/68d5c0ebabe11a527cea4fc1/mailboxes/68d5c0ebabe11a527cea4fc2/messages?unseen=true 200 27ms
info Gelf {"short_message":"WILDDUCK [QUOTA] +","_mail_action":"quota","_user":"68d5c0ebabe11a527cea4fc1","_inc":178,"_storage_used":23847,"_mailbox":"68d5c0ebabe11a527cea4fc2","facility":"wildduck","host":"Johns-MacBook-Pro-i9.local","timestamp":1758839019.663,"_component":"wildduck"}
info Gelf {"short_message":"WILDDUCK HTTP [POST /users/:user/mailboxes/:mailbox/messages] OK","_remote_ip":"127.0.0.1","_http_route":"/users/:user/mailboxes/:mailbox/messages","_http_method":"POST","_user":"root","_role":"root","_api_response":"success","_size":114,"_req_user":"68d5c0ebabe11a527cea4fc1","_req_mailbox":"68d5c0ebabe11a527cea4fc2","_req_unseen":"true","_req_raw":"<Buffer 66 72 6f 6d 3a 20 30 78 62 30 36 63 64 65 66 61 31 61 32 62 33 63 34 64 35 65 36 66 37 38 39 30 31 32 33 34 35 36 37 38 …","facility":"wildduck","host":"Johns-MacBook-Pro-i9.local","timestamp":1758839019.669,"_component":"wildduck"}
http API 127.0.0.1 root [-/-] POST /users/68d5c0ebabe11a527cea4fc1/mailboxes/68d5c0ebabe11a527cea4fc2/messages?unseen=true 200 27ms
info IMAP [2itcefuuopcgoify] Secure connection from [127.0.0.1] to Johns-MacBook-Pro-i9.local 127.0.0.1:9993
sill IMAP
[2itcefuuopcgoify] S: * OK WildDuck IMAP Server ready for requests from 127.0.0.1 2itcefuuopcgoify
sill IMAP [2itcefuuopcgoify] C: T1 LOGIN "(* value hidden *)" "(* value hidden *)"
info Gelf {"short_message":"WILDDUCK [AUTHOK] 0x1a2b3c4d5e6f789012345678901234567890abcd","_mail_action":"auth","_auth_result":"success","_username":"0x1a2b3c4d5e6f789012345678901234567890abcd","_domain":"johns-macbook-pro-i9.local","_user":"68d5c0ebabe11a527cea4fc1","_password_type":"master","_scope":"imap","_ip":"127.0.0.1","_sess":"2itcefuuopcgoify","facility":"wildduck","host":"Johns-MacBook-Pro-i9.local","timestamp":1758839020.24,"_component":"wildduck"}
info Gelf {"short_message":"WILDDUCK [CONNSTART] Connection established for 68d5c0ebabe11a527cea4fc1","_connection":"establish","_service":"imap","_sess":"2itcefuuopcgoify","_user":"68d5c0ebabe11a527cea4fc1","_cid":"2itcefuuopcgoify","_ip":"127.0.0.1","_limit":15,"facility":"wildduck","host":"Johns-MacBook-Pro-i9.local","timestamp":1758839020.242,"_component":"wildduck"}
info IMAP [2itcefuuopcgoify] 0x1a2b3c4d5e6f789012345678901234567890abcd authenticated using LOGIN
sill IMAP [2itcefuuopcgoify] New journal listener for 68d5c0ebabe11a527cea4fc1 (0x1a2b3c4d5e6f789012345678901234567890abcd)
sill IMAP [2itcefuuopcgoify] S: * CAPABILITY IMAP4rev1 APPENDLIMIT=26214400 CHILDREN CONDSTORE ENABLE ID IDLE MOVE NAMESPACE QUOTA SPECIAL-USE UIDPLUS UNSELECT UTF8=ACCEPT XLIST
sill IMAP [2itcefuuopcgoify] S: T1 OK 0x1a2b3c4d5e6f789012345678901234567890abcd authenticated
sill
IMAP [2itcefuuopcgoify] C: T2 SELECT INBOX
sill IMAP [2itcefuuopcgoify] Opening "INBOX"
sill IMAP [2itcefuuopcgoify] S: * FLAGS (\Answered \Flagged \Draft \Deleted \Seen)
sill IMAP [2itcefuuopcgoify] S: * OK [PERMANENTFLAGS (\Answered \Flagged \Draft \Deleted \Seen \*)] Flags permitted
sill IMAP [2itcefuuopcgoify] S: * OK [UIDVALIDITY 1758839019] UIDs valid
sill IMAP [2itcefuuopcgoify] S: * 6 EXISTS
sill IMAP [2itcefuuopcgoify] S: * 0 RECENT
sill IMAP [2itcefuuopcgoify] S: * OK [HIGHESTMODSEQ 5000] Highest
sill IMAP
[2itcefuuopcgoify] S: * OK [UIDNEXT 1000] Predicted next UID
sill
IMAP [2itcefuuopcgoify] S: T2 OK [READ-WRITE] SELECT completed
sill IMAP [2itcefuuopcgoify] C: T3 COPY 1:* zzz
sill IMAP [2itcefuuopcgoify] Copying messages from "68d5c0ebabe11a527cea4fc2" to "zzz"
info Gelf {"short_message":"WILDDUCK [COPY]","_mail_action":"copy","_destination":"zzz","_user":"68d5c0ebabe11a527cea4fc1","_mailbox":"68d5c0ebabe11a527cea4fc2","_sess":"2itcefuuopcgoify","_message_count":6,"_response":"TRYCREATE","facility":"wildduck","host":"Johns-MacBook-Pro-i9.local","timestamp":1758839020.47,"_component":"wildduck"}
sill IMAP [2itcefuuopcgoify] S: T3 NO [TRYCREATE] COPY completed
sill IMAP [2itcefuuopcgoify] C: T4 LOGOUT
sill IMAP [2itcefuuopcgoify] Removed journal listener from 68d5c0ebabe11a527cea4fc1 (0x1a2b3c4d5e6f789012345678901234567890abcd)
sill IMAP [2itcefuuopcgoify] S: * BYE Logout requested
sill IMAP [2itcefuuopcgoify] S: T4 OK Not bad for a duck from outer space.
      ✔ should not copy to nonexistent mailbox (572ms)
info Gelf {"short_message":"WILDDUCK [CONNRELEASE] Connection released for 68d5c0ebabe11a527cea4fc1","_connection":"release","_service":"imap","_sess":"2itcefuuopcgoify","_user":"68d5c0ebabe11a527cea4fc1","_cid":"2itcefuuopcgoify","_ip":"127.0.0.1","facility":"wildduck","host":"Johns-MacBook-Pro-i9.local","timestamp":1758839020.573,"_component":"wildduck"}
info IMAP [2itcefuuopcgoify] Connection closed to [127.0.0.1]
info Gelf {"short_message":"WILDDUCK HTTP [GET /users] OK","_remote_ip":"127.0.0.1","_http_route":"/users","_http_method":"GET","_user":"root","_role":"root","_api_response":"success","_size":723,"facility":"wildduck","host":"Johns-MacBook-Pro-i9.local","timestamp":1758839021.228,"_component":"wildduck"}
http API 127.0.0.1 root [-/-] GET /users 200 4ms
info Gelf {"short_message":"WILDDUCK HTTP [GET /users] OK","_remote_ip":"127.0.0.1","_http_route":"/users","_http_method":"GET","_user":"root","_role":"root","_api_response":"success","_size":780,"_req_query":"0x1a2b3c4d5e6f789012345678901234567890abcd","facility":"wildduck","host":"Johns-MacBook-Pro-i9.local","timestamp":1758839021.266,"_component":"wildduck"}
http API 127.0.0.1 root [-/-] GET /users?query=0x1a2b3c4d5e6f789012345678901234567890abcd 200 15ms
verb Tasks Created task id=68d5c0edabe11a527cea4fde
info Gelf {"short_message":"WILDDUCK HTTP [DELETE /users/:user] OK","_remote_ip":"127.0.0.1","_http_route":"/users/:user","_http_method":"DELETE","_user":"root","_role":"root","_api_response":"success","_code":"TaskScheduled","_size":209,"_req_user":"68d5c0ebabe11a527cea4fc1","facility":"wildduck","host":"Johns-MacBook-Pro-i9.local","timestamp":1758839021.321,"_component":"wildduck"}
http API
127.0.0.1 root [-/-] DELETE /users/68d5c0ebabe11a527cea4fc1 200 21ms
info Gelf {"short_message":"WILDDUCK HTTP [POST /authenticate] OK","_remote_ip":"127.0.0.1","_http_route":"/authenticate","_http_method":"POST","_user":"root","_role":"root","_api_response":"success","_size":334,"_req_username":"0x1a2b3c4d5e6f789012345678901234567890abcd","_req_password":"***","_req_token":"true","_res_id":"68d5c0efabe11a527cea4fe0","facility":"wildduck","host":"Johns-MacBook-Pro-i9.local","timestamp":1758839023.963,"_component":"wildduck"}
http API 127.0.0.1 root [-/-] POST /authenticate 200 164ms
info Gelf {"short_message":"WILDDUCK HTTP [GET /users] OK","_remote_ip":"127.0.0.1","_http_route":"/users","_http_method":"GET","_user":"root","_role":"root","_api_response":"success","_size":776,"_req_query":"0x1a2b3c4d5e6f789012345678901234567890abcd","facility":"wildduck","host":"Johns-MacBook-Pro-i9.local","timestamp":1758839024.016,"_component":"wildduck"}
http API 127.0.0.1 root [-/-] GET /users?query=0x1a2b3c4d5e6f789012345678901234567890abcd 200 19ms
info Gelf {"short_message":"WILDDUCK HTTP [GET /users/:user/mailboxes] OK","_remote_ip":"127.0.0.1","_http_route":"/users/:user/mailboxes","_http_method":"GET","_user":"root","_role":"root","_api_response":"success","_size":1275,"_req_user":"68d5c0efabe11a527cea4fe0","facility":"wildduck","host":"Johns-MacBook-Pro-i9.local","timestamp":1758839024.064,"_component":"wildduck"}
http API 127.0.0.1 root [-/-] GET /users/68d5c0efabe11a527cea4fe0/mailboxes 200 15ms
info Gelf {"short_message":"WILDDUCK HTTP [PUT /users/:user/mailboxes/:mailbox] OK","_remote_ip":"127.0.0.1","_http_route":"/users/:user/mailboxes/:mailbox","_http_method":"PUT","_user":"root","_role":"root","_api_response":"success","_size":22,"_req_user":"68d5c0efabe11a527cea4fe0","_req_mailbox":"68d5c0efabe11a527cea4fe2","_req_path":"[Gmail]/Sent Mail","facility":"wildduck","host":"Johns-MacBook-Pro-i9.local","timestamp":1758839024.125,"_component":"wildduck"}
http API 127.0.0.1 root [-/-] PUT /users/68d5c0efabe11a527cea4fe0/mailboxes/68d5c0efabe11a527cea4fe2 200 5ms
info Gelf {"short_message":"WILDDUCK HTTP [GET /users/:user/mailboxes] OK","_remote_ip":"127.0.0.1","_http_route":"/users/:user/mailboxes","_http_method":"GET","_user":"root","_role":"root","_api_response":"success","_size":1283,"_req_user":"68d5c0efabe11a527cea4fe0","facility":"wildduck","host":"Johns-MacBook-Pro-i9.local","timestamp":1758839024.164,"_component":"wildduck"}
http
API 127.0.0.1 root [-/-] GET /users/68d5c0efabe11a527cea4fe0/mailboxes 200 17ms
info Gelf {"short_message":"WILDDUCK [QUOTA] +","_mail_action":"quota","_user":"68d5c0efabe11a527cea4fe0","_inc":256,"_storage_used":256,"_mailbox":"68d5c0efabe11a527cea4fe1","facility":"wildduck","host":"Johns-MacBook-Pro-i9.local","timestamp":1758839024.367,"_component":"wildduck"}
info Gelf {"short_message":"WILDDUCK HTTP [POST /users/:user/mailboxes/:mailbox/messages] OK","_remote_ip":"127.0.0.1","_http_route":"/users/:user/mailboxes/:mailbox/messages","_http_method":"POST","_user":"root","_role":"root","_api_response":"success","_size":114,"_req_user":"68d5c0efabe11a527cea4fe0","_req_mailbox":"68d5c0efabe11a527cea4fe1","_req_date":"14-Sep-2013 21:22:28 -0300","_req_unseen":"true","_req_raw":"<Buffer 66 72 6f 6d 3a 20 30 78 62 30 36 63 64 65 66 61 31 61 32 62 33 63 34 64 35 65 36 66 37 38 39 30 31 32 33 34 35 36 37 38 …","facility":"wildduck","host":"Johns-MacBook-Pro-i9.local","timestamp":1758839024.374,"_component":"wildduck"}
http API 127.0.0.1 root [-/-] POST /users/68d5c0efabe11a527cea4fe0/mailboxes/68d5c0efabe11a527cea4fe1/messages?date=14-Sep-2013%2021%3A22%3A28%20-0300&unseen=true 200 27ms
info Gelf {"short_message":"WILDDUCK [QUOTA] +","_mail_action":"quota","_user":"68d5c0efabe11a527cea4fe0","_inc":21927,"_storage_used":22183,"_mailbox":"68d5c0efabe11a527cea4fe1","facility":"wildduck","host":"Johns-MacBook-Pro-i9.local","timestamp":1758839024.444,"_component":"wildduck"}
info Gelf {"short_message":"WILDDUCK HTTP [POST /users/:user/mailboxes/:mailbox/messages] OK","_remote_ip":"127.0.0.1","_http_route":"/users/:user/mailboxes/:mailbox/messages","_http_method":"POST","_user":"root","_role":"root","_api_response":"success","_size":116,"_req_user":"68d5c0efabe11a527cea4fe0","_req_mailbox":"68d5c0efabe11a527cea4fe1","_req_unseen":"false","_req_raw":"<Buffer 53 75 62 6a 65 63 74 3a 20 52 79 61 6e 20 46 69 6e 6e 69 65 27 73 20 4d 49 4d 45 20 54 6f 72 74 75 72 65 20 54 65 73 74 …","facility":"wildduck","host":"Johns-MacBook-Pro-i9.local","timestamp":1758839024.47,"_component":"wildduck"}
http API 127.0.0.1 root [-/-] POST /users/68d5c0efabe11a527cea4fe0/mailboxes/68d5c0efabe11a527cea4fe1/messages?unseen=false 200 73ms
info Gelf {"short_message":"WILDDUCK [QUOTA] +","_mail_action":"quota","_user":"68d5c0efabe11a527cea4fe0","_inc":1044,"_storage_used":23227,"_mailbox":"68d5c0efabe11a527cea4fe1","facility":"wildduck","host":"Johns-MacBook-Pro-i9.local","timestamp":1758839024.519,"_component":"wildduck"}
info Gelf
{"short_message":"WILDDUCK HTTP [POST /users/:user/mailboxes/:mailbox/messages] OK","_remote_ip":"127.0.0.1","_http_route":"/users/:user/mailboxes/:mailbox/messages","_http_method":"POST","_user":"root","_role":"root","_api_response":"success","_size":115,"_req_user":"68d5c0efabe11a527cea4fe0","_req_mailbox":"68d5c0efabe11a527cea4fe1","_req_unseen":"false","_req_raw":"<Buffer 4d 49 4d 45 2d 56 65 72 73 69 6f 6e 3a 20 31 2e 30 0d 0a 46 72 6f 6d 3a 20 30 78 36 62 31 37 65 66 61 62 31 61 32 62 33 …","facility":"wildduck","host":"Johns-MacBook-Pro-i9.local","timestamp":1758839024.525,"_component":"wildduck"}
http
API 127.0.0.1 root [-/-] POST /users/68d5c0efabe11a527cea4fe0/mailboxes/68d5c0efabe11a527cea4fe1/messages?unseen=false 200 32ms
info Gelf {"short_message":"WILDDUCK [QUOTA] +","_mail_action":"quota","_user":"68d5c0efabe11a527cea4fe0","_inc":264,"_storage_used":23491,"_mailbox":"68d5c0efabe11a527cea4fe1","facility":"wildduck","host":"Johns-MacBook-Pro-i9.local","timestamp":1758839024.567,"_component":"wildduck"}
info Gelf
{"short_message":"WILDDUCK HTTP [POST /users/:user/mailboxes/:mailbox/messages] OK","_remote_ip":"127.0.0.1","_http_route":"/users/:user/mailboxes/:mailbox/messages","_http_method":"POST","_user":"root","_role":"root","_api_response":"success","_size":114,"_req_user":"68d5c0efabe11a527cea4fe0","_req_mailbox":"68d5c0efabe11a527cea4fe1","_req_unseen":"true","_req_raw":"<Buffer 66 72 6f 6d 3a 20 30 78 62 30 36 63 64 65 66 61 31 61 32 62 33 63 34 64 35 65 36 66 37 38 39 30 31 32 33 34 35 36 37 38 …","facility":"wildduck","host":"Johns-MacBook-Pro-i9.local","timestamp":1758839024.573,"_component":"wildduck"}
http
API 127.0.0.1 root [-/-] POST /users/68d5c0efabe11a527cea4fe0/mailboxes/68d5c0efabe11a527cea4fe1/messages?unseen=true 200 26ms
info Gelf {"short_message":"WILDDUCK [QUOTA] +","_mail_action":"quota","_user":"68d5c0efabe11a527cea4fe0","_inc":178,"_storage_used":23669,"_mailbox":"68d5c0efabe11a527cea4fe1","facility":"wildduck","host":"Johns-MacBook-Pro-i9.local","timestamp":1758839024.617,"_component":"wildduck"}
info Gelf {"short_message":"WILDDUCK HTTP [POST /users/:user/mailboxes/:mailbox/messages] OK","_remote_ip":"127.0.0.1","_http_route":"/users/:user/mailboxes/:mailbox/messages","_http_method":"POST","_user":"root","_role":"root","_api_response":"success","_size":114,"_req_user":"68d5c0efabe11a527cea4fe0","_req_mailbox":"68d5c0efabe11a527cea4fe1","_req_unseen":"true","_req_raw":"<Buffer 66 72 6f 6d 3a 20 30 78 62 30 36 63 64 65 66 61 31 61 32 62 33 63 34 64 35 65 36 66 37 38 39 30 31 32 33 34 35 36 37 38 …","facility":"wildduck","host":"Johns-MacBook-Pro-i9.local","timestamp":1758839024.623,"_component":"wildduck"}
http
API 127.0.0.1 root [-/-] POST /users/68d5c0efabe11a527cea4fe0/mailboxes/68d5c0efabe11a527cea4fe1/messages?unseen=true 200 29ms
info Gelf {"short_message":"WILDDUCK [QUOTA] +","_mail_action":"quota","_user":"68d5c0efabe11a527cea4fe0","_inc":178,"_storage_used":23847,"_mailbox":"68d5c0efabe11a527cea4fe1","facility":"wildduck","host":"Johns-MacBook-Pro-i9.local","timestamp":1758839024.667,"_component":"wildduck"}
info Gelf {"short_message":"WILDDUCK HTTP [POST /users/:user/mailboxes/:mailbox/messages] OK","_remote_ip":"127.0.0.1","_http_route":"/users/:user/mailboxes/:mailbox/messages","_http_method":"POST","_user":"root","_role":"root","_api_response":"success","_size":114,"_req_user":"68d5c0efabe11a527cea4fe0","_req_mailbox":"68d5c0efabe11a527cea4fe1","_req_unseen":"true","_req_raw":"<Buffer 66 72 6f 6d 3a 20 30 78 62 30 36 63 64 65 66 61 31 61 32 62 33 63 34 64 35 65 36 66 37 38 39 30 31 32 33 34 35 36 37 38 …","facility":"wildduck","host":"Johns-MacBook-Pro-i9.local","timestamp":1758839024.673,"_component":"wildduck"}
http API 127.0.0.1 root [-/-] POST /users/68d5c0efabe11a527cea4fe0/mailboxes/68d5c0efabe11a527cea4fe1/messages?unseen=true 200 27ms
verb Tasks Found task for processing id=68d5c0edabe11a527cea4fde
verb Tasks
type=user-delete id=68d5c0edabe11a527cea4fde data={"user":"68d5c0ebabe11a527cea4fc1"}
verb Tasks task=user-delete id=68d5c0edabe11a527cea4fde user=68d5c0ebabe11a527cea4fc1 message=Deleted 3 addresses from registry
verb Tasks task=user-delete id=68d5c0edabe11a527cea4fde user=68d5c0ebabe11a527cea4fc1 message=Marked 6 messages for deletion
verb Tasks task=user-delete id=68d5c0edabe11a527cea4fde user=68d5c0ebabe11a527cea4fc1 message=Marked total of 6 messages for deletion
verb Tasks task=user-delete id=68d5c0edabe11a527cea4fde user=68d5c0ebabe11a527cea4fc1 message=Cleared user specific data
info Tasks
Released task id=68d5c0edabe11a527cea4fde lock=5daec914b9df5035eb675033
info IMAP [vk2m3kq22bf32cl7] Secure connection from [127.0.0.1] to Johns-MacBook-Pro-i9.local 127.0.0.1:9993
sill IMAP [vk2m3kq22bf32cl7] S: * OK WildDuck IMAP Server ready for requests from 127.0.0.1 vk2m3kq22bf32cl7
sill IMAP [vk2m3kq22bf32cl7] C: T1 LOGIN "(* value hidden *)" "(* value hidden *)"
info Gelf
{"short_message":"WILDDUCK [AUTHOK] 0x1a2b3c4d5e6f789012345678901234567890abcd","_mail_action":"auth","_auth_result":"success","_username":"0x1a2b3c4d5e6f789012345678901234567890abcd","_domain":"johns-macbook-pro-i9.local","_user":"68d5c0efabe11a527cea4fe0","_password_type":"master","_scope":"imap","_ip":"127.0.0.1","_sess":"vk2m3kq22bf32cl7","facility":"wildduck","host":"Johns-MacBook-Pro-i9.local","timestamp":1758839025.365,"_component":"wildduck"}
info Gelf
{"short_message":"WILDDUCK [CONNSTART] Connection established for 68d5c0efabe11a527cea4fe0","_connection":"establish","_service":"imap","_sess":"vk2m3kq22bf32cl7","_user":"68d5c0efabe11a527cea4fe0","_cid":"vk2m3kq22bf32cl7","_ip":"127.0.0.1","_limit":15,"facility":"wildduck","host":"Johns-MacBook-Pro-i9.local","timestamp":1758839025.367,"_component":"wildduck"}
info IMAP [vk2m3kq22bf32cl7] 0x1a2b3c4d5e6f789012345678901234567890abcd authenticated using LOGIN
sill IMAP [vk2m3kq22bf32cl7] New journal listener for 68d5c0efabe11a527cea4fe0 (0x1a2b3c4d5e6f789012345678901234567890abcd)
sill IMAP [vk2m3kq22bf32cl7] S: * CAPABILITY IMAP4rev1 APPENDLIMIT=26214400 CHILDREN CONDSTORE ENABLE ID IDLE MOVE NAMESPACE QUOTA SPECIAL-USE UIDPLUS UNSELECT UTF8=ACCEPT XLIST
sill IMAP [vk2m3kq22bf32cl7] S: T1 OK 0x1a2b3c4d5e6f789012345678901234567890abcd authenticated
sill IMAP
[vk2m3kq22bf32cl7] C: T2 SELECT INBOX
sill IMAP [vk2m3kq22bf32cl7] Opening "INBOX"
sill IMAP [vk2m3kq22bf32cl7] S: * FLAGS (\Answered \Flagged \Draft \Deleted \Seen)
sill IMAP [vk2m3kq22bf32cl7] S: * OK [PERMANENTFLAGS (\Answered \Flagged \Draft \Deleted \Seen \*)] Flags permitted
sill IMAP [vk2m3kq22bf32cl7] S: * OK [UIDVALIDITY 1758839023] UIDs valid
sill IMAP [vk2m3kq22bf32cl7] S: * 6 EXISTS
sill IMAP [vk2m3kq22bf32cl7] S: * 0 RECENT
sill IMAP [vk2m3kq22bf32cl7] S: * OK [HIGHESTMODSEQ 5000] Highest
sill IMAP [vk2m3kq22bf32cl7] S: * OK [UIDNEXT 1000] Predicted next UID
sill IMAP [vk2m3kq22bf32cl7] S: T2 OK [READ-WRITE] SELECT completed
sill IMAP [vk2m3kq22bf32cl7] C: T3 COPY 1:* "[Gmail]/Sent Mail"
sill IMAP [vk2m3kq22bf32cl7] Copying messages from "68d5c0efabe11a527cea4fe1" to "[Gmail]/Sent Mail"
sill IMAP Updating message collection 68d5c0efabe11a527cea4fe2 1 entries
sill IMAP Updating message collection 68d5c0efabe11a527cea4fe2 1 entries
sill IMAP Updating message collection 68d5c0efabe11a527cea4fe2 1 entries
sill IMAP Updating message collection 68d5c0efabe11a527cea4fe2 1 entries
sill
IMAP Updating message collection 68d5c0efabe11a527cea4fe2 1 entries
sill IMAP Updating message collection 68d5c0efabe11a527cea4fe2 1 entries
info Gelf
{"short_message":"WILDDUCK [QUOTA] +","_mail_action":"quota","_user":"68d5c0efabe11a527cea4fe0","_inc":23847,"_copied_messages":6,"_storage_used":47694,"_mailbox":"68d5c0efabe11a527cea4fe2","_sess":"vk2m3kq22bf32cl7","facility":"wildduck","host":"Johns-MacBook-Pro-i9.local","timestamp":1758839025.64,"_component":"wildduck"}
info
Gelf {"short_message":"WILDDUCK [COPY]","_mail_action":"copy","_destination":"[Gmail]/Sent Mail","_user":"68d5c0efabe11a527cea4fe0","_mailbox":"68d5c0efabe11a527cea4fe1","_sess":"vk2m3kq22bf32cl7","_message_count":6,"_uid_validity":1758839023,"_source_uid":"101:106","_destination_uid":"1:6","_response":true,"facility":"wildduck","host":"Johns-MacBook-Pro-i9.local","timestamp":1758839025.64,"_component":"wildduck"}
sill
IMAP [vk2m3kq22bf32cl7] S: T3 OK [COPYUID 1758839023 101:106 1:6] COPY completed
sill IMAP [vk2m3kq22bf32cl7] C: T4 LOGOUT
sill IMAP [vk2m3kq22bf32cl7] Removed journal listener from 68d5c0efabe11a527cea4fe0 (0x1a2b3c4d5e6f789012345678901234567890abcd)
sill IMAP [vk2m3kq22bf32cl7] S: * BYE Logout requested
sill
IMAP [vk2m3kq22bf32cl7] S: T4 OK Whew! What a surprise!
      ✔ should copy to selected mailbox (619ms)
info Gelf {"short_message":"WILDDUCK [CONNRELEASE] Connection released for 68d5c0efabe11a527cea4fe0","_connection":"release","_service":"imap","_sess":"vk2m3kq22bf32cl7","_user":"68d5c0efabe11a527cea4fe0","_cid":"vk2m3kq22bf32cl7","_ip":"127.0.0.1","facility":"wildduck","host":"Johns-MacBook-Pro-i9.local","timestamp":1758839025.742,"_component":"wildduck"}
info IMAP [vk2m3kq22bf32cl7] Connection closed to [127.0.0.1]
    STATUS
info Gelf {"short_message":"WILDDUCK HTTP [GET /users] OK","_remote_ip":"127.0.0.1","_http_route":"/users","_http_method":"GET","_user":"root","_role":"root","_api_response":"success","_size":723,"facility":"wildduck","host":"Johns-MacBook-Pro-i9.local","timestamp":1758839026.415,"_component":"wildduck"}
http
API 127.0.0.1 root [-/-] GET /users 200 12ms
info Gelf {"short_message":"WILDDUCK HTTP [GET /users] OK","_remote_ip":"127.0.0.1","_http_route":"/users","_http_method":"GET","_user":"root","_role":"root","_api_response":"success","_size":780,"_req_query":"0x1a2b3c4d5e6f789012345678901234567890abcd","facility":"wildduck","host":"Johns-MacBook-Pro-i9.local","timestamp":1758839026.443,"_component":"wildduck"}
http API 127.0.0.1 root [-/-] GET /users?query=0x1a2b3c4d5e6f789012345678901234567890abcd 200 4ms
verb Tasks Created task id=68d5c0f2abe11a527cea5009
info Gelf {"short_message":"WILDDUCK HTTP [DELETE /users/:user] OK","_remote_ip":"127.0.0.1","_http_route":"/users/:user","_http_method":"DELETE","_user":"root","_role":"root","_api_response":"success","_code":"TaskScheduled","_size":209,"_req_user":"68d5c0efabe11a527cea4fe0","facility":"wildduck","host":"Johns-MacBook-Pro-i9.local","timestamp":1758839026.486,"_component":"wildduck"}
http API 127.0.0.1 root [-/-] DELETE /users/68d5c0efabe11a527cea4fe0 200 10ms
verb Tasks Found task for processing id=68d5c0f2abe11a527cea5009
verb Tasks
type=user-delete id=68d5c0f2abe11a527cea5009 data={"user":"68d5c0efabe11a527cea4fe0"}
verb Tasks task=user-delete id=68d5c0f2abe11a527cea5009 user=68d5c0efabe11a527cea4fe0 message=Deleted 3 addresses from registry
verb Tasks task=user-delete id=68d5c0f2abe11a527cea5009 user=68d5c0efabe11a527cea4fe0 message=Marked 12 messages for deletion
verb Tasks task=user-delete id=68d5c0f2abe11a527cea5009 user=68d5c0efabe11a527cea4fe0 message=Marked total of 12 messages for deletion
verb Tasks task=user-delete id=68d5c0f2abe11a527cea5009 user=68d5c0efabe11a527cea4fe0 message=Cleared user specific data
info Tasks Released task id=68d5c0f2abe11a527cea5009 lock=ee469f12d5703e3f2e31f43a
info Gelf {"short_message":"WILDDUCK HTTP [POST /authenticate] OK","_remote_ip":"127.0.0.1","_http_route":"/authenticate","_http_method":"POST","_user":"root","_role":"root","_api_response":"success","_size":334,"_req_username":"0x1a2b3c4d5e6f789012345678901234567890abcd","_req_password":"***","_req_token":"true","_res_id":"68d5c0f5abe11a527cea500c","facility":"wildduck","host":"Johns-MacBook-Pro-i9.local","timestamp":1758839029.113,"_component":"wildduck"}
http API 127.0.0.1 root [-/-] POST /authenticate 200 170ms
info Gelf {"short_message":"WILDDUCK HTTP [GET /users] OK","_remote_ip":"127.0.0.1","_http_route":"/users","_http_method":"GET","_user":"root","_role":"root","_api_response":"success","_size":776,"_req_query":"0x1a2b3c4d5e6f789012345678901234567890abcd","facility":"wildduck","host":"Johns-MacBook-Pro-i9.local","timestamp":1758839029.166,"_component":"wildduck"}
http API 127.0.0.1 root [-/-] GET /users?query=0x1a2b3c4d5e6f789012345678901234567890abcd 200 19ms
info Gelf {"short_message":"WILDDUCK HTTP [GET /users/:user/mailboxes] OK","_remote_ip":"127.0.0.1","_http_route":"/users/:user/mailboxes","_http_method":"GET","_user":"root","_role":"root","_api_response":"success","_size":1275,"_req_user":"68d5c0f5abe11a527cea500c","facility":"wildduck","host":"Johns-MacBook-Pro-i9.local","timestamp":1758839029.215,"_component":"wildduck"}
http
API 127.0.0.1 root [-/-] GET /users/68d5c0f5abe11a527cea500c/mailboxes 200 14ms
info Gelf {"short_message":"WILDDUCK HTTP [PUT /users/:user/mailboxes/:mailbox] OK","_remote_ip":"127.0.0.1","_http_route":"/users/:user/mailboxes/:mailbox","_http_method":"PUT","_user":"root","_role":"root","_api_response":"success","_size":22,"_req_user":"68d5c0f5abe11a527cea500c","_req_mailbox":"68d5c0f5abe11a527cea500e","_req_path":"[Gmail]/Sent Mail","facility":"wildduck","host":"Johns-MacBook-Pro-i9.local","timestamp":1758839029.275,"_component":"wildduck"}
http API 127.0.0.1 root [-/-] PUT /users/68d5c0f5abe11a527cea500c/mailboxes/68d5c0f5abe11a527cea500e 200 5ms
info Gelf {"short_message":"WILDDUCK HTTP [GET /users/:user/mailboxes] OK","_remote_ip":"127.0.0.1","_http_route":"/users/:user/mailboxes","_http_method":"GET","_user":"root","_role":"root","_api_response":"success","_size":1283,"_req_user":"68d5c0f5abe11a527cea500c","facility":"wildduck","host":"Johns-MacBook-Pro-i9.local","timestamp":1758839029.315,"_component":"wildduck"}
http API 127.0.0.1 root [-/-] GET /users/68d5c0f5abe11a527cea500c/mailboxes 200 17ms
info Gelf {"short_message":"WILDDUCK [QUOTA] +","_mail_action":"quota","_user":"68d5c0f5abe11a527cea500c","_inc":256,"_storage_used":256,"_mailbox":"68d5c0f5abe11a527cea500d","facility":"wildduck","host":"Johns-MacBook-Pro-i9.local","timestamp":1758839029.513,"_component":"wildduck"}
info Gelf {"short_message":"WILDDUCK HTTP [POST /users/:user/mailboxes/:mailbox/messages] OK","_remote_ip":"127.0.0.1","_http_route":"/users/:user/mailboxes/:mailbox/messages","_http_method":"POST","_user":"root","_role":"root","_api_response":"success","_size":114,"_req_user":"68d5c0f5abe11a527cea500c","_req_mailbox":"68d5c0f5abe11a527cea500d","_req_date":"14-Sep-2013 21:22:28 -0300","_req_unseen":"true","_req_raw":"<Buffer 66 72 6f 6d 3a 20 30 78 62 30 36 63 64 65 66 61 31 61 32 62 33 63 34 64 35 65 36 66 37 38 39 30 31 32 33 34 35 36 37 38 …","facility":"wildduck","host":"Johns-MacBook-Pro-i9.local","timestamp":1758839029.519,"_component":"wildduck"}
http API 127.0.0.1 root [-/-] POST /users/68d5c0f5abe11a527cea500c/mailboxes/68d5c0f5abe11a527cea500d/messages?date=14-Sep-2013%2021%3A22%3A28%20-0300&unseen=true 200 28ms
info Gelf {"short_message":"WILDDUCK [QUOTA] +","_mail_action":"quota","_user":"68d5c0f5abe11a527cea500c","_inc":21927,"_storage_used":22183,"_mailbox":"68d5c0f5abe11a527cea500d","facility":"wildduck","host":"Johns-MacBook-Pro-i9.local","timestamp":1758839029.582,"_component":"wildduck"}
info Gelf {"short_message":"WILDDUCK HTTP [POST /users/:user/mailboxes/:mailbox/messages] OK","_remote_ip":"127.0.0.1","_http_route":"/users/:user/mailboxes/:mailbox/messages","_http_method":"POST","_user":"root","_role":"root","_api_response":"success","_size":116,"_req_user":"68d5c0f5abe11a527cea500c","_req_mailbox":"68d5c0f5abe11a527cea500d","_req_unseen":"false","_req_raw":"<Buffer 53 75 62 6a 65 63 74 3a 20 52 79 61 6e 20 46 69 6e 6e 69 65 27 73 20 4d 49 4d 45 20 54 6f 72 74 75 72 65 20 54 65 73 74 …","facility":"wildduck","host":"Johns-MacBook-Pro-i9.local","timestamp":1758839029.589,"_component":"wildduck"}
http API
127.0.0.1 root [-/-] POST /users/68d5c0f5abe11a527cea500c/mailboxes/68d5c0f5abe11a527cea500d/messages?unseen=false 200 47ms
info Gelf {"short_message":"WILDDUCK [QUOTA] +","_mail_action":"quota","_user":"68d5c0f5abe11a527cea500c","_inc":1044,"_storage_used":23227,"_mailbox":"68d5c0f5abe11a527cea500d","facility":"wildduck","host":"Johns-MacBook-Pro-i9.local","timestamp":1758839029.62,"_component":"wildduck"}
info Gelf {"short_message":"WILDDUCK HTTP [POST /users/:user/mailboxes/:mailbox/messages] OK","_remote_ip":"127.0.0.1","_http_route":"/users/:user/mailboxes/:mailbox/messages","_http_method":"POST","_user":"root","_role":"root","_api_response":"success","_size":115,"_req_user":"68d5c0f5abe11a527cea500c","_req_mailbox":"68d5c0f5abe11a527cea500d","_req_unseen":"false","_req_raw":"<Buffer 4d 49 4d 45 2d 56 65 72 73 69 6f 6e 3a 20 31 2e 30 0d 0a 46 72 6f 6d 3a 20 30 78 36 62 31 37 65 66 61 62 31 61 32 62 33 …","facility":"wildduck","host":"Johns-MacBook-Pro-i9.local","timestamp":1758839029.625,"_component":"wildduck"}
http API 127.0.0.1 root [-/-] POST /users/68d5c0f5abe11a527cea500c/mailboxes/68d5c0f5abe11a527cea500d/messages?unseen=false 200 13ms
info Gelf {"short_message":"WILDDUCK [QUOTA] +","_mail_action":"quota","_user":"68d5c0f5abe11a527cea500c","_inc":264,"_storage_used":23491,"_mailbox":"68d5c0f5abe11a527cea500d","facility":"wildduck","host":"Johns-MacBook-Pro-i9.local","timestamp":1758839029.668,"_component":"wildduck"}
info Gelf {"short_message":"WILDDUCK HTTP [POST /users/:user/mailboxes/:mailbox/messages] OK","_remote_ip":"127.0.0.1","_http_route":"/users/:user/mailboxes/:mailbox/messages","_http_method":"POST","_user":"root","_role":"root","_api_response":"success","_size":114,"_req_user":"68d5c0f5abe11a527cea500c","_req_mailbox":"68d5c0f5abe11a527cea500d","_req_unseen":"true","_req_raw":"<Buffer 66 72 6f 6d 3a 20 30 78 62 30 36 63 64 65 66 61 31 61 32 62 33 63 34 64 35 65 36 66 37 38 39 30 31 32 33 34 35 36 37 38 …","facility":"wildduck","host":"Johns-MacBook-Pro-i9.local","timestamp":1758839029.675,"_component":"wildduck"}
http API 127.0.0.1 root [-/-] POST /users/68d5c0f5abe11a527cea500c/mailboxes/68d5c0f5abe11a527cea500d/messages?unseen=true 200 27ms
info Gelf {"short_message":"WILDDUCK [QUOTA] +","_mail_action":"quota","_user":"68d5c0f5abe11a527cea500c","_inc":178,"_storage_used":23669,"_mailbox":"68d5c0f5abe11a527cea500d","facility":"wildduck","host":"Johns-MacBook-Pro-i9.local","timestamp":1758839029.717,"_component":"wildduck"}
info Gelf {"short_message":"WILDDUCK HTTP [POST /users/:user/mailboxes/:mailbox/messages] OK","_remote_ip":"127.0.0.1","_http_route":"/users/:user/mailboxes/:mailbox/messages","_http_method":"POST","_user":"root","_role":"root","_api_response":"success","_size":114,"_req_user":"68d5c0f5abe11a527cea500c","_req_mailbox":"68d5c0f5abe11a527cea500d","_req_unseen":"true","_req_raw":"<Buffer 66 72 6f 6d 3a 20 30 78 62 30 36 63 64 65 66 61 31 61 32 62 33 63 34 64 35 65 36 66 37 38 39 30 31 32 33 34 35 36 37 38 …","facility":"wildduck","host":"Johns-MacBook-Pro-i9.local","timestamp":1758839029.724,"_component":"wildduck"}
http API 127.0.0.1 root [-/-] POST /users/68d5c0f5abe11a527cea500c/mailboxes/68d5c0f5abe11a527cea500d/messages?unseen=true 200 26ms
info Gelf {"short_message":"WILDDUCK [QUOTA] +","_mail_action":"quota","_user":"68d5c0f5abe11a527cea500c","_inc":178,"_storage_used":23847,"_mailbox":"68d5c0f5abe11a527cea500d","facility":"wildduck","host":"Johns-MacBook-Pro-i9.local","timestamp":1758839029.767,"_component":"wildduck"}
info Gelf {"short_message":"WILDDUCK HTTP [POST /users/:user/mailboxes/:mailbox/messages] OK","_remote_ip":"127.0.0.1","_http_route":"/users/:user/mailboxes/:mailbox/messages","_http_method":"POST","_user":"root","_role":"root","_api_response":"success","_size":114,"_req_user":"68d5c0f5abe11a527cea500c","_req_mailbox":"68d5c0f5abe11a527cea500d","_req_unseen":"true","_req_raw":"<Buffer 66 72 6f 6d 3a 20 30 78 62 30 36 63 64 65 66 61 31 61 32 62 33 63 34 64 35 65 36 66 37 38 39 30 31 32 33 34 35 36 37 38 …","facility":"wildduck","host":"Johns-MacBook-Pro-i9.local","timestamp":1758839029.772,"_component":"wildduck"}
http API
127.0.0.1 root [-/-] POST /users/68d5c0f5abe11a527cea500c/mailboxes/68d5c0f5abe11a527cea500d/messages?unseen=true 200 26ms
info IMAP [7n24go25r3l635lu] Secure connection from [127.0.0.1] to Johns-MacBook-Pro-i9.local 127.0.0.1:9993
sill IMAP [7n24go25r3l635lu] S: * OK WildDuck IMAP Server ready for requests from 127.0.0.1 7n24go25r3l635lu
sill IMAP [7n24go25r3l635lu] C: T1 LOGIN "(* value hidden *)" "(* value hidden *)"
info Gelf {"short_message":"WILDDUCK [AUTHOK] 0x1a2b3c4d5e6f789012345678901234567890abcd","_mail_action":"auth","_auth_result":"success","_username":"0x1a2b3c4d5e6f789012345678901234567890abcd","_domain":"johns-macbook-pro-i9.local","_user":"68d5c0f5abe11a527cea500c","_password_type":"master","_scope":"imap","_ip":"127.0.0.1","_sess":"7n24go25r3l635lu","facility":"wildduck","host":"Johns-MacBook-Pro-i9.local","timestamp":1758839030.487,"_component":"wildduck"}
info Gelf {"short_message":"WILDDUCK [CONNSTART] Connection established for 68d5c0f5abe11a527cea500c","_connection":"establish","_service":"imap","_sess":"7n24go25r3l635lu","_user":"68d5c0f5abe11a527cea500c","_cid":"7n24go25r3l635lu","_ip":"127.0.0.1","_limit":15,"facility":"wildduck","host":"Johns-MacBook-Pro-i9.local","timestamp":1758839030.489,"_component":"wildduck"}
info IMAP [7n24go25r3l635lu] 0x1a2b3c4d5e6f789012345678901234567890abcd authenticated using LOGIN
sill IMAP
[7n24go25r3l635lu] New journal listener for 68d5c0f5abe11a527cea500c (0x1a2b3c4d5e6f789012345678901234567890abcd)
sill IMAP [7n24go25r3l635lu] S: * CAPABILITY IMAP4rev1 APPENDLIMIT=26214400 CHILDREN CONDSTORE ENABLE ID IDLE MOVE NAMESPACE QUOTA SPECIAL-USE UIDPLUS UNSELECT UTF8=ACCEPT XLIST
sill IMAP [7n24go25r3l635lu] S: T1 OK 0x1a2b3c4d5e6f789012345678901234567890abcd authenticated
sill IMAP [7n24go25r3l635lu] C: T2 STATUS zzz (UIDNEXT MESSAGES)
sill IMAP [7n24go25r3l635lu] Requested status for "zzz"
sill IMAP [7n24go25r3l635lu] S: T2 NO [NONEXISTENT] STATUS completed
sill IMAP [7n24go25r3l635lu] C: T3 LOGOUT
sill IMAP [7n24go25r3l635lu] Removed journal listener from 68d5c0f5abe11a527cea500c (0x1a2b3c4d5e6f789012345678901234567890abcd)
sill IMAP [7n24go25r3l635lu] S: * BYE Logout requested
sill IMAP [7n24go25r3l635lu] S: T3 OK Oh, my Glob, you guys, drama bomb!
      ✔ should error on nonexistent mailbox (453ms)
info Gelf {"short_message":"WILDDUCK [CONNRELEASE] Connection released for 68d5c0f5abe11a527cea500c","_connection":"release","_service":"imap","_sess":"7n24go25r3l635lu","_user":"68d5c0f5abe11a527cea500c","_cid":"7n24go25r3l635lu","_ip":"127.0.0.1","facility":"wildduck","host":"Johns-MacBook-Pro-i9.local","timestamp":1758839030.694,"_component":"wildduck"}
info IMAP [7n24go25r3l635lu] Connection closed to [127.0.0.1]
info Gelf {"short_message":"WILDDUCK HTTP [GET /users] OK","_remote_ip":"127.0.0.1","_http_route":"/users","_http_method":"GET","_user":"root","_role":"root","_api_response":"success","_size":723,"facility":"wildduck","host":"Johns-MacBook-Pro-i9.local","timestamp":1758839031.366,"_component":"wildduck"}
http API 127.0.0.1 root [-/-] GET /users 200 18ms
info Gelf {"short_message":"WILDDUCK HTTP [GET /users] OK","_remote_ip":"127.0.0.1","_http_route":"/users","_http_method":"GET","_user":"root","_role":"root","_api_response":"success","_size":780,"_req_query":"0x1a2b3c4d5e6f789012345678901234567890abcd","facility":"wildduck","host":"Johns-MacBook-Pro-i9.local","timestamp":1758839031.393,"_component":"wildduck"}
http API
127.0.0.1 root [-/-] GET /users?query=0x1a2b3c4d5e6f789012345678901234567890abcd 200 4ms
verb Tasks Created task id=68d5c0f7abe11a527cea5028
info Gelf {"short_message":"WILDDUCK HTTP [DELETE /users/:user] OK","_remote_ip":"127.0.0.1","_http_route":"/users/:user","_http_method":"DELETE","_user":"root","_role":"root","_api_response":"success","_code":"TaskScheduled","_size":209,"_req_user":"68d5c0f5abe11a527cea500c","facility":"wildduck","host":"Johns-MacBook-Pro-i9.local","timestamp":1758839031.434,"_component":"wildduck"}
http API 127.0.0.1 root [-/-] DELETE /users/68d5c0f5abe11a527cea500c 200 8ms
verb Tasks Found task for processing id=68d5c0f7abe11a527cea5028
verb Tasks type=user-delete id=68d5c0f7abe11a527cea5028 data={"user":"68d5c0f5abe11a527cea500c"}
verb Tasks task=user-delete id=68d5c0f7abe11a527cea5028 user=68d5c0f5abe11a527cea500c message=Deleted 3 addresses from registry
verb Tasks task=user-delete id=68d5c0f7abe11a527cea5028 user=68d5c0f5abe11a527cea500c message=Marked 6 messages for deletion
verb Tasks task=user-delete id=68d5c0f7abe11a527cea5028 user=68d5c0f5abe11a527cea500c message=Marked total of 6 messages for deletion
verb Tasks task=user-delete id=68d5c0f7abe11a527cea5028 user=68d5c0f5abe11a527cea500c message=Cleared user specific data
info Tasks Released task id=68d5c0f7abe11a527cea5028 lock=e99046cf538668de134b2ad6
info Gelf {"short_message":"WILDDUCK HTTP [POST /authenticate] OK","_remote_ip":"127.0.0.1","_http_route":"/authenticate","_http_method":"POST","_user":"root","_role":"root","_api_response":"success","_size":334,"_req_username":"0x1a2b3c4d5e6f789012345678901234567890abcd","_req_password":"***","_req_token":"true","_res_id":"68d5c0faabe11a527cea502b","facility":"wildduck","host":"Johns-MacBook-Pro-i9.local","timestamp":1758839034.063,"_component":"wildduck"}
http API 127.0.0.1 root [-/-] POST /authenticate 200 149ms
info Gelf {"short_message":"WILDDUCK HTTP [GET /users] OK","_remote_ip":"127.0.0.1","_http_route":"/users","_http_method":"GET","_user":"root","_role":"root","_api_response":"success","_size":776,"_req_query":"0x1a2b3c4d5e6f789012345678901234567890abcd","facility":"wildduck","host":"Johns-MacBook-Pro-i9.local","timestamp":1758839034.116,"_component":"wildduck"}
http API
127.0.0.1 root [-/-] GET /users?query=0x1a2b3c4d5e6f789012345678901234567890abcd 200 18ms
info Gelf {"short_message":"WILDDUCK HTTP [GET /users/:user/mailboxes] OK","_remote_ip":"127.0.0.1","_http_route":"/users/:user/mailboxes","_http_method":"GET","_user":"root","_role":"root","_api_response":"success","_size":1275,"_req_user":"68d5c0faabe11a527cea502b","facility":"wildduck","host":"Johns-MacBook-Pro-i9.local","timestamp":1758839034.165,"_component":"wildduck"}
http API 127.0.0.1 root [-/-] GET /users/68d5c0faabe11a527cea502b/mailboxes 200 16ms
info Gelf {"short_message":"WILDDUCK HTTP [PUT /users/:user/mailboxes/:mailbox] OK","_remote_ip":"127.0.0.1","_http_route":"/users/:user/mailboxes/:mailbox","_http_method":"PUT","_user":"root","_role":"root","_api_response":"success","_size":22,"_req_user":"68d5c0faabe11a527cea502b","_req_mailbox":"68d5c0faabe11a527cea502d","_req_path":"[Gmail]/Sent Mail","facility":"wildduck","host":"Johns-MacBook-Pro-i9.local","timestamp":1758839034.225,"_component":"wildduck"}
http
API 127.0.0.1 root [-/-] PUT /users/68d5c0faabe11a527cea502b/mailboxes/68d5c0faabe11a527cea502d 200 6ms
info Gelf {"short_message":"WILDDUCK HTTP [GET /users/:user/mailboxes] OK","_remote_ip":"127.0.0.1","_http_route":"/users/:user/mailboxes","_http_method":"GET","_user":"root","_role":"root","_api_response":"success","_size":1283,"_req_user":"68d5c0faabe11a527cea502b","facility":"wildduck","host":"Johns-MacBook-Pro-i9.local","timestamp":1758839034.265,"_component":"wildduck"}
http API 127.0.0.1 root [-/-] GET /users/68d5c0faabe11a527cea502b/mailboxes 200 17ms
info Gelf {"short_message":"WILDDUCK [QUOTA] +","_mail_action":"quota","_user":"68d5c0faabe11a527cea502b","_inc":256,"_storage_used":256,"_mailbox":"68d5c0faabe11a527cea502c","facility":"wildduck","host":"Johns-MacBook-Pro-i9.local","timestamp":1758839034.464,"_component":"wildduck"}
info Gelf {"short_message":"WILDDUCK HTTP [POST /users/:user/mailboxes/:mailbox/messages] OK","_remote_ip":"127.0.0.1","_http_route":"/users/:user/mailboxes/:mailbox/messages","_http_method":"POST","_user":"root","_role":"root","_api_response":"success","_size":114,"_req_user":"68d5c0faabe11a527cea502b","_req_mailbox":"68d5c0faabe11a527cea502c","_req_date":"14-Sep-2013 21:22:28 -0300","_req_unseen":"true","_req_raw":"<Buffer 66 72 6f 6d 3a 20 30 78 62 30 36 63 64 65 66 61 31 61 32 62 33 63 34 64 35 65 36 66 37 38 39 30 31 32 33 34 35 36 37 38 …","facility":"wildduck","host":"Johns-MacBook-Pro-i9.local","timestamp":1758839034.47,"_component":"wildduck"}
http API 127.0.0.1 root [-/-] POST /users/68d5c0faabe11a527cea502b/mailboxes/68d5c0faabe11a527cea502c/messages?date=14-Sep-2013%2021%3A22%3A28%20-0300&unseen=true 200 29ms
info Gelf {"short_message":"WILDDUCK [QUOTA] +","_mail_action":"quota","_user":"68d5c0faabe11a527cea502b","_inc":21927,"_storage_used":22183,"_mailbox":"68d5c0faabe11a527cea502c","facility":"wildduck","host":"Johns-MacBook-Pro-i9.local","timestamp":1758839034.539,"_component":"wildduck"}
info Gelf {"short_message":"WILDDUCK HTTP [POST /users/:user/mailboxes/:mailbox/messages] OK","_remote_ip":"127.0.0.1","_http_route":"/users/:user/mailboxes/:mailbox/messages","_http_method":"POST","_user":"root","_role":"root","_api_response":"success","_size":116,"_req_user":"68d5c0faabe11a527cea502b","_req_mailbox":"68d5c0faabe11a527cea502c","_req_unseen":"false","_req_raw":"<Buffer 53 75 62 6a 65 63 74 3a 20 52 79 61 6e 20 46 69 6e 6e 69 65 27 73 20 4d 49 4d 45 20 54 6f 72 74 75 72 65 20 54 65 73 74 …","facility":"wildduck","host":"Johns-MacBook-Pro-i9.local","timestamp":1758839034.546,"_component":"wildduck"}
http API 127.0.0.1 root [-/-] POST /users/68d5c0faabe11a527cea502b/mailboxes/68d5c0faabe11a527cea502c/messages?unseen=false 200 51ms
info Gelf {"short_message":"WILDDUCK [QUOTA] +","_mail_action":"quota","_user":"68d5c0faabe11a527cea502b","_inc":1044,"_storage_used":23227,"_mailbox":"68d5c0faabe11a527cea502c","facility":"wildduck","host":"Johns-MacBook-Pro-i9.local","timestamp":1758839034.577,"_component":"wildduck"}
info Gelf {"short_message":"WILDDUCK HTTP [POST /users/:user/mailboxes/:mailbox/messages] OK","_remote_ip":"127.0.0.1","_http_route":"/users/:user/mailboxes/:mailbox/messages","_http_method":"POST","_user":"root","_role":"root","_api_response":"success","_size":115,"_req_user":"68d5c0faabe11a527cea502b","_req_mailbox":"68d5c0faabe11a527cea502c","_req_unseen":"false","_req_raw":"<Buffer 4d 49 4d 45 2d 56 65 72 73 69 6f 6e 3a 20 31 2e 30 0d 0a 46 72 6f 6d 3a 20 30 78 36 62 31 37 65 66 61 62 31 61 32 62 33 …","facility":"wildduck","host":"Johns-MacBook-Pro-i9.local","timestamp":1758839034.583,"_component":"wildduck"}
http API 127.0.0.1 root [-/-] POST /users/68d5c0faabe11a527cea502b/mailboxes/68d5c0faabe11a527cea502c/messages?unseen=false 200 15ms
info Gelf {"short_message":"WILDDUCK [QUOTA] +","_mail_action":"quota","_user":"68d5c0faabe11a527cea502b","_inc":264,"_storage_used":23491,"_mailbox":"68d5c0faabe11a527cea502c","facility":"wildduck","host":"Johns-MacBook-Pro-i9.local","timestamp":1758839034.617,"_component":"wildduck"}
info Gelf {"short_message":"WILDDUCK HTTP [POST /users/:user/mailboxes/:mailbox/messages] OK","_remote_ip":"127.0.0.1","_http_route":"/users/:user/mailboxes/:mailbox/messages","_http_method":"POST","_user":"root","_role":"root","_api_response":"success","_size":114,"_req_user":"68d5c0faabe11a527cea502b","_req_mailbox":"68d5c0faabe11a527cea502c","_req_unseen":"true","_req_raw":"<Buffer 66 72 6f 6d 3a 20 30 78 62 30 36 63 64 65 66 61 31 61 32 62 33 63 34 64 35 65 36 66 37 38 39 30 31 32 33 34 35 36 37 38 …","facility":"wildduck","host":"Johns-MacBook-Pro-i9.local","timestamp":1758839034.622,"_component":"wildduck"}
http API
127.0.0.1 root [-/-] POST /users/68d5c0faabe11a527cea502b/mailboxes/68d5c0faabe11a527cea502c/messages?unseen=true 200 15ms
info Gelf {"short_message":"WILDDUCK [QUOTA] +","_mail_action":"quota","_user":"68d5c0faabe11a527cea502b","_inc":178,"_storage_used":23669,"_mailbox":"68d5c0faabe11a527cea502c","facility":"wildduck","host":"Johns-MacBook-Pro-i9.local","timestamp":1758839034.718,"_component":"wildduck"}
info Gelf {"short_message":"WILDDUCK HTTP [POST /users/:user/mailboxes/:mailbox/messages] OK","_remote_ip":"127.0.0.1","_http_route":"/users/:user/mailboxes/:mailbox/messages","_http_method":"POST","_user":"root","_role":"root","_api_response":"success","_size":114,"_req_user":"68d5c0faabe11a527cea502b","_req_mailbox":"68d5c0faabe11a527cea502c","_req_unseen":"true","_req_raw":"<Buffer 66 72 6f 6d 3a 20 30 78 62 30 36 63 64 65 66 61 31 61 32 62 33 63 34 64 35 65 36 66 37 38 39 30 31 32 33 34 35 36 37 38 …","facility":"wildduck","host":"Johns-MacBook-Pro-i9.local","timestamp":1758839034.724,"_component":"wildduck"}
http API 127.0.0.1 root [-/-] POST /users/68d5c0faabe11a527cea502b/mailboxes/68d5c0faabe11a527cea502c/messages?unseen=true 200 23ms
info Gelf {"short_message":"WILDDUCK [QUOTA] +","_mail_action":"quota","_user":"68d5c0faabe11a527cea502b","_inc":178,"_storage_used":23847,"_mailbox":"68d5c0faabe11a527cea502c","facility":"wildduck","host":"Johns-MacBook-Pro-i9.local","timestamp":1758839034.768,"_component":"wildduck"}
info Gelf {"short_message":"WILDDUCK HTTP [POST /users/:user/mailboxes/:mailbox/messages] OK","_remote_ip":"127.0.0.1","_http_route":"/users/:user/mailboxes/:mailbox/messages","_http_method":"POST","_user":"root","_role":"root","_api_response":"success","_size":114,"_req_user":"68d5c0faabe11a527cea502b","_req_mailbox":"68d5c0faabe11a527cea502c","_req_unseen":"true","_req_raw":"<Buffer 66 72 6f 6d 3a 20 30 78 62 30 36 63 64 65 66 61 31 61 32 62 33 63 34 64 35 65 36 66 37 38 39 30 31 32 33 34 35 36 37 38 …","facility":"wildduck","host":"Johns-MacBook-Pro-i9.local","timestamp":1758839034.773,"_component":"wildduck"}
http API
127.0.0.1 root [-/-] POST /users/68d5c0faabe11a527cea502b/mailboxes/68d5c0faabe11a527cea502c/messages?unseen=true 200 26ms
info IMAP [jake2extk5glyftd] Secure connection from [127.0.0.1] to Johns-MacBook-Pro-i9.local 127.0.0.1:9993
sill IMAP [jake2extk5glyftd] S: * OK WildDuck IMAP Server ready for requests from 127.0.0.1 jake2extk5glyftd
sill IMAP
[jake2extk5glyftd] C: T1 LOGIN "(* value hidden *)" "(* value hidden *)"
info Gelf {"short_message":"WILDDUCK [AUTHOK] 0x1a2b3c4d5e6f789012345678901234567890abcd","_mail_action":"auth","_auth_result":"success","_username":"0x1a2b3c4d5e6f789012345678901234567890abcd","_domain":"johns-macbook-pro-i9.local","_user":"68d5c0faabe11a527cea502b","_password_type":"master","_scope":"imap","_ip":"127.0.0.1","_sess":"jake2extk5glyftd","facility":"wildduck","host":"Johns-MacBook-Pro-i9.local","timestamp":1758839035.488,"_component":"wildduck"}
info Gelf {"short_message":"WILDDUCK [CONNSTART] Connection established for 68d5c0faabe11a527cea502b","_connection":"establish","_service":"imap","_sess":"jake2extk5glyftd","_user":"68d5c0faabe11a527cea502b","_cid":"jake2extk5glyftd","_ip":"127.0.0.1","_limit":15,"facility":"wildduck","host":"Johns-MacBook-Pro-i9.local","timestamp":1758839035.489,"_component":"wildduck"}
info IMAP [jake2extk5glyftd] 0x1a2b3c4d5e6f789012345678901234567890abcd authenticated using LOGIN
sill IMAP [jake2extk5glyftd] New journal listener for 68d5c0faabe11a527cea502b (0x1a2b3c4d5e6f789012345678901234567890abcd)
sill IMAP [jake2extk5glyftd] S: * CAPABILITY IMAP4rev1 APPENDLIMIT=26214400 CHILDREN CONDSTORE ENABLE ID IDLE MOVE NAMESPACE QUOTA SPECIAL-USE UIDPLUS UNSELECT UTF8=ACCEPT XLIST
sill IMAP [jake2extk5glyftd] S: T1 OK 0x1a2b3c4d5e6f789012345678901234567890abcd authenticated
sill IMAP [jake2extk5glyftd] C: T2 STATUS INBOX (UIDNEXT MESSAGES HIGHESTMODSEQ)
sill IMAP [jake2extk5glyftd] Requested status for "INBOX"
sill IMAP [jake2extk5glyftd] S: * STATUS INBOX (UIDNEXT 1000 MESSAGES 6 HIGHESTMODSEQ 5000)
sill IMAP [jake2extk5glyftd] S: T2 OK STATUS completed
sill IMAP [jake2extk5glyftd] C: T3 LOGOUT
sill IMAP
[jake2extk5glyftd] Removed journal listener from 68d5c0faabe11a527cea502b (0x1a2b3c4d5e6f789012345678901234567890abcd)
sill IMAP [jake2extk5glyftd] S: * BYE Logout requested
sill IMAP [jake2extk5glyftd] S: T3 OK The Wind Fish is watching...Hoot!
      ✔ should return status response (457ms)
info Gelf {"short_message":"WILDDUCK [CONNRELEASE] Connection released for 68d5c0faabe11a527cea502b","_connection":"release","_service":"imap","_sess":"jake2extk5glyftd","_user":"68d5c0faabe11a527cea502b","_cid":"jake2extk5glyftd","_ip":"127.0.0.1","facility":"wildduck","host":"Johns-MacBook-Pro-i9.local","timestamp":1758839035.697,"_component":"wildduck"}
info IMAP [jake2extk5glyftd] Connection closed to [127.0.0.1]
    ENABLE
info Gelf {"short_message":"WILDDUCK HTTP [GET /users] OK","_remote_ip":"127.0.0.1","_http_route":"/users","_http_method":"GET","_user":"root","_role":"root","_api_response":"success","_size":723,"facility":"wildduck","host":"Johns-MacBook-Pro-i9.local","timestamp":1758839036.366,"_component":"wildduck"}
http API 127.0.0.1 root [-/-] GET /users 200 5ms
info Gelf {"short_message":"WILDDUCK HTTP [GET /users] OK","_remote_ip":"127.0.0.1","_http_route":"/users","_http_method":"GET","_user":"root","_role":"root","_api_response":"success","_size":780,"_req_query":"0x1a2b3c4d5e6f789012345678901234567890abcd","facility":"wildduck","host":"Johns-MacBook-Pro-i9.local","timestamp":1758839036.396,"_component":"wildduck"}
http API
127.0.0.1 root [-/-] GET /users?query=0x1a2b3c4d5e6f789012345678901234567890abcd 200 4ms
verb Tasks Created task id=68d5c0fcabe11a527cea5047
info Gelf {"short_message":"WILDDUCK HTTP [DELETE /users/:user] OK","_remote_ip":"127.0.0.1","_http_route":"/users/:user","_http_method":"DELETE","_user":"root","_role":"root","_api_response":"success","_code":"TaskScheduled","_size":209,"_req_user":"68d5c0faabe11a527cea502b","facility":"wildduck","host":"Johns-MacBook-Pro-i9.local","timestamp":1758839036.437,"_component":"wildduck"}
http API
127.0.0.1 root [-/-] DELETE /users/68d5c0faabe11a527cea502b 200 9ms
info Gelf {"short_message":"WILDDUCK HTTP [POST /authenticate] OK","_remote_ip":"127.0.0.1","_http_route":"/authenticate","_http_method":"POST","_user":"root","_role":"root","_api_response":"success","_size":334,"_req_username":"0x1a2b3c4d5e6f789012345678901234567890abcd","_req_password":"***","_req_token":"true","_res_id":"68d5c0ffabe11a527cea5049","facility":"wildduck","host":"Johns-MacBook-Pro-i9.local","timestamp":1758839039.046,"_component":"wildduck"}
http API 127.0.0.1 root [-/-] POST /authenticate 200 132ms
info Gelf {"short_message":"WILDDUCK HTTP [GET /users] OK","_remote_ip":"127.0.0.1","_http_route":"/users","_http_method":"GET","_user":"root","_role":"root","_api_response":"success","_size":776,"_req_query":"0x1a2b3c4d5e6f789012345678901234567890abcd","facility":"wildduck","host":"Johns-MacBook-Pro-i9.local","timestamp":1758839039.085,"_component":"wildduck"}
http API 127.0.0.1 root [-/-] GET /users?query=0x1a2b3c4d5e6f789012345678901234567890abcd 200 5ms
info Gelf {"short_message":"WILDDUCK HTTP [GET /users/:user/mailboxes] OK","_remote_ip":"127.0.0.1","_http_route":"/users/:user/mailboxes","_http_method":"GET","_user":"root","_role":"root","_api_response":"success","_size":1275,"_req_user":"68d5c0ffabe11a527cea5049","facility":"wildduck","host":"Johns-MacBook-Pro-i9.local","timestamp":1758839039.125,"_component":"wildduck"}
http API 127.0.0.1 root [-/-] GET /users/68d5c0ffabe11a527cea5049/mailboxes 200 3ms
verb Tasks Found task for processing id=68d5c0fcabe11a527cea5047
verb Tasks type=user-delete id=68d5c0fcabe11a527cea5047 data={"user":"68d5c0faabe11a527cea502b"}
verb Tasks task=user-delete id=68d5c0fcabe11a527cea5047 user=68d5c0faabe11a527cea502b message=Deleted 3 addresses from registry
verb Tasks task=user-delete id=68d5c0fcabe11a527cea5047 user=68d5c0faabe11a527cea502b message=Marked 6 messages for deletion
verb Tasks task=user-delete id=68d5c0fcabe11a527cea5047 user=68d5c0faabe11a527cea502b message=Marked total of 6 messages for deletion
verb Tasks task=user-delete id=68d5c0fcabe11a527cea5047 user=68d5c0faabe11a527cea502b message=Cleared user specific data
info Tasks Released task id=68d5c0fcabe11a527cea5047 lock=e1ddb20ca934f359bc679872
info Gelf {"short_message":"WILDDUCK HTTP [PUT /users/:user/mailboxes/:mailbox] OK","_remote_ip":"127.0.0.1","_http_route":"/users/:user/mailboxes/:mailbox","_http_method":"PUT","_user":"root","_role":"root","_api_response":"success","_size":22,"_req_user":"68d5c0ffabe11a527cea5049","_req_mailbox":"68d5c0ffabe11a527cea504b","_req_path":"[Gmail]/Sent Mail","facility":"wildduck","host":"Johns-MacBook-Pro-i9.local","timestamp":1758839039.187,"_component":"wildduck"}
http API 127.0.0.1 root [-/-] PUT /users/68d5c0ffabe11a527cea5049/mailboxes/68d5c0ffabe11a527cea504b 200 5ms
info Gelf {"short_message":"WILDDUCK HTTP [GET /users/:user/mailboxes] OK","_remote_ip":"127.0.0.1","_http_route":"/users/:user/mailboxes","_http_method":"GET","_user":"root","_role":"root","_api_response":"success","_size":1283,"_req_user":"68d5c0ffabe11a527cea5049","facility":"wildduck","host":"Johns-MacBook-Pro-i9.local","timestamp":1758839039.215,"_component":"wildduck"}
http API 127.0.0.1 root [-/-] GET /users/68d5c0ffabe11a527cea5049/mailboxes 200 6ms
info Gelf {"short_message":"WILDDUCK [QUOTA] +","_mail_action":"quota","_user":"68d5c0ffabe11a527cea5049","_inc":256,"_storage_used":256,"_mailbox":"68d5c0ffabe11a527cea504a","facility":"wildduck","host":"Johns-MacBook-Pro-i9.local","timestamp":1758839039.394,"_component":"wildduck"}
info Gelf {"short_message":"WILDDUCK HTTP [POST /users/:user/mailboxes/:mailbox/messages] OK","_remote_ip":"127.0.0.1","_http_route":"/users/:user/mailboxes/:mailbox/messages","_http_method":"POST","_user":"root","_role":"root","_api_response":"success","_size":114,"_req_user":"68d5c0ffabe11a527cea5049","_req_mailbox":"68d5c0ffabe11a527cea504a","_req_date":"14-Sep-2013 21:22:28 -0300","_req_unseen":"true","_req_raw":"<Buffer 66 72 6f 6d 3a 20 30 78 62 30 36 63 64 65 66 61 31 61 32 62 33 63 34 64 35 65 36 66 37 38 39 30 31 32 33 34 35 36 37 38 …","facility":"wildduck","host":"Johns-MacBook-Pro-i9.local","timestamp":1758839039.417,"_component":"wildduck"}
http API 127.0.0.1 root [-/-] POST /users/68d5c0ffabe11a527cea5049/mailboxes/68d5c0ffabe11a527cea504a/messages?date=14-Sep-2013%2021%3A22%3A28%20-0300&unseen=true 200 28ms
info Gelf {"short_message":"WILDDUCK [QUOTA] +","_mail_action":"quota","_user":"68d5c0ffabe11a527cea5049","_inc":21927,"_storage_used":22183,"_mailbox":"68d5c0ffabe11a527cea504a","facility":"wildduck","host":"Johns-MacBook-Pro-i9.local","timestamp":1758839039.479,"_component":"wildduck"}
info Gelf {"short_message":"WILDDUCK HTTP [POST /users/:user/mailboxes/:mailbox/messages] OK","_remote_ip":"127.0.0.1","_http_route":"/users/:user/mailboxes/:mailbox/messages","_http_method":"POST","_user":"root","_role":"root","_api_response":"success","_size":116,"_req_user":"68d5c0ffabe11a527cea5049","_req_mailbox":"68d5c0ffabe11a527cea504a","_req_unseen":"false","_req_raw":"<Buffer 53 75 62 6a 65 63 74 3a 20 52 79 61 6e 20 46 69 6e 6e 69 65 27 73 20 4d 49 4d 45 20 54 6f 72 74 75 72 65 20 54 65 73 74 …","facility":"wildduck","host":"Johns-MacBook-Pro-i9.local","timestamp":1758839039.487,"_component":"wildduck"}
http API 127.0.0.1 root [-/-] POST /users/68d5c0ffabe11a527cea5049/mailboxes/68d5c0ffabe11a527cea504a/messages?unseen=false 200 47ms
info Gelf {"short_message":"WILDDUCK [QUOTA] +","_mail_action":"quota","_user":"68d5c0ffabe11a527cea5049","_inc":1044,"_storage_used":23227,"_mailbox":"68d5c0ffabe11a527cea504a","facility":"wildduck","host":"Johns-MacBook-Pro-i9.local","timestamp":1758839039.52,"_component":"wildduck"}
info Gelf
{"short_message":"WILDDUCK HTTP [POST /users/:user/mailboxes/:mailbox/messages] OK","_remote_ip":"127.0.0.1","_http_route":"/users/:user/mailboxes/:mailbox/messages","_http_method":"POST","_user":"root","_role":"root","_api_response":"success","_size":115,"_req_user":"68d5c0ffabe11a527cea5049","_req_mailbox":"68d5c0ffabe11a527cea504a","_req_unseen":"false","_req_raw":"<Buffer 4d 49 4d 45 2d 56 65 72 73 69 6f 6e 3a 20 31 2e 30 0d 0a 46 72 6f 6d 3a 20 30 78 36 62 31 37 65 66 61 62 31 61 32 62 33 …","facility":"wildduck","host":"Johns-MacBook-Pro-i9.local","timestamp":1758839039.526,"_component":"wildduck"}
http API 127.0.0.1 root [-/-] POST /users/68d5c0ffabe11a527cea5049/mailboxes/68d5c0ffabe11a527cea504a/messages?unseen=false 200 16ms
info Gelf {"short_message":"WILDDUCK [QUOTA] +","_mail_action":"quota","_user":"68d5c0ffabe11a527cea5049","_inc":264,"_storage_used":23491,"_mailbox":"68d5c0ffabe11a527cea504a","facility":"wildduck","host":"Johns-MacBook-Pro-i9.local","timestamp":1758839039.568,"_component":"wildduck"}
info
Gelf {"short_message":"WILDDUCK HTTP [POST /users/:user/mailboxes/:mailbox/messages] OK","_remote_ip":"127.0.0.1","_http_route":"/users/:user/mailboxes/:mailbox/messages","_http_method":"POST","_user":"root","_role":"root","_api_response":"success","_size":114,"_req_user":"68d5c0ffabe11a527cea5049","_req_mailbox":"68d5c0ffabe11a527cea504a","_req_unseen":"true","_req_raw":"<Buffer 66 72 6f 6d 3a 20 30 78 62 30 36 63 64 65 66 61 31 61 32 62 33 63 34 64 35 65 36 66 37 38 39 30 31 32 33 34 35 36 37 38 …","facility":"wildduck","host":"Johns-MacBook-Pro-i9.local","timestamp":1758839039.573,"_component":"wildduck"}
http API 127.0.0.1 root [-/-] POST /users/68d5c0ffabe11a527cea5049/mailboxes/68d5c0ffabe11a527cea504a/messages?unseen=true 200 25ms
info Gelf {"short_message":"WILDDUCK [QUOTA] +","_mail_action":"quota","_user":"68d5c0ffabe11a527cea5049","_inc":178,"_storage_used":23669,"_mailbox":"68d5c0ffabe11a527cea504a","facility":"wildduck","host":"Johns-MacBook-Pro-i9.local","timestamp":1758839039.617,"_component":"wildduck"}
info Gelf {"short_message":"WILDDUCK HTTP [POST /users/:user/mailboxes/:mailbox/messages] OK","_remote_ip":"127.0.0.1","_http_route":"/users/:user/mailboxes/:mailbox/messages","_http_method":"POST","_user":"root","_role":"root","_api_response":"success","_size":114,"_req_user":"68d5c0ffabe11a527cea5049","_req_mailbox":"68d5c0ffabe11a527cea504a","_req_unseen":"true","_req_raw":"<Buffer 66 72 6f 6d 3a 20 30 78 62 30 36 63 64 65 66 61 31 61 32 62 33 63 34 64 35 65 36 66 37 38 39 30 31 32 33 34 35 36 37 38 …","facility":"wildduck","host":"Johns-MacBook-Pro-i9.local","timestamp":1758839039.622,"_component":"wildduck"}
http API
127.0.0.1 root [-/-] POST /users/68d5c0ffabe11a527cea5049/mailboxes/68d5c0ffabe11a527cea504a/messages?unseen=true 200 27ms
info Gelf {"short_message":"WILDDUCK [QUOTA] +","_mail_action":"quota","_user":"68d5c0ffabe11a527cea5049","_inc":178,"_storage_used":23847,"_mailbox":"68d5c0ffabe11a527cea504a","facility":"wildduck","host":"Johns-MacBook-Pro-i9.local","timestamp":1758839039.667,"_component":"wildduck"}
info Gelf {"short_message":"WILDDUCK HTTP [POST /users/:user/mailboxes/:mailbox/messages] OK","_remote_ip":"127.0.0.1","_http_route":"/users/:user/mailboxes/:mailbox/messages","_http_method":"POST","_user":"root","_role":"root","_api_response":"success","_size":114,"_req_user":"68d5c0ffabe11a527cea5049","_req_mailbox":"68d5c0ffabe11a527cea504a","_req_unseen":"true","_req_raw":"<Buffer 66 72 6f 6d 3a 20 30 78 62 30 36 63 64 65 66 61 31 61 32 62 33 63 34 64 35 65 36 66 37 38 39 30 31 32 33 34 35 36 37 38 …","facility":"wildduck","host":"Johns-MacBook-Pro-i9.local","timestamp":1758839039.672,"_component":"wildduck"}
http API 127.0.0.1 root [-/-] POST /users/68d5c0ffabe11a527cea5049/mailboxes/68d5c0ffabe11a527cea504a/messages?unseen=true 200 28ms
info IMAP [dbbrikyke5lz5ntl] Secure connection from [127.0.0.1] to Johns-MacBook-Pro-i9.local 127.0.0.1:9993
sill IMAP [dbbrikyke5lz5ntl] S: * OK WildDuck IMAP Server ready for requests from 127.0.0.1 dbbrikyke5lz5ntl
sill IMAP
[dbbrikyke5lz5ntl] C: T1 LOGIN "(* value hidden *)" "(* value hidden *)"
info Gelf {"short_message":"WILDDUCK [AUTHOK] 0x1a2b3c4d5e6f789012345678901234567890abcd","_mail_action":"auth","_auth_result":"success","_username":"0x1a2b3c4d5e6f789012345678901234567890abcd","_domain":"johns-macbook-pro-i9.local","_user":"68d5c0ffabe11a527cea5049","_password_type":"master","_scope":"imap","_ip":"127.0.0.1","_sess":"dbbrikyke5lz5ntl","facility":"wildduck","host":"Johns-MacBook-Pro-i9.local","timestamp":1758839040.339,"_component":"wildduck"}
info Gelf {"short_message":"WILDDUCK [CONNSTART] Connection established for 68d5c0ffabe11a527cea5049","_connection":"establish","_service":"imap","_sess":"dbbrikyke5lz5ntl","_user":"68d5c0ffabe11a527cea5049","_cid":"dbbrikyke5lz5ntl","_ip":"127.0.0.1","_limit":15,"facility":"wildduck","host":"Johns-MacBook-Pro-i9.local","timestamp":1758839040.341,"_component":"wildduck"}
info
IMAP [dbbrikyke5lz5ntl] 0x1a2b3c4d5e6f789012345678901234567890abcd authenticated using LOGIN
sill IMAP [dbbrikyke5lz5ntl] New journal listener for 68d5c0ffabe11a527cea5049 (0x1a2b3c4d5e6f789012345678901234567890abcd)
sill IMAP [dbbrikyke5lz5ntl] S: * CAPABILITY IMAP4rev1 APPENDLIMIT=26214400 CHILDREN CONDSTORE ENABLE ID IDLE MOVE NAMESPACE QUOTA SPECIAL-USE UIDPLUS UNSELECT UTF8=ACCEPT XLIST
sill IMAP [dbbrikyke5lz5ntl] S: T1 OK 0x1a2b3c4d5e6f789012345678901234567890abcd authenticated
sill IMAP [dbbrikyke5lz5ntl] C: T2 ENABLE X-TEST
sill IMAP [dbbrikyke5lz5ntl] S: * ENABLED
sill IMAP [dbbrikyke5lz5ntl] S: T2 OK Success
sill IMAP [dbbrikyke5lz5ntl] C: T3 LOGOUT
sill
IMAP [dbbrikyke5lz5ntl] Removed journal listener from 68d5c0ffabe11a527cea5049 (0x1a2b3c4d5e6f789012345678901234567890abcd)
sill IMAP [dbbrikyke5lz5ntl] S: * BYE Logout requested
sill IMAP [dbbrikyke5lz5ntl] S: T3 OK Make-up! Jewels! Dresses! I want it all! Sigh...
      ✔ should not enable anything (452ms)
info Gelf {"short_message":"WILDDUCK [CONNRELEASE] Connection released for 68d5c0ffabe11a527cea5049","_connection":"release","_service":"imap","_sess":"dbbrikyke5lz5ntl","_user":"68d5c0ffabe11a527cea5049","_cid":"dbbrikyke5lz5ntl","_ip":"127.0.0.1","facility":"wildduck","host":"Johns-MacBook-Pro-i9.local","timestamp":1758839040.544,"_component":"wildduck"}
info IMAP [dbbrikyke5lz5ntl] Connection closed to [127.0.0.1]
info Gelf {"short_message":"WILDDUCK HTTP [GET /users] OK","_remote_ip":"127.0.0.1","_http_route":"/users","_http_method":"GET","_user":"root","_role":"root","_api_response":"success","_size":723,"facility":"wildduck","host":"Johns-MacBook-Pro-i9.local","timestamp":1758839041.216,"_component":"wildduck"}
http API 127.0.0.1 root [-/-] GET /users 200 15ms
info Gelf {"short_message":"WILDDUCK HTTP [GET /users] OK","_remote_ip":"127.0.0.1","_http_route":"/users","_http_method":"GET","_user":"root","_role":"root","_api_response":"success","_size":780,"_req_query":"0x1a2b3c4d5e6f789012345678901234567890abcd","facility":"wildduck","host":"Johns-MacBook-Pro-i9.local","timestamp":1758839041.244,"_component":"wildduck"}
http API 127.0.0.1 root [-/-] GET /users?query=0x1a2b3c4d5e6f789012345678901234567890abcd 200 4ms
verb Tasks Created task id=68d5c101abe11a527cea5066
info Gelf {"short_message":"WILDDUCK HTTP [DELETE /users/:user] OK","_remote_ip":"127.0.0.1","_http_route":"/users/:user","_http_method":"DELETE","_user":"root","_role":"root","_api_response":"success","_code":"TaskScheduled","_size":209,"_req_user":"68d5c0ffabe11a527cea5049","facility":"wildduck","host":"Johns-MacBook-Pro-i9.local","timestamp":1758839041.285,"_component":"wildduck"}
http API 127.0.0.1 root [-/-] DELETE /users/68d5c0ffabe11a527cea5049 200 8ms
info Gelf {"short_message":"WILDDUCK HTTP [POST /authenticate] OK","_remote_ip":"127.0.0.1","_http_route":"/authenticate","_http_method":"POST","_user":"root","_role":"root","_api_response":"success","_size":334,"_req_username":"0x1a2b3c4d5e6f789012345678901234567890abcd","_req_password":"***","_req_token":"true","_res_id":"68d5c103abe11a527cea5068","facility":"wildduck","host":"Johns-MacBook-Pro-i9.local","timestamp":1758839043.895,"_component":"wildduck"}
http API
127.0.0.1 root [-/-] POST /authenticate 200 149ms
info Gelf {"short_message":"WILDDUCK HTTP [GET /users] OK","_remote_ip":"127.0.0.1","_http_route":"/users","_http_method":"GET","_user":"root","_role":"root","_api_response":"success","_size":776,"_req_query":"0x1a2b3c4d5e6f789012345678901234567890abcd","facility":"wildduck","host":"Johns-MacBook-Pro-i9.local","timestamp":1758839043.933,"_component":"wildduck"}
http API 127.0.0.1 root [-/-] GET /users?query=0x1a2b3c4d5e6f789012345678901234567890abcd 200 4ms
info Gelf {"short_message":"WILDDUCK HTTP [GET /users/:user/mailboxes] OK","_remote_ip":"127.0.0.1","_http_route":"/users/:user/mailboxes","_http_method":"GET","_user":"root","_role":"root","_api_response":"success","_size":1275,"_req_user":"68d5c103abe11a527cea5068","facility":"wildduck","host":"Johns-MacBook-Pro-i9.local","timestamp":1758839043.97,"_component":"wildduck"}
http API 127.0.0.1 root [-/-] GET /users/68d5c103abe11a527cea5068/mailboxes 200 2ms
info Gelf {"short_message":"WILDDUCK HTTP [PUT /users/:user/mailboxes/:mailbox] OK","_remote_ip":"127.0.0.1","_http_route":"/users/:user/mailboxes/:mailbox","_http_method":"PUT","_user":"root","_role":"root","_api_response":"success","_size":22,"_req_user":"68d5c103abe11a527cea5068","_req_mailbox":"68d5c103abe11a527cea506a","_req_path":"[Gmail]/Sent Mail","facility":"wildduck","host":"Johns-MacBook-Pro-i9.local","timestamp":1758839044.031,"_component":"wildduck"}
http API 127.0.0.1 root [-/-] PUT /users/68d5c103abe11a527cea5068/mailboxes/68d5c103abe11a527cea506a 200 5ms
info Gelf {"short_message":"WILDDUCK HTTP [GET /users/:user/mailboxes] OK","_remote_ip":"127.0.0.1","_http_route":"/users/:user/mailboxes","_http_method":"GET","_user":"root","_role":"root","_api_response":"success","_size":1283,"_req_user":"68d5c103abe11a527cea5068","facility":"wildduck","host":"Johns-MacBook-Pro-i9.local","timestamp":1758839044.065,"_component":"wildduck"}
http API
127.0.0.1 root [-/-] GET /users/68d5c103abe11a527cea5068/mailboxes 200 11ms
info Gelf {"short_message":"WILDDUCK [QUOTA] +","_mail_action":"quota","_user":"68d5c103abe11a527cea5068","_inc":256,"_storage_used":256,"_mailbox":"68d5c103abe11a527cea5069","facility":"wildduck","host":"Johns-MacBook-Pro-i9.local","timestamp":1758839044.242,"_component":"wildduck"}
info Gelf {"short_message":"WILDDUCK HTTP [POST /users/:user/mailboxes/:mailbox/messages] OK","_remote_ip":"127.0.0.1","_http_route":"/users/:user/mailboxes/:mailbox/messages","_http_method":"POST","_user":"root","_role":"root","_api_response":"success","_size":114,"_req_user":"68d5c103abe11a527cea5068","_req_mailbox":"68d5c103abe11a527cea5069","_req_date":"14-Sep-2013 21:22:28 -0300","_req_unseen":"true","_req_raw":"<Buffer 66 72 6f 6d 3a 20 30 78 62 30 36 63 64 65 66 61 31 61 32 62 33 63 34 64 35 65 36 66 37 38 39 30 31 32 33 34 35 36 37 38 …","facility":"wildduck","host":"Johns-MacBook-Pro-i9.local","timestamp":1758839044.265,"_component":"wildduck"}
http API 127.0.0.1 root [-/-] POST /users/68d5c103abe11a527cea5068/mailboxes/68d5c103abe11a527cea5069/messages?date=14-Sep-2013%2021%3A22%3A28%20-0300&unseen=true 200 28ms
info Gelf {"short_message":"WILDDUCK [QUOTA] +","_mail_action":"quota","_user":"68d5c103abe11a527cea5068","_inc":21927,"_storage_used":22183,"_mailbox":"68d5c103abe11a527cea5069","facility":"wildduck","host":"Johns-MacBook-Pro-i9.local","timestamp":1758839044.338,"_component":"wildduck"}
info Gelf {"short_message":"WILDDUCK HTTP [POST /users/:user/mailboxes/:mailbox/messages] OK","_remote_ip":"127.0.0.1","_http_route":"/users/:user/mailboxes/:mailbox/messages","_http_method":"POST","_user":"root","_role":"root","_api_response":"success","_size":116,"_req_user":"68d5c103abe11a527cea5068","_req_mailbox":"68d5c103abe11a527cea5069","_req_unseen":"false","_req_raw":"<Buffer 53 75 62 6a 65 63 74 3a 20 52 79 61 6e 20 46 69 6e 6e 69 65 27 73 20 4d 49 4d 45 20 54 6f 72 74 75 72 65 20 54 65 73 74 …","facility":"wildduck","host":"Johns-MacBook-Pro-i9.local","timestamp":1758839044.347,"_component":"wildduck"}
http API 127.0.0.1 root [-/-] POST /users/68d5c103abe11a527cea5068/mailboxes/68d5c103abe11a527cea5069/messages?unseen=false 200 60ms
info Gelf {"short_message":"WILDDUCK [QUOTA] +","_mail_action":"quota","_user":"68d5c103abe11a527cea5068","_inc":1044,"_storage_used":23227,"_mailbox":"68d5c103abe11a527cea5069","facility":"wildduck","host":"Johns-MacBook-Pro-i9.local","timestamp":1758839044.379,"_component":"wildduck"}
info Gelf {"short_message":"WILDDUCK HTTP [POST /users/:user/mailboxes/:mailbox/messages] OK","_remote_ip":"127.0.0.1","_http_route":"/users/:user/mailboxes/:mailbox/messages","_http_method":"POST","_user":"root","_role":"root","_api_response":"success","_size":115,"_req_user":"68d5c103abe11a527cea5068","_req_mailbox":"68d5c103abe11a527cea5069","_req_unseen":"false","_req_raw":"<Buffer 4d 49 4d 45 2d 56 65 72 73 69 6f 6e 3a 20 31 2e 30 0d 0a 46 72 6f 6d 3a 20 30 78 36 62 31 37 65 66 61 62 31 61 32 62 33 …","facility":"wildduck","host":"Johns-MacBook-Pro-i9.local","timestamp":1758839044.384,"_component":"wildduck"}
http API 127.0.0.1 root [-/-] POST /users/68d5c103abe11a527cea5068/mailboxes/68d5c103abe11a527cea5069/messages?unseen=false 200 13ms
info Gelf {"short_message":"WILDDUCK [QUOTA] +","_mail_action":"quota","_user":"68d5c103abe11a527cea5068","_inc":264,"_storage_used":23491,"_mailbox":"68d5c103abe11a527cea5069","facility":"wildduck","host":"Johns-MacBook-Pro-i9.local","timestamp":1758839044.418,"_component":"wildduck"}
info Gelf {"short_message":"WILDDUCK HTTP [POST /users/:user/mailboxes/:mailbox/messages] OK","_remote_ip":"127.0.0.1","_http_route":"/users/:user/mailboxes/:mailbox/messages","_http_method":"POST","_user":"root","_role":"root","_api_response":"success","_size":114,"_req_user":"68d5c103abe11a527cea5068","_req_mailbox":"68d5c103abe11a527cea5069","_req_unseen":"true","_req_raw":"<Buffer 66 72 6f 6d 3a 20 30 78 62 30 36 63 64 65 66 61 31 61 32 62 33 63 34 64 35 65 36 66 37 38 39 30 31 32 33 34 35 36 37 38 …","facility":"wildduck","host":"Johns-MacBook-Pro-i9.local","timestamp":1758839044.423,"_component":"wildduck"}
http API 127.0.0.1 root [-/-] POST /users/68d5c103abe11a527cea5068/mailboxes/68d5c103abe11a527cea5069/messages?unseen=true 200 18ms
info Gelf {"short_message":"WILDDUCK [QUOTA] +","_mail_action":"quota","_user":"68d5c103abe11a527cea5068","_inc":178,"_storage_used":23669,"_mailbox":"68d5c103abe11a527cea5069","facility":"wildduck","host":"Johns-MacBook-Pro-i9.local","timestamp":1758839044.468,"_component":"wildduck"}
info Gelf {"short_message":"WILDDUCK HTTP [POST /users/:user/mailboxes/:mailbox/messages] OK","_remote_ip":"127.0.0.1","_http_route":"/users/:user/mailboxes/:mailbox/messages","_http_method":"POST","_user":"root","_role":"root","_api_response":"success","_size":114,"_req_user":"68d5c103abe11a527cea5068","_req_mailbox":"68d5c103abe11a527cea5069","_req_unseen":"true","_req_raw":"<Buffer 66 72 6f 6d 3a 20 30 78 62 30 36 63 64 65 66 61 31 61 32 62 33 63 34 64 35 65 36 66 37 38 39 30 31 32 33 34 35 36 37 38 …","facility":"wildduck","host":"Johns-MacBook-Pro-i9.local","timestamp":1758839044.473,"_component":"wildduck"}
http API
127.0.0.1 root [-/-] POST /users/68d5c103abe11a527cea5068/mailboxes/68d5c103abe11a527cea5069/messages?unseen=true 200 27ms
info Gelf {"short_message":"WILDDUCK [QUOTA] +","_mail_action":"quota","_user":"68d5c103abe11a527cea5068","_inc":178,"_storage_used":23847,"_mailbox":"68d5c103abe11a527cea5069","facility":"wildduck","host":"Johns-MacBook-Pro-i9.local","timestamp":1758839044.518,"_component":"wildduck"}
info Gelf
{"short_message":"WILDDUCK HTTP [POST /users/:user/mailboxes/:mailbox/messages] OK","_remote_ip":"127.0.0.1","_http_route":"/users/:user/mailboxes/:mailbox/messages","_http_method":"POST","_user":"root","_role":"root","_api_response":"success","_size":114,"_req_user":"68d5c103abe11a527cea5068","_req_mailbox":"68d5c103abe11a527cea5069","_req_unseen":"true","_req_raw":"<Buffer 66 72 6f 6d 3a 20 30 78 62 30 36 63 64 65 66 61 31 61 32 62 33 63 34 64 35 65 36 66 37 38 39 30 31 32 33 34 35 36 37 38 …","facility":"wildduck","host":"Johns-MacBook-Pro-i9.local","timestamp":1758839044.523,"_component":"wildduck"}
http API
127.0.0.1 root [-/-] POST /users/68d5c103abe11a527cea5068/mailboxes/68d5c103abe11a527cea5069/messages?unseen=true 200 27ms
info IMAP
[2uzw5xpll3dwkpbs] Secure connection from [127.0.0.1] to Johns-MacBook-Pro-i9.local 127.0.0.1:9993
sill IMAP [2uzw5xpll3dwkpbs] S: * OK WildDuck IMAP Server ready for requests from 127.0.0.1 2uzw5xpll3dwkpbs
sill IMAP [2uzw5xpll3dwkpbs] C: T1 LOGIN "(* value hidden *)" "(* value hidden *)"
verb Tasks Found task for processing id=68d5c101abe11a527cea5066
verb Tasks
type=user-delete id=68d5c101abe11a527cea5066 data={"user":"68d5c0ffabe11a527cea5049"}
verb Tasks task=user-delete id=68d5c101abe11a527cea5066 user=68d5c0ffabe11a527cea5049 message=Deleted 3 addresses from registry
verb Tasks task=user-delete id=68d5c101abe11a527cea5066 user=68d5c0ffabe11a527cea5049 message=Marked 6 messages for deletion
verb Tasks task=user-delete id=68d5c101abe11a527cea5066 user=68d5c0ffabe11a527cea5049 message=Marked total of 6 messages for deletion
verb Tasks task=user-delete id=68d5c101abe11a527cea5066 user=68d5c0ffabe11a527cea5049 message=Cleared user specific data
info Tasks Released task id=68d5c101abe11a527cea5066 lock=f0f832cffa516181df8db011
info Gelf {"short_message":"WILDDUCK [AUTHOK] 0x1a2b3c4d5e6f789012345678901234567890abcd","_mail_action":"auth","_auth_result":"success","_username":"0x1a2b3c4d5e6f789012345678901234567890abcd","_domain":"johns-macbook-pro-i9.local","_user":"68d5c103abe11a527cea5068","_password_type":"master","_scope":"imap","_ip":"127.0.0.1","_sess":"2uzw5xpll3dwkpbs","facility":"wildduck","host":"Johns-MacBook-Pro-i9.local","timestamp":1758839045.218,"_component":"wildduck"}
info Gelf {"short_message":"WILDDUCK [CONNSTART] Connection established for 68d5c103abe11a527cea5068","_connection":"establish","_service":"imap","_sess":"2uzw5xpll3dwkpbs","_user":"68d5c103abe11a527cea5068","_cid":"2uzw5xpll3dwkpbs","_ip":"127.0.0.1","_limit":15,"facility":"wildduck","host":"Johns-MacBook-Pro-i9.local","timestamp":1758839045.22,"_component":"wildduck"}
info IMAP [2uzw5xpll3dwkpbs] 0x1a2b3c4d5e6f789012345678901234567890abcd authenticated using LOGIN
sill IMAP [2uzw5xpll3dwkpbs] New journal listener for 68d5c103abe11a527cea5068 (0x1a2b3c4d5e6f789012345678901234567890abcd)
sill IMAP [2uzw5xpll3dwkpbs] S: * CAPABILITY IMAP4rev1 APPENDLIMIT=26214400 CHILDREN CONDSTORE ENABLE ID IDLE MOVE NAMESPACE QUOTA SPECIAL-USE UIDPLUS UNSELECT UTF8=ACCEPT XLIST
sill IMAP [2uzw5xpll3dwkpbs] S: T1 OK 0x1a2b3c4d5e6f789012345678901234567890abcd authenticated
sill IMAP [2uzw5xpll3dwkpbs] C: T2 ENABLE CONDSTORE
sill IMAP [2uzw5xpll3dwkpbs] S: * ENABLED CONDSTORE
sill IMAP [2uzw5xpll3dwkpbs] S: T2 OK Extension enabled
sill IMAP [2uzw5xpll3dwkpbs] C: T3 LOGOUT
sill IMAP [2uzw5xpll3dwkpbs] Removed journal listener from 68d5c103abe11a527cea5068 (0x1a2b3c4d5e6f789012345678901234567890abcd)
sill IMAP [2uzw5xpll3dwkpbs] S: * BYE Logout requested
sill IMAP [2uzw5xpll3dwkpbs] S: T3 OK Also, I think the Lemongrabs are getting weirder.
      ✔ should enable CONDSTORE (451ms)
info Gelf {"short_message":"WILDDUCK [CONNRELEASE] Connection released for 68d5c103abe11a527cea5068","_connection":"release","_service":"imap","_sess":"2uzw5xpll3dwkpbs","_user":"68d5c103abe11a527cea5068","_cid":"2uzw5xpll3dwkpbs","_ip":"127.0.0.1","facility":"wildduck","host":"Johns-MacBook-Pro-i9.local","timestamp":1758839045.424,"_component":"wildduck"}
info IMAP [2uzw5xpll3dwkpbs] Connection closed to [127.0.0.1]
    CLOSE
info Gelf {"short_message":"WILDDUCK HTTP [GET /users] OK","_remote_ip":"127.0.0.1","_http_route":"/users","_http_method":"GET","_user":"root","_role":"root","_api_response":"success","_size":723,"facility":"wildduck","host":"Johns-MacBook-Pro-i9.local","timestamp":1758839046.081,"_component":"wildduck"}
http API 127.0.0.1 root [-/-] GET /users 200 4ms
info Gelf {"short_message":"WILDDUCK HTTP [GET /users] OK","_remote_ip":"127.0.0.1","_http_route":"/users","_http_method":"GET","_user":"root","_role":"root","_api_response":"success","_size":780,"_req_query":"0x1a2b3c4d5e6f789012345678901234567890abcd","facility":"wildduck","host":"Johns-MacBook-Pro-i9.local","timestamp":1758839046.118,"_component":"wildduck"}
http API 127.0.0.1 root [-/-] GET /users?query=0x1a2b3c4d5e6f789012345678901234567890abcd 200 14ms
verb Tasks Created task id=68d5c106abe11a527cea5085
info Gelf {"short_message":"WILDDUCK HTTP [DELETE /users/:user] OK","_remote_ip":"127.0.0.1","_http_route":"/users/:user","_http_method":"DELETE","_user":"root","_role":"root","_api_response":"success","_code":"TaskScheduled","_size":209,"_req_user":"68d5c103abe11a527cea5068","facility":"wildduck","host":"Johns-MacBook-Pro-i9.local","timestamp":1758839046.172,"_component":"wildduck"}
http API 127.0.0.1 root [-/-] DELETE /users/68d5c103abe11a527cea5068 200 20ms
verb Tasks Found task for processing id=68d5c106abe11a527cea5085
verb Tasks type=user-delete id=68d5c106abe11a527cea5085 data={"user":"68d5c103abe11a527cea5068"}
verb Tasks task=user-delete id=68d5c106abe11a527cea5085 user=68d5c103abe11a527cea5068 message=Deleted 3 addresses from registry
verb Tasks task=user-delete id=68d5c106abe11a527cea5085 user=68d5c103abe11a527cea5068 message=Marked 6 messages for deletion
verb Tasks task=user-delete id=68d5c106abe11a527cea5085 user=68d5c103abe11a527cea5068 message=Marked total of 6 messages for deletion
verb Tasks task=user-delete id=68d5c106abe11a527cea5085 user=68d5c103abe11a527cea5068 message=Cleared user specific data
info Tasks Released task id=68d5c106abe11a527cea5085 lock=69f6b90693352d8857361b7c
info Gelf {"short_message":"WILDDUCK HTTP [POST /authenticate] OK","_remote_ip":"127.0.0.1","_http_route":"/authenticate","_http_method":"POST","_user":"root","_role":"root","_api_response":"success","_size":334,"_req_username":"0x1a2b3c4d5e6f789012345678901234567890abcd","_req_password":"***","_req_token":"true","_res_id":"68d5c108abe11a527cea5088","facility":"wildduck","host":"Johns-MacBook-Pro-i9.local","timestamp":1758839048.795,"_component":"wildduck"}
http API 127.0.0.1 root [-/-] POST /authenticate 200 151ms
info Gelf {"short_message":"WILDDUCK HTTP [GET /users] OK","_remote_ip":"127.0.0.1","_http_route":"/users","_http_method":"GET","_user":"root","_role":"root","_api_response":"success","_size":776,"_req_query":"0x1a2b3c4d5e6f789012345678901234567890abcd","facility":"wildduck","host":"Johns-MacBook-Pro-i9.local","timestamp":1758839048.833,"_component":"wildduck"}
http API 127.0.0.1 root [-/-] GET /users?query=0x1a2b3c4d5e6f789012345678901234567890abcd 200 5ms
info Gelf {"short_message":"WILDDUCK HTTP [GET /users/:user/mailboxes] OK","_remote_ip":"127.0.0.1","_http_route":"/users/:user/mailboxes","_http_method":"GET","_user":"root","_role":"root","_api_response":"success","_size":1275,"_req_user":"68d5c108abe11a527cea5088","facility":"wildduck","host":"Johns-MacBook-Pro-i9.local","timestamp":1758839048.869,"_component":"wildduck"}
http API 127.0.0.1 root [-/-] GET /users/68d5c108abe11a527cea5088/mailboxes 200 2ms
info Gelf {"short_message":"WILDDUCK HTTP [PUT /users/:user/mailboxes/:mailbox] OK","_remote_ip":"127.0.0.1","_http_route":"/users/:user/mailboxes/:mailbox","_http_method":"PUT","_user":"root","_role":"root","_api_response":"success","_size":22,"_req_user":"68d5c108abe11a527cea5088","_req_mailbox":"68d5c108abe11a527cea508a","_req_path":"[Gmail]/Sent Mail","facility":"wildduck","host":"Johns-MacBook-Pro-i9.local","timestamp":1758839048.929,"_component":"wildduck"}
http API 127.0.0.1 root [-/-] PUT /users/68d5c108abe11a527cea5088/mailboxes/68d5c108abe11a527cea508a 200 6ms
info Gelf {"short_message":"WILDDUCK HTTP [GET /users/:user/mailboxes] OK","_remote_ip":"127.0.0.1","_http_route":"/users/:user/mailboxes","_http_method":"GET","_user":"root","_role":"root","_api_response":"success","_size":1283,"_req_user":"68d5c108abe11a527cea5088","facility":"wildduck","host":"Johns-MacBook-Pro-i9.local","timestamp":1758839048.965,"_component":"wildduck"}
http API
127.0.0.1 root [-/-] GET /users/68d5c108abe11a527cea5088/mailboxes 200 12ms
info Gelf {"short_message":"WILDDUCK [QUOTA] +","_mail_action":"quota","_user":"68d5c108abe11a527cea5088","_inc":256,"_storage_used":256,"_mailbox":"68d5c108abe11a527cea5089","facility":"wildduck","host":"Johns-MacBook-Pro-i9.local","timestamp":1758839049.142,"_component":"wildduck"}
info Gelf {"short_message":"WILDDUCK HTTP [POST /users/:user/mailboxes/:mailbox/messages] OK","_remote_ip":"127.0.0.1","_http_route":"/users/:user/mailboxes/:mailbox/messages","_http_method":"POST","_user":"root","_role":"root","_api_response":"success","_size":114,"_req_user":"68d5c108abe11a527cea5088","_req_mailbox":"68d5c108abe11a527cea5089","_req_date":"14-Sep-2013 21:22:28 -0300","_req_unseen":"true","_req_raw":"<Buffer 66 72 6f 6d 3a 20 30 78 62 30 36 63 64 65 66 61 31 61 32 62 33 63 34 64 35 65 36 66 37 38 39 30 31 32 33 34 35 36 37 38 …","facility":"wildduck","host":"Johns-MacBook-Pro-i9.local","timestamp":1758839049.165,"_component":"wildduck"}
http API 127.0.0.1 root [-/-] POST /users/68d5c108abe11a527cea5088/mailboxes/68d5c108abe11a527cea5089/messages?date=14-Sep-2013%2021%3A22%3A28%20-0300&unseen=true 200 28ms
info Gelf {"short_message":"WILDDUCK [QUOTA] +","_mail_action":"quota","_user":"68d5c108abe11a527cea5088","_inc":21927,"_storage_used":22183,"_mailbox":"68d5c108abe11a527cea5089","facility":"wildduck","host":"Johns-MacBook-Pro-i9.local","timestamp":1758839049.23,"_component":"wildduck"}
info Gelf {"short_message":"WILDDUCK HTTP [POST /users/:user/mailboxes/:mailbox/messages] OK","_remote_ip":"127.0.0.1","_http_route":"/users/:user/mailboxes/:mailbox/messages","_http_method":"POST","_user":"root","_role":"root","_api_response":"success","_size":116,"_req_user":"68d5c108abe11a527cea5088","_req_mailbox":"68d5c108abe11a527cea5089","_req_unseen":"false","_req_raw":"<Buffer 53 75 62 6a 65 63 74 3a 20 52 79 61 6e 20 46 69 6e 6e 69 65 27 73 20 4d 49 4d 45 20 54 6f 72 74 75 72 65 20 54 65 73 74 …","facility":"wildduck","host":"Johns-MacBook-Pro-i9.local","timestamp":1758839049.237,"_component":"wildduck"}
http API
127.0.0.1 root [-/-] POST /users/68d5c108abe11a527cea5088/mailboxes/68d5c108abe11a527cea5089/messages?unseen=false 200 50ms
info Gelf {"short_message":"WILDDUCK [QUOTA] +","_mail_action":"quota","_user":"68d5c108abe11a527cea5088","_inc":1044,"_storage_used":23227,"_mailbox":"68d5c108abe11a527cea5089","facility":"wildduck","host":"Johns-MacBook-Pro-i9.local","timestamp":1758839049.27,"_component":"wildduck"}
info Gelf {"short_message":"WILDDUCK HTTP [POST /users/:user/mailboxes/:mailbox/messages] OK","_remote_ip":"127.0.0.1","_http_route":"/users/:user/mailboxes/:mailbox/messages","_http_method":"POST","_user":"root","_role":"root","_api_response":"success","_size":115,"_req_user":"68d5c108abe11a527cea5088","_req_mailbox":"68d5c108abe11a527cea5089","_req_unseen":"false","_req_raw":"<Buffer 4d 49 4d 45 2d 56 65 72 73 69 6f 6e 3a 20 31 2e 30 0d 0a 46 72 6f 6d 3a 20 30 78 36 62 31 37 65 66 61 62 31 61 32 62 33 …","facility":"wildduck","host":"Johns-MacBook-Pro-i9.local","timestamp":1758839049.276,"_component":"wildduck"}
http API 127.0.0.1 root [-/-] POST /users/68d5c108abe11a527cea5088/mailboxes/68d5c108abe11a527cea5089/messages?unseen=false 200 15ms
info Gelf {"short_message":"WILDDUCK [QUOTA] +","_mail_action":"quota","_user":"68d5c108abe11a527cea5088","_inc":264,"_storage_used":23491,"_mailbox":"68d5c108abe11a527cea5089","facility":"wildduck","host":"Johns-MacBook-Pro-i9.local","timestamp":1758839049.318,"_component":"wildduck"}
info Gelf {"short_message":"WILDDUCK HTTP [POST /users/:user/mailboxes/:mailbox/messages] OK","_remote_ip":"127.0.0.1","_http_route":"/users/:user/mailboxes/:mailbox/messages","_http_method":"POST","_user":"root","_role":"root","_api_response":"success","_size":114,"_req_user":"68d5c108abe11a527cea5088","_req_mailbox":"68d5c108abe11a527cea5089","_req_unseen":"true","_req_raw":"<Buffer 66 72 6f 6d 3a 20 30 78 62 30 36 63 64 65 66 61 31 61 32 62 33 63 34 64 35 65 36 66 37 38 39 30 31 32 33 34 35 36 37 38 …","facility":"wildduck","host":"Johns-MacBook-Pro-i9.local","timestamp":1758839049.323,"_component":"wildduck"}
http API 127.0.0.1 root [-/-] POST /users/68d5c108abe11a527cea5088/mailboxes/68d5c108abe11a527cea5089/messages?unseen=true 200 23ms
info Gelf {"short_message":"WILDDUCK [QUOTA] +","_mail_action":"quota","_user":"68d5c108abe11a527cea5088","_inc":178,"_storage_used":23669,"_mailbox":"68d5c108abe11a527cea5089","facility":"wildduck","host":"Johns-MacBook-Pro-i9.local","timestamp":1758839049.368,"_component":"wildduck"}
info Gelf {"short_message":"WILDDUCK HTTP [POST /users/:user/mailboxes/:mailbox/messages] OK","_remote_ip":"127.0.0.1","_http_route":"/users/:user/mailboxes/:mailbox/messages","_http_method":"POST","_user":"root","_role":"root","_api_response":"success","_size":114,"_req_user":"68d5c108abe11a527cea5088","_req_mailbox":"68d5c108abe11a527cea5089","_req_unseen":"true","_req_raw":"<Buffer 66 72 6f 6d 3a 20 30 78 62 30 36 63 64 65 66 61 31 61 32 62 33 63 34 64 35 65 36 66 37 38 39 30 31 32 33 34 35 36 37 38 …","facility":"wildduck","host":"Johns-MacBook-Pro-i9.local","timestamp":1758839049.374,"_component":"wildduck"}
http API
127.0.0.1 root [-/-] POST /users/68d5c108abe11a527cea5088/mailboxes/68d5c108abe11a527cea5089/messages?unseen=true 200 29ms
info Gelf {"short_message":"WILDDUCK [QUOTA] +","_mail_action":"quota","_user":"68d5c108abe11a527cea5088","_inc":178,"_storage_used":23847,"_mailbox":"68d5c108abe11a527cea5089","facility":"wildduck","host":"Johns-MacBook-Pro-i9.local","timestamp":1758839049.419,"_component":"wildduck"}
info Gelf {"short_message":"WILDDUCK HTTP [POST /users/:user/mailboxes/:mailbox/messages] OK","_remote_ip":"127.0.0.1","_http_route":"/users/:user/mailboxes/:mailbox/messages","_http_method":"POST","_user":"root","_role":"root","_api_response":"success","_size":114,"_req_user":"68d5c108abe11a527cea5088","_req_mailbox":"68d5c108abe11a527cea5089","_req_unseen":"true","_req_raw":"<Buffer 66 72 6f 6d 3a 20 30 78 62 30 36 63 64 65 66 61 31 61 32 62 33 63 34 64 35 65 36 66 37 38 39 30 31 32 33 34 35 36 37 38 …","facility":"wildduck","host":"Johns-MacBook-Pro-i9.local","timestamp":1758839049.424,"_component":"wildduck"}
http API
127.0.0.1 root [-/-] POST /users/68d5c108abe11a527cea5088/mailboxes/68d5c108abe11a527cea5089/messages?unseen=true 200 28ms
info IMAP [vzqnlcmeqn2v2dsz] Secure connection from [127.0.0.1] to Johns-MacBook-Pro-i9.local 127.0.0.1:9993
sill IMAP [vzqnlcmeqn2v2dsz] S: * OK WildDuck IMAP Server ready for requests from 127.0.0.1 vzqnlcmeqn2v2dsz
sill IMAP [vzqnlcmeqn2v2dsz] C: T1 LOGIN "(* value hidden *)" "(* value hidden *)"
info Gelf {"short_message":"WILDDUCK [AUTHOK] 0x1a2b3c4d5e6f789012345678901234567890abcd","_mail_action":"auth","_auth_result":"success","_username":"0x1a2b3c4d5e6f789012345678901234567890abcd","_domain":"johns-macbook-pro-i9.local","_user":"68d5c108abe11a527cea5088","_password_type":"master","_scope":"imap","_ip":"127.0.0.1","_sess":"vzqnlcmeqn2v2dsz","facility":"wildduck","host":"Johns-MacBook-Pro-i9.local","timestamp":1758839050.175,"_component":"wildduck"}
info Gelf {"short_message":"WILDDUCK [CONNSTART] Connection established for 68d5c108abe11a527cea5088","_connection":"establish","_service":"imap","_sess":"vzqnlcmeqn2v2dsz","_user":"68d5c108abe11a527cea5088","_cid":"vzqnlcmeqn2v2dsz","_ip":"127.0.0.1","_limit":15,"facility":"wildduck","host":"Johns-MacBook-Pro-i9.local","timestamp":1758839050.177,"_component":"wildduck"}
info IMAP [vzqnlcmeqn2v2dsz] 0x1a2b3c4d5e6f789012345678901234567890abcd authenticated using LOGIN
sill IMAP [vzqnlcmeqn2v2dsz] New journal listener for 68d5c108abe11a527cea5088 (0x1a2b3c4d5e6f789012345678901234567890abcd)
sill IMAP [vzqnlcmeqn2v2dsz] S: * CAPABILITY IMAP4rev1 APPENDLIMIT=26214400 CHILDREN CONDSTORE ENABLE ID IDLE MOVE NAMESPACE QUOTA SPECIAL-USE UIDPLUS UNSELECT UTF8=ACCEPT XLIST
sill IMAP [vzqnlcmeqn2v2dsz] S: T1 OK 0x1a2b3c4d5e6f789012345678901234567890abcd authenticated
sill IMAP [vzqnlcmeqn2v2dsz] C: T2 CLOSE
{
  short_message: 'WILDDUCK [Exception] CLOSE not allowed now',
  full_message: 'Error: CLOSE not allowed now\n' +
    '    at IMAPCommand.validateCommand (/Users/johnhuang/0xmail/wildduck/imap-core/lib/imap-command.js:387:23)\n' +
    '    at /Users/johnhuang/0xmail/wildduck/imap-core/lib/imap-command.js:296:18\n' +
    '    at IMAPCommand.append (/Users/johnhuang/0xmail/wildduck/imap-core/lib/imap-command.js:201:9)\n' +
    '    at IMAPCommand.end (/Users/johnhuang/0xmail/wildduck/imap-core/lib/imap-command.js:213:14)\n' +
    '    at IMAPConnection._onCommand (/Users/johnhuang/0xmail/wildduck/imap-core/lib/imap-connection.js:519:28)\n' +
    '    at IMAPStream._readValue (/Users/johnhuang/0xmail/wildduck/imap-core/lib/imap-stream.js:149:14)\n' +
    '    at IMAPStream._write (/Users/johnhuang/0xmail/wildduck/imap-core/lib/imap-stream.js:58:14)\n' +
    '    at writeOrBuffer (node:internal/streams/writable:572:12)\n' +
    '    at _write (node:internal/streams/writable:501:10)\n' +
    '    at Writable.write (node:internal/streams/writable:510:10)',
  _exception: 'yes',
  _error: 'CLOSE not allowed now',
  _responseCode: '500',
  _code: 'InvalidState',
  _payload: 'T2 CLOSE',
  _userId: '68d5c108abe11a527cea5088',
  _sess: 'vzqnlcmeqn2v2dsz',
  _remoteAddress: '127.0.0.1',
  facility: 'wildduck',
  host: 'Johns-MacBook-Pro-i9.local',
  timestamp: 1758839050.279,
  _component: 'wildduck'
}
sill IMAP [vzqnlcmeqn2v2dsz] S: T2 BAD CLOSE not allowed now
sill IMAP [vzqnlcmeqn2v2dsz] C: T3 LOGOUT
sill IMAP [vzqnlcmeqn2v2dsz] Removed journal listener from 68d5c108abe11a527cea5088 (0x1a2b3c4d5e6f789012345678901234567890abcd)
sill IMAP [vzqnlcmeqn2v2dsz] S: * BYE Logout requested
sill IMAP [vzqnlcmeqn2v2dsz] S: T3 OK Piccobello!
      ✔ should error if not in selected state (491ms)
info Gelf {"short_message":"WILDDUCK [CONNRELEASE] Connection released for 68d5c108abe11a527cea5088","_connection":"release","_service":"imap","_sess":"vzqnlcmeqn2v2dsz","_user":"68d5c108abe11a527cea5088","_cid":"vzqnlcmeqn2v2dsz","_ip":"127.0.0.1","facility":"wildduck","host":"Johns-MacBook-Pro-i9.local","timestamp":1758839050.384,"_component":"wildduck"}
info IMAP [vzqnlcmeqn2v2dsz] Connection closed to [127.0.0.1]
info Gelf {"short_message":"WILDDUCK HTTP [GET /users] OK","_remote_ip":"127.0.0.1","_http_route":"/users","_http_method":"GET","_user":"root","_role":"root","_api_response":"success","_size":723,"facility":"wildduck","host":"Johns-MacBook-Pro-i9.local","timestamp":1758839051.038,"_component":"wildduck"}
http API 127.0.0.1 root [-/-] GET /users 200 3ms
info Gelf {"short_message":"WILDDUCK HTTP [GET /users] OK","_remote_ip":"127.0.0.1","_http_route":"/users","_http_method":"GET","_user":"root","_role":"root","_api_response":"success","_size":780,"_req_query":"0x1a2b3c4d5e6f789012345678901234567890abcd","facility":"wildduck","host":"Johns-MacBook-Pro-i9.local","timestamp":1758839051.067,"_component":"wildduck"}
http API 127.0.0.1 root [-/-] GET /users?query=0x1a2b3c4d5e6f789012345678901234567890abcd 200 6ms
verb Tasks Created task id=68d5c10babe11a527cea50a4
info Gelf {"short_message":"WILDDUCK HTTP [DELETE /users/:user] OK","_remote_ip":"127.0.0.1","_http_route":"/users/:user","_http_method":"DELETE","_user":"root","_role":"root","_api_response":"success","_code":"TaskScheduled","_size":209,"_req_user":"68d5c108abe11a527cea5088","facility":"wildduck","host":"Johns-MacBook-Pro-i9.local","timestamp":1758839051.121,"_component":"wildduck"}
http
API 127.0.0.1 root [-/-] DELETE /users/68d5c108abe11a527cea5088 200 21ms
verb Tasks Found task for processing id=68d5c10babe11a527cea50a4
verb Tasks
type=user-delete id=68d5c10babe11a527cea50a4 data={"user":"68d5c108abe11a527cea5088"}
verb Tasks task=user-delete id=68d5c10babe11a527cea50a4 user=68d5c108abe11a527cea5088 message=Deleted 3 addresses from registry
verb Tasks task=user-delete id=68d5c10babe11a527cea50a4 user=68d5c108abe11a527cea5088 message=Marked 6 messages for deletion
verb Tasks task=user-delete id=68d5c10babe11a527cea50a4 user=68d5c108abe11a527cea5088 message=Marked total of 6 messages for deletion
verb Tasks task=user-delete id=68d5c10babe11a527cea50a4 user=68d5c108abe11a527cea5088 message=Cleared user specific data
info Tasks Released task id=68d5c10babe11a527cea50a4 lock=57a7a3481d1941b940aaf6ef
info Gelf {"short_message":"WILDDUCK HTTP [POST /authenticate] OK","_remote_ip":"127.0.0.1","_http_route":"/authenticate","_http_method":"POST","_user":"root","_role":"root","_api_response":"success","_size":334,"_req_username":"0x1a2b3c4d5e6f789012345678901234567890abcd","_req_password":"***","_req_token":"true","_res_id":"68d5c10dabe11a527cea50a7","facility":"wildduck","host":"Johns-MacBook-Pro-i9.local","timestamp":1758839053.743,"_component":"wildduck"}
http API
127.0.0.1 root [-/-] POST /authenticate 200 149ms
info Gelf {"short_message":"WILDDUCK HTTP [GET /users] OK","_remote_ip":"127.0.0.1","_http_route":"/users","_http_method":"GET","_user":"root","_role":"root","_api_response":"success","_size":776,"_req_query":"0x1a2b3c4d5e6f789012345678901234567890abcd","facility":"wildduck","host":"Johns-MacBook-Pro-i9.local","timestamp":1758839053.781,"_component":"wildduck"}
http API
127.0.0.1 root [-/-] GET /users?query=0x1a2b3c4d5e6f789012345678901234567890abcd 200 4ms
info Gelf {"short_message":"WILDDUCK HTTP [GET /users/:user/mailboxes] OK","_remote_ip":"127.0.0.1","_http_route":"/users/:user/mailboxes","_http_method":"GET","_user":"root","_role":"root","_api_response":"success","_size":1275,"_req_user":"68d5c10dabe11a527cea50a7","facility":"wildduck","host":"Johns-MacBook-Pro-i9.local","timestamp":1758839053.818,"_component":"wildduck"}
http API
127.0.0.1 root [-/-] GET /users/68d5c10dabe11a527cea50a7/mailboxes 200 2ms
info Gelf {"short_message":"WILDDUCK HTTP [PUT /users/:user/mailboxes/:mailbox] OK","_remote_ip":"127.0.0.1","_http_route":"/users/:user/mailboxes/:mailbox","_http_method":"PUT","_user":"root","_role":"root","_api_response":"success","_size":22,"_req_user":"68d5c10dabe11a527cea50a7","_req_mailbox":"68d5c10dabe11a527cea50a9","_req_path":"[Gmail]/Sent Mail","facility":"wildduck","host":"Johns-MacBook-Pro-i9.local","timestamp":1758839053.878,"_component":"wildduck"}
http API 127.0.0.1 root [-/-] PUT /users/68d5c10dabe11a527cea50a7/mailboxes/68d5c10dabe11a527cea50a9 200 5ms
info Gelf {"short_message":"WILDDUCK HTTP [GET /users/:user/mailboxes] OK","_remote_ip":"127.0.0.1","_http_route":"/users/:user/mailboxes","_http_method":"GET","_user":"root","_role":"root","_api_response":"success","_size":1283,"_req_user":"68d5c10dabe11a527cea50a7","facility":"wildduck","host":"Johns-MacBook-Pro-i9.local","timestamp":1758839053.915,"_component":"wildduck"}
http API
127.0.0.1 root [-/-] GET /users/68d5c10dabe11a527cea50a7/mailboxes 200 13ms
info Gelf {"short_message":"WILDDUCK [QUOTA] +","_mail_action":"quota","_user":"68d5c10dabe11a527cea50a7","_inc":256,"_storage_used":256,"_mailbox":"68d5c10dabe11a527cea50a8","facility":"wildduck","host":"Johns-MacBook-Pro-i9.local","timestamp":1758839054.091,"_component":"wildduck"}
info Gelf {"short_message":"WILDDUCK HTTP [POST /users/:user/mailboxes/:mailbox/messages] OK","_remote_ip":"127.0.0.1","_http_route":"/users/:user/mailboxes/:mailbox/messages","_http_method":"POST","_user":"root","_role":"root","_api_response":"success","_size":114,"_req_user":"68d5c10dabe11a527cea50a7","_req_mailbox":"68d5c10dabe11a527cea50a8","_req_date":"14-Sep-2013 21:22:28 -0300","_req_unseen":"true","_req_raw":"<Buffer 66 72 6f 6d 3a 20 30 78 62 30 36 63 64 65 66 61 31 61 32 62 33 63 34 64 35 65 36 66 37 38 39 30 31 32 33 34 35 36 37 38 …","facility":"wildduck","host":"Johns-MacBook-Pro-i9.local","timestamp":1758839054.097,"_component":"wildduck"}
http API 127.0.0.1 root [-/-] POST /users/68d5c10dabe11a527cea50a7/mailboxes/68d5c10dabe11a527cea50a8/messages?date=14-Sep-2013%2021%3A22%3A28%20-0300&unseen=true 200 11ms
info Gelf {"short_message":"WILDDUCK [QUOTA] +","_mail_action":"quota","_user":"68d5c10dabe11a527cea50a7","_inc":21927,"_storage_used":22183,"_mailbox":"68d5c10dabe11a527cea50a8","facility":"wildduck","host":"Johns-MacBook-Pro-i9.local","timestamp":1758839054.147,"_component":"wildduck"}
info Gelf {"short_message":"WILDDUCK HTTP [POST /users/:user/mailboxes/:mailbox/messages] OK","_remote_ip":"127.0.0.1","_http_route":"/users/:user/mailboxes/:mailbox/messages","_http_method":"POST","_user":"root","_role":"root","_api_response":"success","_size":116,"_req_user":"68d5c10dabe11a527cea50a7","_req_mailbox":"68d5c10dabe11a527cea50a8","_req_unseen":"false","_req_raw":"<Buffer 53 75 62 6a 65 63 74 3a 20 52 79 61 6e 20 46 69 6e 6e 69 65 27 73 20 4d 49 4d 45 20 54 6f 72 74 75 72 65 20 54 65 73 74 …","facility":"wildduck","host":"Johns-MacBook-Pro-i9.local","timestamp":1758839054.172,"_component":"wildduck"}
http API 127.0.0.1 root [-/-] POST /users/68d5c10dabe11a527cea50a7/mailboxes/68d5c10dabe11a527cea50a8/messages?unseen=false 200 52ms
info Gelf {"short_message":"WILDDUCK [QUOTA] +","_mail_action":"quota","_user":"68d5c10dabe11a527cea50a7","_inc":1044,"_storage_used":23227,"_mailbox":"68d5c10dabe11a527cea50a8","facility":"wildduck","host":"Johns-MacBook-Pro-i9.local","timestamp":1758839054.219,"_component":"wildduck"}
info Gelf {"short_message":"WILDDUCK HTTP [POST /users/:user/mailboxes/:mailbox/messages] OK","_remote_ip":"127.0.0.1","_http_route":"/users/:user/mailboxes/:mailbox/messages","_http_method":"POST","_user":"root","_role":"root","_api_response":"success","_size":115,"_req_user":"68d5c10dabe11a527cea50a7","_req_mailbox":"68d5c10dabe11a527cea50a8","_req_unseen":"false","_req_raw":"<Buffer 4d 49 4d 45 2d 56 65 72 73 69 6f 6e 3a 20 31 2e 30 0d 0a 46 72 6f 6d 3a 20 30 78 36 62 31 37 65 66 61 62 31 61 32 62 33 …","facility":"wildduck","host":"Johns-MacBook-Pro-i9.local","timestamp":1758839054.226,"_component":"wildduck"}
http API 127.0.0.1 root [-/-] POST /users/68d5c10dabe11a527cea50a7/mailboxes/68d5c10dabe11a527cea50a8/messages?unseen=false 200 31ms
info Gelf {"short_message":"WILDDUCK [QUOTA] +","_mail_action":"quota","_user":"68d5c10dabe11a527cea50a7","_inc":264,"_storage_used":23491,"_mailbox":"68d5c10dabe11a527cea50a8","facility":"wildduck","host":"Johns-MacBook-Pro-i9.local","timestamp":1758839054.268,"_component":"wildduck"}
info Gelf {"short_message":"WILDDUCK HTTP [POST /users/:user/mailboxes/:mailbox/messages] OK","_remote_ip":"127.0.0.1","_http_route":"/users/:user/mailboxes/:mailbox/messages","_http_method":"POST","_user":"root","_role":"root","_api_response":"success","_size":114,"_req_user":"68d5c10dabe11a527cea50a7","_req_mailbox":"68d5c10dabe11a527cea50a8","_req_unseen":"true","_req_raw":"<Buffer 66 72 6f 6d 3a 20 30 78 62 30 36 63 64 65 66 61 31 61 32 62 33 63 34 64 35 65 36 66 37 38 39 30 31 32 33 34 35 36 37 38 …","facility":"wildduck","host":"Johns-MacBook-Pro-i9.local","timestamp":1758839054.274,"_component":"wildduck"}
http API
127.0.0.1 root [-/-] POST /users/68d5c10dabe11a527cea50a7/mailboxes/68d5c10dabe11a527cea50a8/messages?unseen=true 200 25ms
info Gelf {"short_message":"WILDDUCK [QUOTA] +","_mail_action":"quota","_user":"68d5c10dabe11a527cea50a7","_inc":178,"_storage_used":23669,"_mailbox":"68d5c10dabe11a527cea50a8","facility":"wildduck","host":"Johns-MacBook-Pro-i9.local","timestamp":1758839054.318,"_component":"wildduck"}
info Gelf {"short_message":"WILDDUCK HTTP [POST /users/:user/mailboxes/:mailbox/messages] OK","_remote_ip":"127.0.0.1","_http_route":"/users/:user/mailboxes/:mailbox/messages","_http_method":"POST","_user":"root","_role":"root","_api_response":"success","_size":114,"_req_user":"68d5c10dabe11a527cea50a7","_req_mailbox":"68d5c10dabe11a527cea50a8","_req_unseen":"true","_req_raw":"<Buffer 66 72 6f 6d 3a 20 30 78 62 30 36 63 64 65 66 61 31 61 32 62 33 63 34 64 35 65 36 66 37 38 39 30 31 32 33 34 35 36 37 38 …","facility":"wildduck","host":"Johns-MacBook-Pro-i9.local","timestamp":1758839054.324,"_component":"wildduck"}
http API
127.0.0.1 root [-/-] POST /users/68d5c10dabe11a527cea50a7/mailboxes/68d5c10dabe11a527cea50a8/messages?unseen=true 200 27ms
info Gelf {"short_message":"WILDDUCK [QUOTA] +","_mail_action":"quota","_user":"68d5c10dabe11a527cea50a7","_inc":178,"_storage_used":23847,"_mailbox":"68d5c10dabe11a527cea50a8","facility":"wildduck","host":"Johns-MacBook-Pro-i9.local","timestamp":1758839054.368,"_component":"wildduck"}
info Gelf {"short_message":"WILDDUCK HTTP [POST /users/:user/mailboxes/:mailbox/messages] OK","_remote_ip":"127.0.0.1","_http_route":"/users/:user/mailboxes/:mailbox/messages","_http_method":"POST","_user":"root","_role":"root","_api_response":"success","_size":114,"_req_user":"68d5c10dabe11a527cea50a7","_req_mailbox":"68d5c10dabe11a527cea50a8","_req_unseen":"true","_req_raw":"<Buffer 66 72 6f 6d 3a 20 30 78 62 30 36 63 64 65 66 61 31 61 32 62 33 63 34 64 35 65 36 66 37 38 39 30 31 32 33 34 35 36 37 38 …","facility":"wildduck","host":"Johns-MacBook-Pro-i9.local","timestamp":1758839054.373,"_component":"wildduck"}
http API 127.0.0.1 root [-/-] POST /users/68d5c10dabe11a527cea50a7/mailboxes/68d5c10dabe11a527cea50a8/messages?unseen=true 200 27ms
info IMAP [yj2i67iguaxpqsok] Secure connection from [127.0.0.1] to Johns-MacBook-Pro-i9.local 127.0.0.1:9993
sill IMAP [yj2i67iguaxpqsok] S: * OK WildDuck IMAP Server ready for requests from 127.0.0.1 yj2i67iguaxpqsok
sill IMAP [yj2i67iguaxpqsok] C: T1 LOGIN "(* value hidden *)" "(* value hidden *)"
info Gelf {"short_message":"WILDDUCK [AUTHOK] 0x1a2b3c4d5e6f789012345678901234567890abcd","_mail_action":"auth","_auth_result":"success","_username":"0x1a2b3c4d5e6f789012345678901234567890abcd","_domain":"johns-macbook-pro-i9.local","_user":"68d5c10dabe11a527cea50a7","_password_type":"master","_scope":"imap","_ip":"127.0.0.1","_sess":"yj2i67iguaxpqsok","facility":"wildduck","host":"Johns-MacBook-Pro-i9.local","timestamp":1758839055.066,"_component":"wildduck"}
info Gelf {"short_message":"WILDDUCK [CONNSTART] Connection established for 68d5c10dabe11a527cea50a7","_connection":"establish","_service":"imap","_sess":"yj2i67iguaxpqsok","_user":"68d5c10dabe11a527cea50a7","_cid":"yj2i67iguaxpqsok","_ip":"127.0.0.1","_limit":15,"facility":"wildduck","host":"Johns-MacBook-Pro-i9.local","timestamp":1758839055.068,"_component":"wildduck"}
info IMAP [yj2i67iguaxpqsok] 0x1a2b3c4d5e6f789012345678901234567890abcd authenticated using LOGIN
sill IMAP [yj2i67iguaxpqsok] New journal listener for 68d5c10dabe11a527cea50a7 (0x1a2b3c4d5e6f789012345678901234567890abcd)
sill IMAP [yj2i67iguaxpqsok] S: * CAPABILITY IMAP4rev1 APPENDLIMIT=26214400 CHILDREN CONDSTORE ENABLE ID IDLE MOVE NAMESPACE QUOTA SPECIAL-USE UIDPLUS UNSELECT UTF8=ACCEPT XLIST
sill IMAP [yj2i67iguaxpqsok] S: T1 OK 0x1a2b3c4d5e6f789012345678901234567890abcd authenticated
sill IMAP [yj2i67iguaxpqsok] C: T2 SELECT INBOX
sill IMAP [yj2i67iguaxpqsok] Opening "INBOX"
sill IMAP [yj2i67iguaxpqsok] S: * FLAGS (\Answered \Flagged \Draft \Deleted \Seen)
sill IMAP [yj2i67iguaxpqsok] S: * OK [PERMANENTFLAGS (\Answered \Flagged \Draft \Deleted \Seen \*)] Flags permitted
sill IMAP [yj2i67iguaxpqsok] S: * OK [UIDVALIDITY 1758839053] UIDs valid
sill IMAP [yj2i67iguaxpqsok] S: * 6 EXISTS
sill IMAP [yj2i67iguaxpqsok] S: * 0 RECENT
sill IMAP [yj2i67iguaxpqsok] S: * OK [HIGHESTMODSEQ 5000] Highest
sill IMAP [yj2i67iguaxpqsok] S: * OK [UIDNEXT 1000] Predicted next UID
sill IMAP [yj2i67iguaxpqsok] S: T2 OK [READ-WRITE] SELECT completed
sill IMAP [yj2i67iguaxpqsok] C: T3 CLOSE
sill IMAP [yj2i67iguaxpqsok] Deleting messages from "68d5c10dabe11a527cea50a8"
sill IMAP Acquired lock for deleting messages user=68d5c10dabe11a527cea50a7 mailbox=68d5c10dabe11a527cea50a8 message=68d5c10dabe11a527cea50a8 lock=mbwr:68d5c10dabe11a527cea50a8
sill IMAP [yj2i67iguaxpqsok] S: T3 OK CLOSE completed
sill IMAP [yj2i67iguaxpqsok] C: T4 LOGOUT
sill IMAP [yj2i67iguaxpqsok] Removed journal listener from 68d5c10dabe11a527cea50a7 (0x1a2b3c4d5e6f789012345678901234567890abcd)
sill IMAP [yj2i67iguaxpqsok] S: * BYE Logout requested
sill IMAP [yj2i67iguaxpqsok] S: T4 OK Make-up! Jewels! Dresses! I want it all! Sigh...
      ✔ should close mailbox (561ms)
info Gelf {"short_message":"WILDDUCK [CONNRELEASE] Connection released for 68d5c10dabe11a527cea50a7","_connection":"release","_service":"imap","_sess":"yj2i67iguaxpqsok","_user":"68d5c10dabe11a527cea50a7","_cid":"yj2i67iguaxpqsok","_ip":"127.0.0.1","facility":"wildduck","host":"Johns-MacBook-Pro-i9.local","timestamp":1758839055.384,"_component":"wildduck"}
info IMAP [yj2i67iguaxpqsok] Connection closed to [127.0.0.1]
    UNSELECT
info Gelf {"short_message":"WILDDUCK HTTP [GET /users] OK","_remote_ip":"127.0.0.1","_http_route":"/users","_http_method":"GET","_user":"root","_role":"root","_api_response":"success","_size":723,"facility":"wildduck","host":"Johns-MacBook-Pro-i9.local","timestamp":1758839056.039,"_component":"wildduck"}
http API 127.0.0.1 root [-/-] GET /users 200 4ms
info Gelf {"short_message":"WILDDUCK HTTP [GET /users] OK","_remote_ip":"127.0.0.1","_http_route":"/users","_http_method":"GET","_user":"root","_role":"root","_api_response":"success","_size":780,"_req_query":"0x1a2b3c4d5e6f789012345678901234567890abcd","facility":"wildduck","host":"Johns-MacBook-Pro-i9.local","timestamp":1758839056.067,"_component":"wildduck"}
http API 127.0.0.1 root [-/-] GET /users?query=0x1a2b3c4d5e6f789012345678901234567890abcd 200 5ms
verb Tasks Created task id=68d5c110abe11a527cea50c3
info Gelf {"short_message":"WILDDUCK HTTP [DELETE /users/:user] OK","_remote_ip":"127.0.0.1","_http_route":"/users/:user","_http_method":"DELETE","_user":"root","_role":"root","_api_response":"success","_code":"TaskScheduled","_size":209,"_req_user":"68d5c10dabe11a527cea50a7","facility":"wildduck","host":"Johns-MacBook-Pro-i9.local","timestamp":1758839056.121,"_component":"wildduck"}
http API 127.0.0.1 root [-/-] DELETE /users/68d5c10dabe11a527cea50a7 200 22ms
info Gelf {"short_message":"WILDDUCK HTTP [POST /authenticate] OK","_remote_ip":"127.0.0.1","_http_route":"/authenticate","_http_method":"POST","_user":"root","_role":"root","_api_response":"success","_size":334,"_req_username":"0x1a2b3c4d5e6f789012345678901234567890abcd","_req_password":"***","_req_token":"true","_res_id":"68d5c112abe11a527cea50c5","facility":"wildduck","host":"Johns-MacBook-Pro-i9.local","timestamp":1758839058.785,"_component":"wildduck"}
http API 127.0.0.1 root [-/-] POST /authenticate 200 167ms
info Gelf {"short_message":"WILDDUCK HTTP [GET /users] OK","_remote_ip":"127.0.0.1","_http_route":"/users","_http_method":"GET","_user":"root","_role":"root","_api_response":"success","_size":776,"_req_query":"0x1a2b3c4d5e6f789012345678901234567890abcd","facility":"wildduck","host":"Johns-MacBook-Pro-i9.local","timestamp":1758839058.823,"_component":"wildduck"}
http API 127.0.0.1 root [-/-] GET /users?query=0x1a2b3c4d5e6f789012345678901234567890abcd 200 4ms
info Gelf {"short_message":"WILDDUCK HTTP [GET /users/:user/mailboxes] OK","_remote_ip":"127.0.0.1","_http_route":"/users/:user/mailboxes","_http_method":"GET","_user":"root","_role":"root","_api_response":"success","_size":1275,"_req_user":"68d5c112abe11a527cea50c5","facility":"wildduck","host":"Johns-MacBook-Pro-i9.local","timestamp":1758839058.865,"_component":"wildduck"}
http API 127.0.0.1 root [-/-] GET /users/68d5c112abe11a527cea50c5/mailboxes 200 7ms
info Gelf {"short_message":"WILDDUCK HTTP [PUT /users/:user/mailboxes/:mailbox] OK","_remote_ip":"127.0.0.1","_http_route":"/users/:user/mailboxes/:mailbox","_http_method":"PUT","_user":"root","_role":"root","_api_response":"success","_size":22,"_req_user":"68d5c112abe11a527cea50c5","_req_mailbox":"68d5c112abe11a527cea50c7","_req_path":"[Gmail]/Sent Mail","facility":"wildduck","host":"Johns-MacBook-Pro-i9.local","timestamp":1758839058.925,"_component":"wildduck"}
http API 127.0.0.1 root [-/-] PUT /users/68d5c112abe11a527cea50c5/mailboxes/68d5c112abe11a527cea50c7 200 4ms
info Gelf {"short_message":"WILDDUCK HTTP [GET /users/:user/mailboxes] OK","_remote_ip":"127.0.0.1","_http_route":"/users/:user/mailboxes","_http_method":"GET","_user":"root","_role":"root","_api_response":"success","_size":1283,"_req_user":"68d5c112abe11a527cea50c5","facility":"wildduck","host":"Johns-MacBook-Pro-i9.local","timestamp":1758839058.965,"_component":"wildduck"}
http API 127.0.0.1 root [-/-] GET /users/68d5c112abe11a527cea50c5/mailboxes 200 16ms
info Gelf {"short_message":"WILDDUCK [QUOTA] +","_mail_action":"quota","_user":"68d5c112abe11a527cea50c5","_inc":256,"_storage_used":256,"_mailbox":"68d5c112abe11a527cea50c6","facility":"wildduck","host":"Johns-MacBook-Pro-i9.local","timestamp":1758839059.183,"_component":"wildduck"}
info Gelf {"short_message":"WILDDUCK HTTP [POST /users/:user/mailboxes/:mailbox/messages] OK","_remote_ip":"127.0.0.1","_http_route":"/users/:user/mailboxes/:mailbox/messages","_http_method":"POST","_user":"root","_role":"root","_api_response":"success","_size":114,"_req_user":"68d5c112abe11a527cea50c5","_req_mailbox":"68d5c112abe11a527cea50c6","_req_date":"14-Sep-2013 21:22:28 -0300","_req_unseen":"true","_req_raw":"<Buffer 66 72 6f 6d 3a 20 30 78 62 30 36 63 64 65 66 61 31 61 32 62 33 63 34 64 35 65 36 66 37 38 39 30 31 32 33 34 35 36 37 38 …","facility":"wildduck","host":"Johns-MacBook-Pro-i9.local","timestamp":1758839059.188,"_component":"wildduck"}
http API
127.0.0.1 root [-/-] POST /users/68d5c112abe11a527cea50c5/mailboxes/68d5c112abe11a527cea50c6/messages?date=14-Sep-2013%2021%3A22%3A28%20-0300&unseen=true 200 10ms
info Gelf {"short_message":"WILDDUCK [QUOTA] +","_mail_action":"quota","_user":"68d5c112abe11a527cea50c5","_inc":21927,"_storage_used":22183,"_mailbox":"68d5c112abe11a527cea50c6","facility":"wildduck","host":"Johns-MacBook-Pro-i9.local","timestamp":1758839059.24,"_component":"wildduck"}
verb Tasks Found task for processing id=68d5c110abe11a527cea50c3
verb Tasks type=user-delete id=68d5c110abe11a527cea50c3 data={"user":"68d5c10dabe11a527cea50a7"}
verb Tasks task=user-delete id=68d5c110abe11a527cea50c3 user=68d5c10dabe11a527cea50a7 message=Deleted 3 addresses from registry
info Gelf {"short_message":"WILDDUCK HTTP [POST /users/:user/mailboxes/:mailbox/messages] OK","_remote_ip":"127.0.0.1","_http_route":"/users/:user/mailboxes/:mailbox/messages","_http_method":"POST","_user":"root","_role":"root","_api_response":"success","_size":116,"_req_user":"68d5c112abe11a527cea50c5","_req_mailbox":"68d5c112abe11a527cea50c6","_req_unseen":"false","_req_raw":"<Buffer 53 75 62 6a 65 63 74 3a 20 52 79 61 6e 20 46 69 6e 6e 69 65 27 73 20 4d 49 4d 45 20 54 6f 72 74 75 72 65 20 54 65 73 74 …","facility":"wildduck","host":"Johns-MacBook-Pro-i9.local","timestamp":1758839059.247,"_component":"wildduck"}
http API
127.0.0.1 root [-/-] POST /users/68d5c112abe11a527cea50c5/mailboxes/68d5c112abe11a527cea50c6/messages?unseen=false 200 36ms
verb Tasks task=user-delete id=68d5c110abe11a527cea50c3 user=68d5c10dabe11a527cea50a7 message=Marked 6 messages for deletion
verb Tasks task=user-delete id=68d5c110abe11a527cea50c3 user=68d5c10dabe11a527cea50a7 message=Marked total of 6 messages for deletion
verb Tasks task=user-delete id=68d5c110abe11a527cea50c3 user=68d5c10dabe11a527cea50a7 message=Cleared user specific data
info Tasks Released task id=68d5c110abe11a527cea50c3 lock=292be7e2d1884ca5ceba03dd
info Gelf {"short_message":"WILDDUCK [QUOTA] +","_mail_action":"quota","_user":"68d5c112abe11a527cea50c5","_inc":1044,"_storage_used":23227,"_mailbox":"68d5c112abe11a527cea50c6","facility":"wildduck","host":"Johns-MacBook-Pro-i9.local","timestamp":1758839059.278,"_component":"wildduck"}
info Gelf {"short_message":"WILDDUCK HTTP [POST /users/:user/mailboxes/:mailbox/messages] OK","_remote_ip":"127.0.0.1","_http_route":"/users/:user/mailboxes/:mailbox/messages","_http_method":"POST","_user":"root","_role":"root","_api_response":"success","_size":115,"_req_user":"68d5c112abe11a527cea50c5","_req_mailbox":"68d5c112abe11a527cea50c6","_req_unseen":"false","_req_raw":"<Buffer 4d 49 4d 45 2d 56 65 72 73 69 6f 6e 3a 20 31 2e 30 0d 0a 46 72 6f 6d 3a 20 30 78 36 62 31 37 65 66 61 62 31 61 32 62 33 …","facility":"wildduck","host":"Johns-MacBook-Pro-i9.local","timestamp":1758839059.284,"_component":"wildduck"}
http API 127.0.0.1 root [-/-] POST /users/68d5c112abe11a527cea50c5/mailboxes/68d5c112abe11a527cea50c6/messages?unseen=false 200 14ms
info Gelf {"short_message":"WILDDUCK [QUOTA] +","_mail_action":"quota","_user":"68d5c112abe11a527cea50c5","_inc":264,"_storage_used":23491,"_mailbox":"68d5c112abe11a527cea50c6","facility":"wildduck","host":"Johns-MacBook-Pro-i9.local","timestamp":1758839059.318,"_component":"wildduck"}
info Gelf {"short_message":"WILDDUCK HTTP [POST /users/:user/mailboxes/:mailbox/messages] OK","_remote_ip":"127.0.0.1","_http_route":"/users/:user/mailboxes/:mailbox/messages","_http_method":"POST","_user":"root","_role":"root","_api_response":"success","_size":114,"_req_user":"68d5c112abe11a527cea50c5","_req_mailbox":"68d5c112abe11a527cea50c6","_req_unseen":"true","_req_raw":"<Buffer 66 72 6f 6d 3a 20 30 78 62 30 36 63 64 65 66 61 31 61 32 62 33 63 34 64 35 65 36 66 37 38 39 30 31 32 33 34 35 36 37 38 …","facility":"wildduck","host":"Johns-MacBook-Pro-i9.local","timestamp":1758839059.324,"_component":"wildduck"}
http API
127.0.0.1 root [-/-] POST /users/68d5c112abe11a527cea50c5/mailboxes/68d5c112abe11a527cea50c6/messages?unseen=true 200 17ms
info Gelf {"short_message":"WILDDUCK [QUOTA] +","_mail_action":"quota","_user":"68d5c112abe11a527cea50c5","_inc":178,"_storage_used":23669,"_mailbox":"68d5c112abe11a527cea50c6","facility":"wildduck","host":"Johns-MacBook-Pro-i9.local","timestamp":1758839059.368,"_component":"wildduck"}
info Gelf {"short_message":"WILDDUCK HTTP [POST /users/:user/mailboxes/:mailbox/messages] OK","_remote_ip":"127.0.0.1","_http_route":"/users/:user/mailboxes/:mailbox/messages","_http_method":"POST","_user":"root","_role":"root","_api_response":"success","_size":114,"_req_user":"68d5c112abe11a527cea50c5","_req_mailbox":"68d5c112abe11a527cea50c6","_req_unseen":"true","_req_raw":"<Buffer 66 72 6f 6d 3a 20 30 78 62 30 36 63 64 65 66 61 31 61 32 62 33 63 34 64 35 65 36 66 37 38 39 30 31 32 33 34 35 36 37 38 …","facility":"wildduck","host":"Johns-MacBook-Pro-i9.local","timestamp":1758839059.373,"_component":"wildduck"}
http API 127.0.0.1 root [-/-] POST /users/68d5c112abe11a527cea50c5/mailboxes/68d5c112abe11a527cea50c6/messages?unseen=true 200 26ms
info Gelf {"short_message":"WILDDUCK [QUOTA] +","_mail_action":"quota","_user":"68d5c112abe11a527cea50c5","_inc":178,"_storage_used":23847,"_mailbox":"68d5c112abe11a527cea50c6","facility":"wildduck","host":"Johns-MacBook-Pro-i9.local","timestamp":1758839059.417,"_component":"wildduck"}
info Gelf
{"short_message":"WILDDUCK HTTP [POST /users/:user/mailboxes/:mailbox/messages] OK","_remote_ip":"127.0.0.1","_http_route":"/users/:user/mailboxes/:mailbox/messages","_http_method":"POST","_user":"root","_role":"root","_api_response":"success","_size":114,"_req_user":"68d5c112abe11a527cea50c5","_req_mailbox":"68d5c112abe11a527cea50c6","_req_unseen":"true","_req_raw":"<Buffer 66 72 6f 6d 3a 20 30 78 62 30 36 63 64 65 66 61 31 61 32 62 33 63 34 64 35 65 36 66 37 38 39 30 31 32 33 34 35 36 37 38 …","facility":"wildduck","host":"Johns-MacBook-Pro-i9.local","timestamp":1758839059.423,"_component":"wildduck"}
http API 127.0.0.1 root [-/-] POST /users/68d5c112abe11a527cea50c5/mailboxes/68d5c112abe11a527cea50c6/messages?unseen=true 200 27ms
info IMAP [s55i2d45p37hpudh] Secure connection from [127.0.0.1] to Johns-MacBook-Pro-i9.local 127.0.0.1:9993
sill IMAP [s55i2d45p37hpudh] S: * OK WildDuck IMAP Server ready for requests from 127.0.0.1 s55i2d45p37hpudh
sill IMAP [s55i2d45p37hpudh] C: T1 LOGIN "(* value hidden *)" "(* value hidden *)"
info Gelf {"short_message":"WILDDUCK [AUTHOK] 0x1a2b3c4d5e6f789012345678901234567890abcd","_mail_action":"auth","_auth_result":"success","_username":"0x1a2b3c4d5e6f789012345678901234567890abcd","_domain":"johns-macbook-pro-i9.local","_user":"68d5c112abe11a527cea50c5","_password_type":"master","_scope":"imap","_ip":"127.0.0.1","_sess":"s55i2d45p37hpudh","facility":"wildduck","host":"Johns-MacBook-Pro-i9.local","timestamp":1758839060.116,"_component":"wildduck"}
info Gelf {"short_message":"WILDDUCK [CONNSTART] Connection established for 68d5c112abe11a527cea50c5","_connection":"establish","_service":"imap","_sess":"s55i2d45p37hpudh","_user":"68d5c112abe11a527cea50c5","_cid":"s55i2d45p37hpudh","_ip":"127.0.0.1","_limit":15,"facility":"wildduck","host":"Johns-MacBook-Pro-i9.local","timestamp":1758839060.118,"_component":"wildduck"}
info IMAP [s55i2d45p37hpudh] 0x1a2b3c4d5e6f789012345678901234567890abcd authenticated using LOGIN
sill IMAP [s55i2d45p37hpudh] New journal listener for 68d5c112abe11a527cea50c5 (0x1a2b3c4d5e6f789012345678901234567890abcd)
sill IMAP [s55i2d45p37hpudh] S: * CAPABILITY IMAP4rev1 APPENDLIMIT=26214400 CHILDREN CONDSTORE ENABLE ID IDLE MOVE NAMESPACE QUOTA SPECIAL-USE UIDPLUS UNSELECT UTF8=ACCEPT XLIST
sill IMAP [s55i2d45p37hpudh] S: T1 OK 0x1a2b3c4d5e6f789012345678901234567890abcd authenticated
sill IMAP [s55i2d45p37hpudh] C: T2 SELECT INBOX
sill IMAP
[s55i2d45p37hpudh] Opening "INBOX"
sill IMAP [s55i2d45p37hpudh] S: * FLAGS (\Answered \Flagged \Draft \Deleted \Seen)
sill IMAP [s55i2d45p37hpudh] S: * OK [PERMANENTFLAGS (\Answered \Flagged \Draft \Deleted \Seen \*)] Flags permitted
sill IMAP [s55i2d45p37hpudh] S: * OK [UIDVALIDITY 1758839058] UIDs valid
sill IMAP [s55i2d45p37hpudh] S: * 6 EXISTS
sill IMAP [s55i2d45p37hpudh] S: * 0 RECENT
sill IMAP [s55i2d45p37hpudh] S: * OK [HIGHESTMODSEQ 5000] Highest
sill IMAP [s55i2d45p37hpudh] S: * OK [UIDNEXT 1000] Predicted next UID
sill IMAP [s55i2d45p37hpudh] S: T2 OK [READ-WRITE] SELECT completed
sill IMAP [s55i2d45p37hpudh] C: T3 UNSELECT
sill IMAP [s55i2d45p37hpudh] S: T3 OK UNSELECT completed
sill IMAP [s55i2d45p37hpudh] C: T4 LOGOUT
sill IMAP [s55i2d45p37hpudh] Removed journal listener from 68d5c112abe11a527cea50c5 (0x1a2b3c4d5e6f789012345678901234567890abcd)
sill IMAP [s55i2d45p37hpudh] S: * BYE Logout requested
sill IMAP [s55i2d45p37hpudh] S: T4 OK Oh boy, oh boy, oh boy...
      ✔ should close mailbox (547ms)
info Gelf {"short_message":"WILDDUCK [CONNRELEASE] Connection released for 68d5c112abe11a527cea50c5","_connection":"release","_service":"imap","_sess":"s55i2d45p37hpudh","_user":"68d5c112abe11a527cea50c5","_cid":"s55i2d45p37hpudh","_ip":"127.0.0.1","facility":"wildduck","host":"Johns-MacBook-Pro-i9.local","timestamp":1758839060.425,"_component":"wildduck"}
info IMAP [s55i2d45p37hpudh] Connection closed to [127.0.0.1]
    ID
info Gelf {"short_message":"WILDDUCK HTTP [GET /users] OK","_remote_ip":"127.0.0.1","_http_route":"/users","_http_method":"GET","_user":"root","_role":"root","_api_response":"success","_size":723,"facility":"wildduck","host":"Johns-MacBook-Pro-i9.local","timestamp":1758839061.129,"_component":"wildduck"}
http API 127.0.0.1 root [-/-] GET /users 200 4ms
info Gelf {"short_message":"WILDDUCK HTTP [GET /users] OK","_remote_ip":"127.0.0.1","_http_route":"/users","_http_method":"GET","_user":"root","_role":"root","_api_response":"success","_size":780,"_req_query":"0x1a2b3c4d5e6f789012345678901234567890abcd","facility":"wildduck","host":"Johns-MacBook-Pro-i9.local","timestamp":1758839061.167,"_component":"wildduck"}
http API 127.0.0.1 root [-/-] GET /users?query=0x1a2b3c4d5e6f789012345678901234567890abcd 200 15ms
verb Tasks Created task id=68d5c115abe11a527cea50e2
info Gelf {"short_message":"WILDDUCK HTTP [DELETE /users/:user] OK","_remote_ip":"127.0.0.1","_http_route":"/users/:user","_http_method":"DELETE","_user":"root","_role":"root","_api_response":"success","_code":"TaskScheduled","_size":209,"_req_user":"68d5c112abe11a527cea50c5","facility":"wildduck","host":"Johns-MacBook-Pro-i9.local","timestamp":1758839061.222,"_component":"wildduck"}
http API 127.0.0.1 root [-/-] DELETE /users/68d5c112abe11a527cea50c5 200 22ms
verb Tasks Found task for processing id=68d5c115abe11a527cea50e2
verb Tasks type=user-delete id=68d5c115abe11a527cea50e2 data={"user":"68d5c112abe11a527cea50c5"}
verb Tasks task=user-delete id=68d5c115abe11a527cea50e2 user=68d5c112abe11a527cea50c5 message=Deleted 3 addresses from registry
verb Tasks task=user-delete id=68d5c115abe11a527cea50e2 user=68d5c112abe11a527cea50c5 message=Marked 6 messages for deletion
verb Tasks task=user-delete id=68d5c115abe11a527cea50e2 user=68d5c112abe11a527cea50c5 message=Marked total of 6 messages for deletion
verb Tasks task=user-delete id=68d5c115abe11a527cea50e2 user=68d5c112abe11a527cea50c5 message=Cleared user specific data
info Tasks Released task id=68d5c115abe11a527cea50e2 lock=f201fb04d1c76c08f20aef99
info Gelf {"short_message":"WILDDUCK HTTP [POST /authenticate] OK","_remote_ip":"127.0.0.1","_http_route":"/authenticate","_http_method":"POST","_user":"root","_role":"root","_api_response":"success","_size":334,"_req_username":"0x1a2b3c4d5e6f789012345678901234567890abcd","_req_password":"***","_req_token":"true","_res_id":"68d5c117abe11a527cea50e5","facility":"wildduck","host":"Johns-MacBook-Pro-i9.local","timestamp":1758839063.871,"_component":"wildduck"}
http API 127.0.0.1 root [-/-] POST /authenticate 200 155ms
info Gelf {"short_message":"WILDDUCK HTTP [GET /users] OK","_remote_ip":"127.0.0.1","_http_route":"/users","_http_method":"GET","_user":"root","_role":"root","_api_response":"success","_size":776,"_req_query":"0x1a2b3c4d5e6f789012345678901234567890abcd","facility":"wildduck","host":"Johns-MacBook-Pro-i9.local","timestamp":1758839063.917,"_component":"wildduck"}
http API 127.0.0.1 root [-/-] GET /users?query=0x1a2b3c4d5e6f789012345678901234567890abcd 200 13ms
info Gelf {"short_message":"WILDDUCK HTTP [GET /users/:user/mailboxes] OK","_remote_ip":"127.0.0.1","_http_route":"/users/:user/mailboxes","_http_method":"GET","_user":"root","_role":"root","_api_response":"success","_size":1275,"_req_user":"68d5c117abe11a527cea50e5","facility":"wildduck","host":"Johns-MacBook-Pro-i9.local","timestamp":1758839063.966,"_component":"wildduck"}
http
API 127.0.0.1 root [-/-] GET /users/68d5c117abe11a527cea50e5/mailboxes 200 14ms
info Gelf {"short_message":"WILDDUCK HTTP [PUT /users/:user/mailboxes/:mailbox] OK","_remote_ip":"127.0.0.1","_http_route":"/users/:user/mailboxes/:mailbox","_http_method":"PUT","_user":"root","_role":"root","_api_response":"success","_size":22,"_req_user":"68d5c117abe11a527cea50e5","_req_mailbox":"68d5c117abe11a527cea50e7","_req_path":"[Gmail]/Sent Mail","facility":"wildduck","host":"Johns-MacBook-Pro-i9.local","timestamp":1758839064.029,"_component":"wildduck"}
http API 127.0.0.1 root [-/-] PUT /users/68d5c117abe11a527cea50e5/mailboxes/68d5c117abe11a527cea50e7 200 5ms
info Gelf {"short_message":"WILDDUCK HTTP [GET /users/:user/mailboxes] OK","_remote_ip":"127.0.0.1","_http_route":"/users/:user/mailboxes","_http_method":"GET","_user":"root","_role":"root","_api_response":"success","_size":1283,"_req_user":"68d5c117abe11a527cea50e5","facility":"wildduck","host":"Johns-MacBook-Pro-i9.local","timestamp":1758839064.065,"_component":"wildduck"}
http API 127.0.0.1 root [-/-] GET /users/68d5c117abe11a527cea50e5/mailboxes 200 14ms
info Gelf {"short_message":"WILDDUCK [QUOTA] +","_mail_action":"quota","_user":"68d5c117abe11a527cea50e5","_inc":256,"_storage_used":256,"_mailbox":"68d5c117abe11a527cea50e6","facility":"wildduck","host":"Johns-MacBook-Pro-i9.local","timestamp":1758839064.243,"_component":"wildduck"}
info Gelf {"short_message":"WILDDUCK HTTP [POST /users/:user/mailboxes/:mailbox/messages] OK","_remote_ip":"127.0.0.1","_http_route":"/users/:user/mailboxes/:mailbox/messages","_http_method":"POST","_user":"root","_role":"root","_api_response":"success","_size":114,"_req_user":"68d5c117abe11a527cea50e5","_req_mailbox":"68d5c117abe11a527cea50e6","_req_date":"14-Sep-2013 21:22:28 -0300","_req_unseen":"true","_req_raw":"<Buffer 66 72 6f 6d 3a 20 30 78 62 30 36 63 64 65 66 61 31 61 32 62 33 63 34 64 35 65 36 66 37 38 39 30 31 32 33 34 35 36 37 38 …","facility":"wildduck","host":"Johns-MacBook-Pro-i9.local","timestamp":1758839064.264,"_component":"wildduck"}
http API 127.0.0.1 root [-/-] POST /users/68d5c117abe11a527cea50e5/mailboxes/68d5c117abe11a527cea50e6/messages?date=14-Sep-2013%2021%3A22%3A28%20-0300&unseen=true 200 27ms
info Gelf {"short_message":"WILDDUCK [QUOTA] +","_mail_action":"quota","_user":"68d5c117abe11a527cea50e5","_inc":21927,"_storage_used":22183,"_mailbox":"68d5c117abe11a527cea50e6","facility":"wildduck","host":"Johns-MacBook-Pro-i9.local","timestamp":1758839064.331,"_component":"wildduck"}
info Gelf {"short_message":"WILDDUCK HTTP [POST /users/:user/mailboxes/:mailbox/messages] OK","_remote_ip":"127.0.0.1","_http_route":"/users/:user/mailboxes/:mailbox/messages","_http_method":"POST","_user":"root","_role":"root","_api_response":"success","_size":116,"_req_user":"68d5c117abe11a527cea50e5","_req_mailbox":"68d5c117abe11a527cea50e6","_req_unseen":"false","_req_raw":"<Buffer 53 75 62 6a 65 63 74 3a 20 52 79 61 6e 20 46 69 6e 6e 69 65 27 73 20 4d 49 4d 45 20 54 6f 72 74 75 72 65 20 54 65 73 74 …","facility":"wildduck","host":"Johns-MacBook-Pro-i9.local","timestamp":1758839064.339,"_component":"wildduck"}
http API 127.0.0.1 root [-/-] POST /users/68d5c117abe11a527cea50e5/mailboxes/68d5c117abe11a527cea50e6/messages?unseen=false 200 51ms
info Gelf {"short_message":"WILDDUCK [QUOTA] +","_mail_action":"quota","_user":"68d5c117abe11a527cea50e5","_inc":1044,"_storage_used":23227,"_mailbox":"68d5c117abe11a527cea50e6","facility":"wildduck","host":"Johns-MacBook-Pro-i9.local","timestamp":1758839064.37,"_component":"wildduck"}
info Gelf {"short_message":"WILDDUCK HTTP [POST /users/:user/mailboxes/:mailbox/messages] OK","_remote_ip":"127.0.0.1","_http_route":"/users/:user/mailboxes/:mailbox/messages","_http_method":"POST","_user":"root","_role":"root","_api_response":"success","_size":115,"_req_user":"68d5c117abe11a527cea50e5","_req_mailbox":"68d5c117abe11a527cea50e6","_req_unseen":"false","_req_raw":"<Buffer 4d 49 4d 45 2d 56 65 72 73 69 6f 6e 3a 20 31 2e 30 0d 0a 46 72 6f 6d 3a 20 30 78 36 62 31 37 65 66 61 62 31 61 32 62 33 …","facility":"wildduck","host":"Johns-MacBook-Pro-i9.local","timestamp":1758839064.376,"_component":"wildduck"}
http API 127.0.0.1 root [-/-] POST /users/68d5c117abe11a527cea50e5/mailboxes/68d5c117abe11a527cea50e6/messages?unseen=false 200 14ms
info Gelf {"short_message":"WILDDUCK [QUOTA] +","_mail_action":"quota","_user":"68d5c117abe11a527cea50e5","_inc":264,"_storage_used":23491,"_mailbox":"68d5c117abe11a527cea50e6","facility":"wildduck","host":"Johns-MacBook-Pro-i9.local","timestamp":1758839064.418,"_component":"wildduck"}
info Gelf {"short_message":"WILDDUCK HTTP [POST /users/:user/mailboxes/:mailbox/messages] OK","_remote_ip":"127.0.0.1","_http_route":"/users/:user/mailboxes/:mailbox/messages","_http_method":"POST","_user":"root","_role":"root","_api_response":"success","_size":114,"_req_user":"68d5c117abe11a527cea50e5","_req_mailbox":"68d5c117abe11a527cea50e6","_req_unseen":"true","_req_raw":"<Buffer 66 72 6f 6d 3a 20 30 78 62 30 36 63 64 65 66 61 31 61 32 62 33 63 34 64 35 65 36 66 37 38 39 30 31 32 33 34 35 36 37 38 …","facility":"wildduck","host":"Johns-MacBook-Pro-i9.local","timestamp":1758839064.423,"_component":"wildduck"}
http API 127.0.0.1 root [-/-] POST /users/68d5c117abe11a527cea50e5/mailboxes/68d5c117abe11a527cea50e6/messages?unseen=true 200 26ms
info Gelf {"short_message":"WILDDUCK [QUOTA] +","_mail_action":"quota","_user":"68d5c117abe11a527cea50e5","_inc":178,"_storage_used":23669,"_mailbox":"68d5c117abe11a527cea50e6","facility":"wildduck","host":"Johns-MacBook-Pro-i9.local","timestamp":1758839064.468,"_component":"wildduck"}
info Gelf {"short_message":"WILDDUCK HTTP [POST /users/:user/mailboxes/:mailbox/messages] OK","_remote_ip":"127.0.0.1","_http_route":"/users/:user/mailboxes/:mailbox/messages","_http_method":"POST","_user":"root","_role":"root","_api_response":"success","_size":114,"_req_user":"68d5c117abe11a527cea50e5","_req_mailbox":"68d5c117abe11a527cea50e6","_req_unseen":"true","_req_raw":"<Buffer 66 72 6f 6d 3a 20 30 78 62 30 36 63 64 65 66 61 31 61 32 62 33 63 34 64 35 65 36 66 37 38 39 30 31 32 33 34 35 36 37 38 …","facility":"wildduck","host":"Johns-MacBook-Pro-i9.local","timestamp":1758839064.473,"_component":"wildduck"}
http API
127.0.0.1 root [-/-] POST /users/68d5c117abe11a527cea50e5/mailboxes/68d5c117abe11a527cea50e6/messages?unseen=true 200 28ms
info Gelf {"short_message":"WILDDUCK [QUOTA] +","_mail_action":"quota","_user":"68d5c117abe11a527cea50e5","_inc":178,"_storage_used":23847,"_mailbox":"68d5c117abe11a527cea50e6","facility":"wildduck","host":"Johns-MacBook-Pro-i9.local","timestamp":1758839064.518,"_component":"wildduck"}
info Gelf {"short_message":"WILDDUCK HTTP [POST /users/:user/mailboxes/:mailbox/messages] OK","_remote_ip":"127.0.0.1","_http_route":"/users/:user/mailboxes/:mailbox/messages","_http_method":"POST","_user":"root","_role":"root","_api_response":"success","_size":114,"_req_user":"68d5c117abe11a527cea50e5","_req_mailbox":"68d5c117abe11a527cea50e6","_req_unseen":"true","_req_raw":"<Buffer 66 72 6f 6d 3a 20 30 78 62 30 36 63 64 65 66 61 31 61 32 62 33 63 34 64 35 65 36 66 37 38 39 30 31 32 33 34 35 36 37 38 …","facility":"wildduck","host":"Johns-MacBook-Pro-i9.local","timestamp":1758839064.524,"_component":"wildduck"}
http API 127.0.0.1 root [-/-] POST /users/68d5c117abe11a527cea50e5/mailboxes/68d5c117abe11a527cea50e6/messages?unseen=true 200 28ms
info IMAP [m3zzwgscctgrv5nk] Secure connection from [127.0.0.1] to Johns-MacBook-Pro-i9.local 127.0.0.1:9993
sill IMAP [m3zzwgscctgrv5nk] S: * OK WildDuck IMAP Server ready for requests from 127.0.0.1 m3zzwgscctgrv5nk
sill IMAP [m3zzwgscctgrv5nk] C: T1 ID NIL
sill IMAP [m3zzwgscctgrv5nk] S: * ID ("name" "WildDuck IMAP Server" "version" "0.0.1" "vendor" "Kreata")
sill IMAP [m3zzwgscctgrv5nk] S: T1 OK ID completed
sill IMAP [m3zzwgscctgrv5nk] C: T2 LOGOUT
sill IMAP [m3zzwgscctgrv5nk] S: * BYE Logout requested
sill IMAP [m3zzwgscctgrv5nk] S: T2 OK Melissa, I have to go, they got into my toilet paper! Melissa, I have to go!
      ✔ should return ID info (209ms)
info IMAP [m3zzwgscctgrv5nk] Connection closed to [127.0.0.1]
    STORE
info Gelf {"short_message":"WILDDUCK HTTP [GET /users] OK","_remote_ip":"127.0.0.1","_http_route":"/users","_http_method":"GET","_user":"root","_role":"root","_api_response":"success","_size":723,"facility":"wildduck","host":"Johns-MacBook-Pro-i9.local","timestamp":1758839065.845,"_component":"wildduck"}
http API 127.0.0.1 root [-/-] GET /users 200 3ms
info Gelf {"short_message":"WILDDUCK HTTP [GET /users] OK","_remote_ip":"127.0.0.1","_http_route":"/users","_http_method":"GET","_user":"root","_role":"root","_api_response":"success","_size":780,"_req_query":"0x1a2b3c4d5e6f789012345678901234567890abcd","facility":"wildduck","host":"Johns-MacBook-Pro-i9.local","timestamp":1758839065.872,"_component":"wildduck"}
http API 127.0.0.1 root [-/-] GET /users?query=0x1a2b3c4d5e6f789012345678901234567890abcd 200 4ms
verb Tasks Created task id=68d5c119abe11a527cea5101
info Gelf {"short_message":"WILDDUCK HTTP [DELETE /users/:user] OK","_remote_ip":"127.0.0.1","_http_route":"/users/:user","_http_method":"DELETE","_user":"root","_role":"root","_api_response":"success","_code":"TaskScheduled","_size":209,"_req_user":"68d5c117abe11a527cea50e5","facility":"wildduck","host":"Johns-MacBook-Pro-i9.local","timestamp":1758839065.922,"_component":"wildduck"}
http API 127.0.0.1 root [-/-] DELETE /users/68d5c117abe11a527cea50e5 200 18ms
verb Tasks Found task for processing id=68d5c119abe11a527cea5101
verb Tasks type=user-delete id=68d5c119abe11a527cea5101 data={"user":"68d5c117abe11a527cea50e5"}
verb Tasks task=user-delete id=68d5c119abe11a527cea5101 user=68d5c117abe11a527cea50e5 message=Deleted 3 addresses from registry
verb Tasks task=user-delete id=68d5c119abe11a527cea5101 user=68d5c117abe11a527cea50e5 message=Marked 6 messages for deletion
verb Tasks task=user-delete id=68d5c119abe11a527cea5101 user=68d5c117abe11a527cea50e5 message=Marked total of 6 messages for deletion
verb Tasks task=user-delete id=68d5c119abe11a527cea5101 user=68d5c117abe11a527cea50e5 message=Cleared user specific data
info Tasks Released task id=68d5c119abe11a527cea5101 lock=07f5c4487df648c254d17565
info Gelf {"short_message":"WILDDUCK HTTP [POST /authenticate] OK","_remote_ip":"127.0.0.1","_http_route":"/authenticate","_http_method":"POST","_user":"root","_role":"root","_api_response":"success","_size":334,"_req_username":"0x1a2b3c4d5e6f789012345678901234567890abcd","_req_password":"***","_req_token":"true","_res_id":"68d5c11cabe11a527cea5104","facility":"wildduck","host":"Johns-MacBook-Pro-i9.local","timestamp":1758839068.576,"_component":"wildduck"}
http API 127.0.0.1 root [-/-] POST /authenticate 200 210ms
info Gelf {"short_message":"WILDDUCK HTTP [GET /users] OK","_remote_ip":"127.0.0.1","_http_route":"/users","_http_method":"GET","_user":"root","_role":"root","_api_response":"success","_size":776,"_req_query":"0x1a2b3c4d5e6f789012345678901234567890abcd","facility":"wildduck","host":"Johns-MacBook-Pro-i9.local","timestamp":1758839068.618,"_component":"wildduck"}
http API 127.0.0.1 root [-/-] GET /users?query=0x1a2b3c4d5e6f789012345678901234567890abcd 200 7ms
info Gelf {"short_message":"WILDDUCK HTTP [GET /users/:user/mailboxes] OK","_remote_ip":"127.0.0.1","_http_route":"/users/:user/mailboxes","_http_method":"GET","_user":"root","_role":"root","_api_response":"success","_size":1275,"_req_user":"68d5c11cabe11a527cea5104","facility":"wildduck","host":"Johns-MacBook-Pro-i9.local","timestamp":1758839068.666,"_component":"wildduck"}
http API 127.0.0.1 root [-/-] GET /users/68d5c11cabe11a527cea5104/mailboxes 200 14ms
info Gelf {"short_message":"WILDDUCK HTTP [PUT /users/:user/mailboxes/:mailbox] OK","_remote_ip":"127.0.0.1","_http_route":"/users/:user/mailboxes/:mailbox","_http_method":"PUT","_user":"root","_role":"root","_api_response":"success","_size":22,"_req_user":"68d5c11cabe11a527cea5104","_req_mailbox":"68d5c11cabe11a527cea5106","_req_path":"[Gmail]/Sent Mail","facility":"wildduck","host":"Johns-MacBook-Pro-i9.local","timestamp":1758839068.727,"_component":"wildduck"}
http API 127.0.0.1 root [-/-] PUT /users/68d5c11cabe11a527cea5104/mailboxes/68d5c11cabe11a527cea5106 200 5ms
info Gelf {"short_message":"WILDDUCK HTTP [GET /users/:user/mailboxes] OK","_remote_ip":"127.0.0.1","_http_route":"/users/:user/mailboxes","_http_method":"GET","_user":"root","_role":"root","_api_response":"success","_size":1283,"_req_user":"68d5c11cabe11a527cea5104","facility":"wildduck","host":"Johns-MacBook-Pro-i9.local","timestamp":1758839068.765,"_component":"wildduck"}
http API 127.0.0.1 root [-/-] GET /users/68d5c11cabe11a527cea5104/mailboxes 200 16ms
info Gelf {"short_message":"WILDDUCK [QUOTA] +","_mail_action":"quota","_user":"68d5c11cabe11a527cea5104","_inc":256,"_storage_used":256,"_mailbox":"68d5c11cabe11a527cea5105","facility":"wildduck","host":"Johns-MacBook-Pro-i9.local","timestamp":1758839068.965,"_component":"wildduck"}
info Gelf {"short_message":"WILDDUCK HTTP [POST /users/:user/mailboxes/:mailbox/messages] OK","_remote_ip":"127.0.0.1","_http_route":"/users/:user/mailboxes/:mailbox/messages","_http_method":"POST","_user":"root","_role":"root","_api_response":"success","_size":114,"_req_user":"68d5c11cabe11a527cea5104","_req_mailbox":"68d5c11cabe11a527cea5105","_req_date":"14-Sep-2013 21:22:28 -0300","_req_unseen":"true","_req_raw":"<Buffer 66 72 6f 6d 3a 20 30 78 62 30 36 63 64 65 66 61 31 61 32 62 33 63 34 64 35 65 36 66 37 38 39 30 31 32 33 34 35 36 37 38 …","facility":"wildduck","host":"Johns-MacBook-Pro-i9.local","timestamp":1758839068.973,"_component":"wildduck"}
http API 127.0.0.1 root [-/-] POST /users/68d5c11cabe11a527cea5104/mailboxes/68d5c11cabe11a527cea5105/messages?date=14-Sep-2013%2021%3A22%3A28%20-0300&unseen=true 200 29ms
info Gelf {"short_message":"WILDDUCK [QUOTA] +","_mail_action":"quota","_user":"68d5c11cabe11a527cea5104","_inc":21927,"_storage_used":22183,"_mailbox":"68d5c11cabe11a527cea5105","facility":"wildduck","host":"Johns-MacBook-Pro-i9.local","timestamp":1758839069.04,"_component":"wildduck"}
info Gelf {"short_message":"WILDDUCK HTTP [POST /users/:user/mailboxes/:mailbox/messages] OK","_remote_ip":"127.0.0.1","_http_route":"/users/:user/mailboxes/:mailbox/messages","_http_method":"POST","_user":"root","_role":"root","_api_response":"success","_size":116,"_req_user":"68d5c11cabe11a527cea5104","_req_mailbox":"68d5c11cabe11a527cea5105","_req_unseen":"false","_req_raw":"<Buffer 53 75 62 6a 65 63 74 3a 20 52 79 61 6e 20 46 69 6e 6e 69 65 27 73 20 4d 49 4d 45 20 54 6f 72 74 75 72 65 20 54 65 73 74 …","facility":"wildduck","host":"Johns-MacBook-Pro-i9.local","timestamp":1758839069.047,"_component":"wildduck"}
http API
127.0.0.1 root [-/-] POST /users/68d5c11cabe11a527cea5104/mailboxes/68d5c11cabe11a527cea5105/messages?unseen=false 200 52ms
info Gelf {"short_message":"WILDDUCK [QUOTA] +","_mail_action":"quota","_user":"68d5c11cabe11a527cea5104","_inc":1044,"_storage_used":23227,"_mailbox":"68d5c11cabe11a527cea5105","facility":"wildduck","host":"Johns-MacBook-Pro-i9.local","timestamp":1758839069.078,"_component":"wildduck"}
info Gelf {"short_message":"WILDDUCK HTTP [POST /users/:user/mailboxes/:mailbox/messages] OK","_remote_ip":"127.0.0.1","_http_route":"/users/:user/mailboxes/:mailbox/messages","_http_method":"POST","_user":"root","_role":"root","_api_response":"success","_size":115,"_req_user":"68d5c11cabe11a527cea5104","_req_mailbox":"68d5c11cabe11a527cea5105","_req_unseen":"false","_req_raw":"<Buffer 4d 49 4d 45 2d 56 65 72 73 69 6f 6e 3a 20 31 2e 30 0d 0a 46 72 6f 6d 3a 20 30 78 36 62 31 37 65 66 61 62 31 61 32 62 33 …","facility":"wildduck","host":"Johns-MacBook-Pro-i9.local","timestamp":1758839069.084,"_component":"wildduck"}
http API 127.0.0.1 root [-/-] POST /users/68d5c11cabe11a527cea5104/mailboxes/68d5c11cabe11a527cea5105/messages?unseen=false 200 15ms
info Gelf {"short_message":"WILDDUCK [QUOTA] +","_mail_action":"quota","_user":"68d5c11cabe11a527cea5104","_inc":264,"_storage_used":23491,"_mailbox":"68d5c11cabe11a527cea5105","facility":"wildduck","host":"Johns-MacBook-Pro-i9.local","timestamp":1758839069.118,"_component":"wildduck"}
info Gelf {"short_message":"WILDDUCK HTTP [POST /users/:user/mailboxes/:mailbox/messages] OK","_remote_ip":"127.0.0.1","_http_route":"/users/:user/mailboxes/:mailbox/messages","_http_method":"POST","_user":"root","_role":"root","_api_response":"success","_size":114,"_req_user":"68d5c11cabe11a527cea5104","_req_mailbox":"68d5c11cabe11a527cea5105","_req_unseen":"true","_req_raw":"<Buffer 66 72 6f 6d 3a 20 30 78 62 30 36 63 64 65 66 61 31 61 32 62 33 63 34 64 35 65 36 66 37 38 39 30 31 32 33 34 35 36 37 38 …","facility":"wildduck","host":"Johns-MacBook-Pro-i9.local","timestamp":1758839069.124,"_component":"wildduck"}
http API 127.0.0.1 root [-/-] POST /users/68d5c11cabe11a527cea5104/mailboxes/68d5c11cabe11a527cea5105/messages?unseen=true 200 19ms
info Gelf {"short_message":"WILDDUCK [QUOTA] +","_mail_action":"quota","_user":"68d5c11cabe11a527cea5104","_inc":178,"_storage_used":23669,"_mailbox":"68d5c11cabe11a527cea5105","facility":"wildduck","host":"Johns-MacBook-Pro-i9.local","timestamp":1758839069.168,"_component":"wildduck"}
info Gelf {"short_message":"WILDDUCK HTTP [POST /users/:user/mailboxes/:mailbox/messages] OK","_remote_ip":"127.0.0.1","_http_route":"/users/:user/mailboxes/:mailbox/messages","_http_method":"POST","_user":"root","_role":"root","_api_response":"success","_size":114,"_req_user":"68d5c11cabe11a527cea5104","_req_mailbox":"68d5c11cabe11a527cea5105","_req_unseen":"true","_req_raw":"<Buffer 66 72 6f 6d 3a 20 30 78 62 30 36 63 64 65 66 61 31 61 32 62 33 63 34 64 35 65 36 66 37 38 39 30 31 32 33 34 35 36 37 38 …","facility":"wildduck","host":"Johns-MacBook-Pro-i9.local","timestamp":1758839069.174,"_component":"wildduck"}
http API 127.0.0.1 root [-/-] POST /users/68d5c11cabe11a527cea5104/mailboxes/68d5c11cabe11a527cea5105/messages?unseen=true 200 28ms
info Gelf {"short_message":"WILDDUCK [QUOTA] +","_mail_action":"quota","_user":"68d5c11cabe11a527cea5104","_inc":178,"_storage_used":23847,"_mailbox":"68d5c11cabe11a527cea5105","facility":"wildduck","host":"Johns-MacBook-Pro-i9.local","timestamp":1758839069.218,"_component":"wildduck"}
info Gelf {"short_message":"WILDDUCK HTTP [POST /users/:user/mailboxes/:mailbox/messages] OK","_remote_ip":"127.0.0.1","_http_route":"/users/:user/mailboxes/:mailbox/messages","_http_method":"POST","_user":"root","_role":"root","_api_response":"success","_size":114,"_req_user":"68d5c11cabe11a527cea5104","_req_mailbox":"68d5c11cabe11a527cea5105","_req_unseen":"true","_req_raw":"<Buffer 66 72 6f 6d 3a 20 30 78 62 30 36 63 64 65 66 61 31 61 32 62 33 63 34 64 35 65 36 66 37 38 39 30 31 32 33 34 35 36 37 38 …","facility":"wildduck","host":"Johns-MacBook-Pro-i9.local","timestamp":1758839069.224,"_component":"wildduck"}
http API 127.0.0.1 root [-/-] POST /users/68d5c11cabe11a527cea5104/mailboxes/68d5c11cabe11a527cea5105/messages?unseen=true 200 27ms
info IMAP [qmp2qz3fdq2ccnc2] Secure connection from [127.0.0.1] to Johns-MacBook-Pro-i9.local 127.0.0.1:9993
sill IMAP [qmp2qz3fdq2ccnc2] S: * OK WildDuck IMAP Server ready for requests from 127.0.0.1 qmp2qz3fdq2ccnc2
sill IMAP [qmp2qz3fdq2ccnc2] C: T1 LOGIN "(* value hidden *)" "(* value hidden *)"
info Gelf {"short_message":"WILDDUCK [AUTHOK] 0x1a2b3c4d5e6f789012345678901234567890abcd","_mail_action":"auth","_auth_result":"success","_username":"0x1a2b3c4d5e6f789012345678901234567890abcd","_domain":"johns-macbook-pro-i9.local","_user":"68d5c11cabe11a527cea5104","_password_type":"master","_scope":"imap","_ip":"127.0.0.1","_sess":"qmp2qz3fdq2ccnc2","facility":"wildduck","host":"Johns-MacBook-Pro-i9.local","timestamp":1758839069.917,"_component":"wildduck"}
info Gelf {"short_message":"WILDDUCK [CONNSTART] Connection established for 68d5c11cabe11a527cea5104","_connection":"establish","_service":"imap","_sess":"qmp2qz3fdq2ccnc2","_user":"68d5c11cabe11a527cea5104","_cid":"qmp2qz3fdq2ccnc2","_ip":"127.0.0.1","_limit":15,"facility":"wildduck","host":"Johns-MacBook-Pro-i9.local","timestamp":1758839069.918,"_component":"wildduck"}
info IMAP [qmp2qz3fdq2ccnc2] 0x1a2b3c4d5e6f789012345678901234567890abcd authenticated using LOGIN
sill IMAP [qmp2qz3fdq2ccnc2] New journal listener for 68d5c11cabe11a527cea5104 (0x1a2b3c4d5e6f789012345678901234567890abcd)
sill IMAP [qmp2qz3fdq2ccnc2] S: * CAPABILITY IMAP4rev1 APPENDLIMIT=26214400 CHILDREN CONDSTORE ENABLE ID IDLE MOVE NAMESPACE QUOTA SPECIAL-USE UIDPLUS UNSELECT UTF8=ACCEPT XLIST
sill IMAP [qmp2qz3fdq2ccnc2] S: T1 OK 0x1a2b3c4d5e6f789012345678901234567890abcd authenticated
sill IMAP [qmp2qz3fdq2ccnc2] C: T2 SELECT INBOX
sill
IMAP [qmp2qz3fdq2ccnc2] Opening "INBOX"
sill IMAP [qmp2qz3fdq2ccnc2] S: * FLAGS (\Answered \Flagged \Draft \Deleted \Seen)
sill IMAP [qmp2qz3fdq2ccnc2] S: * OK [PERMANENTFLAGS (\Answered \Flagged \Draft \Deleted \Seen \*)] Flags permitted
sill IMAP [qmp2qz3fdq2ccnc2] S: * OK [UIDVALIDITY 1758839068] UIDs valid
sill IMAP [qmp2qz3fdq2ccnc2] S: * 6 EXISTS
sill IMAP [qmp2qz3fdq2ccnc2] S: * 0 RECENT
sill IMAP [qmp2qz3fdq2ccnc2] S: * OK [HIGHESTMODSEQ 5000] Highest
sill
IMAP [qmp2qz3fdq2ccnc2] S: * OK [UIDNEXT 1000] Predicted next UID
sill IMAP [qmp2qz3fdq2ccnc2] S: T2 OK [READ-WRITE] SELECT completed
sill IMAP [qmp2qz3fdq2ccnc2] C: T3 STORE 1:* FLAGS (MyFlag1 MyFlag2)
sill IMAP [qmp2qz3fdq2ccnc2] Updating messages in "68d5c11cabe11a527cea5105"
sill IMAP [qmp2qz3fdq2ccnc2] S: * 1 FETCH (FLAGS (MyFlag1 MyFlag2))
sill IMAP [qmp2qz3fdq2ccnc2] S: * 2 FETCH (FLAGS (MyFlag1 MyFlag2))
sill IMAP [qmp2qz3fdq2ccnc2] S: * 3 FETCH (FLAGS (MyFlag1 MyFlag2))
sill IMAP [qmp2qz3fdq2ccnc2] S: * 4 FETCH (FLAGS (MyFlag1 MyFlag2))
sill IMAP
[qmp2qz3fdq2ccnc2] S: * 5 FETCH (FLAGS (MyFlag1 MyFlag2))
sill IMAP
[qmp2qz3fdq2ccnc2] S: * 6 FETCH (FLAGS (MyFlag1 MyFlag2))
info Gelf {"short_message":"WILDDUCK [STORE]","_mail_action":"store","_user":"68d5c11cabe11a527cea5104","_mailbox":"68d5c11cabe11a527cea5105","_sess":"qmp2qz3fdq2ccnc2","_message_count":6,"_flags":"MyFlag1, MyFlag2","_store_action":"set","_response":true,"_message":"STORE completed","facility":"wildduck","host":"Johns-MacBook-Pro-i9.local","timestamp":1758839070.139,"_component":"wildduck"}
sill IMAP [qmp2qz3fdq2ccnc2] S: T3 OK STORE completed
sill IMAP [qmp2qz3fdq2ccnc2] C: T4 LOGOUT
sill IMAP [qmp2qz3fdq2ccnc2] Removed journal listener from 68d5c11cabe11a527cea5104 (0x1a2b3c4d5e6f789012345678901234567890abcd)
sill IMAP
[qmp2qz3fdq2ccnc2] S: * BYE Logout requested
sill IMAP [qmp2qz3fdq2ccnc2] S: T4 OK Melissa, I have to go, they got into my toilet paper! Melissa, I have to go!
      ✔ should set flags (567ms)
info Gelf {"short_message":"WILDDUCK [CONNRELEASE] Connection released for 68d5c11cabe11a527cea5104","_connection":"release","_service":"imap","_sess":"qmp2qz3fdq2ccnc2","_user":"68d5c11cabe11a527cea5104","_cid":"qmp2qz3fdq2ccnc2","_ip":"127.0.0.1","facility":"wildduck","host":"Johns-MacBook-Pro-i9.local","timestamp":1758839070.242,"_component":"wildduck"}
info IMAP [qmp2qz3fdq2ccnc2] Connection closed to [127.0.0.1]
info Gelf {"short_message":"WILDDUCK HTTP [GET /users] OK","_remote_ip":"127.0.0.1","_http_route":"/users","_http_method":"GET","_user":"root","_role":"root","_api_response":"success","_size":723,"facility":"wildduck","host":"Johns-MacBook-Pro-i9.local","timestamp":1758839070.896,"_component":"wildduck"}
http API 127.0.0.1 root [-/-] GET /users 200 3ms
info Gelf {"short_message":"WILDDUCK HTTP [GET /users] OK","_remote_ip":"127.0.0.1","_http_route":"/users","_http_method":"GET","_user":"root","_role":"root","_api_response":"success","_size":780,"_req_query":"0x1a2b3c4d5e6f789012345678901234567890abcd","facility":"wildduck","host":"Johns-MacBook-Pro-i9.local","timestamp":1758839070.923,"_component":"wildduck"}
http API
127.0.0.1 root [-/-] GET /users?query=0x1a2b3c4d5e6f789012345678901234567890abcd 200 4ms
verb Tasks Created task id=68d5c11eabe11a527cea5126
info Gelf {"short_message":"WILDDUCK HTTP [DELETE /users/:user] OK","_remote_ip":"127.0.0.1","_http_route":"/users/:user","_http_method":"DELETE","_user":"root","_role":"root","_api_response":"success","_code":"TaskScheduled","_size":209,"_req_user":"68d5c11cabe11a527cea5104","facility":"wildduck","host":"Johns-MacBook-Pro-i9.local","timestamp":1758839070.972,"_component":"wildduck"}
http API 127.0.0.1 root [-/-] DELETE /users/68d5c11cabe11a527cea5104 200 16ms
verb Tasks Found task for processing id=68d5c11eabe11a527cea5126
verb Tasks type=user-delete id=68d5c11eabe11a527cea5126 data={"user":"68d5c11cabe11a527cea5104"}
verb Tasks task=user-delete id=68d5c11eabe11a527cea5126 user=68d5c11cabe11a527cea5104 message=Deleted 3 addresses from registry
verb Tasks task=user-delete id=68d5c11eabe11a527cea5126 user=68d5c11cabe11a527cea5104 message=Marked 6 messages for deletion
verb Tasks task=user-delete id=68d5c11eabe11a527cea5126 user=68d5c11cabe11a527cea5104 message=Marked total of 6 messages for deletion
verb Tasks task=user-delete id=68d5c11eabe11a527cea5126 user=68d5c11cabe11a527cea5104 message=Cleared user specific data
info Tasks Released task id=68d5c11eabe11a527cea5126 lock=c4e20e9bd6c0891f15f95028
info Gelf {"short_message":"WILDDUCK HTTP [POST /authenticate] OK","_remote_ip":"127.0.0.1","_http_route":"/authenticate","_http_method":"POST","_user":"root","_role":"root","_api_response":"success","_size":334,"_req_username":"0x1a2b3c4d5e6f789012345678901234567890abcd","_req_password":"***","_req_token":"true","_res_id":"68d5c121abe11a527cea5129","facility":"wildduck","host":"Johns-MacBook-Pro-i9.local","timestamp":1758839073.572,"_component":"wildduck"}
http API 127.0.0.1 root [-/-] POST /authenticate 200 149ms
info Gelf {"short_message":"WILDDUCK HTTP [GET /users] OK","_remote_ip":"127.0.0.1","_http_route":"/users","_http_method":"GET","_user":"root","_role":"root","_api_response":"success","_size":776,"_req_query":"0x1a2b3c4d5e6f789012345678901234567890abcd","facility":"wildduck","host":"Johns-MacBook-Pro-i9.local","timestamp":1758839073.618,"_component":"wildduck"}
http API 127.0.0.1 root [-/-] GET /users?query=0x1a2b3c4d5e6f789012345678901234567890abcd 200 12ms
info Gelf {"short_message":"WILDDUCK HTTP [GET /users/:user/mailboxes] OK","_remote_ip":"127.0.0.1","_http_route":"/users/:user/mailboxes","_http_method":"GET","_user":"root","_role":"root","_api_response":"success","_size":1275,"_req_user":"68d5c121abe11a527cea5129","facility":"wildduck","host":"Johns-MacBook-Pro-i9.local","timestamp":1758839073.666,"_component":"wildduck"}
http API
127.0.0.1 root [-/-] GET /users/68d5c121abe11a527cea5129/mailboxes 200 13ms
info Gelf {"short_message":"WILDDUCK HTTP [PUT /users/:user/mailboxes/:mailbox] OK","_remote_ip":"127.0.0.1","_http_route":"/users/:user/mailboxes/:mailbox","_http_method":"PUT","_user":"root","_role":"root","_api_response":"success","_size":22,"_req_user":"68d5c121abe11a527cea5129","_req_mailbox":"68d5c121abe11a527cea512b","_req_path":"[Gmail]/Sent Mail","facility":"wildduck","host":"Johns-MacBook-Pro-i9.local","timestamp":1758839073.726,"_component":"wildduck"}
http API 127.0.0.1 root [-/-] PUT /users/68d5c121abe11a527cea5129/mailboxes/68d5c121abe11a527cea512b 200 4ms
info Gelf {"short_message":"WILDDUCK HTTP [GET /users/:user/mailboxes] OK","_remote_ip":"127.0.0.1","_http_route":"/users/:user/mailboxes","_http_method":"GET","_user":"root","_role":"root","_api_response":"success","_size":1283,"_req_user":"68d5c121abe11a527cea5129","facility":"wildduck","host":"Johns-MacBook-Pro-i9.local","timestamp":1758839073.766,"_component":"wildduck"}
http API 127.0.0.1 root [-/-] GET /users/68d5c121abe11a527cea5129/mailboxes 200 16ms
info Gelf {"short_message":"WILDDUCK [QUOTA] +","_mail_action":"quota","_user":"68d5c121abe11a527cea5129","_inc":256,"_storage_used":256,"_mailbox":"68d5c121abe11a527cea512a","facility":"wildduck","host":"Johns-MacBook-Pro-i9.local","timestamp":1758839073.965,"_component":"wildduck"}
info Gelf {"short_message":"WILDDUCK HTTP [POST /users/:user/mailboxes/:mailbox/messages] OK","_remote_ip":"127.0.0.1","_http_route":"/users/:user/mailboxes/:mailbox/messages","_http_method":"POST","_user":"root","_role":"root","_api_response":"success","_size":114,"_req_user":"68d5c121abe11a527cea5129","_req_mailbox":"68d5c121abe11a527cea512a","_req_date":"14-Sep-2013 21:22:28 -0300","_req_unseen":"true","_req_raw":"<Buffer 66 72 6f 6d 3a 20 30 78 62 30 36 63 64 65 66 61 31 61 32 62 33 63 34 64 35 65 36 66 37 38 39 30 31 32 33 34 35 36 37 38 …","facility":"wildduck","host":"Johns-MacBook-Pro-i9.local","timestamp":1758839073.97,"_component":"wildduck"}
http API 127.0.0.1 root [-/-] POST /users/68d5c121abe11a527cea5129/mailboxes/68d5c121abe11a527cea512a/messages?date=14-Sep-2013%2021%3A22%3A28%20-0300&unseen=true 200 27ms
info Gelf {"short_message":"WILDDUCK [QUOTA] +","_mail_action":"quota","_user":"68d5c121abe11a527cea5129","_inc":21927,"_storage_used":22183,"_mailbox":"68d5c121abe11a527cea512a","facility":"wildduck","host":"Johns-MacBook-Pro-i9.local","timestamp":1758839074.03,"_component":"wildduck"}
info Gelf {"short_message":"WILDDUCK HTTP [POST /users/:user/mailboxes/:mailbox/messages] OK","_remote_ip":"127.0.0.1","_http_route":"/users/:user/mailboxes/:mailbox/messages","_http_method":"POST","_user":"root","_role":"root","_api_response":"success","_size":116,"_req_user":"68d5c121abe11a527cea5129","_req_mailbox":"68d5c121abe11a527cea512a","_req_unseen":"false","_req_raw":"<Buffer 53 75 62 6a 65 63 74 3a 20 52 79 61 6e 20 46 69 6e 6e 69 65 27 73 20 4d 49 4d 45 20 54 6f 72 74 75 72 65 20 54 65 73 74 …","facility":"wildduck","host":"Johns-MacBook-Pro-i9.local","timestamp":1758839074.036,"_component":"wildduck"}
http API 127.0.0.1 root [-/-] POST /users/68d5c121abe11a527cea5129/mailboxes/68d5c121abe11a527cea512a/messages?unseen=false 200 44ms
info Gelf {"short_message":"WILDDUCK [QUOTA] +","_mail_action":"quota","_user":"68d5c121abe11a527cea5129","_inc":1044,"_storage_used":23227,"_mailbox":"68d5c121abe11a527cea512a","facility":"wildduck","host":"Johns-MacBook-Pro-i9.local","timestamp":1758839074.071,"_component":"wildduck"}
info Gelf {"short_message":"WILDDUCK HTTP [POST /users/:user/mailboxes/:mailbox/messages] OK","_remote_ip":"127.0.0.1","_http_route":"/users/:user/mailboxes/:mailbox/messages","_http_method":"POST","_user":"root","_role":"root","_api_response":"success","_size":115,"_req_user":"68d5c121abe11a527cea5129","_req_mailbox":"68d5c121abe11a527cea512a","_req_unseen":"false","_req_raw":"<Buffer 4d 49 4d 45 2d 56 65 72 73 69 6f 6e 3a 20 31 2e 30 0d 0a 46 72 6f 6d 3a 20 30 78 36 62 31 37 65 66 61 62 31 61 32 62 33 …","facility":"wildduck","host":"Johns-MacBook-Pro-i9.local","timestamp":1758839074.076,"_component":"wildduck"}
http API
127.0.0.1 root [-/-] POST /users/68d5c121abe11a527cea5129/mailboxes/68d5c121abe11a527cea512a/messages?unseen=false 200 16ms
info Gelf {"short_message":"WILDDUCK [QUOTA] +","_mail_action":"quota","_user":"68d5c121abe11a527cea5129","_inc":264,"_storage_used":23491,"_mailbox":"68d5c121abe11a527cea512a","facility":"wildduck","host":"Johns-MacBook-Pro-i9.local","timestamp":1758839074.118,"_component":"wildduck"}
info Gelf {"short_message":"WILDDUCK HTTP [POST /users/:user/mailboxes/:mailbox/messages] OK","_remote_ip":"127.0.0.1","_http_route":"/users/:user/mailboxes/:mailbox/messages","_http_method":"POST","_user":"root","_role":"root","_api_response":"success","_size":114,"_req_user":"68d5c121abe11a527cea5129","_req_mailbox":"68d5c121abe11a527cea512a","_req_unseen":"true","_req_raw":"<Buffer 66 72 6f 6d 3a 20 30 78 62 30 36 63 64 65 66 61 31 61 32 62 33 63 34 64 35 65 36 66 37 38 39 30 31 32 33 34 35 36 37 38 …","facility":"wildduck","host":"Johns-MacBook-Pro-i9.local","timestamp":1758839074.125,"_component":"wildduck"}
http API
127.0.0.1 root [-/-] POST /users/68d5c121abe11a527cea5129/mailboxes/68d5c121abe11a527cea512a/messages?unseen=true 200 26ms
info Gelf {"short_message":"WILDDUCK [QUOTA] +","_mail_action":"quota","_user":"68d5c121abe11a527cea5129","_inc":178,"_storage_used":23669,"_mailbox":"68d5c121abe11a527cea512a","facility":"wildduck","host":"Johns-MacBook-Pro-i9.local","timestamp":1758839074.168,"_component":"wildduck"}
info Gelf {"short_message":"WILDDUCK HTTP [POST /users/:user/mailboxes/:mailbox/messages] OK","_remote_ip":"127.0.0.1","_http_route":"/users/:user/mailboxes/:mailbox/messages","_http_method":"POST","_user":"root","_role":"root","_api_response":"success","_size":114,"_req_user":"68d5c121abe11a527cea5129","_req_mailbox":"68d5c121abe11a527cea512a","_req_unseen":"true","_req_raw":"<Buffer 66 72 6f 6d 3a 20 30 78 62 30 36 63 64 65 66 61 31 61 32 62 33 63 34 64 35 65 36 66 37 38 39 30 31 32 33 34 35 36 37 38 …","facility":"wildduck","host":"Johns-MacBook-Pro-i9.local","timestamp":1758839074.174,"_component":"wildduck"}
http API
127.0.0.1 root [-/-] POST /users/68d5c121abe11a527cea5129/mailboxes/68d5c121abe11a527cea512a/messages?unseen=true 200 26ms
info Gelf {"short_message":"WILDDUCK [QUOTA] +","_mail_action":"quota","_user":"68d5c121abe11a527cea5129","_inc":178,"_storage_used":23847,"_mailbox":"68d5c121abe11a527cea512a","facility":"wildduck","host":"Johns-MacBook-Pro-i9.local","timestamp":1758839074.218,"_component":"wildduck"}
info Gelf {"short_message":"WILDDUCK HTTP [POST /users/:user/mailboxes/:mailbox/messages] OK","_remote_ip":"127.0.0.1","_http_route":"/users/:user/mailboxes/:mailbox/messages","_http_method":"POST","_user":"root","_role":"root","_api_response":"success","_size":114,"_req_user":"68d5c121abe11a527cea5129","_req_mailbox":"68d5c121abe11a527cea512a","_req_unseen":"true","_req_raw":"<Buffer 66 72 6f 6d 3a 20 30 78 62 30 36 63 64 65 66 61 31 61 32 62 33 63 34 64 35 65 36 66 37 38 39 30 31 32 33 34 35 36 37 38 …","facility":"wildduck","host":"Johns-MacBook-Pro-i9.local","timestamp":1758839074.223,"_component":"wildduck"}
http API 127.0.0.1 root [-/-] POST /users/68d5c121abe11a527cea5129/mailboxes/68d5c121abe11a527cea512a/messages?unseen=true 200 28ms
info IMAP [so7hi7x5x2z23ch6] Secure connection from [127.0.0.1] to Johns-MacBook-Pro-i9.local 127.0.0.1:9993
sill IMAP [so7hi7x5x2z23ch6] S: * OK WildDuck IMAP Server ready for requests from 127.0.0.1 so7hi7x5x2z23ch6
sill IMAP [so7hi7x5x2z23ch6] C: T1 LOGIN "(* value hidden *)" "(* value hidden *)"
info Gelf {"short_message":"WILDDUCK [AUTHOK] 0x1a2b3c4d5e6f789012345678901234567890abcd","_mail_action":"auth","_auth_result":"success","_username":"0x1a2b3c4d5e6f789012345678901234567890abcd","_domain":"johns-macbook-pro-i9.local","_user":"68d5c121abe11a527cea5129","_password_type":"master","_scope":"imap","_ip":"127.0.0.1","_sess":"so7hi7x5x2z23ch6","facility":"wildduck","host":"Johns-MacBook-Pro-i9.local","timestamp":1758839074.917,"_component":"wildduck"}
info Gelf {"short_message":"WILDDUCK [CONNSTART] Connection established for 68d5c121abe11a527cea5129","_connection":"establish","_service":"imap","_sess":"so7hi7x5x2z23ch6","_user":"68d5c121abe11a527cea5129","_cid":"so7hi7x5x2z23ch6","_ip":"127.0.0.1","_limit":15,"facility":"wildduck","host":"Johns-MacBook-Pro-i9.local","timestamp":1758839074.919,"_component":"wildduck"}
info IMAP [so7hi7x5x2z23ch6] 0x1a2b3c4d5e6f789012345678901234567890abcd authenticated using LOGIN
sill IMAP [so7hi7x5x2z23ch6] New journal listener for 68d5c121abe11a527cea5129 (0x1a2b3c4d5e6f789012345678901234567890abcd)
sill IMAP [so7hi7x5x2z23ch6] S: * CAPABILITY IMAP4rev1 APPENDLIMIT=26214400 CHILDREN CONDSTORE ENABLE ID IDLE MOVE NAMESPACE QUOTA SPECIAL-USE UIDPLUS UNSELECT UTF8=ACCEPT XLIST
sill IMAP [so7hi7x5x2z23ch6] S: T1 OK 0x1a2b3c4d5e6f789012345678901234567890abcd authenticated
sill IMAP [so7hi7x5x2z23ch6] C: T2 SELECT INBOX
sill IMAP [so7hi7x5x2z23ch6] Opening "INBOX"
sill IMAP [so7hi7x5x2z23ch6] S: * FLAGS (\Answered \Flagged \Draft \Deleted \Seen)
sill IMAP [so7hi7x5x2z23ch6] S: * OK [PERMANENTFLAGS (\Answered \Flagged \Draft \Deleted \Seen \*)] Flags permitted
sill IMAP [so7hi7x5x2z23ch6] S: * OK [UIDVALIDITY 1758839073] UIDs valid
sill IMAP [so7hi7x5x2z23ch6] S: * 6 EXISTS
sill IMAP [so7hi7x5x2z23ch6] S: * 0 RECENT
sill IMAP [so7hi7x5x2z23ch6] S: * OK [HIGHESTMODSEQ 5000] Highest
sill IMAP [so7hi7x5x2z23ch6] S: * OK [UIDNEXT 1000] Predicted next UID
sill IMAP [so7hi7x5x2z23ch6] S: T2 OK [READ-WRITE] SELECT completed
sill IMAP [so7hi7x5x2z23ch6] C: T3 STORE 1:* +FLAGS (MyFlag1 MyFlag2)
sill IMAP [so7hi7x5x2z23ch6] Updating messages in "68d5c121abe11a527cea512a"
sill IMAP [so7hi7x5x2z23ch6] S: * 1 FETCH (FLAGS (MyFlag1 MyFlag2))
sill IMAP [so7hi7x5x2z23ch6] S: * 2 FETCH (FLAGS (\Seen MyFlag1 MyFlag2))
sill IMAP [so7hi7x5x2z23ch6] S: * 3 FETCH (FLAGS (\Seen MyFlag1 MyFlag2))
sill IMAP [so7hi7x5x2z23ch6] S: * 4 FETCH (FLAGS (MyFlag1 MyFlag2))
sill IMAP [so7hi7x5x2z23ch6] S: * 5 FETCH (FLAGS (MyFlag1 MyFlag2))
sill IMAP
[so7hi7x5x2z23ch6] S: * 6 FETCH (FLAGS (MyFlag1 MyFlag2))
info Gelf {"short_message":"WILDDUCK [STORE]","_mail_action":"store","_user":"68d5c121abe11a527cea5129","_mailbox":"68d5c121abe11a527cea512a","_sess":"so7hi7x5x2z23ch6","_message_count":6,"_flags":"MyFlag1, MyFlag2","_store_action":"add","_response":true,"_message":"STORE completed","facility":"wildduck","host":"Johns-MacBook-Pro-i9.local","timestamp":1758839075.136,"_component":"wildduck"}
sill IMAP [so7hi7x5x2z23ch6] S: T3 OK STORE completed
sill IMAP [so7hi7x5x2z23ch6] C: T4 LOGOUT
sill IMAP
[so7hi7x5x2z23ch6] Removed journal listener from 68d5c121abe11a527cea5129 (0x1a2b3c4d5e6f789012345678901234567890abcd)
sill IMAP [so7hi7x5x2z23ch6] S: * BYE Logout requested
sill IMAP [so7hi7x5x2z23ch6] S: T4 OK Oh ho ho ho, duck hunters is da cwaziest peoples! Ha ha ha.
      ✔ should add flags (564ms)
info Gelf {"short_message":"WILDDUCK [CONNRELEASE] Connection released for 68d5c121abe11a527cea5129","_connection":"release","_service":"imap","_sess":"so7hi7x5x2z23ch6","_user":"68d5c121abe11a527cea5129","_cid":"so7hi7x5x2z23ch6","_ip":"127.0.0.1","facility":"wildduck","host":"Johns-MacBook-Pro-i9.local","timestamp":1758839075.238,"_component":"wildduck"}
info IMAP [so7hi7x5x2z23ch6] Connection closed to [127.0.0.1]
info Gelf {"short_message":"WILDDUCK HTTP [GET /users] OK","_remote_ip":"127.0.0.1","_http_route":"/users","_http_method":"GET","_user":"root","_role":"root","_api_response":"success","_size":723,"facility":"wildduck","host":"Johns-MacBook-Pro-i9.local","timestamp":1758839075.893,"_component":"wildduck"}
http API 127.0.0.1 root [-/-] GET /users 200 3ms
info Gelf {"short_message":"WILDDUCK HTTP [GET /users] OK","_remote_ip":"127.0.0.1","_http_route":"/users","_http_method":"GET","_user":"root","_role":"root","_api_response":"success","_size":780,"_req_query":"0x1a2b3c4d5e6f789012345678901234567890abcd","facility":"wildduck","host":"Johns-MacBook-Pro-i9.local","timestamp":1758839075.92,"_component":"wildduck"}
http API 127.0.0.1 root [-/-] GET /users?query=0x1a2b3c4d5e6f789012345678901234567890abcd 200 4ms
verb Tasks Created task id=68d5c123abe11a527cea514b
info Gelf {"short_message":"WILDDUCK HTTP [DELETE /users/:user] OK","_remote_ip":"127.0.0.1","_http_route":"/users/:user","_http_method":"DELETE","_user":"root","_role":"root","_api_response":"success","_code":"TaskScheduled","_size":209,"_req_user":"68d5c121abe11a527cea5129","facility":"wildduck","host":"Johns-MacBook-Pro-i9.local","timestamp":1758839075.972,"_component":"wildduck"}
http API 127.0.0.1 root [-/-] DELETE /users/68d5c121abe11a527cea5129 200 18ms
info Gelf {"short_message":"WILDDUCK HTTP [POST /authenticate] OK","_remote_ip":"127.0.0.1","_http_route":"/authenticate","_http_method":"POST","_user":"root","_role":"root","_api_response":"success","_size":334,"_req_username":"0x1a2b3c4d5e6f789012345678901234567890abcd","_req_password":"***","_req_token":"true","_res_id":"68d5c126abe11a527cea514d","facility":"wildduck","host":"Johns-MacBook-Pro-i9.local","timestamp":1758839078.597,"_component":"wildduck"}
http API 127.0.0.1 root [-/-] POST /authenticate 200 145ms
info Gelf {"short_message":"WILDDUCK HTTP [GET /users] OK","_remote_ip":"127.0.0.1","_http_route":"/users","_http_method":"GET","_user":"root","_role":"root","_api_response":"success","_size":776,"_req_query":"0x1a2b3c4d5e6f789012345678901234567890abcd","facility":"wildduck","host":"Johns-MacBook-Pro-i9.local","timestamp":1758839078.635,"_component":"wildduck"}
http API 127.0.0.1 root [-/-] GET /users?query=0x1a2b3c4d5e6f789012345678901234567890abcd 200 4ms
info Gelf {"short_message":"WILDDUCK HTTP [GET /users/:user/mailboxes] OK","_remote_ip":"127.0.0.1","_http_route":"/users/:user/mailboxes","_http_method":"GET","_user":"root","_role":"root","_api_response":"success","_size":1275,"_req_user":"68d5c126abe11a527cea514d","facility":"wildduck","host":"Johns-MacBook-Pro-i9.local","timestamp":1758839078.672,"_component":"wildduck"}
http API 127.0.0.1 root [-/-] GET /users/68d5c126abe11a527cea514d/mailboxes 200 2ms
info Gelf {"short_message":"WILDDUCK HTTP [PUT /users/:user/mailboxes/:mailbox] OK","_remote_ip":"127.0.0.1","_http_route":"/users/:user/mailboxes/:mailbox","_http_method":"PUT","_user":"root","_role":"root","_api_response":"success","_size":22,"_req_user":"68d5c126abe11a527cea514d","_req_mailbox":"68d5c126abe11a527cea514f","_req_path":"[Gmail]/Sent Mail","facility":"wildduck","host":"Johns-MacBook-Pro-i9.local","timestamp":1758839078.735,"_component":"wildduck"}
http API 127.0.0.1 root [-/-] PUT /users/68d5c126abe11a527cea514d/mailboxes/68d5c126abe11a527cea514f 200 6ms
info Gelf {"short_message":"WILDDUCK HTTP [GET /users/:user/mailboxes] OK","_remote_ip":"127.0.0.1","_http_route":"/users/:user/mailboxes","_http_method":"GET","_user":"root","_role":"root","_api_response":"success","_size":1283,"_req_user":"68d5c126abe11a527cea514d","facility":"wildduck","host":"Johns-MacBook-Pro-i9.local","timestamp":1758839078.766,"_component":"wildduck"}
http API 127.0.0.1 root [-/-] GET /users/68d5c126abe11a527cea514d/mailboxes 200 8ms
info Gelf {"short_message":"WILDDUCK [QUOTA] +","_mail_action":"quota","_user":"68d5c126abe11a527cea514d","_inc":256,"_storage_used":256,"_mailbox":"68d5c126abe11a527cea514e","facility":"wildduck","host":"Johns-MacBook-Pro-i9.local","timestamp":1758839078.942,"_component":"wildduck"}
info Gelf {"short_message":"WILDDUCK HTTP [POST /users/:user/mailboxes/:mailbox/messages] OK","_remote_ip":"127.0.0.1","_http_route":"/users/:user/mailboxes/:mailbox/messages","_http_method":"POST","_user":"root","_role":"root","_api_response":"success","_size":114,"_req_user":"68d5c126abe11a527cea514d","_req_mailbox":"68d5c126abe11a527cea514e","_req_date":"14-Sep-2013 21:22:28 -0300","_req_unseen":"true","_req_raw":"<Buffer 66 72 6f 6d 3a 20 30 78 62 30 36 63 64 65 66 61 31 61 32 62 33 63 34 64 35 65 36 66 37 38 39 30 31 32 33 34 35 36 37 38 …","facility":"wildduck","host":"Johns-MacBook-Pro-i9.local","timestamp":1758839078.965,"_component":"wildduck"}
http API 127.0.0.1 root [-/-] POST /users/68d5c126abe11a527cea514d/mailboxes/68d5c126abe11a527cea514e/messages?date=14-Sep-2013%2021%3A22%3A28%20-0300&unseen=true 200 28ms
info Gelf {"short_message":"WILDDUCK [QUOTA] +","_mail_action":"quota","_user":"68d5c126abe11a527cea514d","_inc":21927,"_storage_used":22183,"_mailbox":"68d5c126abe11a527cea514e","facility":"wildduck","host":"Johns-MacBook-Pro-i9.local","timestamp":1758839079.032,"_component":"wildduck"}
info Gelf {"short_message":"WILDDUCK HTTP [POST /users/:user/mailboxes/:mailbox/messages] OK","_remote_ip":"127.0.0.1","_http_route":"/users/:user/mailboxes/:mailbox/messages","_http_method":"POST","_user":"root","_role":"root","_api_response":"success","_size":116,"_req_user":"68d5c126abe11a527cea514d","_req_mailbox":"68d5c126abe11a527cea514e","_req_unseen":"false","_req_raw":"<Buffer 53 75 62 6a 65 63 74 3a 20 52 79 61 6e 20 46 69 6e 6e 69 65 27 73 20 4d 49 4d 45 20 54 6f 72 74 75 72 65 20 54 65 73 74 …","facility":"wildduck","host":"Johns-MacBook-Pro-i9.local","timestamp":1758839079.039,"_component":"wildduck"}
http API 127.0.0.1 root [-/-] POST /users/68d5c126abe11a527cea514d/mailboxes/68d5c126abe11a527cea514e/messages?unseen=false 200 51ms
info Gelf {"short_message":"WILDDUCK [QUOTA] +","_mail_action":"quota","_user":"68d5c126abe11a527cea514d","_inc":1044,"_storage_used":23227,"_mailbox":"68d5c126abe11a527cea514e","facility":"wildduck","host":"Johns-MacBook-Pro-i9.local","timestamp":1758839079.07,"_component":"wildduck"}
info Gelf {"short_message":"WILDDUCK HTTP [POST /users/:user/mailboxes/:mailbox/messages] OK","_remote_ip":"127.0.0.1","_http_route":"/users/:user/mailboxes/:mailbox/messages","_http_method":"POST","_user":"root","_role":"root","_api_response":"success","_size":115,"_req_user":"68d5c126abe11a527cea514d","_req_mailbox":"68d5c126abe11a527cea514e","_req_unseen":"false","_req_raw":"<Buffer 4d 49 4d 45 2d 56 65 72 73 69 6f 6e 3a 20 31 2e 30 0d 0a 46 72 6f 6d 3a 20 30 78 36 62 31 37 65 66 61 62 31 61 32 62 33 …","facility":"wildduck","host":"Johns-MacBook-Pro-i9.local","timestamp":1758839079.075,"_component":"wildduck"}
http API
127.0.0.1 root [-/-] POST /users/68d5c126abe11a527cea514d/mailboxes/68d5c126abe11a527cea514e/messages?unseen=false 200 14ms
info Gelf {"short_message":"WILDDUCK [QUOTA] +","_mail_action":"quota","_user":"68d5c126abe11a527cea514d","_inc":264,"_storage_used":23491,"_mailbox":"68d5c126abe11a527cea514e","facility":"wildduck","host":"Johns-MacBook-Pro-i9.local","timestamp":1758839079.118,"_component":"wildduck"}
info Gelf {"short_message":"WILDDUCK HTTP [POST /users/:user/mailboxes/:mailbox/messages] OK","_remote_ip":"127.0.0.1","_http_route":"/users/:user/mailboxes/:mailbox/messages","_http_method":"POST","_user":"root","_role":"root","_api_response":"success","_size":114,"_req_user":"68d5c126abe11a527cea514d","_req_mailbox":"68d5c126abe11a527cea514e","_req_unseen":"true","_req_raw":"<Buffer 66 72 6f 6d 3a 20 30 78 62 30 36 63 64 65 66 61 31 61 32 62 33 63 34 64 35 65 36 66 37 38 39 30 31 32 33 34 35 36 37 38 …","facility":"wildduck","host":"Johns-MacBook-Pro-i9.local","timestamp":1758839079.123,"_component":"wildduck"}
http API
127.0.0.1 root [-/-] POST /users/68d5c126abe11a527cea514d/mailboxes/68d5c126abe11a527cea514e/messages?unseen=true 200 25ms
info Gelf {"short_message":"WILDDUCK [QUOTA] +","_mail_action":"quota","_user":"68d5c126abe11a527cea514d","_inc":178,"_storage_used":23669,"_mailbox":"68d5c126abe11a527cea514e","facility":"wildduck","host":"Johns-MacBook-Pro-i9.local","timestamp":1758839079.168,"_component":"wildduck"}
info Gelf {"short_message":"WILDDUCK HTTP [POST /users/:user/mailboxes/:mailbox/messages] OK","_remote_ip":"127.0.0.1","_http_route":"/users/:user/mailboxes/:mailbox/messages","_http_method":"POST","_user":"root","_role":"root","_api_response":"success","_size":114,"_req_user":"68d5c126abe11a527cea514d","_req_mailbox":"68d5c126abe11a527cea514e","_req_unseen":"true","_req_raw":"<Buffer 66 72 6f 6d 3a 20 30 78 62 30 36 63 64 65 66 61 31 61 32 62 33 63 34 64 35 65 36 66 37 38 39 30 31 32 33 34 35 36 37 38 …","facility":"wildduck","host":"Johns-MacBook-Pro-i9.local","timestamp":1758839079.173,"_component":"wildduck"}
http API
127.0.0.1 root [-/-] POST /users/68d5c126abe11a527cea514d/mailboxes/68d5c126abe11a527cea514e/messages?unseen=true 200 27ms
info Gelf {"short_message":"WILDDUCK [QUOTA] +","_mail_action":"quota","_user":"68d5c126abe11a527cea514d","_inc":178,"_storage_used":23847,"_mailbox":"68d5c126abe11a527cea514e","facility":"wildduck","host":"Johns-MacBook-Pro-i9.local","timestamp":1758839079.217,"_component":"wildduck"}
info Gelf {"short_message":"WILDDUCK HTTP [POST /users/:user/mailboxes/:mailbox/messages] OK","_remote_ip":"127.0.0.1","_http_route":"/users/:user/mailboxes/:mailbox/messages","_http_method":"POST","_user":"root","_role":"root","_api_response":"success","_size":114,"_req_user":"68d5c126abe11a527cea514d","_req_mailbox":"68d5c126abe11a527cea514e","_req_unseen":"true","_req_raw":"<Buffer 66 72 6f 6d 3a 20 30 78 62 30 36 63 64 65 66 61 31 61 32 62 33 63 34 64 35 65 36 66 37 38 39 30 31 32 33 34 35 36 37 38 …","facility":"wildduck","host":"Johns-MacBook-Pro-i9.local","timestamp":1758839079.223,"_component":"wildduck"}
http API 127.0.0.1 root [-/-] POST /users/68d5c126abe11a527cea514d/mailboxes/68d5c126abe11a527cea514e/messages?unseen=true 200 27ms
verb Tasks Found task for processing id=68d5c123abe11a527cea514b
verb
Tasks type=user-delete id=68d5c123abe11a527cea514b data={"user":"68d5c121abe11a527cea5129"}
verb Tasks task=user-delete id=68d5c123abe11a527cea514b user=68d5c121abe11a527cea5129 message=Deleted 3 addresses from registry
verb Tasks task=user-delete id=68d5c123abe11a527cea514b user=68d5c121abe11a527cea5129 message=Marked 6 messages for deletion
verb Tasks task=user-delete id=68d5c123abe11a527cea514b user=68d5c121abe11a527cea5129 message=Marked total of 6 messages for deletion
verb Tasks task=user-delete id=68d5c123abe11a527cea514b user=68d5c121abe11a527cea5129 message=Cleared user specific data
info Tasks Released task id=68d5c123abe11a527cea514b lock=b470790d11ef12e35934314f
info IMAP [6ungcqagafx6ictw] Secure connection from [127.0.0.1] to Johns-MacBook-Pro-i9.local 127.0.0.1:9993
sill IMAP [6ungcqagafx6ictw] S: * OK WildDuck IMAP Server ready for requests from 127.0.0.1 6ungcqagafx6ictw
sill IMAP [6ungcqagafx6ictw] C: T1 LOGIN "(* value hidden *)" "(* value hidden *)"
info Gelf {"short_message":"WILDDUCK [AUTHOK] 0x1a2b3c4d5e6f789012345678901234567890abcd","_mail_action":"auth","_auth_result":"success","_username":"0x1a2b3c4d5e6f789012345678901234567890abcd","_domain":"johns-macbook-pro-i9.local","_user":"68d5c126abe11a527cea514d","_password_type":"master","_scope":"imap","_ip":"127.0.0.1","_sess":"6ungcqagafx6ictw","facility":"wildduck","host":"Johns-MacBook-Pro-i9.local","timestamp":1758839079.917,"_component":"wildduck"}
info Gelf {"short_message":"WILDDUCK [CONNSTART] Connection established for 68d5c126abe11a527cea514d","_connection":"establish","_service":"imap","_sess":"6ungcqagafx6ictw","_user":"68d5c126abe11a527cea514d","_cid":"6ungcqagafx6ictw","_ip":"127.0.0.1","_limit":15,"facility":"wildduck","host":"Johns-MacBook-Pro-i9.local","timestamp":1758839079.918,"_component":"wildduck"}
info IMAP [6ungcqagafx6ictw] 0x1a2b3c4d5e6f789012345678901234567890abcd authenticated using LOGIN
sill IMAP [6ungcqagafx6ictw] New journal listener for 68d5c126abe11a527cea514d (0x1a2b3c4d5e6f789012345678901234567890abcd)
sill IMAP [6ungcqagafx6ictw] S: * CAPABILITY IMAP4rev1 APPENDLIMIT=26214400 CHILDREN CONDSTORE ENABLE ID IDLE MOVE NAMESPACE QUOTA SPECIAL-USE UIDPLUS UNSELECT UTF8=ACCEPT XLIST
sill IMAP [6ungcqagafx6ictw] S: T1 OK 0x1a2b3c4d5e6f789012345678901234567890abcd authenticated
sill IMAP [6ungcqagafx6ictw] C: T2 SELECT INBOX
sill IMAP [6ungcqagafx6ictw] Opening "INBOX"
sill IMAP [6ungcqagafx6ictw] S: * FLAGS (\Answered \Flagged \Draft \Deleted \Seen)
sill IMAP [6ungcqagafx6ictw] S: * OK [PERMANENTFLAGS (\Answered \Flagged \Draft \Deleted \Seen \*)] Flags permitted
sill IMAP [6ungcqagafx6ictw] S: * OK [UIDVALIDITY 1758839078] UIDs valid
sill IMAP [6ungcqagafx6ictw] S: * 6 EXISTS
sill IMAP [6ungcqagafx6ictw] S: * 0 RECENT
sill IMAP
[6ungcqagafx6ictw] S: * OK [HIGHESTMODSEQ 5000] Highest
sill IMAP [6ungcqagafx6ictw] S: * OK [UIDNEXT 1000] Predicted next UID
sill IMAP [6ungcqagafx6ictw] S: T2 OK [READ-WRITE] SELECT completed
sill IMAP [6ungcqagafx6ictw] C: T3 STORE 1:* -FLAGS (\Seen MyFlag2)
sill IMAP [6ungcqagafx6ictw] Updating messages in "68d5c126abe11a527cea514e"
sill IMAP [6ungcqagafx6ictw] S: * 2 FETCH (FLAGS ())
sill IMAP [6ungcqagafx6ictw] S: * 3 FETCH (FLAGS ())
info Gelf {"short_message":"WILDDUCK [STORE]","_mail_action":"store","_user":"68d5c126abe11a527cea514d","_mailbox":"68d5c126abe11a527cea514e","_sess":"6ungcqagafx6ictw","_message_count":6,"_flags":"\\Seen, MyFlag2","_store_action":"remove","_response":true,"_message":"STORE completed","facility":"wildduck","host":"Johns-MacBook-Pro-i9.local","timestamp":1758839080.132,"_component":"wildduck"}
sill IMAP [6ungcqagafx6ictw] S: T3 OK STORE completed
sill IMAP [6ungcqagafx6ictw] C: T4 LOGOUT
sill IMAP [6ungcqagafx6ictw] Removed journal listener from 68d5c126abe11a527cea514d (0x1a2b3c4d5e6f789012345678901234567890abcd)
sill IMAP [6ungcqagafx6ictw] S: * BYE Logout requested
sill IMAP [6ungcqagafx6ictw] S: T4 OK This does compute!
      ✔ should remove flags (560ms)
info Gelf {"short_message":"WILDDUCK [CONNRELEASE] Connection released for 68d5c126abe11a527cea514d","_connection":"release","_service":"imap","_sess":"6ungcqagafx6ictw","_user":"68d5c126abe11a527cea514d","_cid":"6ungcqagafx6ictw","_ip":"127.0.0.1","facility":"wildduck","host":"Johns-MacBook-Pro-i9.local","timestamp":1758839080.234,"_component":"wildduck"}
info IMAP [6ungcqagafx6ictw] Connection closed to [127.0.0.1]
info Gelf {"short_message":"WILDDUCK HTTP [GET /users] OK","_remote_ip":"127.0.0.1","_http_route":"/users","_http_method":"GET","_user":"root","_role":"root","_api_response":"success","_size":723,"facility":"wildduck","host":"Johns-MacBook-Pro-i9.local","timestamp":1758839080.924,"_component":"wildduck"}
http API 127.0.0.1 root [-/-] GET /users 200 4ms
info Gelf {"short_message":"WILDDUCK HTTP [GET /users] OK","_remote_ip":"127.0.0.1","_http_route":"/users","_http_method":"GET","_user":"root","_role":"root","_api_response":"success","_size":780,"_req_query":"0x1a2b3c4d5e6f789012345678901234567890abcd","facility":"wildduck","host":"Johns-MacBook-Pro-i9.local","timestamp":1758839080.966,"_component":"wildduck"}
http API 127.0.0.1 root [-/-] GET /users?query=0x1a2b3c4d5e6f789012345678901234567890abcd 200 20ms
verb Tasks Created task id=68d5c129abe11a527cea516c
info Gelf {"short_message":"WILDDUCK HTTP [DELETE /users/:user] OK","_remote_ip":"127.0.0.1","_http_route":"/users/:user","_http_method":"DELETE","_user":"root","_role":"root","_api_response":"success","_code":"TaskScheduled","_size":209,"_req_user":"68d5c126abe11a527cea514d","facility":"wildduck","host":"Johns-MacBook-Pro-i9.local","timestamp":1758839081.023,"_component":"wildduck"}
http API 127.0.0.1 root [-/-] DELETE /users/68d5c126abe11a527cea514d 200 22ms
verb Tasks Found task for processing id=68d5c129abe11a527cea516c
verb Tasks type=user-delete id=68d5c129abe11a527cea516c data={"user":"68d5c126abe11a527cea514d"}
verb Tasks task=user-delete id=68d5c129abe11a527cea516c user=68d5c126abe11a527cea514d message=Deleted 3 addresses from registry
verb Tasks task=user-delete id=68d5c129abe11a527cea516c user=68d5c126abe11a527cea514d message=Marked 6 messages for deletion
verb Tasks task=user-delete id=68d5c129abe11a527cea516c user=68d5c126abe11a527cea514d message=Marked total of 6 messages for deletion
verb Tasks task=user-delete id=68d5c129abe11a527cea516c user=68d5c126abe11a527cea514d message=Cleared user specific data
info Tasks Released task id=68d5c129abe11a527cea516c lock=e1712717e50903ae63d9efbe
info Gelf {"short_message":"WILDDUCK HTTP [POST /authenticate] OK","_remote_ip":"127.0.0.1","_http_route":"/authenticate","_http_method":"POST","_user":"root","_role":"root","_api_response":"success","_size":334,"_req_username":"0x1a2b3c4d5e6f789012345678901234567890abcd","_req_password":"***","_req_token":"true","_res_id":"68d5c12babe11a527cea516f","facility":"wildduck","host":"Johns-MacBook-Pro-i9.local","timestamp":1758839083.617,"_component":"wildduck"}
http API 127.0.0.1 root [-/-] POST /authenticate 200 150ms
info Gelf {"short_message":"WILDDUCK HTTP [GET /users] OK","_remote_ip":"127.0.0.1","_http_route":"/users","_http_method":"GET","_user":"root","_role":"root","_api_response":"success","_size":776,"_req_query":"0x1a2b3c4d5e6f789012345678901234567890abcd","facility":"wildduck","host":"Johns-MacBook-Pro-i9.local","timestamp":1758839083.668,"_component":"wildduck"}
http API 127.0.0.1 root [-/-] GET /users?query=0x1a2b3c4d5e6f789012345678901234567890abcd 200 17ms
info Gelf {"short_message":"WILDDUCK HTTP [GET /users/:user/mailboxes] OK","_remote_ip":"127.0.0.1","_http_route":"/users/:user/mailboxes","_http_method":"GET","_user":"root","_role":"root","_api_response":"success","_size":1275,"_req_user":"68d5c12babe11a527cea516f","facility":"wildduck","host":"Johns-MacBook-Pro-i9.local","timestamp":1758839083.716,"_component":"wildduck"}
http API
127.0.0.1 root [-/-] GET /users/68d5c12babe11a527cea516f/mailboxes 200 14ms
info Gelf {"short_message":"WILDDUCK HTTP [PUT /users/:user/mailboxes/:mailbox] OK","_remote_ip":"127.0.0.1","_http_route":"/users/:user/mailboxes/:mailbox","_http_method":"PUT","_user":"root","_role":"root","_api_response":"success","_size":22,"_req_user":"68d5c12babe11a527cea516f","_req_mailbox":"68d5c12babe11a527cea5171","_req_path":"[Gmail]/Sent Mail","facility":"wildduck","host":"Johns-MacBook-Pro-i9.local","timestamp":1758839083.776,"_component":"wildduck"}
http API 127.0.0.1 root [-/-] PUT /users/68d5c12babe11a527cea516f/mailboxes/68d5c12babe11a527cea5171 200 5ms
info Gelf {"short_message":"WILDDUCK HTTP [GET /users/:user/mailboxes] OK","_remote_ip":"127.0.0.1","_http_route":"/users/:user/mailboxes","_http_method":"GET","_user":"root","_role":"root","_api_response":"success","_size":1283,"_req_user":"68d5c12babe11a527cea516f","facility":"wildduck","host":"Johns-MacBook-Pro-i9.local","timestamp":1758839083.816,"_component":"wildduck"}
http API 127.0.0.1 root [-/-] GET /users/68d5c12babe11a527cea516f/mailboxes 200 17ms
info Gelf {"short_message":"WILDDUCK [QUOTA] +","_mail_action":"quota","_user":"68d5c12babe11a527cea516f","_inc":256,"_storage_used":256,"_mailbox":"68d5c12babe11a527cea5170","facility":"wildduck","host":"Johns-MacBook-Pro-i9.local","timestamp":1758839084.021,"_component":"wildduck"}
info Gelf {"short_message":"WILDDUCK HTTP [POST /users/:user/mailboxes/:mailbox/messages] OK","_remote_ip":"127.0.0.1","_http_route":"/users/:user/mailboxes/:mailbox/messages","_http_method":"POST","_user":"root","_role":"root","_api_response":"success","_size":114,"_req_user":"68d5c12babe11a527cea516f","_req_mailbox":"68d5c12babe11a527cea5170","_req_date":"14-Sep-2013 21:22:28 -0300","_req_unseen":"true","_req_raw":"<Buffer 66 72 6f 6d 3a 20 30 78 62 30 36 63 64 65 66 61 31 61 32 62 33 63 34 64 35 65 36 66 37 38 39 30 31 32 33 34 35 36 37 38 …","facility":"wildduck","host":"Johns-MacBook-Pro-i9.local","timestamp":1758839084.027,"_component":"wildduck"}
http API 127.0.0.1 root [-/-] POST /users/68d5c12babe11a527cea516f/mailboxes/68d5c12babe11a527cea5170/messages?date=14-Sep-2013%2021%3A22%3A28%20-0300&unseen=true 200 10ms
info Gelf {"short_message":"WILDDUCK [QUOTA] +","_mail_action":"quota","_user":"68d5c12babe11a527cea516f","_inc":21927,"_storage_used":22183,"_mailbox":"68d5c12babe11a527cea5170","facility":"wildduck","host":"Johns-MacBook-Pro-i9.local","timestamp":1758839084.093,"_component":"wildduck"}
info Gelf {"short_message":"WILDDUCK HTTP [POST /users/:user/mailboxes/:mailbox/messages] OK","_remote_ip":"127.0.0.1","_http_route":"/users/:user/mailboxes/:mailbox/messages","_http_method":"POST","_user":"root","_role":"root","_api_response":"success","_size":116,"_req_user":"68d5c12babe11a527cea516f","_req_mailbox":"68d5c12babe11a527cea5170","_req_unseen":"false","_req_raw":"<Buffer 53 75 62 6a 65 63 74 3a 20 52 79 61 6e 20 46 69 6e 6e 69 65 27 73 20 4d 49 4d 45 20 54 6f 72 74 75 72 65 20 54 65 73 74 …","facility":"wildduck","host":"Johns-MacBook-Pro-i9.local","timestamp":1758839084.116,"_component":"wildduck"}
http API 127.0.0.1 root [-/-] POST /users/68d5c12babe11a527cea516f/mailboxes/68d5c12babe11a527cea5170/messages?unseen=false 200 67ms
info Gelf {"short_message":"WILDDUCK [QUOTA] +","_mail_action":"quota","_user":"68d5c12babe11a527cea516f","_inc":1044,"_storage_used":23227,"_mailbox":"68d5c12babe11a527cea5170","facility":"wildduck","host":"Johns-MacBook-Pro-i9.local","timestamp":1758839084.147,"_component":"wildduck"}
info Gelf {"short_message":"WILDDUCK HTTP [POST /users/:user/mailboxes/:mailbox/messages] OK","_remote_ip":"127.0.0.1","_http_route":"/users/:user/mailboxes/:mailbox/messages","_http_method":"POST","_user":"root","_role":"root","_api_response":"success","_size":115,"_req_user":"68d5c12babe11a527cea516f","_req_mailbox":"68d5c12babe11a527cea5170","_req_unseen":"false","_req_raw":"<Buffer 4d 49 4d 45 2d 56 65 72 73 69 6f 6e 3a 20 31 2e 30 0d 0a 46 72 6f 6d 3a 20 30 78 36 62 31 37 65 66 61 62 31 61 32 62 33 …","facility":"wildduck","host":"Johns-MacBook-Pro-i9.local","timestamp":1758839084.17,"_component":"wildduck"}
http API 127.0.0.1 root [-/-] POST /users/68d5c12babe11a527cea516f/mailboxes/68d5c12babe11a527cea5170/messages?unseen=false 200 32ms
info Gelf {"short_message":"WILDDUCK [QUOTA] +","_mail_action":"quota","_user":"68d5c12babe11a527cea516f","_inc":264,"_storage_used":23491,"_mailbox":"68d5c12babe11a527cea5170","facility":"wildduck","host":"Johns-MacBook-Pro-i9.local","timestamp":1758839084.215,"_component":"wildduck"}
info Gelf {"short_message":"WILDDUCK HTTP [POST /users/:user/mailboxes/:mailbox/messages] OK","_remote_ip":"127.0.0.1","_http_route":"/users/:user/mailboxes/:mailbox/messages","_http_method":"POST","_user":"root","_role":"root","_api_response":"success","_size":114,"_req_user":"68d5c12babe11a527cea516f","_req_mailbox":"68d5c12babe11a527cea5170","_req_unseen":"true","_req_raw":"<Buffer 66 72 6f 6d 3a 20 30 78 62 30 36 63 64 65 66 61 31 61 32 62 33 63 34 64 35 65 36 66 37 38 39 30 31 32 33 34 35 36 37 38 …","facility":"wildduck","host":"Johns-MacBook-Pro-i9.local","timestamp":1758839084.221,"_component":"wildduck"}
http API
127.0.0.1 root [-/-] POST /users/68d5c12babe11a527cea516f/mailboxes/68d5c12babe11a527cea5170/messages?unseen=true 200 26ms
info Gelf {"short_message":"WILDDUCK [QUOTA] +","_mail_action":"quota","_user":"68d5c12babe11a527cea516f","_inc":178,"_storage_used":23669,"_mailbox":"68d5c12babe11a527cea5170","facility":"wildduck","host":"Johns-MacBook-Pro-i9.local","timestamp":1758839084.265,"_component":"wildduck"}
info Gelf {"short_message":"WILDDUCK HTTP [POST /users/:user/mailboxes/:mailbox/messages] OK","_remote_ip":"127.0.0.1","_http_route":"/users/:user/mailboxes/:mailbox/messages","_http_method":"POST","_user":"root","_role":"root","_api_response":"success","_size":114,"_req_user":"68d5c12babe11a527cea516f","_req_mailbox":"68d5c12babe11a527cea5170","_req_unseen":"true","_req_raw":"<Buffer 66 72 6f 6d 3a 20 30 78 62 30 36 63 64 65 66 61 31 61 32 62 33 63 34 64 35 65 36 66 37 38 39 30 31 32 33 34 35 36 37 38 …","facility":"wildduck","host":"Johns-MacBook-Pro-i9.local","timestamp":1758839084.271,"_component":"wildduck"}
http API 127.0.0.1 root [-/-] POST /users/68d5c12babe11a527cea516f/mailboxes/68d5c12babe11a527cea5170/messages?unseen=true 200 29ms
info Gelf {"short_message":"WILDDUCK [QUOTA] +","_mail_action":"quota","_user":"68d5c12babe11a527cea516f","_inc":178,"_storage_used":23847,"_mailbox":"68d5c12babe11a527cea5170","facility":"wildduck","host":"Johns-MacBook-Pro-i9.local","timestamp":1758839084.315,"_component":"wildduck"}
info Gelf {"short_message":"WILDDUCK HTTP [POST /users/:user/mailboxes/:mailbox/messages] OK","_remote_ip":"127.0.0.1","_http_route":"/users/:user/mailboxes/:mailbox/messages","_http_method":"POST","_user":"root","_role":"root","_api_response":"success","_size":114,"_req_user":"68d5c12babe11a527cea516f","_req_mailbox":"68d5c12babe11a527cea5170","_req_unseen":"true","_req_raw":"<Buffer 66 72 6f 6d 3a 20 30 78 62 30 36 63 64 65 66 61 31 61 32 62 33 63 34 64 35 65 36 66 37 38 39 30 31 32 33 34 35 36 37 38 …","facility":"wildduck","host":"Johns-MacBook-Pro-i9.local","timestamp":1758839084.322,"_component":"wildduck"}
http API 127.0.0.1 root [-/-] POST /users/68d5c12babe11a527cea516f/mailboxes/68d5c12babe11a527cea5170/messages?unseen=true 200 28ms
info IMAP [y2pnjoq3yjqav2lg] Secure connection from [127.0.0.1] to Johns-MacBook-Pro-i9.local 127.0.0.1:9993
sill IMAP [y2pnjoq3yjqav2lg] S: * OK WildDuck IMAP Server ready for requests from 127.0.0.1 y2pnjoq3yjqav2lg
sill IMAP [y2pnjoq3yjqav2lg] C: T1 LOGIN "(* value hidden *)" "(* value hidden *)"
info Gelf {"short_message":"WILDDUCK [AUTHOK] 0x1a2b3c4d5e6f789012345678901234567890abcd","_mail_action":"auth","_auth_result":"success","_username":"0x1a2b3c4d5e6f789012345678901234567890abcd","_domain":"johns-macbook-pro-i9.local","_user":"68d5c12babe11a527cea516f","_password_type":"master","_scope":"imap","_ip":"127.0.0.1","_sess":"y2pnjoq3yjqav2lg","facility":"wildduck","host":"Johns-MacBook-Pro-i9.local","timestamp":1758839085.018,"_component":"wildduck"}
info Gelf {"short_message":"WILDDUCK [CONNSTART] Connection established for 68d5c12babe11a527cea516f","_connection":"establish","_service":"imap","_sess":"y2pnjoq3yjqav2lg","_user":"68d5c12babe11a527cea516f","_cid":"y2pnjoq3yjqav2lg","_ip":"127.0.0.1","_limit":15,"facility":"wildduck","host":"Johns-MacBook-Pro-i9.local","timestamp":1758839085.019,"_component":"wildduck"}
info IMAP [y2pnjoq3yjqav2lg] 0x1a2b3c4d5e6f789012345678901234567890abcd authenticated using LOGIN
sill IMAP [y2pnjoq3yjqav2lg] New journal listener for 68d5c12babe11a527cea516f (0x1a2b3c4d5e6f789012345678901234567890abcd)
sill IMAP [y2pnjoq3yjqav2lg] S: * CAPABILITY IMAP4rev1 APPENDLIMIT=26214400 CHILDREN CONDSTORE ENABLE ID IDLE MOVE NAMESPACE QUOTA SPECIAL-USE UIDPLUS UNSELECT UTF8=ACCEPT XLIST
sill IMAP [y2pnjoq3yjqav2lg] S: T1 OK 0x1a2b3c4d5e6f789012345678901234567890abcd authenticated
sill IMAP [y2pnjoq3yjqav2lg] C: T2 SELECT INBOX
sill IMAP [y2pnjoq3yjqav2lg] Opening "INBOX"
sill IMAP [y2pnjoq3yjqav2lg] S: * FLAGS (\Answered \Flagged \Draft \Deleted \Seen)
sill IMAP [y2pnjoq3yjqav2lg] S: * OK [PERMANENTFLAGS (\Answered \Flagged \Draft \Deleted \Seen \*)] Flags permitted
sill IMAP [y2pnjoq3yjqav2lg] S: * OK [UIDVALIDITY 1758839083] UIDs valid
sill IMAP [y2pnjoq3yjqav2lg] S: * 6 EXISTS
sill IMAP [y2pnjoq3yjqav2lg] S: * 0 RECENT
sill
IMAP [y2pnjoq3yjqav2lg] S: * OK [HIGHESTMODSEQ 5000] Highest
sill IMAP [y2pnjoq3yjqav2lg] S: * OK [UIDNEXT 1000] Predicted next UID
sill IMAP [y2pnjoq3yjqav2lg] S: T2 OK [READ-WRITE] SELECT completed
sill IMAP [y2pnjoq3yjqav2lg] C: T3 STORE 1:* (UNCHANGEDSINCE 99) FLAGS (MyFlag1 MyFlag2)
sill IMAP [y2pnjoq3yjqav2lg] Updating messages in "68d5c12babe11a527cea5170"
sill IMAP [y2pnjoq3yjqav2lg] S: * 3 FETCH (FLAGS (MyFlag1 MyFlag2) MODSEQ (5001))
sill IMAP [y2pnjoq3yjqav2lg] S: * 4 FETCH (FLAGS (MyFlag1 MyFlag2) MODSEQ (5001))
sill IMAP [y2pnjoq3yjqav2lg] S: * 5 FETCH (FLAGS (MyFlag1 MyFlag2) MODSEQ (5001))
sill IMAP [y2pnjoq3yjqav2lg] S: * 6 FETCH (FLAGS (MyFlag1 MyFlag2) MODSEQ (5001))
info Gelf {"short_message":"WILDDUCK [STORE]","_mail_action":"store","_user":"68d5c12babe11a527cea516f","_mailbox":"68d5c12babe11a527cea5170","_sess":"y2pnjoq3yjqav2lg","_message_count":6,"_flags":"MyFlag1, MyFlag2","_store_action":"set","_modseq":99,"_modified":2,"_response":true,"_message":"Conditional STORE failed","facility":"wildduck","host":"Johns-MacBook-Pro-i9.local","timestamp":1758839085.232,"_component":"wildduck"}
sill IMAP
[y2pnjoq3yjqav2lg] S: T3 OK [MODIFIED 1:2] Conditional STORE failed
sill IMAP [y2pnjoq3yjqav2lg] C: T4 LOGOUT
sill
IMAP [y2pnjoq3yjqav2lg] Removed journal listener from 68d5c12babe11a527cea516f (0x1a2b3c4d5e6f789012345678901234567890abcd)
sill IMAP
[y2pnjoq3yjqav2lg] S: * BYE Logout requested
sill IMAP [y2pnjoq3yjqav2lg] S: T4 OK Whoa, boy! Where ya off to in such a hurry?
      ✔ should set some flags with modifier (554ms)
info Gelf {"short_message":"WILDDUCK [CONNRELEASE] Connection released for 68d5c12babe11a527cea516f","_connection":"release","_service":"imap","_sess":"y2pnjoq3yjqav2lg","_user":"68d5c12babe11a527cea516f","_cid":"y2pnjoq3yjqav2lg","_ip":"127.0.0.1","facility":"wildduck","host":"Johns-MacBook-Pro-i9.local","timestamp":1758839085.333,"_component":"wildduck"}
info IMAP [y2pnjoq3yjqav2lg] Connection closed to [127.0.0.1]
info Gelf {"short_message":"WILDDUCK HTTP [GET /users] OK","_remote_ip":"127.0.0.1","_http_route":"/users","_http_method":"GET","_user":"root","_role":"root","_api_response":"success","_size":723,"facility":"wildduck","host":"Johns-MacBook-Pro-i9.local","timestamp":1758839086.048,"_component":"wildduck"}
http API 127.0.0.1 root [-/-] GET /users 200 4ms
info Gelf {"short_message":"WILDDUCK HTTP [GET /users] OK","_remote_ip":"127.0.0.1","_http_route":"/users","_http_method":"GET","_user":"root","_role":"root","_api_response":"success","_size":780,"_req_query":"0x1a2b3c4d5e6f789012345678901234567890abcd","facility":"wildduck","host":"Johns-MacBook-Pro-i9.local","timestamp":1758839086.075,"_component":"wildduck"}
http API
127.0.0.1 root [-/-] GET /users?query=0x1a2b3c4d5e6f789012345678901234567890abcd 200 4ms
verb Tasks Created task id=68d5c12eabe11a527cea518f
info Gelf {"short_message":"WILDDUCK HTTP [DELETE /users/:user] OK","_remote_ip":"127.0.0.1","_http_route":"/users/:user","_http_method":"DELETE","_user":"root","_role":"root","_api_response":"success","_code":"TaskScheduled","_size":209,"_req_user":"68d5c12babe11a527cea516f","facility":"wildduck","host":"Johns-MacBook-Pro-i9.local","timestamp":1758839086.121,"_component":"wildduck"}
http API 127.0.0.1 root [-/-] DELETE /users/68d5c12babe11a527cea516f 200 12ms
verb Tasks Found task for processing id=68d5c12eabe11a527cea518f
verb Tasks type=user-delete id=68d5c12eabe11a527cea518f data={"user":"68d5c12babe11a527cea516f"}
verb Tasks task=user-delete id=68d5c12eabe11a527cea518f user=68d5c12babe11a527cea516f message=Deleted 3 addresses from registry
verb Tasks task=user-delete id=68d5c12eabe11a527cea518f user=68d5c12babe11a527cea516f message=Marked 6 messages for deletion
verb Tasks task=user-delete id=68d5c12eabe11a527cea518f user=68d5c12babe11a527cea516f message=Marked total of 6 messages for deletion
verb Tasks task=user-delete id=68d5c12eabe11a527cea518f user=68d5c12babe11a527cea516f message=Cleared user specific data
info Tasks Released task id=68d5c12eabe11a527cea518f lock=ebf20dd990a7dc21f378b26f
info Gelf {"short_message":"WILDDUCK HTTP [POST /authenticate] OK","_remote_ip":"127.0.0.1","_http_route":"/authenticate","_http_method":"POST","_user":"root","_role":"root","_api_response":"success","_size":334,"_req_username":"0x1a2b3c4d5e6f789012345678901234567890abcd","_req_password":"***","_req_token":"true","_res_id":"68d5c130abe11a527cea5192","facility":"wildduck","host":"Johns-MacBook-Pro-i9.local","timestamp":1758839088.797,"_component":"wildduck"}
http API 127.0.0.1 root [-/-] POST /authenticate 200 150ms
info Gelf {"short_message":"WILDDUCK HTTP [GET /users] OK","_remote_ip":"127.0.0.1","_http_route":"/users","_http_method":"GET","_user":"root","_role":"root","_api_response":"success","_size":776,"_req_query":"0x1a2b3c4d5e6f789012345678901234567890abcd","facility":"wildduck","host":"Johns-MacBook-Pro-i9.local","timestamp":1758839088.835,"_component":"wildduck"}
http API 127.0.0.1 root [-/-] GET /users?query=0x1a2b3c4d5e6f789012345678901234567890abcd 200 4ms
info Gelf {"short_message":"WILDDUCK HTTP [GET /users/:user/mailboxes] OK","_remote_ip":"127.0.0.1","_http_route":"/users/:user/mailboxes","_http_method":"GET","_user":"root","_role":"root","_api_response":"success","_size":1275,"_req_user":"68d5c130abe11a527cea5192","facility":"wildduck","host":"Johns-MacBook-Pro-i9.local","timestamp":1758839088.873,"_component":"wildduck"}
http API 127.0.0.1 root [-/-] GET /users/68d5c130abe11a527cea5192/mailboxes 200 2ms
info Gelf {"short_message":"WILDDUCK HTTP [PUT /users/:user/mailboxes/:mailbox] OK","_remote_ip":"127.0.0.1","_http_route":"/users/:user/mailboxes/:mailbox","_http_method":"PUT","_user":"root","_role":"root","_api_response":"success","_size":22,"_req_user":"68d5c130abe11a527cea5192","_req_mailbox":"68d5c130abe11a527cea5194","_req_path":"[Gmail]/Sent Mail","facility":"wildduck","host":"Johns-MacBook-Pro-i9.local","timestamp":1758839088.935,"_component":"wildduck"}
http API 127.0.0.1 root [-/-] PUT /users/68d5c130abe11a527cea5192/mailboxes/68d5c130abe11a527cea5194 200 5ms
info Gelf {"short_message":"WILDDUCK HTTP [GET /users/:user/mailboxes] OK","_remote_ip":"127.0.0.1","_http_route":"/users/:user/mailboxes","_http_method":"GET","_user":"root","_role":"root","_api_response":"success","_size":1283,"_req_user":"68d5c130abe11a527cea5192","facility":"wildduck","host":"Johns-MacBook-Pro-i9.local","timestamp":1758839088.966,"_component":"wildduck"}
http API 127.0.0.1 root [-/-] GET /users/68d5c130abe11a527cea5192/mailboxes 200 7ms
info Gelf {"short_message":"WILDDUCK [QUOTA] +","_mail_action":"quota","_user":"68d5c130abe11a527cea5192","_inc":256,"_storage_used":256,"_mailbox":"68d5c130abe11a527cea5193","facility":"wildduck","host":"Johns-MacBook-Pro-i9.local","timestamp":1758839089.147,"_component":"wildduck"}
info Gelf {"short_message":"WILDDUCK HTTP [POST /users/:user/mailboxes/:mailbox/messages] OK","_remote_ip":"127.0.0.1","_http_route":"/users/:user/mailboxes/:mailbox/messages","_http_method":"POST","_user":"root","_role":"root","_api_response":"success","_size":114,"_req_user":"68d5c130abe11a527cea5192","_req_mailbox":"68d5c130abe11a527cea5193","_req_date":"14-Sep-2013 21:22:28 -0300","_req_unseen":"true","_req_raw":"<Buffer 66 72 6f 6d 3a 20 30 78 62 30 36 63 64 65 66 61 31 61 32 62 33 63 34 64 35 65 36 66 37 38 39 30 31 32 33 34 35 36 37 38 …","facility":"wildduck","host":"Johns-MacBook-Pro-i9.local","timestamp":1758839089.173,"_component":"wildduck"}
http API 127.0.0.1 root [-/-] POST /users/68d5c130abe11a527cea5192/mailboxes/68d5c130abe11a527cea5193/messages?date=14-Sep-2013%2021%3A22%3A28%20-0300&unseen=true 200 34ms
info Gelf {"short_message":"WILDDUCK [QUOTA] +","_mail_action":"quota","_user":"68d5c130abe11a527cea5192","_inc":21927,"_storage_used":22183,"_mailbox":"68d5c130abe11a527cea5193","facility":"wildduck","host":"Johns-MacBook-Pro-i9.local","timestamp":1758839089.241,"_component":"wildduck"}
info Gelf {"short_message":"WILDDUCK HTTP [POST /users/:user/mailboxes/:mailbox/messages] OK","_remote_ip":"127.0.0.1","_http_route":"/users/:user/mailboxes/:mailbox/messages","_http_method":"POST","_user":"root","_role":"root","_api_response":"success","_size":116,"_req_user":"68d5c130abe11a527cea5192","_req_mailbox":"68d5c130abe11a527cea5193","_req_unseen":"false","_req_raw":"<Buffer 53 75 62 6a 65 63 74 3a 20 52 79 61 6e 20 46 69 6e 6e 69 65 27 73 20 4d 49 4d 45 20 54 6f 72 74 75 72 65 20 54 65 73 74 …","facility":"wildduck","host":"Johns-MacBook-Pro-i9.local","timestamp":1758839089.265,"_component":"wildduck"}
http API 127.0.0.1 root [-/-] POST /users/68d5c130abe11a527cea5192/mailboxes/68d5c130abe11a527cea5193/messages?unseen=false 200 68ms
info Gelf {"short_message":"WILDDUCK [QUOTA] +","_mail_action":"quota","_user":"68d5c130abe11a527cea5192","_inc":1044,"_storage_used":23227,"_mailbox":"68d5c130abe11a527cea5193","facility":"wildduck","host":"Johns-MacBook-Pro-i9.local","timestamp":1758839089.295,"_component":"wildduck"}
info Gelf {"short_message":"WILDDUCK HTTP [POST /users/:user/mailboxes/:mailbox/messages] OK","_remote_ip":"127.0.0.1","_http_route":"/users/:user/mailboxes/:mailbox/messages","_http_method":"POST","_user":"root","_role":"root","_api_response":"success","_size":115,"_req_user":"68d5c130abe11a527cea5192","_req_mailbox":"68d5c130abe11a527cea5193","_req_unseen":"false","_req_raw":"<Buffer 4d 49 4d 45 2d 56 65 72 73 69 6f 6e 3a 20 31 2e 30 0d 0a 46 72 6f 6d 3a 20 30 78 36 62 31 37 65 66 61 62 31 61 32 62 33 …","facility":"wildduck","host":"Johns-MacBook-Pro-i9.local","timestamp":1758839089.318,"_component":"wildduck"}
http API 127.0.0.1 root [-/-] POST /users/68d5c130abe11a527cea5192/mailboxes/68d5c130abe11a527cea5193/messages?unseen=false 200 31ms
info Gelf {"short_message":"WILDDUCK [QUOTA] +","_mail_action":"quota","_user":"68d5c130abe11a527cea5192","_inc":264,"_storage_used":23491,"_mailbox":"68d5c130abe11a527cea5193","facility":"wildduck","host":"Johns-MacBook-Pro-i9.local","timestamp":1758839089.346,"_component":"wildduck"}
info Gelf {"short_message":"WILDDUCK HTTP [POST /users/:user/mailboxes/:mailbox/messages] OK","_remote_ip":"127.0.0.1","_http_route":"/users/:user/mailboxes/:mailbox/messages","_http_method":"POST","_user":"root","_role":"root","_api_response":"success","_size":114,"_req_user":"68d5c130abe11a527cea5192","_req_mailbox":"68d5c130abe11a527cea5193","_req_unseen":"true","_req_raw":"<Buffer 66 72 6f 6d 3a 20 30 78 62 30 36 63 64 65 66 61 31 61 32 62 33 63 34 64 35 65 36 66 37 38 39 30 31 32 33 34 35 36 37 38 …","facility":"wildduck","host":"Johns-MacBook-Pro-i9.local","timestamp":1758839089.369,"_component":"wildduck"}
http API 127.0.0.1 root [-/-] POST /users/68d5c130abe11a527cea5192/mailboxes/68d5c130abe11a527cea5193/messages?unseen=true 200 29ms
info Gelf {"short_message":"WILDDUCK [QUOTA] +","_mail_action":"quota","_user":"68d5c130abe11a527cea5192","_inc":178,"_storage_used":23669,"_mailbox":"68d5c130abe11a527cea5193","facility":"wildduck","host":"Johns-MacBook-Pro-i9.local","timestamp":1758839089.397,"_component":"wildduck"}
info Gelf {"short_message":"WILDDUCK HTTP [POST /users/:user/mailboxes/:mailbox/messages] OK","_remote_ip":"127.0.0.1","_http_route":"/users/:user/mailboxes/:mailbox/messages","_http_method":"POST","_user":"root","_role":"root","_api_response":"success","_size":114,"_req_user":"68d5c130abe11a527cea5192","_req_mailbox":"68d5c130abe11a527cea5193","_req_unseen":"true","_req_raw":"<Buffer 66 72 6f 6d 3a 20 30 78 62 30 36 63 64 65 66 61 31 61 32 62 33 63 34 64 35 65 36 66 37 38 39 30 31 32 33 34 35 36 37 38 …","facility":"wildduck","host":"Johns-MacBook-Pro-i9.local","timestamp":1758839089.42,"_component":"wildduck"}
http API 127.0.0.1 root [-/-] POST /users/68d5c130abe11a527cea5192/mailboxes/68d5c130abe11a527cea5193/messages?unseen=true 200 28ms
info Gelf {"short_message":"WILDDUCK [QUOTA] +","_mail_action":"quota","_user":"68d5c130abe11a527cea5192","_inc":178,"_storage_used":23847,"_mailbox":"68d5c130abe11a527cea5193","facility":"wildduck","host":"Johns-MacBook-Pro-i9.local","timestamp":1758839089.465,"_component":"wildduck"}
info Gelf {"short_message":"WILDDUCK HTTP [POST /users/:user/mailboxes/:mailbox/messages] OK","_remote_ip":"127.0.0.1","_http_route":"/users/:user/mailboxes/:mailbox/messages","_http_method":"POST","_user":"root","_role":"root","_api_response":"success","_size":114,"_req_user":"68d5c130abe11a527cea5192","_req_mailbox":"68d5c130abe11a527cea5193","_req_unseen":"true","_req_raw":"<Buffer 66 72 6f 6d 3a 20 30 78 62 30 36 63 64 65 66 61 31 61 32 62 33 63 34 64 35 65 36 66 37 38 39 30 31 32 33 34 35 36 37 38 …","facility":"wildduck","host":"Johns-MacBook-Pro-i9.local","timestamp":1758839089.472,"_component":"wildduck"}
http API 127.0.0.1 root [-/-] POST /users/68d5c130abe11a527cea5192/mailboxes/68d5c130abe11a527cea5193/messages?unseen=true 200 29ms
info
IMAP [hibdjzvsgifvu4up] Secure connection from [127.0.0.1] to Johns-MacBook-Pro-i9.local 127.0.0.1:9993
sill IMAP [hibdjzvsgifvu4up] S: * OK WildDuck IMAP Server ready for requests from 127.0.0.1 hibdjzvsgifvu4up
sill IMAP [hibdjzvsgifvu4up] C: T1 LOGIN "(* value hidden *)" "(* value hidden *)"
info Gelf {"short_message":"WILDDUCK [AUTHOK] 0x1a2b3c4d5e6f789012345678901234567890abcd","_mail_action":"auth","_auth_result":"success","_username":"0x1a2b3c4d5e6f789012345678901234567890abcd","_domain":"johns-macbook-pro-i9.local","_user":"68d5c130abe11a527cea5192","_password_type":"master","_scope":"imap","_ip":"127.0.0.1","_sess":"hibdjzvsgifvu4up","facility":"wildduck","host":"Johns-MacBook-Pro-i9.local","timestamp":1758839090.168,"_component":"wildduck"}
info Gelf {"short_message":"WILDDUCK [CONNSTART] Connection established for 68d5c130abe11a527cea5192","_connection":"establish","_service":"imap","_sess":"hibdjzvsgifvu4up","_user":"68d5c130abe11a527cea5192","_cid":"hibdjzvsgifvu4up","_ip":"127.0.0.1","_limit":15,"facility":"wildduck","host":"Johns-MacBook-Pro-i9.local","timestamp":1758839090.17,"_component":"wildduck"}
info IMAP [hibdjzvsgifvu4up] 0x1a2b3c4d5e6f789012345678901234567890abcd authenticated using LOGIN
sill IMAP [hibdjzvsgifvu4up] New journal listener for 68d5c130abe11a527cea5192 (0x1a2b3c4d5e6f789012345678901234567890abcd)
sill IMAP [hibdjzvsgifvu4up] S: * CAPABILITY IMAP4rev1 APPENDLIMIT=26214400 CHILDREN CONDSTORE ENABLE ID IDLE MOVE NAMESPACE QUOTA SPECIAL-USE UIDPLUS UNSELECT UTF8=ACCEPT XLIST
sill IMAP [hibdjzvsgifvu4up] S: T1 OK 0x1a2b3c4d5e6f789012345678901234567890abcd authenticated
sill IMAP [hibdjzvsgifvu4up] C: T2 SELECT INBOX
sill IMAP [hibdjzvsgifvu4up] Opening "INBOX"
sill IMAP [hibdjzvsgifvu4up] S: * FLAGS (\Answered \Flagged \Draft \Deleted \Seen)
sill IMAP [hibdjzvsgifvu4up] S: * OK [PERMANENTFLAGS (\Answered \Flagged \Draft \Deleted \Seen \*)] Flags permitted
sill IMAP [hibdjzvsgifvu4up] S: * OK [UIDVALIDITY 1758839088] UIDs valid
sill IMAP [hibdjzvsgifvu4up] S: * 6 EXISTS
sill IMAP [hibdjzvsgifvu4up] S: * 0 RECENT
sill IMAP [hibdjzvsgifvu4up] S: * OK [HIGHESTMODSEQ 5000] Highest
sill IMAP [hibdjzvsgifvu4up] S: * OK [UIDNEXT 1000] Predicted next UID
sill IMAP [hibdjzvsgifvu4up] S: T2 OK [READ-WRITE] SELECT completed
sill IMAP [hibdjzvsgifvu4up] C: T3 STORE 1:* (UNCHANGEDSINCE 100000) FLAGS (MyFlag1 MyFlag2)
sill IMAP [hibdjzvsgifvu4up] Updating messages in "68d5c130abe11a527cea5193"
sill IMAP [hibdjzvsgifvu4up] S: * 1 FETCH (FLAGS (MyFlag1 MyFlag2) MODSEQ (5001))
sill IMAP [hibdjzvsgifvu4up] S: * 2 FETCH (FLAGS (MyFlag1 MyFlag2) MODSEQ (5001))
sill IMAP [hibdjzvsgifvu4up] S: * 3 FETCH (FLAGS (MyFlag1 MyFlag2) MODSEQ (5001))
sill IMAP
[hibdjzvsgifvu4up] S: * 4 FETCH (FLAGS (MyFlag1 MyFlag2) MODSEQ (5001))
sill IMAP [hibdjzvsgifvu4up] S: * 5 FETCH (FLAGS (MyFlag1 MyFlag2) MODSEQ (5001))
sill IMAP [hibdjzvsgifvu4up] S: * 6 FETCH (FLAGS (MyFlag1 MyFlag2) MODSEQ (5001))
info Gelf {"short_message":"WILDDUCK [STORE]","_mail_action":"store","_user":"68d5c130abe11a527cea5192","_mailbox":"68d5c130abe11a527cea5193","_sess":"hibdjzvsgifvu4up","_message_count":6,"_flags":"MyFlag1, MyFlag2","_store_action":"set","_modseq":100000,"_response":true,"_message":"Conditional STORE completed","facility":"wildduck","host":"Johns-MacBook-Pro-i9.local","timestamp":1758839090.384,"_component":"wildduck"}
sill IMAP [hibdjzvsgifvu4up] S: T3 OK Conditional STORE completed
sill IMAP [hibdjzvsgifvu4up] C: T4 LOGOUT
sill IMAP [hibdjzvsgifvu4up] Removed journal listener from 68d5c130abe11a527cea5192 (0x1a2b3c4d5e6f789012345678901234567890abcd)
sill IMAP [hibdjzvsgifvu4up] S: * BYE Logout requested
sill IMAP [hibdjzvsgifvu4up] S: T4 OK No more Mr. Nice Duck!
      ✔ should set flags with modifier (562ms)
info Gelf {"short_message":"WILDDUCK [CONNRELEASE] Connection released for 68d5c130abe11a527cea5192","_connection":"release","_service":"imap","_sess":"hibdjzvsgifvu4up","_user":"68d5c130abe11a527cea5192","_cid":"hibdjzvsgifvu4up","_ip":"127.0.0.1","facility":"wildduck","host":"Johns-MacBook-Pro-i9.local","timestamp":1758839090.486,"_component":"wildduck"}
info IMAP [hibdjzvsgifvu4up] Connection closed to [127.0.0.1]
    UID STORE
info Gelf {"short_message":"WILDDUCK HTTP [GET /users] OK","_remote_ip":"127.0.0.1","_http_route":"/users","_http_method":"GET","_user":"root","_role":"root","_api_response":"success","_size":723,"facility":"wildduck","host":"Johns-MacBook-Pro-i9.local","timestamp":1758839091.173,"_component":"wildduck"}
http API 127.0.0.1 root [-/-] GET /users 200 4ms
info Gelf {"short_message":"WILDDUCK HTTP [GET /users] OK","_remote_ip":"127.0.0.1","_http_route":"/users","_http_method":"GET","_user":"root","_role":"root","_api_response":"success","_size":780,"_req_query":"0x1a2b3c4d5e6f789012345678901234567890abcd","facility":"wildduck","host":"Johns-MacBook-Pro-i9.local","timestamp":1758839091.217,"_component":"wildduck"}
http API 127.0.0.1 root [-/-] GET /users?query=0x1a2b3c4d5e6f789012345678901234567890abcd 200 21ms
verb Tasks Created task id=68d5c133abe11a527cea51b4
info Gelf {"short_message":"WILDDUCK HTTP [DELETE /users/:user] OK","_remote_ip":"127.0.0.1","_http_route":"/users/:user","_http_method":"DELETE","_user":"root","_role":"root","_api_response":"success","_code":"TaskScheduled","_size":209,"_req_user":"68d5c130abe11a527cea5192","facility":"wildduck","host":"Johns-MacBook-Pro-i9.local","timestamp":1758839091.273,"_component":"wildduck"}
http API 127.0.0.1 root [-/-] DELETE /users/68d5c130abe11a527cea5192 200 23ms
verb Tasks Found task for processing id=68d5c133abe11a527cea51b4
verb Tasks type=user-delete id=68d5c133abe11a527cea51b4 data={"user":"68d5c130abe11a527cea5192"}
verb Tasks task=user-delete id=68d5c133abe11a527cea51b4 user=68d5c130abe11a527cea5192 message=Deleted 3 addresses from registry
verb Tasks task=user-delete id=68d5c133abe11a527cea51b4 user=68d5c130abe11a527cea5192 message=Marked 6 messages for deletion
verb
Tasks task=user-delete id=68d5c133abe11a527cea51b4 user=68d5c130abe11a527cea5192 message=Marked total of 6 messages for deletion
verb Tasks task=user-delete id=68d5c133abe11a527cea51b4 user=68d5c130abe11a527cea5192 message=Cleared user specific data
info Tasks Released task id=68d5c133abe11a527cea51b4 lock=be54673b7cbf065791c26080
info Gelf {"short_message":"WILDDUCK HTTP [POST /authenticate] OK","_remote_ip":"127.0.0.1","_http_route":"/authenticate","_http_method":"POST","_user":"root","_role":"root","_api_response":"success","_size":334,"_req_username":"0x1a2b3c4d5e6f789012345678901234567890abcd","_req_password":"***","_req_token":"true","_res_id":"68d5c135abe11a527cea51b7","facility":"wildduck","host":"Johns-MacBook-Pro-i9.local","timestamp":1758839093.916,"_component":"wildduck"}
http API 127.0.0.1 root [-/-] POST /authenticate 200 151ms
info Gelf {"short_message":"WILDDUCK HTTP [GET /users] OK","_remote_ip":"127.0.0.1","_http_route":"/users","_http_method":"GET","_user":"root","_role":"root","_api_response":"success","_size":776,"_req_query":"0x1a2b3c4d5e6f789012345678901234567890abcd","facility":"wildduck","host":"Johns-MacBook-Pro-i9.local","timestamp":1758839093.968,"_component":"wildduck"}
http API 127.0.0.1 root [-/-] GET /users?query=0x1a2b3c4d5e6f789012345678901234567890abcd 200 17ms
info Gelf {"short_message":"WILDDUCK HTTP [GET /users/:user/mailboxes] OK","_remote_ip":"127.0.0.1","_http_route":"/users/:user/mailboxes","_http_method":"GET","_user":"root","_role":"root","_api_response":"success","_size":1275,"_req_user":"68d5c135abe11a527cea51b7","facility":"wildduck","host":"Johns-MacBook-Pro-i9.local","timestamp":1758839094.016,"_component":"wildduck"}
http API 127.0.0.1 root [-/-] GET /users/68d5c135abe11a527cea51b7/mailboxes 200 13ms
info Gelf {"short_message":"WILDDUCK HTTP [PUT /users/:user/mailboxes/:mailbox] OK","_remote_ip":"127.0.0.1","_http_route":"/users/:user/mailboxes/:mailbox","_http_method":"PUT","_user":"root","_role":"root","_api_response":"success","_size":22,"_req_user":"68d5c135abe11a527cea51b7","_req_mailbox":"68d5c135abe11a527cea51b9","_req_path":"[Gmail]/Sent Mail","facility":"wildduck","host":"Johns-MacBook-Pro-i9.local","timestamp":1758839094.08,"_component":"wildduck"}
http API 127.0.0.1 root [-/-] PUT /users/68d5c135abe11a527cea51b7/mailboxes/68d5c135abe11a527cea51b9 200 5ms
info Gelf {"short_message":"WILDDUCK HTTP [GET /users/:user/mailboxes] OK","_remote_ip":"127.0.0.1","_http_route":"/users/:user/mailboxes","_http_method":"GET","_user":"root","_role":"root","_api_response":"success","_size":1283,"_req_user":"68d5c135abe11a527cea51b7","facility":"wildduck","host":"Johns-MacBook-Pro-i9.local","timestamp":1758839094.116,"_component":"wildduck"}
http API 127.0.0.1 root [-/-] GET /users/68d5c135abe11a527cea51b7/mailboxes 200 13ms
info Gelf {"short_message":"WILDDUCK [QUOTA] +","_mail_action":"quota","_user":"68d5c135abe11a527cea51b7","_inc":256,"_storage_used":256,"_mailbox":"68d5c135abe11a527cea51b8","facility":"wildduck","host":"Johns-MacBook-Pro-i9.local","timestamp":1758839094.293,"_component":"wildduck"}
info Gelf {"short_message":"WILDDUCK HTTP [POST /users/:user/mailboxes/:mailbox/messages] OK","_remote_ip":"127.0.0.1","_http_route":"/users/:user/mailboxes/:mailbox/messages","_http_method":"POST","_user":"root","_role":"root","_api_response":"success","_size":114,"_req_user":"68d5c135abe11a527cea51b7","_req_mailbox":"68d5c135abe11a527cea51b8","_req_date":"14-Sep-2013 21:22:28 -0300","_req_unseen":"true","_req_raw":"<Buffer 66 72 6f 6d 3a 20 30 78 62 30 36 63 64 65 66 61 31 61 32 62 33 63 34 64 35 65 36 66 37 38 39 30 31 32 33 34 35 36 37 38 …","facility":"wildduck","host":"Johns-MacBook-Pro-i9.local","timestamp":1758839094.315,"_component":"wildduck"}
http API 127.0.0.1 root [-/-] POST /users/68d5c135abe11a527cea51b7/mailboxes/68d5c135abe11a527cea51b8/messages?date=14-Sep-2013%2021%3A22%3A28%20-0300&unseen=true 200 28ms
info Gelf {"short_message":"WILDDUCK [QUOTA] +","_mail_action":"quota","_user":"68d5c135abe11a527cea51b7","_inc":21927,"_storage_used":22183,"_mailbox":"68d5c135abe11a527cea51b8","facility":"wildduck","host":"Johns-MacBook-Pro-i9.local","timestamp":1758839094.381,"_component":"wildduck"}
info Gelf {"short_message":"WILDDUCK HTTP [POST /users/:user/mailboxes/:mailbox/messages] OK","_remote_ip":"127.0.0.1","_http_route":"/users/:user/mailboxes/:mailbox/messages","_http_method":"POST","_user":"root","_role":"root","_api_response":"success","_size":116,"_req_user":"68d5c135abe11a527cea51b7","_req_mailbox":"68d5c135abe11a527cea51b8","_req_unseen":"false","_req_raw":"<Buffer 53 75 62 6a 65 63 74 3a 20 52 79 61 6e 20 46 69 6e 6e 69 65 27 73 20 4d 49 4d 45 20 54 6f 72 74 75 72 65 20 54 65 73 74 …","facility":"wildduck","host":"Johns-MacBook-Pro-i9.local","timestamp":1758839094.388,"_component":"wildduck"}
http API
127.0.0.1 root [-/-] POST /users/68d5c135abe11a527cea51b7/mailboxes/68d5c135abe11a527cea51b8/messages?unseen=false 200 49ms
info Gelf {"short_message":"WILDDUCK [QUOTA] +","_mail_action":"quota","_user":"68d5c135abe11a527cea51b7","_inc":1044,"_storage_used":23227,"_mailbox":"68d5c135abe11a527cea51b8","facility":"wildduck","host":"Johns-MacBook-Pro-i9.local","timestamp":1758839094.421,"_component":"wildduck"}
info Gelf {"short_message":"WILDDUCK HTTP [POST /users/:user/mailboxes/:mailbox/messages] OK","_remote_ip":"127.0.0.1","_http_route":"/users/:user/mailboxes/:mailbox/messages","_http_method":"POST","_user":"root","_role":"root","_api_response":"success","_size":115,"_req_user":"68d5c135abe11a527cea51b7","_req_mailbox":"68d5c135abe11a527cea51b8","_req_unseen":"false","_req_raw":"<Buffer 4d 49 4d 45 2d 56 65 72 73 69 6f 6e 3a 20 31 2e 30 0d 0a 46 72 6f 6d 3a 20 30 78 36 62 31 37 65 66 61 62 31 61 32 62 33 …","facility":"wildduck","host":"Johns-MacBook-Pro-i9.local","timestamp":1758839094.427,"_component":"wildduck"}
http API 127.0.0.1 root [-/-] POST /users/68d5c135abe11a527cea51b7/mailboxes/68d5c135abe11a527cea51b8/messages?unseen=false 200 16ms
info Gelf {"short_message":"WILDDUCK [QUOTA] +","_mail_action":"quota","_user":"68d5c135abe11a527cea51b7","_inc":264,"_storage_used":23491,"_mailbox":"68d5c135abe11a527cea51b8","facility":"wildduck","host":"Johns-MacBook-Pro-i9.local","timestamp":1758839094.47,"_component":"wildduck"}
info Gelf {"short_message":"WILDDUCK HTTP [POST /users/:user/mailboxes/:mailbox/messages] OK","_remote_ip":"127.0.0.1","_http_route":"/users/:user/mailboxes/:mailbox/messages","_http_method":"POST","_user":"root","_role":"root","_api_response":"success","_size":114,"_req_user":"68d5c135abe11a527cea51b7","_req_mailbox":"68d5c135abe11a527cea51b8","_req_unseen":"true","_req_raw":"<Buffer 66 72 6f 6d 3a 20 30 78 62 30 36 63 64 65 66 61 31 61 32 62 33 63 34 64 35 65 36 66 37 38 39 30 31 32 33 34 35 36 37 38 …","facility":"wildduck","host":"Johns-MacBook-Pro-i9.local","timestamp":1758839094.476,"_component":"wildduck"}
http API 127.0.0.1 root [-/-] POST /users/68d5c135abe11a527cea51b7/mailboxes/68d5c135abe11a527cea51b8/messages?unseen=true 200 26ms
info Gelf {"short_message":"WILDDUCK [QUOTA] +","_mail_action":"quota","_user":"68d5c135abe11a527cea51b7","_inc":178,"_storage_used":23669,"_mailbox":"68d5c135abe11a527cea51b8","facility":"wildduck","host":"Johns-MacBook-Pro-i9.local","timestamp":1758839094.519,"_component":"wildduck"}
info Gelf {"short_message":"WILDDUCK HTTP [POST /users/:user/mailboxes/:mailbox/messages] OK","_remote_ip":"127.0.0.1","_http_route":"/users/:user/mailboxes/:mailbox/messages","_http_method":"POST","_user":"root","_role":"root","_api_response":"success","_size":114,"_req_user":"68d5c135abe11a527cea51b7","_req_mailbox":"68d5c135abe11a527cea51b8","_req_unseen":"true","_req_raw":"<Buffer 66 72 6f 6d 3a 20 30 78 62 30 36 63 64 65 66 61 31 61 32 62 33 63 34 64 35 65 36 66 37 38 39 30 31 32 33 34 35 36 37 38 …","facility":"wildduck","host":"Johns-MacBook-Pro-i9.local","timestamp":1758839094.525,"_component":"wildduck"}
http API 127.0.0.1 root [-/-] POST /users/68d5c135abe11a527cea51b7/mailboxes/68d5c135abe11a527cea51b8/messages?unseen=true 200 26ms
info Gelf {"short_message":"WILDDUCK [QUOTA] +","_mail_action":"quota","_user":"68d5c135abe11a527cea51b7","_inc":178,"_storage_used":23847,"_mailbox":"68d5c135abe11a527cea51b8","facility":"wildduck","host":"Johns-MacBook-Pro-i9.local","timestamp":1758839094.57,"_component":"wildduck"}
info Gelf {"short_message":"WILDDUCK HTTP [POST /users/:user/mailboxes/:mailbox/messages] OK","_remote_ip":"127.0.0.1","_http_route":"/users/:user/mailboxes/:mailbox/messages","_http_method":"POST","_user":"root","_role":"root","_api_response":"success","_size":114,"_req_user":"68d5c135abe11a527cea51b7","_req_mailbox":"68d5c135abe11a527cea51b8","_req_unseen":"true","_req_raw":"<Buffer 66 72 6f 6d 3a 20 30 78 62 30 36 63 64 65 66 61 31 61 32 62 33 63 34 64 35 65 36 66 37 38 39 30 31 32 33 34 35 36 37 38 …","facility":"wildduck","host":"Johns-MacBook-Pro-i9.local","timestamp":1758839094.575,"_component":"wildduck"}
http API 127.0.0.1 root [-/-] POST /users/68d5c135abe11a527cea51b7/mailboxes/68d5c135abe11a527cea51b8/messages?unseen=true 200 29ms
info IMAP [m63muwrrcq4f4xnh] Secure connection from [127.0.0.1] to Johns-MacBook-Pro-i9.local 127.0.0.1:9993
sill IMAP [m63muwrrcq4f4xnh] S: * OK WildDuck IMAP Server ready for requests from 127.0.0.1 m63muwrrcq4f4xnh
sill IMAP [m63muwrrcq4f4xnh] C: T1 LOGIN "(* value hidden *)" "(* value hidden *)"
info Gelf {"short_message":"WILDDUCK [AUTHOK] 0x1a2b3c4d5e6f789012345678901234567890abcd","_mail_action":"auth","_auth_result":"success","_username":"0x1a2b3c4d5e6f789012345678901234567890abcd","_domain":"johns-macbook-pro-i9.local","_user":"68d5c135abe11a527cea51b7","_password_type":"master","_scope":"imap","_ip":"127.0.0.1","_sess":"m63muwrrcq4f4xnh","facility":"wildduck","host":"Johns-MacBook-Pro-i9.local","timestamp":1758839095.291,"_component":"wildduck"}
info Gelf {"short_message":"WILDDUCK [CONNSTART] Connection established for 68d5c135abe11a527cea51b7","_connection":"establish","_service":"imap","_sess":"m63muwrrcq4f4xnh","_user":"68d5c135abe11a527cea51b7","_cid":"m63muwrrcq4f4xnh","_ip":"127.0.0.1","_limit":15,"facility":"wildduck","host":"Johns-MacBook-Pro-i9.local","timestamp":1758839095.292,"_component":"wildduck"}
info IMAP [m63muwrrcq4f4xnh] 0x1a2b3c4d5e6f789012345678901234567890abcd authenticated using LOGIN
sill IMAP [m63muwrrcq4f4xnh] New journal listener for 68d5c135abe11a527cea51b7 (0x1a2b3c4d5e6f789012345678901234567890abcd)
sill IMAP [m63muwrrcq4f4xnh] S: * CAPABILITY IMAP4rev1 APPENDLIMIT=26214400 CHILDREN CONDSTORE ENABLE ID IDLE MOVE NAMESPACE QUOTA SPECIAL-USE UIDPLUS UNSELECT UTF8=ACCEPT XLIST
sill IMAP [m63muwrrcq4f4xnh] S: T1 OK 0x1a2b3c4d5e6f789012345678901234567890abcd authenticated
sill IMAP [m63muwrrcq4f4xnh] C: T2 SELECT INBOX
sill IMAP [m63muwrrcq4f4xnh] Opening "INBOX"
sill IMAP [m63muwrrcq4f4xnh] S: * FLAGS (\Answered \Flagged \Draft \Deleted \Seen)
sill IMAP [m63muwrrcq4f4xnh] S: * OK [PERMANENTFLAGS (\Answered \Flagged \Draft \Deleted \Seen \*)] Flags permitted
sill IMAP [m63muwrrcq4f4xnh] S: * OK [UIDVALIDITY 1758839093] UIDs valid
sill IMAP [m63muwrrcq4f4xnh] S: * 6 EXISTS
sill IMAP [m63muwrrcq4f4xnh] S: * 0 RECENT
sill IMAP
[m63muwrrcq4f4xnh] S: * OK [HIGHESTMODSEQ 5000] Highest
sill IMAP [m63muwrrcq4f4xnh] S: * OK [UIDNEXT 1000] Predicted next UID
sill IMAP [m63muwrrcq4f4xnh] S: T2 OK [READ-WRITE] SELECT completed
sill IMAP [m63muwrrcq4f4xnh] C: T3 UID STORE 1:* FLAGS (MyFlag1 MyFlag2)
sill IMAP [m63muwrrcq4f4xnh] Updating messages in "68d5c135abe11a527cea51b8"
sill IMAP [m63muwrrcq4f4xnh] S: * 1 FETCH (UID 101 FLAGS (MyFlag1 MyFlag2))
sill IMAP [m63muwrrcq4f4xnh] S: * 2 FETCH (UID 102 FLAGS (MyFlag1 MyFlag2))
sill IMAP [m63muwrrcq4f4xnh] S: * 3 FETCH (UID 103 FLAGS (MyFlag1 MyFlag2))
sill IMAP [m63muwrrcq4f4xnh] S: * 4 FETCH (UID 104 FLAGS (MyFlag1 MyFlag2))
sill
IMAP [m63muwrrcq4f4xnh] S: * 5 FETCH (UID 105 FLAGS (MyFlag1 MyFlag2))
sill IMAP [m63muwrrcq4f4xnh] S: * 6 FETCH (UID 106 FLAGS (MyFlag1 MyFlag2))
info Gelf {"short_message":"WILDDUCK [UID STORE]","_mail_action":"store","_user":"68d5c135abe11a527cea51b7","_mailbox":"68d5c135abe11a527cea51b8","_sess":"m63muwrrcq4f4xnh","_message_count":6,"_flags":"MyFlag1, MyFlag2","_store_action":"set","_response":true,"_message":"UID STORE completed","facility":"wildduck","host":"Johns-MacBook-Pro-i9.local","timestamp":1758839095.523,"_component":"wildduck"}
sill IMAP [m63muwrrcq4f4xnh] S: T3 OK UID STORE completed
sill IMAP [m63muwrrcq4f4xnh] C: T4 LOGOUT
sill
IMAP [m63muwrrcq4f4xnh] Removed journal listener from 68d5c135abe11a527cea51b7 (0x1a2b3c4d5e6f789012345678901234567890abcd)
sill IMAP [m63muwrrcq4f4xnh] S: * BYE Logout requested
sill IMAP [m63muwrrcq4f4xnh] S: T4 OK Whew! What a surprise!
      ✔ should set flags (582ms)
info Gelf {"short_message":"WILDDUCK [CONNRELEASE] Connection released for 68d5c135abe11a527cea51b7","_connection":"release","_service":"imap","_sess":"m63muwrrcq4f4xnh","_user":"68d5c135abe11a527cea51b7","_cid":"m63muwrrcq4f4xnh","_ip":"127.0.0.1","facility":"wildduck","host":"Johns-MacBook-Pro-i9.local","timestamp":1758839095.625,"_component":"wildduck"}
info IMAP [m63muwrrcq4f4xnh] Connection closed to [127.0.0.1]
info Gelf {"short_message":"WILDDUCK HTTP [GET /users] OK","_remote_ip":"127.0.0.1","_http_route":"/users","_http_method":"GET","_user":"root","_role":"root","_api_response":"success","_size":723,"facility":"wildduck","host":"Johns-MacBook-Pro-i9.local","timestamp":1758839096.284,"_component":"wildduck"}
http API 127.0.0.1 root [-/-] GET /users 200 3ms
info Gelf {"short_message":"WILDDUCK HTTP [GET /users] OK","_remote_ip":"127.0.0.1","_http_route":"/users","_http_method":"GET","_user":"root","_role":"root","_api_response":"success","_size":780,"_req_query":"0x1a2b3c4d5e6f789012345678901234567890abcd","facility":"wildduck","host":"Johns-MacBook-Pro-i9.local","timestamp":1758839096.319,"_component":"wildduck"}
http API 127.0.0.1 root [-/-] GET /users?query=0x1a2b3c4d5e6f789012345678901234567890abcd 200 13ms
verb Tasks Created task id=68d5c138abe11a527cea51d9
info Gelf {"short_message":"WILDDUCK HTTP [DELETE /users/:user] OK","_remote_ip":"127.0.0.1","_http_route":"/users/:user","_http_method":"DELETE","_user":"root","_role":"root","_api_response":"success","_code":"TaskScheduled","_size":209,"_req_user":"68d5c135abe11a527cea51b7","facility":"wildduck","host":"Johns-MacBook-Pro-i9.local","timestamp":1758839096.374,"_component":"wildduck"}
http API 127.0.0.1 root [-/-] DELETE /users/68d5c135abe11a527cea51b7 200 20ms
info Gelf {"short_message":"WILDDUCK HTTP [POST /authenticate] OK","_remote_ip":"127.0.0.1","_http_route":"/authenticate","_http_method":"POST","_user":"root","_role":"root","_api_response":"success","_size":334,"_req_username":"0x1a2b3c4d5e6f789012345678901234567890abcd","_req_password":"***","_req_token":"true","_res_id":"68d5c13aabe11a527cea51db","facility":"wildduck","host":"Johns-MacBook-Pro-i9.local","timestamp":1758839099.015,"_component":"wildduck"}
http API 127.0.0.1 root [-/-] POST /authenticate 200 149ms
info Gelf {"short_message":"WILDDUCK HTTP [GET /users] OK","_remote_ip":"127.0.0.1","_http_route":"/users","_http_method":"GET","_user":"root","_role":"root","_api_response":"success","_size":776,"_req_query":"0x1a2b3c4d5e6f789012345678901234567890abcd","facility":"wildduck","host":"Johns-MacBook-Pro-i9.local","timestamp":1758839099.068,"_component":"wildduck"}
http API 127.0.0.1 root [-/-] GET /users?query=0x1a2b3c4d5e6f789012345678901234567890abcd 200 18ms
info Gelf {"short_message":"WILDDUCK HTTP [GET /users/:user/mailboxes] OK","_remote_ip":"127.0.0.1","_http_route":"/users/:user/mailboxes","_http_method":"GET","_user":"root","_role":"root","_api_response":"success","_size":1275,"_req_user":"68d5c13aabe11a527cea51db","facility":"wildduck","host":"Johns-MacBook-Pro-i9.local","timestamp":1758839099.116,"_component":"wildduck"}
http API 127.0.0.1 root [-/-] GET /users/68d5c13aabe11a527cea51db/mailboxes 200 11ms
info Gelf {"short_message":"WILDDUCK HTTP [PUT /users/:user/mailboxes/:mailbox] OK","_remote_ip":"127.0.0.1","_http_route":"/users/:user/mailboxes/:mailbox","_http_method":"PUT","_user":"root","_role":"root","_api_response":"success","_size":22,"_req_user":"68d5c13aabe11a527cea51db","_req_mailbox":"68d5c13aabe11a527cea51dd","_req_path":"[Gmail]/Sent Mail","facility":"wildduck","host":"Johns-MacBook-Pro-i9.local","timestamp":1758839099.179,"_component":"wildduck"}
http API 127.0.0.1 root [-/-] PUT /users/68d5c13aabe11a527cea51db/mailboxes/68d5c13aabe11a527cea51dd 200 5ms
info Gelf {"short_message":"WILDDUCK HTTP [GET /users/:user/mailboxes] OK","_remote_ip":"127.0.0.1","_http_route":"/users/:user/mailboxes","_http_method":"GET","_user":"root","_role":"root","_api_response":"success","_size":1283,"_req_user":"68d5c13aabe11a527cea51db","facility":"wildduck","host":"Johns-MacBook-Pro-i9.local","timestamp":1758839099.216,"_component":"wildduck"}
http API 127.0.0.1 root [-/-] GET /users/68d5c13aabe11a527cea51db/mailboxes 200 14ms
verb Tasks Found task for processing id=68d5c138abe11a527cea51d9
verb Tasks
type=user-delete id=68d5c138abe11a527cea51d9 data={"user":"68d5c135abe11a527cea51b7"}
verb Tasks task=user-delete id=68d5c138abe11a527cea51d9 user=68d5c135abe11a527cea51b7 message=Deleted 3 addresses from registry
verb Tasks task=user-delete id=68d5c138abe11a527cea51d9 user=68d5c135abe11a527cea51b7 message=Marked 6 messages for deletion
verb Tasks task=user-delete id=68d5c138abe11a527cea51d9 user=68d5c135abe11a527cea51b7 message=Marked total of 6 messages for deletion
verb Tasks task=user-delete id=68d5c138abe11a527cea51d9 user=68d5c135abe11a527cea51b7 message=Cleared user specific data
info Tasks Released task id=68d5c138abe11a527cea51d9 lock=de5db6f26b2f1ec8cc1a0ce7
info Gelf {"short_message":"WILDDUCK [QUOTA] +","_mail_action":"quota","_user":"68d5c13aabe11a527cea51db","_inc":256,"_storage_used":256,"_mailbox":"68d5c13aabe11a527cea51dc","facility":"wildduck","host":"Johns-MacBook-Pro-i9.local","timestamp":1758839099.447,"_component":"wildduck"}
info Gelf {"short_message":"WILDDUCK HTTP [POST /users/:user/mailboxes/:mailbox/messages] OK","_remote_ip":"127.0.0.1","_http_route":"/users/:user/mailboxes/:mailbox/messages","_http_method":"POST","_user":"root","_role":"root","_api_response":"success","_size":114,"_req_user":"68d5c13aabe11a527cea51db","_req_mailbox":"68d5c13aabe11a527cea51dc","_req_date":"14-Sep-2013 21:22:28 -0300","_req_unseen":"true","_req_raw":"<Buffer 66 72 6f 6d 3a 20 30 78 62 30 36 63 64 65 66 61 31 61 32 62 33 63 34 64 35 65 36 66 37 38 39 30 31 32 33 34 35 36 37 38 …","facility":"wildduck","host":"Johns-MacBook-Pro-i9.local","timestamp":1758839099.469,"_component":"wildduck"}
http API 127.0.0.1 root [-/-] POST /users/68d5c13aabe11a527cea51db/mailboxes/68d5c13aabe11a527cea51dc/messages?date=14-Sep-2013%2021%3A22%3A28%20-0300&unseen=true 200 27ms
info Gelf {"short_message":"WILDDUCK [QUOTA] +","_mail_action":"quota","_user":"68d5c13aabe11a527cea51db","_inc":21927,"_storage_used":22183,"_mailbox":"68d5c13aabe11a527cea51dc","facility":"wildduck","host":"Johns-MacBook-Pro-i9.local","timestamp":1758839099.534,"_component":"wildduck"}
info Gelf {"short_message":"WILDDUCK HTTP [POST /users/:user/mailboxes/:mailbox/messages] OK","_remote_ip":"127.0.0.1","_http_route":"/users/:user/mailboxes/:mailbox/messages","_http_method":"POST","_user":"root","_role":"root","_api_response":"success","_size":116,"_req_user":"68d5c13aabe11a527cea51db","_req_mailbox":"68d5c13aabe11a527cea51dc","_req_unseen":"false","_req_raw":"<Buffer 53 75 62 6a 65 63 74 3a 20 52 79 61 6e 20 46 69 6e 6e 69 65 27 73 20 4d 49 4d 45 20 54 6f 72 74 75 72 65 20 54 65 73 74 …","facility":"wildduck","host":"Johns-MacBook-Pro-i9.local","timestamp":1758839099.54,"_component":"wildduck"}
http API 127.0.0.1 root [-/-] POST /users/68d5c13aabe11a527cea51db/mailboxes/68d5c13aabe11a527cea51dc/messages?unseen=false 200 48ms
info Gelf {"short_message":"WILDDUCK [QUOTA] +","_mail_action":"quota","_user":"68d5c13aabe11a527cea51db","_inc":1044,"_storage_used":23227,"_mailbox":"68d5c13aabe11a527cea51dc","facility":"wildduck","host":"Johns-MacBook-Pro-i9.local","timestamp":1758839099.571,"_component":"wildduck"}
info Gelf {"short_message":"WILDDUCK HTTP [POST /users/:user/mailboxes/:mailbox/messages] OK","_remote_ip":"127.0.0.1","_http_route":"/users/:user/mailboxes/:mailbox/messages","_http_method":"POST","_user":"root","_role":"root","_api_response":"success","_size":115,"_req_user":"68d5c13aabe11a527cea51db","_req_mailbox":"68d5c13aabe11a527cea51dc","_req_unseen":"false","_req_raw":"<Buffer 4d 49 4d 45 2d 56 65 72 73 69 6f 6e 3a 20 31 2e 30 0d 0a 46 72 6f 6d 3a 20 30 78 36 62 31 37 65 66 61 62 31 61 32 62 33 …","facility":"wildduck","host":"Johns-MacBook-Pro-i9.local","timestamp":1758839099.576,"_component":"wildduck"}
http API 127.0.0.1 root [-/-] POST /users/68d5c13aabe11a527cea51db/mailboxes/68d5c13aabe11a527cea51dc/messages?unseen=false 200 14ms
info Gelf {"short_message":"WILDDUCK [QUOTA] +","_mail_action":"quota","_user":"68d5c13aabe11a527cea51db","_inc":264,"_storage_used":23491,"_mailbox":"68d5c13aabe11a527cea51dc","facility":"wildduck","host":"Johns-MacBook-Pro-i9.local","timestamp":1758839099.619,"_component":"wildduck"}
info Gelf {"short_message":"WILDDUCK HTTP [POST /users/:user/mailboxes/:mailbox/messages] OK","_remote_ip":"127.0.0.1","_http_route":"/users/:user/mailboxes/:mailbox/messages","_http_method":"POST","_user":"root","_role":"root","_api_response":"success","_size":114,"_req_user":"68d5c13aabe11a527cea51db","_req_mailbox":"68d5c13aabe11a527cea51dc","_req_unseen":"true","_req_raw":"<Buffer 66 72 6f 6d 3a 20 30 78 62 30 36 63 64 65 66 61 31 61 32 62 33 63 34 64 35 65 36 66 37 38 39 30 31 32 33 34 35 36 37 38 …","facility":"wildduck","host":"Johns-MacBook-Pro-i9.local","timestamp":1758839099.624,"_component":"wildduck"}
http API 127.0.0.1 root [-/-] POST /users/68d5c13aabe11a527cea51db/mailboxes/68d5c13aabe11a527cea51dc/messages?unseen=true 200 25ms
info Gelf {"short_message":"WILDDUCK [QUOTA] +","_mail_action":"quota","_user":"68d5c13aabe11a527cea51db","_inc":178,"_storage_used":23669,"_mailbox":"68d5c13aabe11a527cea51dc","facility":"wildduck","host":"Johns-MacBook-Pro-i9.local","timestamp":1758839099.669,"_component":"wildduck"}
info Gelf {"short_message":"WILDDUCK HTTP [POST /users/:user/mailboxes/:mailbox/messages] OK","_remote_ip":"127.0.0.1","_http_route":"/users/:user/mailboxes/:mailbox/messages","_http_method":"POST","_user":"root","_role":"root","_api_response":"success","_size":114,"_req_user":"68d5c13aabe11a527cea51db","_req_mailbox":"68d5c13aabe11a527cea51dc","_req_unseen":"true","_req_raw":"<Buffer 66 72 6f 6d 3a 20 30 78 62 30 36 63 64 65 66 61 31 61 32 62 33 63 34 64 35 65 36 66 37 38 39 30 31 32 33 34 35 36 37 38 …","facility":"wildduck","host":"Johns-MacBook-Pro-i9.local","timestamp":1758839099.674,"_component":"wildduck"}
http API 127.0.0.1 root [-/-] POST /users/68d5c13aabe11a527cea51db/mailboxes/68d5c13aabe11a527cea51dc/messages?unseen=true 200 27ms
info Gelf {"short_message":"WILDDUCK [QUOTA] +","_mail_action":"quota","_user":"68d5c13aabe11a527cea51db","_inc":178,"_storage_used":23847,"_mailbox":"68d5c13aabe11a527cea51dc","facility":"wildduck","host":"Johns-MacBook-Pro-i9.local","timestamp":1758839099.717,"_component":"wildduck"}
info Gelf {"short_message":"WILDDUCK HTTP [POST /users/:user/mailboxes/:mailbox/messages] OK","_remote_ip":"127.0.0.1","_http_route":"/users/:user/mailboxes/:mailbox/messages","_http_method":"POST","_user":"root","_role":"root","_api_response":"success","_size":114,"_req_user":"68d5c13aabe11a527cea51db","_req_mailbox":"68d5c13aabe11a527cea51dc","_req_unseen":"true","_req_raw":"<Buffer 66 72 6f 6d 3a 20 30 78 62 30 36 63 64 65 66 61 31 61 32 62 33 63 34 64 35 65 36 66 37 38 39 30 31 32 33 34 35 36 37 38 …","facility":"wildduck","host":"Johns-MacBook-Pro-i9.local","timestamp":1758839099.723,"_component":"wildduck"}
http API 127.0.0.1 root [-/-] POST /users/68d5c13aabe11a527cea51db/mailboxes/68d5c13aabe11a527cea51dc/messages?unseen=true 200 27ms
info IMAP [hnsucsgr3z2db3a2] Secure connection from [127.0.0.1] to Johns-MacBook-Pro-i9.local 127.0.0.1:9993
sill IMAP [hnsucsgr3z2db3a2] S: * OK WildDuck IMAP Server ready for requests from 127.0.0.1 hnsucsgr3z2db3a2
sill IMAP [hnsucsgr3z2db3a2] C: T1 LOGIN "(* value hidden *)" "(* value hidden *)"
info Gelf {"short_message":"WILDDUCK [AUTHOK] 0x1a2b3c4d5e6f789012345678901234567890abcd","_mail_action":"auth","_auth_result":"success","_username":"0x1a2b3c4d5e6f789012345678901234567890abcd","_domain":"johns-macbook-pro-i9.local","_user":"68d5c13aabe11a527cea51db","_password_type":"master","_scope":"imap","_ip":"127.0.0.1","_sess":"hnsucsgr3z2db3a2","facility":"wildduck","host":"Johns-MacBook-Pro-i9.local","timestamp":1758839100.44,"_component":"wildduck"}
info Gelf {"short_message":"WILDDUCK [CONNSTART] Connection established for 68d5c13aabe11a527cea51db","_connection":"establish","_service":"imap","_sess":"hnsucsgr3z2db3a2","_user":"68d5c13aabe11a527cea51db","_cid":"hnsucsgr3z2db3a2","_ip":"127.0.0.1","_limit":15,"facility":"wildduck","host":"Johns-MacBook-Pro-i9.local","timestamp":1758839100.441,"_component":"wildduck"}
info IMAP [hnsucsgr3z2db3a2] 0x1a2b3c4d5e6f789012345678901234567890abcd authenticated using LOGIN
sill IMAP [hnsucsgr3z2db3a2] New journal listener for 68d5c13aabe11a527cea51db (0x1a2b3c4d5e6f789012345678901234567890abcd)
sill IMAP [hnsucsgr3z2db3a2] S: * CAPABILITY IMAP4rev1 APPENDLIMIT=26214400 CHILDREN CONDSTORE ENABLE ID IDLE MOVE NAMESPACE QUOTA SPECIAL-USE UIDPLUS UNSELECT UTF8=ACCEPT XLIST
sill IMAP [hnsucsgr3z2db3a2] S: T1 OK 0x1a2b3c4d5e6f789012345678901234567890abcd authenticated
sill IMAP [hnsucsgr3z2db3a2] C: T2 SELECT INBOX
sill IMAP [hnsucsgr3z2db3a2] Opening "INBOX"
sill IMAP [hnsucsgr3z2db3a2] S: * FLAGS (\Answered \Flagged \Draft \Deleted \Seen)
sill IMAP [hnsucsgr3z2db3a2] S: * OK [PERMANENTFLAGS (\Answered \Flagged \Draft \Deleted \Seen \*)] Flags permitted
sill IMAP [hnsucsgr3z2db3a2] S: * OK [UIDVALIDITY 1758839098] UIDs valid
sill IMAP [hnsucsgr3z2db3a2] S: * 6 EXISTS
sill IMAP [hnsucsgr3z2db3a2] S: * 0 RECENT
sill IMAP [hnsucsgr3z2db3a2] S: * OK [HIGHESTMODSEQ 5000] Highest
sill
IMAP [hnsucsgr3z2db3a2] S: * OK [UIDNEXT 1000] Predicted next UID
sill IMAP [hnsucsgr3z2db3a2] S: T2 OK [READ-WRITE] SELECT completed
sill IMAP [hnsucsgr3z2db3a2] C: T3 UID STORE 1:* +FLAGS (MyFlag1 MyFlag2)
sill IMAP [hnsucsgr3z2db3a2] Updating messages in "68d5c13aabe11a527cea51dc"
sill IMAP [hnsucsgr3z2db3a2] S: * 1 FETCH (UID 101 FLAGS (MyFlag1 MyFlag2))
sill IMAP [hnsucsgr3z2db3a2] S: * 2 FETCH (UID 102 FLAGS (\Seen MyFlag1 MyFlag2))
sill IMAP [hnsucsgr3z2db3a2] S: * 3 FETCH (UID 103 FLAGS (\Seen MyFlag1 MyFlag2))
sill IMAP [hnsucsgr3z2db3a2] S: * 4 FETCH (UID 104 FLAGS (MyFlag1 MyFlag2))
sill IMAP [hnsucsgr3z2db3a2] S: * 5 FETCH (UID 105 FLAGS (MyFlag1 MyFlag2))
sill IMAP
[hnsucsgr3z2db3a2] S: * 6 FETCH (UID 106 FLAGS (MyFlag1 MyFlag2))
info Gelf {"short_message":"WILDDUCK [UID STORE]","_mail_action":"store","_user":"68d5c13aabe11a527cea51db","_mailbox":"68d5c13aabe11a527cea51dc","_sess":"hnsucsgr3z2db3a2","_message_count":6,"_flags":"MyFlag1, MyFlag2","_store_action":"add","_response":true,"_message":"UID STORE completed","facility":"wildduck","host":"Johns-MacBook-Pro-i9.local","timestamp":1758839100.672,"_component":"wildduck"}
sill IMAP [hnsucsgr3z2db3a2] S: T3 OK UID STORE completed
sill IMAP [hnsucsgr3z2db3a2] C: T4 LOGOUT
sill
IMAP [hnsucsgr3z2db3a2] Removed journal listener from 68d5c13aabe11a527cea51db (0x1a2b3c4d5e6f789012345678901234567890abcd)
sill IMAP [hnsucsgr3z2db3a2] S: * BYE Logout requested
sill IMAP [hnsucsgr3z2db3a2] S: T4 OK Also, I think the Lemongrabs are getting weirder.
      ✔ should add flags (579ms)
info Gelf {"short_message":"WILDDUCK [CONNRELEASE] Connection released for 68d5c13aabe11a527cea51db","_connection":"release","_service":"imap","_sess":"hnsucsgr3z2db3a2","_user":"68d5c13aabe11a527cea51db","_cid":"hnsucsgr3z2db3a2","_ip":"127.0.0.1","facility":"wildduck","host":"Johns-MacBook-Pro-i9.local","timestamp":1758839100.773,"_component":"wildduck"}
info IMAP [hnsucsgr3z2db3a2] Connection closed to [127.0.0.1]
info Gelf {"short_message":"WILDDUCK HTTP [GET /users] OK","_remote_ip":"127.0.0.1","_http_route":"/users","_http_method":"GET","_user":"root","_role":"root","_api_response":"success","_size":723,"facility":"wildduck","host":"Johns-MacBook-Pro-i9.local","timestamp":1758839101.433,"_component":"wildduck"}
http API 127.0.0.1 root [-/-] GET /users 200 4ms
info Gelf {"short_message":"WILDDUCK HTTP [GET /users] OK","_remote_ip":"127.0.0.1","_http_route":"/users","_http_method":"GET","_user":"root","_role":"root","_api_response":"success","_size":780,"_req_query":"0x1a2b3c4d5e6f789012345678901234567890abcd","facility":"wildduck","host":"Johns-MacBook-Pro-i9.local","timestamp":1758839101.468,"_component":"wildduck"}
http API 127.0.0.1 root [-/-] GET /users?query=0x1a2b3c4d5e6f789012345678901234567890abcd 200 13ms
verb Tasks Created task id=68d5c13dabe11a527cea51fe
info Gelf {"short_message":"WILDDUCK HTTP [DELETE /users/:user] OK","_remote_ip":"127.0.0.1","_http_route":"/users/:user","_http_method":"DELETE","_user":"root","_role":"root","_api_response":"success","_code":"TaskScheduled","_size":209,"_req_user":"68d5c13aabe11a527cea51db","facility":"wildduck","host":"Johns-MacBook-Pro-i9.local","timestamp":1758839101.523,"_component":"wildduck"}
http API 127.0.0.1 root [-/-] DELETE /users/68d5c13aabe11a527cea51db 200 21ms
info
Gelf {"short_message":"WILDDUCK HTTP [POST /authenticate] OK","_remote_ip":"127.0.0.1","_http_route":"/authenticate","_http_method":"POST","_user":"root","_role":"root","_api_response":"success","_size":334,"_req_username":"0x1a2b3c4d5e6f789012345678901234567890abcd","_req_password":"***","_req_token":"true","_res_id":"68d5c140abe11a527cea5200","facility":"wildduck","host":"Johns-MacBook-Pro-i9.local","timestamp":1758839104.198,"_component":"wildduck"}
http API 127.0.0.1 root [-/-] POST /authenticate 200 153ms
info
Gelf {"short_message":"WILDDUCK HTTP [GET /users] OK","_remote_ip":"127.0.0.1","_http_route":"/users","_http_method":"GET","_user":"root","_role":"root","_api_response":"success","_size":776,"_req_query":"0x1a2b3c4d5e6f789012345678901234567890abcd","facility":"wildduck","host":"Johns-MacBook-Pro-i9.local","timestamp":1758839104.238,"_component":"wildduck"}
http API 127.0.0.1 root [-/-] GET /users?query=0x1a2b3c4d5e6f789012345678901234567890abcd 200 5ms
info Gelf {"short_message":"WILDDUCK HTTP [GET /users/:user/mailboxes] OK","_remote_ip":"127.0.0.1","_http_route":"/users/:user/mailboxes","_http_method":"GET","_user":"root","_role":"root","_api_response":"success","_size":1275,"_req_user":"68d5c140abe11a527cea5200","facility":"wildduck","host":"Johns-MacBook-Pro-i9.local","timestamp":1758839104.276,"_component":"wildduck"}
http API 127.0.0.1 root [-/-] GET /users/68d5c140abe11a527cea5200/mailboxes 200 3ms
info Gelf {"short_message":"WILDDUCK HTTP [PUT /users/:user/mailboxes/:mailbox] OK","_remote_ip":"127.0.0.1","_http_route":"/users/:user/mailboxes/:mailbox","_http_method":"PUT","_user":"root","_role":"root","_api_response":"success","_size":22,"_req_user":"68d5c140abe11a527cea5200","_req_mailbox":"68d5c140abe11a527cea5202","_req_path":"[Gmail]/Sent Mail","facility":"wildduck","host":"Johns-MacBook-Pro-i9.local","timestamp":1758839104.336,"_component":"wildduck"}
http API 127.0.0.1 root [-/-] PUT /users/68d5c140abe11a527cea5200/mailboxes/68d5c140abe11a527cea5202 200 5ms
info Gelf {"short_message":"WILDDUCK HTTP [GET /users/:user/mailboxes] OK","_remote_ip":"127.0.0.1","_http_route":"/users/:user/mailboxes","_http_method":"GET","_user":"root","_role":"root","_api_response":"success","_size":1283,"_req_user":"68d5c140abe11a527cea5200","facility":"wildduck","host":"Johns-MacBook-Pro-i9.local","timestamp":1758839104.366,"_component":"wildduck"}
http API 127.0.0.1 root [-/-] GET /users/68d5c140abe11a527cea5200/mailboxes 200 9ms
info Gelf {"short_message":"WILDDUCK [QUOTA] +","_mail_action":"quota","_user":"68d5c140abe11a527cea5200","_inc":256,"_storage_used":256,"_mailbox":"68d5c140abe11a527cea5201","facility":"wildduck","host":"Johns-MacBook-Pro-i9.local","timestamp":1758839104.545,"_component":"wildduck"}
info Gelf {"short_message":"WILDDUCK HTTP [POST /users/:user/mailboxes/:mailbox/messages] OK","_remote_ip":"127.0.0.1","_http_route":"/users/:user/mailboxes/:mailbox/messages","_http_method":"POST","_user":"root","_role":"root","_api_response":"success","_size":114,"_req_user":"68d5c140abe11a527cea5200","_req_mailbox":"68d5c140abe11a527cea5201","_req_date":"14-Sep-2013 21:22:28 -0300","_req_unseen":"true","_req_raw":"<Buffer 66 72 6f 6d 3a 20 30 78 62 30 36 63 64 65 66 61 31 61 32 62 33 63 34 64 35 65 36 66 37 38 39 30 31 32 33 34 35 36 37 38 …","facility":"wildduck","host":"Johns-MacBook-Pro-i9.local","timestamp":1758839104.567,"_component":"wildduck"}
http API 127.0.0.1 root [-/-] POST /users/68d5c140abe11a527cea5200/mailboxes/68d5c140abe11a527cea5201/messages?date=14-Sep-2013%2021%3A22%3A28%20-0300&unseen=true 200 27ms
info Gelf {"short_message":"WILDDUCK [QUOTA] +","_mail_action":"quota","_user":"68d5c140abe11a527cea5200","_inc":21927,"_storage_used":22183,"_mailbox":"68d5c140abe11a527cea5201","facility":"wildduck","host":"Johns-MacBook-Pro-i9.local","timestamp":1758839104.632,"_component":"wildduck"}
info Gelf {"short_message":"WILDDUCK HTTP [POST /users/:user/mailboxes/:mailbox/messages] OK","_remote_ip":"127.0.0.1","_http_route":"/users/:user/mailboxes/:mailbox/messages","_http_method":"POST","_user":"root","_role":"root","_api_response":"success","_size":116,"_req_user":"68d5c140abe11a527cea5200","_req_mailbox":"68d5c140abe11a527cea5201","_req_unseen":"false","_req_raw":"<Buffer 53 75 62 6a 65 63 74 3a 20 52 79 61 6e 20 46 69 6e 6e 69 65 27 73 20 4d 49 4d 45 20 54 6f 72 74 75 72 65 20 54 65 73 74 …","facility":"wildduck","host":"Johns-MacBook-Pro-i9.local","timestamp":1758839104.639,"_component":"wildduck"}
http API 127.0.0.1 root [-/-] POST /users/68d5c140abe11a527cea5200/mailboxes/68d5c140abe11a527cea5201/messages?unseen=false 200 49ms
info Gelf {"short_message":"WILDDUCK [QUOTA] +","_mail_action":"quota","_user":"68d5c140abe11a527cea5200","_inc":1044,"_storage_used":23227,"_mailbox":"68d5c140abe11a527cea5201","facility":"wildduck","host":"Johns-MacBook-Pro-i9.local","timestamp":1758839104.672,"_component":"wildduck"}
info Gelf {"short_message":"WILDDUCK HTTP [POST /users/:user/mailboxes/:mailbox/messages] OK","_remote_ip":"127.0.0.1","_http_route":"/users/:user/mailboxes/:mailbox/messages","_http_method":"POST","_user":"root","_role":"root","_api_response":"success","_size":115,"_req_user":"68d5c140abe11a527cea5200","_req_mailbox":"68d5c140abe11a527cea5201","_req_unseen":"false","_req_raw":"<Buffer 4d 49 4d 45 2d 56 65 72 73 69 6f 6e 3a 20 31 2e 30 0d 0a 46 72 6f 6d 3a 20 30 78 36 62 31 37 65 66 61 62 31 61 32 62 33 …","facility":"wildduck","host":"Johns-MacBook-Pro-i9.local","timestamp":1758839104.677,"_component":"wildduck"}
http API 127.0.0.1 root [-/-] POST /users/68d5c140abe11a527cea5200/mailboxes/68d5c140abe11a527cea5201/messages?unseen=false 200 17ms
info Gelf {"short_message":"WILDDUCK [QUOTA] +","_mail_action":"quota","_user":"68d5c140abe11a527cea5200","_inc":264,"_storage_used":23491,"_mailbox":"68d5c140abe11a527cea5201","facility":"wildduck","host":"Johns-MacBook-Pro-i9.local","timestamp":1758839104.72,"_component":"wildduck"}
info Gelf {"short_message":"WILDDUCK HTTP [POST /users/:user/mailboxes/:mailbox/messages] OK","_remote_ip":"127.0.0.1","_http_route":"/users/:user/mailboxes/:mailbox/messages","_http_method":"POST","_user":"root","_role":"root","_api_response":"success","_size":114,"_req_user":"68d5c140abe11a527cea5200","_req_mailbox":"68d5c140abe11a527cea5201","_req_unseen":"true","_req_raw":"<Buffer 66 72 6f 6d 3a 20 30 78 62 30 36 63 64 65 66 61 31 61 32 62 33 63 34 64 35 65 36 66 37 38 39 30 31 32 33 34 35 36 37 38 …","facility":"wildduck","host":"Johns-MacBook-Pro-i9.local","timestamp":1758839104.726,"_component":"wildduck"}
http API 127.0.0.1 root [-/-] POST /users/68d5c140abe11a527cea5200/mailboxes/68d5c140abe11a527cea5201/messages?unseen=true 200 25ms
info Gelf {"short_message":"WILDDUCK [QUOTA] +","_mail_action":"quota","_user":"68d5c140abe11a527cea5200","_inc":178,"_storage_used":23669,"_mailbox":"68d5c140abe11a527cea5201","facility":"wildduck","host":"Johns-MacBook-Pro-i9.local","timestamp":1758839104.77,"_component":"wildduck"}
info Gelf {"short_message":"WILDDUCK HTTP [POST /users/:user/mailboxes/:mailbox/messages] OK","_remote_ip":"127.0.0.1","_http_route":"/users/:user/mailboxes/:mailbox/messages","_http_method":"POST","_user":"root","_role":"root","_api_response":"success","_size":114,"_req_user":"68d5c140abe11a527cea5200","_req_mailbox":"68d5c140abe11a527cea5201","_req_unseen":"true","_req_raw":"<Buffer 66 72 6f 6d 3a 20 30 78 62 30 36 63 64 65 66 61 31 61 32 62 33 63 34 64 35 65 36 66 37 38 39 30 31 32 33 34 35 36 37 38 …","facility":"wildduck","host":"Johns-MacBook-Pro-i9.local","timestamp":1758839104.776,"_component":"wildduck"}
http API 127.0.0.1 root [-/-] POST /users/68d5c140abe11a527cea5200/mailboxes/68d5c140abe11a527cea5201/messages?unseen=true 200 27ms
info Gelf {"short_message":"WILDDUCK [QUOTA] +","_mail_action":"quota","_user":"68d5c140abe11a527cea5200","_inc":178,"_storage_used":23847,"_mailbox":"68d5c140abe11a527cea5201","facility":"wildduck","host":"Johns-MacBook-Pro-i9.local","timestamp":1758839104.819,"_component":"wildduck"}
info Gelf {"short_message":"WILDDUCK HTTP [POST /users/:user/mailboxes/:mailbox/messages] OK","_remote_ip":"127.0.0.1","_http_route":"/users/:user/mailboxes/:mailbox/messages","_http_method":"POST","_user":"root","_role":"root","_api_response":"success","_size":114,"_req_user":"68d5c140abe11a527cea5200","_req_mailbox":"68d5c140abe11a527cea5201","_req_unseen":"true","_req_raw":"<Buffer 66 72 6f 6d 3a 20 30 78 62 30 36 63 64 65 66 61 31 61 32 62 33 63 34 64 35 65 36 66 37 38 39 30 31 32 33 34 35 36 37 38 …","facility":"wildduck","host":"Johns-MacBook-Pro-i9.local","timestamp":1758839104.824,"_component":"wildduck"}
http API 127.0.0.1 root [-/-] POST /users/68d5c140abe11a527cea5200/mailboxes/68d5c140abe11a527cea5201/messages?unseen=true 200 25ms
info IMAP [bgz5ifavs3ntq46q] Secure connection from [127.0.0.1] to Johns-MacBook-Pro-i9.local 127.0.0.1:9993
sill IMAP [bgz5ifavs3ntq46q] S: * OK WildDuck IMAP Server ready for requests from 127.0.0.1 bgz5ifavs3ntq46q
sill IMAP [bgz5ifavs3ntq46q] C: T1 LOGIN "(* value hidden *)" "(* value hidden *)"
verb Tasks Found task for processing id=68d5c13dabe11a527cea51fe
verb Tasks type=user-delete id=68d5c13dabe11a527cea51fe data={"user":"68d5c13aabe11a527cea51db"}
verb Tasks task=user-delete id=68d5c13dabe11a527cea51fe user=68d5c13aabe11a527cea51db message=Deleted 3 addresses from registry
verb Tasks task=user-delete id=68d5c13dabe11a527cea51fe user=68d5c13aabe11a527cea51db message=Marked 6 messages for deletion
verb
Tasks task=user-delete id=68d5c13dabe11a527cea51fe user=68d5c13aabe11a527cea51db message=Marked total of 6 messages for deletion
verb Tasks task=user-delete id=68d5c13dabe11a527cea51fe user=68d5c13aabe11a527cea51db message=Cleared user specific data
info Tasks Released task id=68d5c13dabe11a527cea51fe lock=47f8e7a9897198839573eb48
info Gelf {"short_message":"WILDDUCK [AUTHOK] 0x1a2b3c4d5e6f789012345678901234567890abcd","_mail_action":"auth","_auth_result":"success","_username":"0x1a2b3c4d5e6f789012345678901234567890abcd","_domain":"johns-macbook-pro-i9.local","_user":"68d5c140abe11a527cea5200","_password_type":"master","_scope":"imap","_ip":"127.0.0.1","_sess":"bgz5ifavs3ntq46q","facility":"wildduck","host":"Johns-MacBook-Pro-i9.local","timestamp":1758839105.518,"_component":"wildduck"}
info Gelf {"short_message":"WILDDUCK [CONNSTART] Connection established for 68d5c140abe11a527cea5200","_connection":"establish","_service":"imap","_sess":"bgz5ifavs3ntq46q","_user":"68d5c140abe11a527cea5200","_cid":"bgz5ifavs3ntq46q","_ip":"127.0.0.1","_limit":15,"facility":"wildduck","host":"Johns-MacBook-Pro-i9.local","timestamp":1758839105.519,"_component":"wildduck"}
info IMAP [bgz5ifavs3ntq46q] 0x1a2b3c4d5e6f789012345678901234567890abcd authenticated using LOGIN
sill IMAP [bgz5ifavs3ntq46q] New journal listener for 68d5c140abe11a527cea5200 (0x1a2b3c4d5e6f789012345678901234567890abcd)
sill IMAP [bgz5ifavs3ntq46q] S: * CAPABILITY IMAP4rev1 APPENDLIMIT=26214400 CHILDREN CONDSTORE ENABLE ID IDLE MOVE NAMESPACE QUOTA SPECIAL-USE UIDPLUS UNSELECT UTF8=ACCEPT XLIST
sill IMAP [bgz5ifavs3ntq46q] S: T1 OK 0x1a2b3c4d5e6f789012345678901234567890abcd authenticated
sill IMAP
[bgz5ifavs3ntq46q] C: T2 SELECT INBOX
sill IMAP [bgz5ifavs3ntq46q] Opening "INBOX"
sill IMAP [bgz5ifavs3ntq46q] S: * FLAGS (\Answered \Flagged \Draft \Deleted \Seen)
sill IMAP [bgz5ifavs3ntq46q] S: * OK [PERMANENTFLAGS (\Answered \Flagged \Draft \Deleted \Seen \*)] Flags permitted
sill IMAP [bgz5ifavs3ntq46q] S: * OK [UIDVALIDITY 1758839104] UIDs valid
sill IMAP [bgz5ifavs3ntq46q] S: * 6 EXISTS
sill IMAP [bgz5ifavs3ntq46q] S: * 0 RECENT
sill IMAP [bgz5ifavs3ntq46q] S: * OK [HIGHESTMODSEQ 5000] Highest
sill IMAP [bgz5ifavs3ntq46q] S: * OK [UIDNEXT 1000] Predicted next UID
sill IMAP [bgz5ifavs3ntq46q] S: T2 OK [READ-WRITE] SELECT completed
sill IMAP [bgz5ifavs3ntq46q] C: T3 UID STORE 1:* -FLAGS (\Seen MyFlag2)
sill IMAP [bgz5ifavs3ntq46q] Updating messages in "68d5c140abe11a527cea5201"
sill IMAP [bgz5ifavs3ntq46q] S: * 2 FETCH (UID 102 FLAGS ())
sill IMAP [bgz5ifavs3ntq46q] S: * 3 FETCH (UID 103 FLAGS ())
info Gelf {"short_message":"WILDDUCK [UID STORE]","_mail_action":"store","_user":"68d5c140abe11a527cea5200","_mailbox":"68d5c140abe11a527cea5201","_sess":"bgz5ifavs3ntq46q","_message_count":6,"_flags":"\\Seen, MyFlag2","_store_action":"remove","_response":true,"_message":"UID STORE completed","facility":"wildduck","host":"Johns-MacBook-Pro-i9.local","timestamp":1758839105.734,"_component":"wildduck"}
sill IMAP [bgz5ifavs3ntq46q] S: T3 OK UID STORE completed
sill IMAP [bgz5ifavs3ntq46q] C: T4 LOGOUT
sill IMAP
[bgz5ifavs3ntq46q] Removed journal listener from 68d5c140abe11a527cea5200 (0x1a2b3c4d5e6f789012345678901234567890abcd)
sill IMAP [bgz5ifavs3ntq46q] S: * BYE Logout requested
sill IMAP [bgz5ifavs3ntq46q] S: T4 OK The Wind Fish is watching...Hoot!
      ✔ should remove flags (561ms)
info Gelf {"short_message":"WILDDUCK [CONNRELEASE] Connection released for 68d5c140abe11a527cea5200","_connection":"release","_service":"imap","_sess":"bgz5ifavs3ntq46q","_user":"68d5c140abe11a527cea5200","_cid":"bgz5ifavs3ntq46q","_ip":"127.0.0.1","facility":"wildduck","host":"Johns-MacBook-Pro-i9.local","timestamp":1758839105.836,"_component":"wildduck"}
info IMAP [bgz5ifavs3ntq46q] Connection closed to [127.0.0.1]
info Gelf {"short_message":"WILDDUCK HTTP [GET /users] OK","_remote_ip":"127.0.0.1","_http_route":"/users","_http_method":"GET","_user":"root","_role":"root","_api_response":"success","_size":723,"facility":"wildduck","host":"Johns-MacBook-Pro-i9.local","timestamp":1758839106.495,"_component":"wildduck"}
http API
127.0.0.1 root [-/-] GET /users 200 4ms
info Gelf {"short_message":"WILDDUCK HTTP [GET /users] OK","_remote_ip":"127.0.0.1","_http_route":"/users","_http_method":"GET","_user":"root","_role":"root","_api_response":"success","_size":780,"_req_query":"0x1a2b3c4d5e6f789012345678901234567890abcd","facility":"wildduck","host":"Johns-MacBook-Pro-i9.local","timestamp":1758839106.522,"_component":"wildduck"}
http API 127.0.0.1 root [-/-] GET /users?query=0x1a2b3c4d5e6f789012345678901234567890abcd 200 4ms
verb Tasks Created task id=68d5c142abe11a527cea521f
info Gelf {"short_message":"WILDDUCK HTTP [DELETE /users/:user] OK","_remote_ip":"127.0.0.1","_http_route":"/users/:user","_http_method":"DELETE","_user":"root","_role":"root","_api_response":"success","_code":"TaskScheduled","_size":209,"_req_user":"68d5c140abe11a527cea5200","facility":"wildduck","host":"Johns-MacBook-Pro-i9.local","timestamp":1758839106.574,"_component":"wildduck"}
http API 127.0.0.1 root [-/-] DELETE /users/68d5c140abe11a527cea5200 200 19ms
verb Tasks Found task for processing id=68d5c142abe11a527cea521f
verb Tasks type=user-delete id=68d5c142abe11a527cea521f data={"user":"68d5c140abe11a527cea5200"}
verb Tasks task=user-delete id=68d5c142abe11a527cea521f user=68d5c140abe11a527cea5200 message=Deleted 3 addresses from registry
verb Tasks task=user-delete id=68d5c142abe11a527cea521f user=68d5c140abe11a527cea5200 message=Marked 6 messages for deletion
verb Tasks task=user-delete id=68d5c142abe11a527cea521f user=68d5c140abe11a527cea5200 message=Marked total of 6 messages for deletion
verb Tasks
task=user-delete id=68d5c142abe11a527cea521f user=68d5c140abe11a527cea5200 message=Cleared user specific data
info Tasks Released task id=68d5c142abe11a527cea521f lock=02d130c26d7a7a725d3ea6c5
info Gelf {"short_message":"WILDDUCK HTTP [POST /authenticate] OK","_remote_ip":"127.0.0.1","_http_route":"/authenticate","_http_method":"POST","_user":"root","_role":"root","_api_response":"success","_size":334,"_req_username":"0x1a2b3c4d5e6f789012345678901234567890abcd","_req_password":"***","_req_token":"true","_res_id":"68d5c145abe11a527cea5222","facility":"wildduck","host":"Johns-MacBook-Pro-i9.local","timestamp":1758839109.148,"_component":"wildduck"}
http API 127.0.0.1 root [-/-] POST /authenticate 200 150ms
info Gelf
{"short_message":"WILDDUCK HTTP [GET /users] OK","_remote_ip":"127.0.0.1","_http_route":"/users","_http_method":"GET","_user":"root","_role":"root","_api_response":"success","_size":776,"_req_query":"0x1a2b3c4d5e6f789012345678901234567890abcd","facility":"wildduck","host":"Johns-MacBook-Pro-i9.local","timestamp":1758839109.187,"_component":"wildduck"}
http API 127.0.0.1 root [-/-] GET /users?query=0x1a2b3c4d5e6f789012345678901234567890abcd 200 5ms
info Gelf {"short_message":"WILDDUCK HTTP [GET /users/:user/mailboxes] OK","_remote_ip":"127.0.0.1","_http_route":"/users/:user/mailboxes","_http_method":"GET","_user":"root","_role":"root","_api_response":"success","_size":1275,"_req_user":"68d5c145abe11a527cea5222","facility":"wildduck","host":"Johns-MacBook-Pro-i9.local","timestamp":1758839109.222,"_component":"wildduck"}
http API 127.0.0.1 root [-/-] GET /users/68d5c145abe11a527cea5222/mailboxes 200 3ms
info Gelf {"short_message":"WILDDUCK HTTP [PUT /users/:user/mailboxes/:mailbox] OK","_remote_ip":"127.0.0.1","_http_route":"/users/:user/mailboxes/:mailbox","_http_method":"PUT","_user":"root","_role":"root","_api_response":"success","_size":22,"_req_user":"68d5c145abe11a527cea5222","_req_mailbox":"68d5c145abe11a527cea5224","_req_path":"[Gmail]/Sent Mail","facility":"wildduck","host":"Johns-MacBook-Pro-i9.local","timestamp":1758839109.283,"_component":"wildduck"}
http API 127.0.0.1 root [-/-] PUT /users/68d5c145abe11a527cea5222/mailboxes/68d5c145abe11a527cea5224 200 5ms
info Gelf {"short_message":"WILDDUCK HTTP [GET /users/:user/mailboxes] OK","_remote_ip":"127.0.0.1","_http_route":"/users/:user/mailboxes","_http_method":"GET","_user":"root","_role":"root","_api_response":"success","_size":1283,"_req_user":"68d5c145abe11a527cea5222","facility":"wildduck","host":"Johns-MacBook-Pro-i9.local","timestamp":1758839109.317,"_component":"wildduck"}
http API 127.0.0.1 root [-/-] GET /users/68d5c145abe11a527cea5222/mailboxes 200 12ms
info Gelf {"short_message":"WILDDUCK [QUOTA] +","_mail_action":"quota","_user":"68d5c145abe11a527cea5222","_inc":256,"_storage_used":256,"_mailbox":"68d5c145abe11a527cea5223","facility":"wildduck","host":"Johns-MacBook-Pro-i9.local","timestamp":1758839109.516,"_component":"wildduck"}
info Gelf {"short_message":"WILDDUCK HTTP [POST /users/:user/mailboxes/:mailbox/messages] OK","_remote_ip":"127.0.0.1","_http_route":"/users/:user/mailboxes/:mailbox/messages","_http_method":"POST","_user":"root","_role":"root","_api_response":"success","_size":114,"_req_user":"68d5c145abe11a527cea5222","_req_mailbox":"68d5c145abe11a527cea5223","_req_date":"14-Sep-2013 21:22:28 -0300","_req_unseen":"true","_req_raw":"<Buffer 66 72 6f 6d 3a 20 30 78 62 30 36 63 64 65 66 61 31 61 32 62 33 63 34 64 35 65 36 66 37 38 39 30 31 32 33 34 35 36 37 38 …","facility":"wildduck","host":"Johns-MacBook-Pro-i9.local","timestamp":1758839109.521,"_component":"wildduck"}
http API 127.0.0.1 root [-/-] POST /users/68d5c145abe11a527cea5222/mailboxes/68d5c145abe11a527cea5223/messages?date=14-Sep-2013%2021%3A22%3A28%20-0300&unseen=true 200 26ms
info Gelf {"short_message":"WILDDUCK [QUOTA] +","_mail_action":"quota","_user":"68d5c145abe11a527cea5222","_inc":21927,"_storage_used":22183,"_mailbox":"68d5c145abe11a527cea5223","facility":"wildduck","host":"Johns-MacBook-Pro-i9.local","timestamp":1758839109.583,"_component":"wildduck"}
info Gelf {"short_message":"WILDDUCK HTTP [POST /users/:user/mailboxes/:mailbox/messages] OK","_remote_ip":"127.0.0.1","_http_route":"/users/:user/mailboxes/:mailbox/messages","_http_method":"POST","_user":"root","_role":"root","_api_response":"success","_size":116,"_req_user":"68d5c145abe11a527cea5222","_req_mailbox":"68d5c145abe11a527cea5223","_req_unseen":"false","_req_raw":"<Buffer 53 75 62 6a 65 63 74 3a 20 52 79 61 6e 20 46 69 6e 6e 69 65 27 73 20 4d 49 4d 45 20 54 6f 72 74 75 72 65 20 54 65 73 74 …","facility":"wildduck","host":"Johns-MacBook-Pro-i9.local","timestamp":1758839109.591,"_component":"wildduck"}
http API
127.0.0.1 root [-/-] POST /users/68d5c145abe11a527cea5222/mailboxes/68d5c145abe11a527cea5223/messages?unseen=false 200 47ms
info Gelf {"short_message":"WILDDUCK [QUOTA] +","_mail_action":"quota","_user":"68d5c145abe11a527cea5222","_inc":1044,"_storage_used":23227,"_mailbox":"68d5c145abe11a527cea5223","facility":"wildduck","host":"Johns-MacBook-Pro-i9.local","timestamp":1758839109.622,"_component":"wildduck"}
info Gelf {"short_message":"WILDDUCK HTTP [POST /users/:user/mailboxes/:mailbox/messages] OK","_remote_ip":"127.0.0.1","_http_route":"/users/:user/mailboxes/:mailbox/messages","_http_method":"POST","_user":"root","_role":"root","_api_response":"success","_size":115,"_req_user":"68d5c145abe11a527cea5222","_req_mailbox":"68d5c145abe11a527cea5223","_req_unseen":"false","_req_raw":"<Buffer 4d 49 4d 45 2d 56 65 72 73 69 6f 6e 3a 20 31 2e 30 0d 0a 46 72 6f 6d 3a 20 30 78 36 62 31 37 65 66 61 62 31 61 32 62 33 …","facility":"wildduck","host":"Johns-MacBook-Pro-i9.local","timestamp":1758839109.627,"_component":"wildduck"}
http API 127.0.0.1 root [-/-] POST /users/68d5c145abe11a527cea5222/mailboxes/68d5c145abe11a527cea5223/messages?unseen=false 200 14ms
info Gelf {"short_message":"WILDDUCK [QUOTA] +","_mail_action":"quota","_user":"68d5c145abe11a527cea5222","_inc":264,"_storage_used":23491,"_mailbox":"68d5c145abe11a527cea5223","facility":"wildduck","host":"Johns-MacBook-Pro-i9.local","timestamp":1758839109.669,"_component":"wildduck"}
info Gelf {"short_message":"WILDDUCK HTTP [POST /users/:user/mailboxes/:mailbox/messages] OK","_remote_ip":"127.0.0.1","_http_route":"/users/:user/mailboxes/:mailbox/messages","_http_method":"POST","_user":"root","_role":"root","_api_response":"success","_size":114,"_req_user":"68d5c145abe11a527cea5222","_req_mailbox":"68d5c145abe11a527cea5223","_req_unseen":"true","_req_raw":"<Buffer 66 72 6f 6d 3a 20 30 78 62 30 36 63 64 65 66 61 31 61 32 62 33 63 34 64 35 65 36 66 37 38 39 30 31 32 33 34 35 36 37 38 …","facility":"wildduck","host":"Johns-MacBook-Pro-i9.local","timestamp":1758839109.675,"_component":"wildduck"}
http API 127.0.0.1 root [-/-] POST /users/68d5c145abe11a527cea5222/mailboxes/68d5c145abe11a527cea5223/messages?unseen=true 200 25ms
info Gelf {"short_message":"WILDDUCK [QUOTA] +","_mail_action":"quota","_user":"68d5c145abe11a527cea5222","_inc":178,"_storage_used":23669,"_mailbox":"68d5c145abe11a527cea5223","facility":"wildduck","host":"Johns-MacBook-Pro-i9.local","timestamp":1758839109.719,"_component":"wildduck"}
info Gelf {"short_message":"WILDDUCK HTTP [POST /users/:user/mailboxes/:mailbox/messages] OK","_remote_ip":"127.0.0.1","_http_route":"/users/:user/mailboxes/:mailbox/messages","_http_method":"POST","_user":"root","_role":"root","_api_response":"success","_size":114,"_req_user":"68d5c145abe11a527cea5222","_req_mailbox":"68d5c145abe11a527cea5223","_req_unseen":"true","_req_raw":"<Buffer 66 72 6f 6d 3a 20 30 78 62 30 36 63 64 65 66 61 31 61 32 62 33 63 34 64 35 65 36 66 37 38 39 30 31 32 33 34 35 36 37 38 …","facility":"wildduck","host":"Johns-MacBook-Pro-i9.local","timestamp":1758839109.724,"_component":"wildduck"}
http API 127.0.0.1 root [-/-] POST /users/68d5c145abe11a527cea5222/mailboxes/68d5c145abe11a527cea5223/messages?unseen=true 200 27ms
info Gelf {"short_message":"WILDDUCK [QUOTA] +","_mail_action":"quota","_user":"68d5c145abe11a527cea5222","_inc":178,"_storage_used":23847,"_mailbox":"68d5c145abe11a527cea5223","facility":"wildduck","host":"Johns-MacBook-Pro-i9.local","timestamp":1758839109.766,"_component":"wildduck"}
info Gelf {"short_message":"WILDDUCK HTTP [POST /users/:user/mailboxes/:mailbox/messages] OK","_remote_ip":"127.0.0.1","_http_route":"/users/:user/mailboxes/:mailbox/messages","_http_method":"POST","_user":"root","_role":"root","_api_response":"success","_size":114,"_req_user":"68d5c145abe11a527cea5222","_req_mailbox":"68d5c145abe11a527cea5223","_req_unseen":"true","_req_raw":"<Buffer 66 72 6f 6d 3a 20 30 78 62 30 36 63 64 65 66 61 31 61 32 62 33 63 34 64 35 65 36 66 37 38 39 30 31 32 33 34 35 36 37 38 …","facility":"wildduck","host":"Johns-MacBook-Pro-i9.local","timestamp":1758839109.771,"_component":"wildduck"}
http API 127.0.0.1 root [-/-] POST /users/68d5c145abe11a527cea5222/mailboxes/68d5c145abe11a527cea5223/messages?unseen=true 200 25ms
info IMAP [atnkmydmv5vuyvkv] Secure connection from [127.0.0.1] to Johns-MacBook-Pro-i9.local 127.0.0.1:9993
sill IMAP [atnkmydmv5vuyvkv] S: * OK WildDuck IMAP Server ready for requests from 127.0.0.1 atnkmydmv5vuyvkv
sill IMAP [atnkmydmv5vuyvkv] C: T1 LOGIN "(* value hidden *)" "(* value hidden *)"
info Gelf {"short_message":"WILDDUCK [AUTHOK] 0x1a2b3c4d5e6f789012345678901234567890abcd","_mail_action":"auth","_auth_result":"success","_username":"0x1a2b3c4d5e6f789012345678901234567890abcd","_domain":"johns-macbook-pro-i9.local","_user":"68d5c145abe11a527cea5222","_password_type":"master","_scope":"imap","_ip":"127.0.0.1","_sess":"atnkmydmv5vuyvkv","facility":"wildduck","host":"Johns-MacBook-Pro-i9.local","timestamp":1758839110.368,"_component":"wildduck"}
info Gelf {"short_message":"WILDDUCK [CONNSTART] Connection established for 68d5c145abe11a527cea5222","_connection":"establish","_service":"imap","_sess":"atnkmydmv5vuyvkv","_user":"68d5c145abe11a527cea5222","_cid":"atnkmydmv5vuyvkv","_ip":"127.0.0.1","_limit":15,"facility":"wildduck","host":"Johns-MacBook-Pro-i9.local","timestamp":1758839110.369,"_component":"wildduck"}
info IMAP [atnkmydmv5vuyvkv] 0x1a2b3c4d5e6f789012345678901234567890abcd authenticated using LOGIN
sill IMAP [atnkmydmv5vuyvkv] New journal listener for 68d5c145abe11a527cea5222 (0x1a2b3c4d5e6f789012345678901234567890abcd)
sill IMAP [atnkmydmv5vuyvkv] S: * CAPABILITY IMAP4rev1 APPENDLIMIT=26214400 CHILDREN CONDSTORE ENABLE ID IDLE MOVE NAMESPACE QUOTA SPECIAL-USE UIDPLUS UNSELECT UTF8=ACCEPT XLIST
sill IMAP [atnkmydmv5vuyvkv] S: T1 OK 0x1a2b3c4d5e6f789012345678901234567890abcd authenticated
sill IMAP [atnkmydmv5vuyvkv] C: T2 SELECT INBOX
sill IMAP [atnkmydmv5vuyvkv] Opening "INBOX"
sill IMAP [atnkmydmv5vuyvkv] S: * FLAGS (\Answered \Flagged \Draft \Deleted \Seen)
sill IMAP [atnkmydmv5vuyvkv] S: * OK [PERMANENTFLAGS (\Answered \Flagged \Draft \Deleted \Seen \*)] Flags permitted
sill IMAP [atnkmydmv5vuyvkv] S: * OK [UIDVALIDITY 1758839109] UIDs valid
sill IMAP [atnkmydmv5vuyvkv] S: * 6 EXISTS
sill IMAP [atnkmydmv5vuyvkv] S: * 0 RECENT
sill IMAP [atnkmydmv5vuyvkv] S: * OK [HIGHESTMODSEQ 5000] Highest
sill IMAP [atnkmydmv5vuyvkv] S: * OK [UIDNEXT 1000] Predicted next UID
sill IMAP [atnkmydmv5vuyvkv] S: T2 OK [READ-WRITE] SELECT completed
sill IMAP [atnkmydmv5vuyvkv] C: T3 UID STORE 1:* (UNCHANGEDSINCE 99) FLAGS (MyFlag1 MyFlag2)
sill IMAP [atnkmydmv5vuyvkv] Updating messages in "68d5c145abe11a527cea5223"
sill IMAP [atnkmydmv5vuyvkv] S: * 3 FETCH (UID 103 FLAGS (MyFlag1 MyFlag2) MODSEQ (5001))
sill IMAP [atnkmydmv5vuyvkv] S: * 4 FETCH (UID 104 FLAGS (MyFlag1 MyFlag2) MODSEQ (5001))
sill IMAP
[atnkmydmv5vuyvkv] S: * 5 FETCH (UID 105 FLAGS (MyFlag1 MyFlag2) MODSEQ (5001))
sill
IMAP [atnkmydmv5vuyvkv] S: * 6 FETCH (UID 106 FLAGS (MyFlag1 MyFlag2) MODSEQ (5001))
info Gelf {"short_message":"WILDDUCK [UID STORE]","_mail_action":"store","_user":"68d5c145abe11a527cea5222","_mailbox":"68d5c145abe11a527cea5223","_sess":"atnkmydmv5vuyvkv","_message_count":6,"_flags":"MyFlag1, MyFlag2","_store_action":"set","_modseq":99,"_modified":2,"_response":true,"_message":"Conditional UID STORE failed","facility":"wildduck","host":"Johns-MacBook-Pro-i9.local","timestamp":1758839110.584,"_component":"wildduck"}
sill IMAP [atnkmydmv5vuyvkv] S: T3 OK [MODIFIED 101:102] Conditional UID STORE failed
sill IMAP [atnkmydmv5vuyvkv] C: T4 LOGOUT
sill IMAP [atnkmydmv5vuyvkv] Removed journal listener from 68d5c145abe11a527cea5222 (0x1a2b3c4d5e6f789012345678901234567890abcd)
sill IMAP
[atnkmydmv5vuyvkv] S: * BYE Logout requested
sill IMAP [atnkmydmv5vuyvkv] S: T4 OK Whew! What a surprise!
      ✔ should set some flags with modifier (561ms)
info Gelf {"short_message":"WILDDUCK [CONNRELEASE] Connection released for 68d5c145abe11a527cea5222","_connection":"release","_service":"imap","_sess":"atnkmydmv5vuyvkv","_user":"68d5c145abe11a527cea5222","_cid":"atnkmydmv5vuyvkv","_ip":"127.0.0.1","facility":"wildduck","host":"Johns-MacBook-Pro-i9.local","timestamp":1758839110.685,"_component":"wildduck"}
info IMAP [atnkmydmv5vuyvkv] Connection closed to [127.0.0.1]
info Gelf {"short_message":"WILDDUCK HTTP [GET /users] OK","_remote_ip":"127.0.0.1","_http_route":"/users","_http_method":"GET","_user":"root","_role":"root","_api_response":"success","_size":723,"facility":"wildduck","host":"Johns-MacBook-Pro-i9.local","timestamp":1758839111.391,"_component":"wildduck"}
http API 127.0.0.1 root [-/-] GET /users 200 4ms
info Gelf {"short_message":"WILDDUCK HTTP [GET /users] OK","_remote_ip":"127.0.0.1","_http_route":"/users","_http_method":"GET","_user":"root","_role":"root","_api_response":"success","_size":780,"_req_query":"0x1a2b3c4d5e6f789012345678901234567890abcd","facility":"wildduck","host":"Johns-MacBook-Pro-i9.local","timestamp":1758839111.418,"_component":"wildduck"}
http API 127.0.0.1 root [-/-] GET /users?query=0x1a2b3c4d5e6f789012345678901234567890abcd 200 5ms
verb Tasks Created task id=68d5c147abe11a527cea5242
info Gelf {"short_message":"WILDDUCK HTTP [DELETE /users/:user] OK","_remote_ip":"127.0.0.1","_http_route":"/users/:user","_http_method":"DELETE","_user":"root","_role":"root","_api_response":"success","_code":"TaskScheduled","_size":209,"_req_user":"68d5c145abe11a527cea5222","facility":"wildduck","host":"Johns-MacBook-Pro-i9.local","timestamp":1758839111.473,"_component":"wildduck"}
http API 127.0.0.1 root [-/-] DELETE /users/68d5c145abe11a527cea5222 200 20ms
verb Tasks Found task for processing id=68d5c147abe11a527cea5242
verb Tasks type=user-delete id=68d5c147abe11a527cea5242 data={"user":"68d5c145abe11a527cea5222"}
verb Tasks task=user-delete id=68d5c147abe11a527cea5242 user=68d5c145abe11a527cea5222 message=Deleted 3 addresses from registry
verb Tasks task=user-delete id=68d5c147abe11a527cea5242 user=68d5c145abe11a527cea5222 message=Marked 6 messages for deletion
verb
Tasks task=user-delete id=68d5c147abe11a527cea5242 user=68d5c145abe11a527cea5222 message=Marked total of 6 messages for deletion
verb Tasks task=user-delete id=68d5c147abe11a527cea5242 user=68d5c145abe11a527cea5222 message=Cleared user specific data
info Tasks Released task id=68d5c147abe11a527cea5242 lock=571fc4c29ef8180c3cd7032f
info Gelf {"short_message":"WILDDUCK HTTP [POST /authenticate] OK","_remote_ip":"127.0.0.1","_http_route":"/authenticate","_http_method":"POST","_user":"root","_role":"root","_api_response":"success","_size":334,"_req_username":"0x1a2b3c4d5e6f789012345678901234567890abcd","_req_password":"***","_req_token":"true","_res_id":"68d5c14aabe11a527cea5245","facility":"wildduck","host":"Johns-MacBook-Pro-i9.local","timestamp":1758839114.049,"_component":"wildduck"}
http API 127.0.0.1 root [-/-] POST /authenticate 200 133ms
info Gelf {"short_message":"WILDDUCK HTTP [GET /users] OK","_remote_ip":"127.0.0.1","_http_route":"/users","_http_method":"GET","_user":"root","_role":"root","_api_response":"success","_size":776,"_req_query":"0x1a2b3c4d5e6f789012345678901234567890abcd","facility":"wildduck","host":"Johns-MacBook-Pro-i9.local","timestamp":1758839114.088,"_component":"wildduck"}
http API 127.0.0.1 root [-/-] GET /users?query=0x1a2b3c4d5e6f789012345678901234567890abcd 200 4ms
info Gelf {"short_message":"WILDDUCK HTTP [GET /users/:user/mailboxes] OK","_remote_ip":"127.0.0.1","_http_route":"/users/:user/mailboxes","_http_method":"GET","_user":"root","_role":"root","_api_response":"success","_size":1275,"_req_user":"68d5c14aabe11a527cea5245","facility":"wildduck","host":"Johns-MacBook-Pro-i9.local","timestamp":1758839114.125,"_component":"wildduck"}
http API 127.0.0.1 root [-/-] GET /users/68d5c14aabe11a527cea5245/mailboxes 200 2ms
info Gelf {"short_message":"WILDDUCK HTTP [PUT /users/:user/mailboxes/:mailbox] OK","_remote_ip":"127.0.0.1","_http_route":"/users/:user/mailboxes/:mailbox","_http_method":"PUT","_user":"root","_role":"root","_api_response":"success","_size":22,"_req_user":"68d5c14aabe11a527cea5245","_req_mailbox":"68d5c14aabe11a527cea5247","_req_path":"[Gmail]/Sent Mail","facility":"wildduck","host":"Johns-MacBook-Pro-i9.local","timestamp":1758839114.185,"_component":"wildduck"}
http API 127.0.0.1 root [-/-] PUT /users/68d5c14aabe11a527cea5245/mailboxes/68d5c14aabe11a527cea5247 200 5ms
info Gelf {"short_message":"WILDDUCK HTTP [GET /users/:user/mailboxes] OK","_remote_ip":"127.0.0.1","_http_route":"/users/:user/mailboxes","_http_method":"GET","_user":"root","_role":"root","_api_response":"success","_size":1283,"_req_user":"68d5c14aabe11a527cea5245","facility":"wildduck","host":"Johns-MacBook-Pro-i9.local","timestamp":1758839114.217,"_component":"wildduck"}
http API 127.0.0.1 root [-/-] GET /users/68d5c14aabe11a527cea5245/mailboxes 200 10ms
info Gelf {"short_message":"WILDDUCK [QUOTA] +","_mail_action":"quota","_user":"68d5c14aabe11a527cea5245","_inc":256,"_storage_used":256,"_mailbox":"68d5c14aabe11a527cea5246","facility":"wildduck","host":"Johns-MacBook-Pro-i9.local","timestamp":1758839114.37,"_component":"wildduck"}
info Gelf {"short_message":"WILDDUCK HTTP [POST /users/:user/mailboxes/:mailbox/messages] OK","_remote_ip":"127.0.0.1","_http_route":"/users/:user/mailboxes/:mailbox/messages","_http_method":"POST","_user":"root","_role":"root","_api_response":"success","_size":114,"_req_user":"68d5c14aabe11a527cea5245","_req_mailbox":"68d5c14aabe11a527cea5246","_req_date":"14-Sep-2013 21:22:28 -0300","_req_unseen":"true","_req_raw":"<Buffer 66 72 6f 6d 3a 20 30 78 62 30 36 63 64 65 66 61 31 61 32 62 33 63 34 64 35 65 36 66 37 38 39 30 31 32 33 34 35 36 37 38 …","facility":"wildduck","host":"Johns-MacBook-Pro-i9.local","timestamp":1758839114.526,"_component":"wildduck"}
http API 127.0.0.1 root [-/-] POST /users/68d5c14aabe11a527cea5245/mailboxes/68d5c14aabe11a527cea5246/messages?date=14-Sep-2013%2021%3A22%3A28%20-0300&unseen=true 200 170ms
info Gelf {"short_message":"WILDDUCK [QUOTA] +","_mail_action":"quota","_user":"68d5c14aabe11a527cea5245","_inc":21927,"_storage_used":22183,"_mailbox":"68d5c14aabe11a527cea5246","facility":"wildduck","host":"Johns-MacBook-Pro-i9.local","timestamp":1758839114.592,"_component":"wildduck"}
info Gelf {"short_message":"WILDDUCK HTTP [POST /users/:user/mailboxes/:mailbox/messages] OK","_remote_ip":"127.0.0.1","_http_route":"/users/:user/mailboxes/:mailbox/messages","_http_method":"POST","_user":"root","_role":"root","_api_response":"success","_size":116,"_req_user":"68d5c14aabe11a527cea5245","_req_mailbox":"68d5c14aabe11a527cea5246","_req_unseen":"false","_req_raw":"<Buffer 53 75 62 6a 65 63 74 3a 20 52 79 61 6e 20 46 69 6e 6e 69 65 27 73 20 4d 49 4d 45 20 54 6f 72 74 75 72 65 20 54 65 73 74 …","facility":"wildduck","host":"Johns-MacBook-Pro-i9.local","timestamp":1758839114.599,"_component":"wildduck"}
http API
127.0.0.1 root [-/-] POST /users/68d5c14aabe11a527cea5245/mailboxes/68d5c14aabe11a527cea5246/messages?unseen=false 200 49ms
info Gelf {"short_message":"WILDDUCK [QUOTA] +","_mail_action":"quota","_user":"68d5c14aabe11a527cea5245","_inc":1044,"_storage_used":23227,"_mailbox":"68d5c14aabe11a527cea5246","facility":"wildduck","host":"Johns-MacBook-Pro-i9.local","timestamp":1758839114.63,"_component":"wildduck"}
info Gelf {"short_message":"WILDDUCK HTTP [POST /users/:user/mailboxes/:mailbox/messages] OK","_remote_ip":"127.0.0.1","_http_route":"/users/:user/mailboxes/:mailbox/messages","_http_method":"POST","_user":"root","_role":"root","_api_response":"success","_size":115,"_req_user":"68d5c14aabe11a527cea5245","_req_mailbox":"68d5c14aabe11a527cea5246","_req_unseen":"false","_req_raw":"<Buffer 4d 49 4d 45 2d 56 65 72 73 69 6f 6e 3a 20 31 2e 30 0d 0a 46 72 6f 6d 3a 20 30 78 36 62 31 37 65 66 61 62 31 61 32 62 33 …","facility":"wildduck","host":"Johns-MacBook-Pro-i9.local","timestamp":1758839114.635,"_component":"wildduck"}
http API 127.0.0.1 root [-/-] POST /users/68d5c14aabe11a527cea5245/mailboxes/68d5c14aabe11a527cea5246/messages?unseen=false 200 14ms
info Gelf {"short_message":"WILDDUCK [QUOTA] +","_mail_action":"quota","_user":"68d5c14aabe11a527cea5245","_inc":264,"_storage_used":23491,"_mailbox":"68d5c14aabe11a527cea5246","facility":"wildduck","host":"Johns-MacBook-Pro-i9.local","timestamp":1758839114.671,"_component":"wildduck"}
info Gelf {"short_message":"WILDDUCK HTTP [POST /users/:user/mailboxes/:mailbox/messages] OK","_remote_ip":"127.0.0.1","_http_route":"/users/:user/mailboxes/:mailbox/messages","_http_method":"POST","_user":"root","_role":"root","_api_response":"success","_size":114,"_req_user":"68d5c14aabe11a527cea5245","_req_mailbox":"68d5c14aabe11a527cea5246","_req_unseen":"true","_req_raw":"<Buffer 66 72 6f 6d 3a 20 30 78 62 30 36 63 64 65 66 61 31 61 32 62 33 63 34 64 35 65 36 66 37 38 39 30 31 32 33 34 35 36 37 38 …","facility":"wildduck","host":"Johns-MacBook-Pro-i9.local","timestamp":1758839114.676,"_component":"wildduck"}
http API 127.0.0.1 root [-/-] POST /users/68d5c14aabe11a527cea5245/mailboxes/68d5c14aabe11a527cea5246/messages?unseen=true 200 17ms
info Gelf {"short_message":"WILDDUCK [QUOTA] +","_mail_action":"quota","_user":"68d5c14aabe11a527cea5245","_inc":178,"_storage_used":23669,"_mailbox":"68d5c14aabe11a527cea5246","facility":"wildduck","host":"Johns-MacBook-Pro-i9.local","timestamp":1758839114.72,"_component":"wildduck"}
info Gelf {"short_message":"WILDDUCK HTTP [POST /users/:user/mailboxes/:mailbox/messages] OK","_remote_ip":"127.0.0.1","_http_route":"/users/:user/mailboxes/:mailbox/messages","_http_method":"POST","_user":"root","_role":"root","_api_response":"success","_size":114,"_req_user":"68d5c14aabe11a527cea5245","_req_mailbox":"68d5c14aabe11a527cea5246","_req_unseen":"true","_req_raw":"<Buffer 66 72 6f 6d 3a 20 30 78 62 30 36 63 64 65 66 61 31 61 32 62 33 63 34 64 35 65 36 66 37 38 39 30 31 32 33 34 35 36 37 38 …","facility":"wildduck","host":"Johns-MacBook-Pro-i9.local","timestamp":1758839114.725,"_component":"wildduck"}
http API 127.0.0.1 root [-/-] POST /users/68d5c14aabe11a527cea5245/mailboxes/68d5c14aabe11a527cea5246/messages?unseen=true 200 26ms
info Gelf {"short_message":"WILDDUCK [QUOTA] +","_mail_action":"quota","_user":"68d5c14aabe11a527cea5245","_inc":178,"_storage_used":23847,"_mailbox":"68d5c14aabe11a527cea5246","facility":"wildduck","host":"Johns-MacBook-Pro-i9.local","timestamp":1758839114.77,"_component":"wildduck"}
info Gelf {"short_message":"WILDDUCK HTTP [POST /users/:user/mailboxes/:mailbox/messages] OK","_remote_ip":"127.0.0.1","_http_route":"/users/:user/mailboxes/:mailbox/messages","_http_method":"POST","_user":"root","_role":"root","_api_response":"success","_size":114,"_req_user":"68d5c14aabe11a527cea5245","_req_mailbox":"68d5c14aabe11a527cea5246","_req_unseen":"true","_req_raw":"<Buffer 66 72 6f 6d 3a 20 30 78 62 30 36 63 64 65 66 61 31 61 32 62 33 63 34 64 35 65 36 66 37 38 39 30 31 32 33 34 35 36 37 38 …","facility":"wildduck","host":"Johns-MacBook-Pro-i9.local","timestamp":1758839114.775,"_component":"wildduck"}
http API 127.0.0.1 root [-/-] POST /users/68d5c14aabe11a527cea5245/mailboxes/68d5c14aabe11a527cea5246/messages?unseen=true 200 28ms
info IMAP [l27ei7xozbsssw2u] Secure connection from [127.0.0.1] to Johns-MacBook-Pro-i9.local 127.0.0.1:9993
sill IMAP [l27ei7xozbsssw2u] S: * OK WildDuck IMAP Server ready for requests from 127.0.0.1 l27ei7xozbsssw2u
sill IMAP [l27ei7xozbsssw2u] C: T1 LOGIN "(* value hidden *)" "(* value hidden *)"
info Gelf {"short_message":"WILDDUCK [AUTHOK] 0x1a2b3c4d5e6f789012345678901234567890abcd","_mail_action":"auth","_auth_result":"success","_username":"0x1a2b3c4d5e6f789012345678901234567890abcd","_domain":"johns-macbook-pro-i9.local","_user":"68d5c14aabe11a527cea5245","_password_type":"master","_scope":"imap","_ip":"127.0.0.1","_sess":"l27ei7xozbsssw2u","facility":"wildduck","host":"Johns-MacBook-Pro-i9.local","timestamp":1758839115.39,"_component":"wildduck"}
info Gelf {"short_message":"WILDDUCK [CONNSTART] Connection established for 68d5c14aabe11a527cea5245","_connection":"establish","_service":"imap","_sess":"l27ei7xozbsssw2u","_user":"68d5c14aabe11a527cea5245","_cid":"l27ei7xozbsssw2u","_ip":"127.0.0.1","_limit":15,"facility":"wildduck","host":"Johns-MacBook-Pro-i9.local","timestamp":1758839115.392,"_component":"wildduck"}
info IMAP [l27ei7xozbsssw2u] 0x1a2b3c4d5e6f789012345678901234567890abcd authenticated using LOGIN
sill IMAP [l27ei7xozbsssw2u] New journal listener for 68d5c14aabe11a527cea5245 (0x1a2b3c4d5e6f789012345678901234567890abcd)
sill IMAP [l27ei7xozbsssw2u] S: * CAPABILITY IMAP4rev1 APPENDLIMIT=26214400 CHILDREN CONDSTORE ENABLE ID IDLE MOVE NAMESPACE QUOTA SPECIAL-USE UIDPLUS UNSELECT UTF8=ACCEPT XLIST
sill IMAP [l27ei7xozbsssw2u] S: T1 OK 0x1a2b3c4d5e6f789012345678901234567890abcd authenticated
sill IMAP [l27ei7xozbsssw2u] C: T2 SELECT INBOX
sill IMAP [l27ei7xozbsssw2u] Opening "INBOX"
sill IMAP [l27ei7xozbsssw2u] S: * FLAGS (\Answered \Flagged \Draft \Deleted \Seen)
sill IMAP [l27ei7xozbsssw2u] S: * OK [PERMANENTFLAGS (\Answered \Flagged \Draft \Deleted \Seen \*)] Flags permitted
sill IMAP [l27ei7xozbsssw2u] S: * OK [UIDVALIDITY 1758839114] UIDs valid
sill IMAP [l27ei7xozbsssw2u] S: * 6 EXISTS
sill IMAP [l27ei7xozbsssw2u] S: * 0 RECENT
sill IMAP [l27ei7xozbsssw2u] S: * OK [HIGHESTMODSEQ 5000] Highest
sill IMAP [l27ei7xozbsssw2u] S: * OK [UIDNEXT 1000] Predicted next UID
sill IMAP [l27ei7xozbsssw2u] S: T2 OK [READ-WRITE] SELECT completed
sill IMAP [l27ei7xozbsssw2u] C: T3 UID STORE 1:* (UNCHANGEDSINCE 10000) FLAGS (MyFlag1 MyFlag2)
sill IMAP [l27ei7xozbsssw2u] Updating messages in "68d5c14aabe11a527cea5246"
sill IMAP [l27ei7xozbsssw2u] S: * 1 FETCH (UID 101 FLAGS (MyFlag1 MyFlag2) MODSEQ (5001))
sill IMAP [l27ei7xozbsssw2u] S: * 2 FETCH (UID 102 FLAGS (MyFlag1 MyFlag2) MODSEQ (5001))
sill IMAP [l27ei7xozbsssw2u] S: * 3 FETCH (UID 103 FLAGS (MyFlag1 MyFlag2) MODSEQ (5001))
sill
IMAP [l27ei7xozbsssw2u] S: * 4 FETCH (UID 104 FLAGS (MyFlag1 MyFlag2) MODSEQ (5001))
sill IMAP [l27ei7xozbsssw2u] S: * 5 FETCH (UID 105 FLAGS (MyFlag1 MyFlag2) MODSEQ (5001))
sill IMAP
[l27ei7xozbsssw2u] S: * 6 FETCH (UID 106 FLAGS (MyFlag1 MyFlag2) MODSEQ (5001))
info Gelf {"short_message":"WILDDUCK [UID STORE]","_mail_action":"store","_user":"68d5c14aabe11a527cea5245","_mailbox":"68d5c14aabe11a527cea5246","_sess":"l27ei7xozbsssw2u","_message_count":6,"_flags":"MyFlag1, MyFlag2","_store_action":"set","_modseq":10000,"_response":true,"_message":"Conditional UID STORE completed","facility":"wildduck","host":"Johns-MacBook-Pro-i9.local","timestamp":1758839115.625,"_component":"wildduck"}
sill IMAP [l27ei7xozbsssw2u] S: T3 OK Conditional UID STORE completed
sill IMAP [l27ei7xozbsssw2u] C: T4 LOGOUT
sill IMAP [l27ei7xozbsssw2u] Removed journal listener from 68d5c14aabe11a527cea5245 (0x1a2b3c4d5e6f789012345678901234567890abcd)
sill IMAP [l27ei7xozbsssw2u] S: * BYE Logout requested
sill IMAP [l27ei7xozbsssw2u] S: T4 OK Make-up! Jewels! Dresses! I want it all! Sigh...
      ✔ should set some flags with modifier (583ms)
info Gelf {"short_message":"WILDDUCK [CONNRELEASE] Connection released for 68d5c14aabe11a527cea5245","_connection":"release","_service":"imap","_sess":"l27ei7xozbsssw2u","_user":"68d5c14aabe11a527cea5245","_cid":"l27ei7xozbsssw2u","_ip":"127.0.0.1","facility":"wildduck","host":"Johns-MacBook-Pro-i9.local","timestamp":1758839115.727,"_component":"wildduck"}
info IMAP [l27ei7xozbsssw2u] Connection closed to [127.0.0.1]
    SUBSCRIBE
info Gelf {"short_message":"WILDDUCK HTTP [GET /users] OK","_remote_ip":"127.0.0.1","_http_route":"/users","_http_method":"GET","_user":"root","_role":"root","_api_response":"success","_size":723,"facility":"wildduck","host":"Johns-MacBook-Pro-i9.local","timestamp":1758839116.418,"_component":"wildduck"}
http API 127.0.0.1 root [-/-] GET /users 200 16ms
info Gelf {"short_message":"WILDDUCK HTTP [GET /users] OK","_remote_ip":"127.0.0.1","_http_route":"/users","_http_method":"GET","_user":"root","_role":"root","_api_response":"success","_size":780,"_req_query":"0x1a2b3c4d5e6f789012345678901234567890abcd","facility":"wildduck","host":"Johns-MacBook-Pro-i9.local","timestamp":1758839116.446,"_component":"wildduck"}
http API 127.0.0.1 root [-/-] GET /users?query=0x1a2b3c4d5e6f789012345678901234567890abcd 200 4ms
verb Tasks Created task id=68d5c14cabe11a527cea5267
info Gelf {"short_message":"WILDDUCK HTTP [DELETE /users/:user] OK","_remote_ip":"127.0.0.1","_http_route":"/users/:user","_http_method":"DELETE","_user":"root","_role":"root","_api_response":"success","_code":"TaskScheduled","_size":209,"_req_user":"68d5c14aabe11a527cea5245","facility":"wildduck","host":"Johns-MacBook-Pro-i9.local","timestamp":1758839116.487,"_component":"wildduck"}
http API
127.0.0.1 root [-/-] DELETE /users/68d5c14aabe11a527cea5245 200 8ms
info Gelf {"short_message":"WILDDUCK HTTP [POST /authenticate] OK","_remote_ip":"127.0.0.1","_http_route":"/authenticate","_http_method":"POST","_user":"root","_role":"root","_api_response":"success","_size":334,"_req_username":"0x1a2b3c4d5e6f789012345678901234567890abcd","_req_password":"***","_req_token":"true","_res_id":"68d5c14fabe11a527cea5269","facility":"wildduck","host":"Johns-MacBook-Pro-i9.local","timestamp":1758839119.048,"_component":"wildduck"}
http API 127.0.0.1 root [-/-] POST /authenticate 200 149ms
info Gelf {"short_message":"WILDDUCK HTTP [GET /users] OK","_remote_ip":"127.0.0.1","_http_route":"/users","_http_method":"GET","_user":"root","_role":"root","_api_response":"success","_size":776,"_req_query":"0x1a2b3c4d5e6f789012345678901234567890abcd","facility":"wildduck","host":"Johns-MacBook-Pro-i9.local","timestamp":1758839119.085,"_component":"wildduck"}
http API 127.0.0.1 root [-/-] GET /users?query=0x1a2b3c4d5e6f789012345678901234567890abcd 200 5ms
info Gelf {"short_message":"WILDDUCK HTTP [GET /users/:user/mailboxes] OK","_remote_ip":"127.0.0.1","_http_route":"/users/:user/mailboxes","_http_method":"GET","_user":"root","_role":"root","_api_response":"success","_size":1275,"_req_user":"68d5c14fabe11a527cea5269","facility":"wildduck","host":"Johns-MacBook-Pro-i9.local","timestamp":1758839119.122,"_component":"wildduck"}
http API 127.0.0.1 root [-/-] GET /users/68d5c14fabe11a527cea5269/mailboxes 200 2ms
info Gelf {"short_message":"WILDDUCK HTTP [PUT /users/:user/mailboxes/:mailbox] OK","_remote_ip":"127.0.0.1","_http_route":"/users/:user/mailboxes/:mailbox","_http_method":"PUT","_user":"root","_role":"root","_api_response":"success","_size":22,"_req_user":"68d5c14fabe11a527cea5269","_req_mailbox":"68d5c14fabe11a527cea526b","_req_path":"[Gmail]/Sent Mail","facility":"wildduck","host":"Johns-MacBook-Pro-i9.local","timestamp":1758839119.182,"_component":"wildduck"}
http API 127.0.0.1 root [-/-] PUT /users/68d5c14fabe11a527cea5269/mailboxes/68d5c14fabe11a527cea526b 200 5ms
info Gelf {"short_message":"WILDDUCK HTTP [GET /users/:user/mailboxes] OK","_remote_ip":"127.0.0.1","_http_route":"/users/:user/mailboxes","_http_method":"GET","_user":"root","_role":"root","_api_response":"success","_size":1283,"_req_user":"68d5c14fabe11a527cea5269","facility":"wildduck","host":"Johns-MacBook-Pro-i9.local","timestamp":1758839119.217,"_component":"wildduck"}
http API 127.0.0.1 root [-/-] GET /users/68d5c14fabe11a527cea5269/mailboxes 200 12ms
info Gelf {"short_message":"WILDDUCK [QUOTA] +","_mail_action":"quota","_user":"68d5c14fabe11a527cea5269","_inc":256,"_storage_used":256,"_mailbox":"68d5c14fabe11a527cea526a","facility":"wildduck","host":"Johns-MacBook-Pro-i9.local","timestamp":1758839119.395,"_component":"wildduck"}
info Gelf {"short_message":"WILDDUCK HTTP [POST /users/:user/mailboxes/:mailbox/messages] OK","_remote_ip":"127.0.0.1","_http_route":"/users/:user/mailboxes/:mailbox/messages","_http_method":"POST","_user":"root","_role":"root","_api_response":"success","_size":114,"_req_user":"68d5c14fabe11a527cea5269","_req_mailbox":"68d5c14fabe11a527cea526a","_req_date":"14-Sep-2013 21:22:28 -0300","_req_unseen":"true","_req_raw":"<Buffer 66 72 6f 6d 3a 20 30 78 62 30 36 63 64 65 66 61 31 61 32 62 33 63 34 64 35 65 36 66 37 38 39 30 31 32 33 34 35 36 37 38 …","facility":"wildduck","host":"Johns-MacBook-Pro-i9.local","timestamp":1758839119.417,"_component":"wildduck"}
http API 127.0.0.1 root [-/-] POST /users/68d5c14fabe11a527cea5269/mailboxes/68d5c14fabe11a527cea526a/messages?date=14-Sep-2013%2021%3A22%3A28%20-0300&unseen=true 200 27ms
info Gelf {"short_message":"WILDDUCK [QUOTA] +","_mail_action":"quota","_user":"68d5c14fabe11a527cea5269","_inc":21927,"_storage_used":22183,"_mailbox":"68d5c14fabe11a527cea526a","facility":"wildduck","host":"Johns-MacBook-Pro-i9.local","timestamp":1758839119.482,"_component":"wildduck"}
info Gelf {"short_message":"WILDDUCK HTTP [POST /users/:user/mailboxes/:mailbox/messages] OK","_remote_ip":"127.0.0.1","_http_route":"/users/:user/mailboxes/:mailbox/messages","_http_method":"POST","_user":"root","_role":"root","_api_response":"success","_size":116,"_req_user":"68d5c14fabe11a527cea5269","_req_mailbox":"68d5c14fabe11a527cea526a","_req_unseen":"false","_req_raw":"<Buffer 53 75 62 6a 65 63 74 3a 20 52 79 61 6e 20 46 69 6e 6e 69 65 27 73 20 4d 49 4d 45 20 54 6f 72 74 75 72 65 20 54 65 73 74 …","facility":"wildduck","host":"Johns-MacBook-Pro-i9.local","timestamp":1758839119.489,"_component":"wildduck"}
http API 127.0.0.1 root [-/-] POST /users/68d5c14fabe11a527cea5269/mailboxes/68d5c14fabe11a527cea526a/messages?unseen=false 200 49ms
verb
Tasks Found task for processing id=68d5c14cabe11a527cea5267
verb
Tasks type=user-delete id=68d5c14cabe11a527cea5267 data={"user":"68d5c14aabe11a527cea5245"}
verb Tasks task=user-delete id=68d5c14cabe11a527cea5267 user=68d5c14aabe11a527cea5245 message=Deleted 3 addresses from registry
verb Tasks task=user-delete id=68d5c14cabe11a527cea5267 user=68d5c14aabe11a527cea5245 message=Marked 6 messages for deletion
verb Tasks task=user-delete id=68d5c14cabe11a527cea5267 user=68d5c14aabe11a527cea5245 message=Marked total of 6 messages for deletion
verb Tasks task=user-delete id=68d5c14cabe11a527cea5267 user=68d5c14aabe11a527cea5245 message=Cleared user specific data
info
Tasks Released task id=68d5c14cabe11a527cea5267 lock=1b5a0822b2a265668f862442
info Gelf {"short_message":"WILDDUCK [QUOTA] +","_mail_action":"quota","_user":"68d5c14fabe11a527cea5269","_inc":1044,"_storage_used":23227,"_mailbox":"68d5c14fabe11a527cea526a","facility":"wildduck","host":"Johns-MacBook-Pro-i9.local","timestamp":1758839119.522,"_component":"wildduck"}
info Gelf {"short_message":"WILDDUCK HTTP [POST /users/:user/mailboxes/:mailbox/messages] OK","_remote_ip":"127.0.0.1","_http_route":"/users/:user/mailboxes/:mailbox/messages","_http_method":"POST","_user":"root","_role":"root","_api_response":"success","_size":115,"_req_user":"68d5c14fabe11a527cea5269","_req_mailbox":"68d5c14fabe11a527cea526a","_req_unseen":"false","_req_raw":"<Buffer 4d 49 4d 45 2d 56 65 72 73 69 6f 6e 3a 20 31 2e 30 0d 0a 46 72 6f 6d 3a 20 30 78 36 62 31 37 65 66 61 62 31 61 32 62 33 …","facility":"wildduck","host":"Johns-MacBook-Pro-i9.local","timestamp":1758839119.528,"_component":"wildduck"}
http API 127.0.0.1 root [-/-] POST /users/68d5c14fabe11a527cea5269/mailboxes/68d5c14fabe11a527cea526a/messages?unseen=false 200 16ms
info Gelf {"short_message":"WILDDUCK [QUOTA] +","_mail_action":"quota","_user":"68d5c14fabe11a527cea5269","_inc":264,"_storage_used":23491,"_mailbox":"68d5c14fabe11a527cea526a","facility":"wildduck","host":"Johns-MacBook-Pro-i9.local","timestamp":1758839119.569,"_component":"wildduck"}
info Gelf {"short_message":"WILDDUCK HTTP [POST /users/:user/mailboxes/:mailbox/messages] OK","_remote_ip":"127.0.0.1","_http_route":"/users/:user/mailboxes/:mailbox/messages","_http_method":"POST","_user":"root","_role":"root","_api_response":"success","_size":114,"_req_user":"68d5c14fabe11a527cea5269","_req_mailbox":"68d5c14fabe11a527cea526a","_req_unseen":"true","_req_raw":"<Buffer 66 72 6f 6d 3a 20 30 78 62 30 36 63 64 65 66 61 31 61 32 62 33 63 34 64 35 65 36 66 37 38 39 30 31 32 33 34 35 36 37 38 …","facility":"wildduck","host":"Johns-MacBook-Pro-i9.local","timestamp":1758839119.575,"_component":"wildduck"}
http API 127.0.0.1 root [-/-] POST /users/68d5c14fabe11a527cea5269/mailboxes/68d5c14fabe11a527cea526a/messages?unseen=true 200 24ms
info Gelf {"short_message":"WILDDUCK [QUOTA] +","_mail_action":"quota","_user":"68d5c14fabe11a527cea5269","_inc":178,"_storage_used":23669,"_mailbox":"68d5c14fabe11a527cea526a","facility":"wildduck","host":"Johns-MacBook-Pro-i9.local","timestamp":1758839119.619,"_component":"wildduck"}
info Gelf {"short_message":"WILDDUCK HTTP [POST /users/:user/mailboxes/:mailbox/messages] OK","_remote_ip":"127.0.0.1","_http_route":"/users/:user/mailboxes/:mailbox/messages","_http_method":"POST","_user":"root","_role":"root","_api_response":"success","_size":114,"_req_user":"68d5c14fabe11a527cea5269","_req_mailbox":"68d5c14fabe11a527cea526a","_req_unseen":"true","_req_raw":"<Buffer 66 72 6f 6d 3a 20 30 78 62 30 36 63 64 65 66 61 31 61 32 62 33 63 34 64 35 65 36 66 37 38 39 30 31 32 33 34 35 36 37 38 …","facility":"wildduck","host":"Johns-MacBook-Pro-i9.local","timestamp":1758839119.624,"_component":"wildduck"}
http API
127.0.0.1 root [-/-] POST /users/68d5c14fabe11a527cea5269/mailboxes/68d5c14fabe11a527cea526a/messages?unseen=true 200 27ms
info Gelf {"short_message":"WILDDUCK [QUOTA] +","_mail_action":"quota","_user":"68d5c14fabe11a527cea5269","_inc":178,"_storage_used":23847,"_mailbox":"68d5c14fabe11a527cea526a","facility":"wildduck","host":"Johns-MacBook-Pro-i9.local","timestamp":1758839119.669,"_component":"wildduck"}
info Gelf {"short_message":"WILDDUCK HTTP [POST /users/:user/mailboxes/:mailbox/messages] OK","_remote_ip":"127.0.0.1","_http_route":"/users/:user/mailboxes/:mailbox/messages","_http_method":"POST","_user":"root","_role":"root","_api_response":"success","_size":114,"_req_user":"68d5c14fabe11a527cea5269","_req_mailbox":"68d5c14fabe11a527cea526a","_req_unseen":"true","_req_raw":"<Buffer 66 72 6f 6d 3a 20 30 78 62 30 36 63 64 65 66 61 31 61 32 62 33 63 34 64 35 65 36 66 37 38 39 30 31 32 33 34 35 36 37 38 …","facility":"wildduck","host":"Johns-MacBook-Pro-i9.local","timestamp":1758839119.674,"_component":"wildduck"}
http API 127.0.0.1 root [-/-] POST /users/68d5c14fabe11a527cea5269/mailboxes/68d5c14fabe11a527cea526a/messages?unseen=true 200 27ms
info IMAP [a6krno65opwsinr4] Secure connection from [127.0.0.1] to Johns-MacBook-Pro-i9.local 127.0.0.1:9993
sill IMAP [a6krno65opwsinr4] S: * OK WildDuck IMAP Server ready for requests from 127.0.0.1 a6krno65opwsinr4
sill IMAP [a6krno65opwsinr4] C: T1 LOGIN "(* value hidden *)" "(* value hidden *)"
info Gelf {"short_message":"WILDDUCK [AUTHOK] 0x1a2b3c4d5e6f789012345678901234567890abcd","_mail_action":"auth","_auth_result":"success","_username":"0x1a2b3c4d5e6f789012345678901234567890abcd","_domain":"johns-macbook-pro-i9.local","_user":"68d5c14fabe11a527cea5269","_password_type":"master","_scope":"imap","_ip":"127.0.0.1","_sess":"a6krno65opwsinr4","facility":"wildduck","host":"Johns-MacBook-Pro-i9.local","timestamp":1758839120.291,"_component":"wildduck"}
info Gelf {"short_message":"WILDDUCK [CONNSTART] Connection established for 68d5c14fabe11a527cea5269","_connection":"establish","_service":"imap","_sess":"a6krno65opwsinr4","_user":"68d5c14fabe11a527cea5269","_cid":"a6krno65opwsinr4","_ip":"127.0.0.1","_limit":15,"facility":"wildduck","host":"Johns-MacBook-Pro-i9.local","timestamp":1758839120.293,"_component":"wildduck"}
info IMAP [a6krno65opwsinr4] 0x1a2b3c4d5e6f789012345678901234567890abcd authenticated using LOGIN
sill IMAP [a6krno65opwsinr4] New journal listener for 68d5c14fabe11a527cea5269 (0x1a2b3c4d5e6f789012345678901234567890abcd)
sill IMAP [a6krno65opwsinr4] S: * CAPABILITY IMAP4rev1 APPENDLIMIT=26214400 CHILDREN CONDSTORE ENABLE ID IDLE MOVE NAMESPACE QUOTA SPECIAL-USE UIDPLUS UNSELECT UTF8=ACCEPT XLIST
sill IMAP [a6krno65opwsinr4] S: T1 OK 0x1a2b3c4d5e6f789012345678901234567890abcd authenticated
sill IMAP [a6krno65opwsinr4] C: T2 CREATE testfolder
sill
IMAP [a6krno65opwsinr4] CREATE "testfolder"
info Gelf {"short_message":"WILDDUCK [CREATE]","_mail_action":"create","_path":"testfolder","_user":"68d5c14fabe11a527cea5269","_sess":"a6krno65opwsinr4","_response":true,"facility":"wildduck","host":"Johns-MacBook-Pro-i9.local","timestamp":1758839120.399,"_component":"wildduck"}
sill IMAP [a6krno65opwsinr4] S: T2 OK CREATE completed
sill IMAP [a6krno65opwsinr4] C: T3 UNSUBSCRIBE testfolder
sill IMAP [a6krno65opwsinr4] UNSUBSCRIBE from "testfolder"
sill IMAP [a6krno65opwsinr4] S: T3 OK UNSUBSCRIBE completed
sill IMAP [a6krno65opwsinr4] C: T4 SUBSCRIBE testfolder
sill IMAP [a6krno65opwsinr4] SUBSCRIBE to "testfolder"
sill IMAP [a6krno65opwsinr4] S: T4 OK SUBSCRIBE completed
sill IMAP [a6krno65opwsinr4] C: T5 LSUB "" "*"
sill IMAP [a6krno65opwsinr4] LSUB for "*"
sill IMAP [a6krno65opwsinr4] S: * LSUB (\HasNoChildren) "/" "INBOX"
sill IMAP [a6krno65opwsinr4] S: * LSUB (\HasNoChildren) "/" "[Gmail]/Sent Mail"
sill IMAP [a6krno65opwsinr4] S: * LSUB (\HasNoChildren) "/" "Drafts"
sill
IMAP [a6krno65opwsinr4] S: * LSUB (\HasNoChildren) "/" "Junk"
sill IMAP [a6krno65opwsinr4] S: * LSUB (\HasNoChildren) "/" "testfolder"
sill IMAP [a6krno65opwsinr4] S: * LSUB (\HasNoChildren) "/" "Trash"
sill
IMAP [a6krno65opwsinr4] S: T5 OK LSUB completed
sill IMAP [a6krno65opwsinr4] C: T6 LOGOUT
sill
IMAP [a6krno65opwsinr4] Removed journal listener from 68d5c14fabe11a527cea5269 (0x1a2b3c4d5e6f789012345678901234567890abcd)
sill IMAP [a6krno65opwsinr4] S: * BYE Logout requested
sill IMAP [a6krno65opwsinr4] S: T6 OK Oh, my Glob, you guys, drama bomb!
      ✔ should subscribe to mailbox (779ms)
info Gelf {"short_message":"WILDDUCK [CONNRELEASE] Connection released for 68d5c14fabe11a527cea5269","_connection":"release","_service":"imap","_sess":"a6krno65opwsinr4","_user":"68d5c14fabe11a527cea5269","_cid":"a6krno65opwsinr4","_ip":"127.0.0.1","facility":"wildduck","host":"Johns-MacBook-Pro-i9.local","timestamp":1758839120.825,"_component":"wildduck"}
info IMAP [a6krno65opwsinr4] Connection closed to [127.0.0.1]
    UNSUBSCRIBE
info Gelf {"short_message":"WILDDUCK HTTP [GET /users] OK","_remote_ip":"127.0.0.1","_http_route":"/users","_http_method":"GET","_user":"root","_role":"root","_api_response":"success","_size":723,"facility":"wildduck","host":"Johns-MacBook-Pro-i9.local","timestamp":1758839121.541,"_component":"wildduck"}
http API 127.0.0.1 root [-/-] GET /users 200 58ms
info Gelf {"short_message":"WILDDUCK HTTP [GET /users] OK","_remote_ip":"127.0.0.1","_http_route":"/users","_http_method":"GET","_user":"root","_role":"root","_api_response":"success","_size":780,"_req_query":"0x1a2b3c4d5e6f789012345678901234567890abcd","facility":"wildduck","host":"Johns-MacBook-Pro-i9.local","timestamp":1758839121.572,"_component":"wildduck"}
http API 127.0.0.1 root [-/-] GET /users?query=0x1a2b3c4d5e6f789012345678901234567890abcd 200 4ms
verb Tasks Created task id=68d5c151abe11a527cea5289
info Gelf {"short_message":"WILDDUCK HTTP [DELETE /users/:user] OK","_remote_ip":"127.0.0.1","_http_route":"/users/:user","_http_method":"DELETE","_user":"root","_role":"root","_api_response":"success","_code":"TaskScheduled","_size":209,"_req_user":"68d5c14fabe11a527cea5269","facility":"wildduck","host":"Johns-MacBook-Pro-i9.local","timestamp":1758839121.623,"_component":"wildduck"}
http API 127.0.0.1 root [-/-] DELETE /users/68d5c14fabe11a527cea5269 200 19ms
info Gelf {"short_message":"WILDDUCK HTTP [POST /authenticate] OK","_remote_ip":"127.0.0.1","_http_route":"/authenticate","_http_method":"POST","_user":"root","_role":"root","_api_response":"success","_size":334,"_req_username":"0x1a2b3c4d5e6f789012345678901234567890abcd","_req_password":"***","_req_token":"true","_res_id":"68d5c154abe11a527cea528b","facility":"wildduck","host":"Johns-MacBook-Pro-i9.local","timestamp":1758839124.17,"_component":"wildduck"}
http API 127.0.0.1 root [-/-] POST /authenticate 200 154ms
info Gelf {"short_message":"WILDDUCK HTTP [GET /users] OK","_remote_ip":"127.0.0.1","_http_route":"/users","_http_method":"GET","_user":"root","_role":"root","_api_response":"success","_size":776,"_req_query":"0x1a2b3c4d5e6f789012345678901234567890abcd","facility":"wildduck","host":"Johns-MacBook-Pro-i9.local","timestamp":1758839124.219,"_component":"wildduck"}
http API 127.0.0.1 root [-/-] GET /users?query=0x1a2b3c4d5e6f789012345678901234567890abcd 200 16ms
info Gelf {"short_message":"WILDDUCK HTTP [GET /users/:user/mailboxes] OK","_remote_ip":"127.0.0.1","_http_route":"/users/:user/mailboxes","_http_method":"GET","_user":"root","_role":"root","_api_response":"success","_size":1275,"_req_user":"68d5c154abe11a527cea528b","facility":"wildduck","host":"Johns-MacBook-Pro-i9.local","timestamp":1758839124.267,"_component":"wildduck"}
http API 127.0.0.1 root [-/-] GET /users/68d5c154abe11a527cea528b/mailboxes 200 14ms
info Gelf {"short_message":"WILDDUCK HTTP [PUT /users/:user/mailboxes/:mailbox] OK","_remote_ip":"127.0.0.1","_http_route":"/users/:user/mailboxes/:mailbox","_http_method":"PUT","_user":"root","_role":"root","_api_response":"success","_size":22,"_req_user":"68d5c154abe11a527cea528b","_req_mailbox":"68d5c154abe11a527cea528d","_req_path":"[Gmail]/Sent Mail","facility":"wildduck","host":"Johns-MacBook-Pro-i9.local","timestamp":1758839124.328,"_component":"wildduck"}
http API 127.0.0.1 root [-/-] PUT /users/68d5c154abe11a527cea528b/mailboxes/68d5c154abe11a527cea528d 200 5ms
info Gelf {"short_message":"WILDDUCK HTTP [GET /users/:user/mailboxes] OK","_remote_ip":"127.0.0.1","_http_route":"/users/:user/mailboxes","_http_method":"GET","_user":"root","_role":"root","_api_response":"success","_size":1283,"_req_user":"68d5c154abe11a527cea528b","facility":"wildduck","host":"Johns-MacBook-Pro-i9.local","timestamp":1758839124.367,"_component":"wildduck"}
http API 127.0.0.1 root [-/-] GET /users/68d5c154abe11a527cea528b/mailboxes 200 16ms
info Gelf {"short_message":"WILDDUCK [QUOTA] +","_mail_action":"quota","_user":"68d5c154abe11a527cea528b","_inc":256,"_storage_used":256,"_mailbox":"68d5c154abe11a527cea528c","facility":"wildduck","host":"Johns-MacBook-Pro-i9.local","timestamp":1758839124.597,"_component":"wildduck"}
info Gelf {"short_message":"WILDDUCK HTTP [POST /users/:user/mailboxes/:mailbox/messages] OK","_remote_ip":"127.0.0.1","_http_route":"/users/:user/mailboxes/:mailbox/messages","_http_method":"POST","_user":"root","_role":"root","_api_response":"success","_size":114,"_req_user":"68d5c154abe11a527cea528b","_req_mailbox":"68d5c154abe11a527cea528c","_req_date":"14-Sep-2013 21:22:28 -0300","_req_unseen":"true","_req_raw":"<Buffer 66 72 6f 6d 3a 20 30 78 62 30 36 63 64 65 66 61 31 61 32 62 33 63 34 64 35 65 36 66 37 38 39 30 31 32 33 34 35 36 37 38 …","facility":"wildduck","host":"Johns-MacBook-Pro-i9.local","timestamp":1758839124.619,"_component":"wildduck"}
http API 127.0.0.1 root [-/-] POST /users/68d5c154abe11a527cea528b/mailboxes/68d5c154abe11a527cea528c/messages?date=14-Sep-2013%2021%3A22%3A28%20-0300&unseen=true 200 27ms
info Gelf {"short_message":"WILDDUCK [QUOTA] +","_mail_action":"quota","_user":"68d5c154abe11a527cea528b","_inc":21927,"_storage_used":22183,"_mailbox":"68d5c154abe11a527cea528c","facility":"wildduck","host":"Johns-MacBook-Pro-i9.local","timestamp":1758839124.683,"_component":"wildduck"}
info Gelf {"short_message":"WILDDUCK HTTP [POST /users/:user/mailboxes/:mailbox/messages] OK","_remote_ip":"127.0.0.1","_http_route":"/users/:user/mailboxes/:mailbox/messages","_http_method":"POST","_user":"root","_role":"root","_api_response":"success","_size":116,"_req_user":"68d5c154abe11a527cea528b","_req_mailbox":"68d5c154abe11a527cea528c","_req_unseen":"false","_req_raw":"<Buffer 53 75 62 6a 65 63 74 3a 20 52 79 61 6e 20 46 69 6e 6e 69 65 27 73 20 4d 49 4d 45 20 54 6f 72 74 75 72 65 20 54 65 73 74 …","facility":"wildduck","host":"Johns-MacBook-Pro-i9.local","timestamp":1758839124.689,"_component":"wildduck"}
http API 127.0.0.1 root [-/-] POST /users/68d5c154abe11a527cea528b/mailboxes/68d5c154abe11a527cea528c/messages?unseen=false 200 47ms
info Gelf {"short_message":"WILDDUCK [QUOTA] +","_mail_action":"quota","_user":"68d5c154abe11a527cea528b","_inc":1044,"_storage_used":23227,"_mailbox":"68d5c154abe11a527cea528c","facility":"wildduck","host":"Johns-MacBook-Pro-i9.local","timestamp":1758839124.722,"_component":"wildduck"}
info Gelf {"short_message":"WILDDUCK HTTP [POST /users/:user/mailboxes/:mailbox/messages] OK","_remote_ip":"127.0.0.1","_http_route":"/users/:user/mailboxes/:mailbox/messages","_http_method":"POST","_user":"root","_role":"root","_api_response":"success","_size":115,"_req_user":"68d5c154abe11a527cea528b","_req_mailbox":"68d5c154abe11a527cea528c","_req_unseen":"false","_req_raw":"<Buffer 4d 49 4d 45 2d 56 65 72 73 69 6f 6e 3a 20 31 2e 30 0d 0a 46 72 6f 6d 3a 20 30 78 36 62 31 37 65 66 61 62 31 61 32 62 33 …","facility":"wildduck","host":"Johns-MacBook-Pro-i9.local","timestamp":1758839124.728,"_component":"wildduck"}
http API 127.0.0.1 root [-/-] POST /users/68d5c154abe11a527cea528b/mailboxes/68d5c154abe11a527cea528c/messages?unseen=false 200 16ms
info Gelf {"short_message":"WILDDUCK [QUOTA] +","_mail_action":"quota","_user":"68d5c154abe11a527cea528b","_inc":264,"_storage_used":23491,"_mailbox":"68d5c154abe11a527cea528c","facility":"wildduck","host":"Johns-MacBook-Pro-i9.local","timestamp":1758839124.77,"_component":"wildduck"}
info Gelf {"short_message":"WILDDUCK HTTP [POST /users/:user/mailboxes/:mailbox/messages] OK","_remote_ip":"127.0.0.1","_http_route":"/users/:user/mailboxes/:mailbox/messages","_http_method":"POST","_user":"root","_role":"root","_api_response":"success","_size":114,"_req_user":"68d5c154abe11a527cea528b","_req_mailbox":"68d5c154abe11a527cea528c","_req_unseen":"true","_req_raw":"<Buffer 66 72 6f 6d 3a 20 30 78 62 30 36 63 64 65 66 61 31 61 32 62 33 63 34 64 35 65 36 66 37 38 39 30 31 32 33 34 35 36 37 38 …","facility":"wildduck","host":"Johns-MacBook-Pro-i9.local","timestamp":1758839124.776,"_component":"wildduck"}
http API 127.0.0.1 root [-/-] POST /users/68d5c154abe11a527cea528b/mailboxes/68d5c154abe11a527cea528c/messages?unseen=true 200 26ms
info Gelf {"short_message":"WILDDUCK [QUOTA] +","_mail_action":"quota","_user":"68d5c154abe11a527cea528b","_inc":178,"_storage_used":23669,"_mailbox":"68d5c154abe11a527cea528c","facility":"wildduck","host":"Johns-MacBook-Pro-i9.local","timestamp":1758839124.82,"_component":"wildduck"}
info Gelf {"short_message":"WILDDUCK HTTP [POST /users/:user/mailboxes/:mailbox/messages] OK","_remote_ip":"127.0.0.1","_http_route":"/users/:user/mailboxes/:mailbox/messages","_http_method":"POST","_user":"root","_role":"root","_api_response":"success","_size":114,"_req_user":"68d5c154abe11a527cea528b","_req_mailbox":"68d5c154abe11a527cea528c","_req_unseen":"true","_req_raw":"<Buffer 66 72 6f 6d 3a 20 30 78 62 30 36 63 64 65 66 61 31 61 32 62 33 63 34 64 35 65 36 66 37 38 39 30 31 32 33 34 35 36 37 38 …","facility":"wildduck","host":"Johns-MacBook-Pro-i9.local","timestamp":1758839124.825,"_component":"wildduck"}
http API 127.0.0.1 root [-/-] POST /users/68d5c154abe11a527cea528b/mailboxes/68d5c154abe11a527cea528c/messages?unseen=true 200 27ms
info Gelf {"short_message":"WILDDUCK [QUOTA] +","_mail_action":"quota","_user":"68d5c154abe11a527cea528b","_inc":178,"_storage_used":23847,"_mailbox":"68d5c154abe11a527cea528c","facility":"wildduck","host":"Johns-MacBook-Pro-i9.local","timestamp":1758839124.87,"_component":"wildduck"}
info Gelf {"short_message":"WILDDUCK HTTP [POST /users/:user/mailboxes/:mailbox/messages] OK","_remote_ip":"127.0.0.1","_http_route":"/users/:user/mailboxes/:mailbox/messages","_http_method":"POST","_user":"root","_role":"root","_api_response":"success","_size":114,"_req_user":"68d5c154abe11a527cea528b","_req_mailbox":"68d5c154abe11a527cea528c","_req_unseen":"true","_req_raw":"<Buffer 66 72 6f 6d 3a 20 30 78 62 30 36 63 64 65 66 61 31 61 32 62 33 63 34 64 35 65 36 66 37 38 39 30 31 32 33 34 35 36 37 38 …","facility":"wildduck","host":"Johns-MacBook-Pro-i9.local","timestamp":1758839124.876,"_component":"wildduck"}
http API 127.0.0.1 root [-/-] POST /users/68d5c154abe11a527cea528b/mailboxes/68d5c154abe11a527cea528c/messages?unseen=true 200 28ms
info IMAP
[eln64i4bmchehur5] Secure connection from [127.0.0.1] to Johns-MacBook-Pro-i9.local 127.0.0.1:9993
sill IMAP [eln64i4bmchehur5] S: * OK WildDuck IMAP Server ready for requests from 127.0.0.1 eln64i4bmchehur5
sill IMAP [eln64i4bmchehur5] C: T1 LOGIN "(* value hidden *)" "(* value hidden *)"
info Gelf {"short_message":"WILDDUCK [AUTHOK] 0x1a2b3c4d5e6f789012345678901234567890abcd","_mail_action":"auth","_auth_result":"success","_username":"0x1a2b3c4d5e6f789012345678901234567890abcd","_domain":"johns-macbook-pro-i9.local","_user":"68d5c154abe11a527cea528b","_password_type":"master","_scope":"imap","_ip":"127.0.0.1","_sess":"eln64i4bmchehur5","facility":"wildduck","host":"Johns-MacBook-Pro-i9.local","timestamp":1758839125.523,"_component":"wildduck"}
info Gelf {"short_message":"WILDDUCK [CONNSTART] Connection established for 68d5c154abe11a527cea528b","_connection":"establish","_service":"imap","_sess":"eln64i4bmchehur5","_user":"68d5c154abe11a527cea528b","_cid":"eln64i4bmchehur5","_ip":"127.0.0.1","_limit":15,"facility":"wildduck","host":"Johns-MacBook-Pro-i9.local","timestamp":1758839125.525,"_component":"wildduck"}
info IMAP [eln64i4bmchehur5] 0x1a2b3c4d5e6f789012345678901234567890abcd authenticated using LOGIN
sill IMAP [eln64i4bmchehur5] New journal listener for 68d5c154abe11a527cea528b (0x1a2b3c4d5e6f789012345678901234567890abcd)
sill IMAP [eln64i4bmchehur5] S: * CAPABILITY IMAP4rev1 APPENDLIMIT=26214400 CHILDREN CONDSTORE ENABLE ID IDLE MOVE NAMESPACE QUOTA SPECIAL-USE UIDPLUS UNSELECT UTF8=ACCEPT XLIST
sill IMAP [eln64i4bmchehur5] S: T1 OK 0x1a2b3c4d5e6f789012345678901234567890abcd authenticated
verb Tasks Found task for processing id=68d5c151abe11a527cea5289
verb Tasks type=user-delete id=68d5c151abe11a527cea5289 data={"user":"68d5c14fabe11a527cea5269"}
verb Tasks task=user-delete id=68d5c151abe11a527cea5289 user=68d5c14fabe11a527cea5269 message=Deleted 3 addresses from registry
verb Tasks task=user-delete id=68d5c151abe11a527cea5289 user=68d5c14fabe11a527cea5269 message=Marked 6 messages for deletion
verb Tasks task=user-delete id=68d5c151abe11a527cea5289 user=68d5c14fabe11a527cea5269 message=Marked total of 6 messages for deletion
verb Tasks task=user-delete id=68d5c151abe11a527cea5289 user=68d5c14fabe11a527cea5269 message=Cleared user specific data
info Tasks Released task id=68d5c151abe11a527cea5289 lock=18965b0c9b9295a9b7c087a0
sill IMAP [eln64i4bmchehur5] C: T2 CREATE testfolder
sill IMAP [eln64i4bmchehur5] CREATE "testfolder"
info Gelf {"short_message":"WILDDUCK [CREATE]","_mail_action":"create","_path":"testfolder","_user":"68d5c154abe11a527cea528b","_sess":"eln64i4bmchehur5","_response":true,"facility":"wildduck","host":"Johns-MacBook-Pro-i9.local","timestamp":1758839125.631,"_component":"wildduck"}
sill IMAP [eln64i4bmchehur5] S: T2 OK CREATE completed
sill IMAP [eln64i4bmchehur5] C: T3 SUBSCRIBE testfolder
sill IMAP [eln64i4bmchehur5] SUBSCRIBE to "testfolder"
sill IMAP [eln64i4bmchehur5] S: T3 OK SUBSCRIBE completed
sill IMAP [eln64i4bmchehur5] C: T4 UNSUBSCRIBE testfolder
sill
IMAP [eln64i4bmchehur5] UNSUBSCRIBE from "testfolder"
sill
IMAP [eln64i4bmchehur5] S: T4 OK UNSUBSCRIBE completed
sill IMAP [eln64i4bmchehur5] C: T5 LSUB "" "*"
sill IMAP
[eln64i4bmchehur5] LSUB for "*"
sill IMAP [eln64i4bmchehur5] S: * LSUB (\HasNoChildren) "/" "INBOX"
sill IMAP [eln64i4bmchehur5] S: * LSUB (\HasNoChildren) "/" "[Gmail]/Sent Mail"
sill IMAP [eln64i4bmchehur5] S: * LSUB (\HasNoChildren) "/" "Drafts"
sill IMAP [eln64i4bmchehur5] S: * LSUB (\HasNoChildren) "/" "Junk"
sill IMAP
[eln64i4bmchehur5] S: * LSUB (\HasNoChildren) "/" "Trash"
sill IMAP [eln64i4bmchehur5] S: T5 OK LSUB completed
sill IMAP [eln64i4bmchehur5] C: T6 LOGOUT
sill
IMAP [eln64i4bmchehur5] Removed journal listener from 68d5c154abe11a527cea528b (0x1a2b3c4d5e6f789012345678901234567890abcd)
sill IMAP [eln64i4bmchehur5] S: * BYE Logout requested
sill IMAP [eln64i4bmchehur5] S: T6 OK All dreams are but another reality. Never forget...
      ✔ should unsubscribe from mailbox (795ms)
info Gelf {"short_message":"WILDDUCK [CONNRELEASE] Connection released for 68d5c154abe11a527cea528b","_connection":"release","_service":"imap","_sess":"eln64i4bmchehur5","_user":"68d5c154abe11a527cea528b","_cid":"eln64i4bmchehur5","_ip":"127.0.0.1","facility":"wildduck","host":"Johns-MacBook-Pro-i9.local","timestamp":1758839126.04,"_component":"wildduck"}
info IMAP [eln64i4bmchehur5] Connection closed to [127.0.0.1]
    EXPUNGE
info Gelf {"short_message":"WILDDUCK HTTP [GET /users] OK","_remote_ip":"127.0.0.1","_http_route":"/users","_http_method":"GET","_user":"root","_role":"root","_api_response":"success","_size":723,"facility":"wildduck","host":"Johns-MacBook-Pro-i9.local","timestamp":1758839126.718,"_component":"wildduck"}
http API 127.0.0.1 root [-/-] GET /users 200 19ms
info Gelf {"short_message":"WILDDUCK HTTP [GET /users] OK","_remote_ip":"127.0.0.1","_http_route":"/users","_http_method":"GET","_user":"root","_role":"root","_api_response":"success","_size":780,"_req_query":"0x1a2b3c4d5e6f789012345678901234567890abcd","facility":"wildduck","host":"Johns-MacBook-Pro-i9.local","timestamp":1758839126.746,"_component":"wildduck"}
http API 127.0.0.1 root [-/-] GET /users?query=0x1a2b3c4d5e6f789012345678901234567890abcd 200 4ms
verb Tasks Created task id=68d5c156abe11a527cea52ab
info Gelf {"short_message":"WILDDUCK HTTP [DELETE /users/:user] OK","_remote_ip":"127.0.0.1","_http_route":"/users/:user","_http_method":"DELETE","_user":"root","_role":"root","_api_response":"success","_code":"TaskScheduled","_size":209,"_req_user":"68d5c154abe11a527cea528b","facility":"wildduck","host":"Johns-MacBook-Pro-i9.local","timestamp":1758839126.787,"_component":"wildduck"}
http API 127.0.0.1 root [-/-] DELETE /users/68d5c154abe11a527cea528b 200 7ms
verb Tasks Found task for processing id=68d5c156abe11a527cea52ab
verb Tasks type=user-delete id=68d5c156abe11a527cea52ab data={"user":"68d5c154abe11a527cea528b"}
verb Tasks task=user-delete id=68d5c156abe11a527cea52ab user=68d5c154abe11a527cea528b message=Deleted 3 addresses from registry
verb Tasks task=user-delete id=68d5c156abe11a527cea52ab user=68d5c154abe11a527cea528b message=Marked 6 messages for deletion
verb Tasks task=user-delete id=68d5c156abe11a527cea52ab user=68d5c154abe11a527cea528b message=Marked total of 6 messages for deletion
verb Tasks task=user-delete id=68d5c156abe11a527cea52ab user=68d5c154abe11a527cea528b message=Cleared user specific data
info Tasks Released task id=68d5c156abe11a527cea52ab lock=cbacfc7096d020934faf63f3
info Gelf {"short_message":"WILDDUCK HTTP [POST /authenticate] OK","_remote_ip":"127.0.0.1","_http_route":"/authenticate","_http_method":"POST","_user":"root","_role":"root","_api_response":"success","_size":334,"_req_username":"0x1a2b3c4d5e6f789012345678901234567890abcd","_req_password":"***","_req_token":"true","_res_id":"68d5c159abe11a527cea52ae","facility":"wildduck","host":"Johns-MacBook-Pro-i9.local","timestamp":1758839129.398,"_component":"wildduck"}
http API 127.0.0.1 root [-/-] POST /authenticate 200 149ms
info Gelf {"short_message":"WILDDUCK HTTP [GET /users] OK","_remote_ip":"127.0.0.1","_http_route":"/users","_http_method":"GET","_user":"root","_role":"root","_api_response":"success","_size":776,"_req_query":"0x1a2b3c4d5e6f789012345678901234567890abcd","facility":"wildduck","host":"Johns-MacBook-Pro-i9.local","timestamp":1758839129.436,"_component":"wildduck"}
http API 127.0.0.1 root [-/-] GET /users?query=0x1a2b3c4d5e6f789012345678901234567890abcd 200 4ms
info Gelf {"short_message":"WILDDUCK HTTP [GET /users/:user/mailboxes] OK","_remote_ip":"127.0.0.1","_http_route":"/users/:user/mailboxes","_http_method":"GET","_user":"root","_role":"root","_api_response":"success","_size":1275,"_req_user":"68d5c159abe11a527cea52ae","facility":"wildduck","host":"Johns-MacBook-Pro-i9.local","timestamp":1758839129.471,"_component":"wildduck"}
http API 127.0.0.1 root [-/-] GET /users/68d5c159abe11a527cea52ae/mailboxes 200 2ms
info Gelf {"short_message":"WILDDUCK HTTP [PUT /users/:user/mailboxes/:mailbox] OK","_remote_ip":"127.0.0.1","_http_route":"/users/:user/mailboxes/:mailbox","_http_method":"PUT","_user":"root","_role":"root","_api_response":"success","_size":22,"_req_user":"68d5c159abe11a527cea52ae","_req_mailbox":"68d5c159abe11a527cea52b0","_req_path":"[Gmail]/Sent Mail","facility":"wildduck","host":"Johns-MacBook-Pro-i9.local","timestamp":1758839129.531,"_component":"wildduck"}
http API 127.0.0.1 root [-/-] PUT /users/68d5c159abe11a527cea52ae/mailboxes/68d5c159abe11a527cea52b0 200 4ms
info Gelf {"short_message":"WILDDUCK HTTP [GET /users/:user/mailboxes] OK","_remote_ip":"127.0.0.1","_http_route":"/users/:user/mailboxes","_http_method":"GET","_user":"root","_role":"root","_api_response":"success","_size":1283,"_req_user":"68d5c159abe11a527cea52ae","facility":"wildduck","host":"Johns-MacBook-Pro-i9.local","timestamp":1758839129.567,"_component":"wildduck"}
http API 127.0.0.1 root [-/-] GET /users/68d5c159abe11a527cea52ae/mailboxes 200 14ms
info Gelf {"short_message":"WILDDUCK [QUOTA] +","_mail_action":"quota","_user":"68d5c159abe11a527cea52ae","_inc":256,"_storage_used":256,"_mailbox":"68d5c159abe11a527cea52af","facility":"wildduck","host":"Johns-MacBook-Pro-i9.local","timestamp":1758839129.766,"_component":"wildduck"}
info Gelf {"short_message":"WILDDUCK HTTP [POST /users/:user/mailboxes/:mailbox/messages] OK","_remote_ip":"127.0.0.1","_http_route":"/users/:user/mailboxes/:mailbox/messages","_http_method":"POST","_user":"root","_role":"root","_api_response":"success","_size":114,"_req_user":"68d5c159abe11a527cea52ae","_req_mailbox":"68d5c159abe11a527cea52af","_req_date":"14-Sep-2013 21:22:28 -0300","_req_unseen":"true","_req_raw":"<Buffer 66 72 6f 6d 3a 20 30 78 62 30 36 63 64 65 66 61 31 61 32 62 33 63 34 64 35 65 36 66 37 38 39 30 31 32 33 34 35 36 37 38 …","facility":"wildduck","host":"Johns-MacBook-Pro-i9.local","timestamp":1758839129.772,"_component":"wildduck"}
http API 127.0.0.1 root [-/-] POST /users/68d5c159abe11a527cea52ae/mailboxes/68d5c159abe11a527cea52af/messages?date=14-Sep-2013%2021%3A22%3A28%20-0300&unseen=true 200 27ms
info Gelf {"short_message":"WILDDUCK [QUOTA] +","_mail_action":"quota","_user":"68d5c159abe11a527cea52ae","_inc":21927,"_storage_used":22183,"_mailbox":"68d5c159abe11a527cea52af","facility":"wildduck","host":"Johns-MacBook-Pro-i9.local","timestamp":1758839129.831,"_component":"wildduck"}
info Gelf {"short_message":"WILDDUCK HTTP [POST /users/:user/mailboxes/:mailbox/messages] OK","_remote_ip":"127.0.0.1","_http_route":"/users/:user/mailboxes/:mailbox/messages","_http_method":"POST","_user":"root","_role":"root","_api_response":"success","_size":116,"_req_user":"68d5c159abe11a527cea52ae","_req_mailbox":"68d5c159abe11a527cea52af","_req_unseen":"false","_req_raw":"<Buffer 53 75 62 6a 65 63 74 3a 20 52 79 61 6e 20 46 69 6e 6e 69 65 27 73 20 4d 49 4d 45 20 54 6f 72 74 75 72 65 20 54 65 73 74 …","facility":"wildduck","host":"Johns-MacBook-Pro-i9.local","timestamp":1758839129.838,"_component":"wildduck"}
http API 127.0.0.1 root [-/-] POST /users/68d5c159abe11a527cea52ae/mailboxes/68d5c159abe11a527cea52af/messages?unseen=false 200 43ms
info Gelf {"short_message":"WILDDUCK [QUOTA] +","_mail_action":"quota","_user":"68d5c159abe11a527cea52ae","_inc":1044,"_storage_used":23227,"_mailbox":"68d5c159abe11a527cea52af","facility":"wildduck","host":"Johns-MacBook-Pro-i9.local","timestamp":1758839129.872,"_component":"wildduck"}
info Gelf {"short_message":"WILDDUCK HTTP [POST /users/:user/mailboxes/:mailbox/messages] OK","_remote_ip":"127.0.0.1","_http_route":"/users/:user/mailboxes/:mailbox/messages","_http_method":"POST","_user":"root","_role":"root","_api_response":"success","_size":115,"_req_user":"68d5c159abe11a527cea52ae","_req_mailbox":"68d5c159abe11a527cea52af","_req_unseen":"false","_req_raw":"<Buffer 4d 49 4d 45 2d 56 65 72 73 69 6f 6e 3a 20 31 2e 30 0d 0a 46 72 6f 6d 3a 20 30 78 36 62 31 37 65 66 61 62 31 61 32 62 33 …","facility":"wildduck","host":"Johns-MacBook-Pro-i9.local","timestamp":1758839129.877,"_component":"wildduck"}
http API 127.0.0.1 root [-/-] POST /users/68d5c159abe11a527cea52ae/mailboxes/68d5c159abe11a527cea52af/messages?unseen=false 200 16ms
info Gelf {"short_message":"WILDDUCK [QUOTA] +","_mail_action":"quota","_user":"68d5c159abe11a527cea52ae","_inc":264,"_storage_used":23491,"_mailbox":"68d5c159abe11a527cea52af","facility":"wildduck","host":"Johns-MacBook-Pro-i9.local","timestamp":1758839129.92,"_component":"wildduck"}
info Gelf {"short_message":"WILDDUCK HTTP [POST /users/:user/mailboxes/:mailbox/messages] OK","_remote_ip":"127.0.0.1","_http_route":"/users/:user/mailboxes/:mailbox/messages","_http_method":"POST","_user":"root","_role":"root","_api_response":"success","_size":114,"_req_user":"68d5c159abe11a527cea52ae","_req_mailbox":"68d5c159abe11a527cea52af","_req_unseen":"true","_req_raw":"<Buffer 66 72 6f 6d 3a 20 30 78 62 30 36 63 64 65 66 61 31 61 32 62 33 63 34 64 35 65 36 66 37 38 39 30 31 32 33 34 35 36 37 38 …","facility":"wildduck","host":"Johns-MacBook-Pro-i9.local","timestamp":1758839129.925,"_component":"wildduck"}
http API 127.0.0.1 root [-/-] POST /users/68d5c159abe11a527cea52ae/mailboxes/68d5c159abe11a527cea52af/messages?unseen=true 200 25ms
info Gelf {"short_message":"WILDDUCK [QUOTA] +","_mail_action":"quota","_user":"68d5c159abe11a527cea52ae","_inc":178,"_storage_used":23669,"_mailbox":"68d5c159abe11a527cea52af","facility":"wildduck","host":"Johns-MacBook-Pro-i9.local","timestamp":1758839129.976,"_component":"wildduck"}
info Gelf {"short_message":"WILDDUCK HTTP [POST /users/:user/mailboxes/:mailbox/messages] OK","_remote_ip":"127.0.0.1","_http_route":"/users/:user/mailboxes/:mailbox/messages","_http_method":"POST","_user":"root","_role":"root","_api_response":"success","_size":114,"_req_user":"68d5c159abe11a527cea52ae","_req_mailbox":"68d5c159abe11a527cea52af","_req_unseen":"true","_req_raw":"<Buffer 66 72 6f 6d 3a 20 30 78 62 30 36 63 64 65 66 61 31 61 32 62 33 63 34 64 35 65 36 66 37 38 39 30 31 32 33 34 35 36 37 38 …","facility":"wildduck","host":"Johns-MacBook-Pro-i9.local","timestamp":1758839129.983,"_component":"wildduck"}
http API 127.0.0.1 root [-/-] POST /users/68d5c159abe11a527cea52ae/mailboxes/68d5c159abe11a527cea52af/messages?unseen=true 200 34ms
info Gelf {"short_message":"WILDDUCK [QUOTA] +","_mail_action":"quota","_user":"68d5c159abe11a527cea52ae","_inc":178,"_storage_used":23847,"_mailbox":"68d5c159abe11a527cea52af","facility":"wildduck","host":"Johns-MacBook-Pro-i9.local","timestamp":1758839130.02,"_component":"wildduck"}
info Gelf {"short_message":"WILDDUCK HTTP [POST /users/:user/mailboxes/:mailbox/messages] OK","_remote_ip":"127.0.0.1","_http_route":"/users/:user/mailboxes/:mailbox/messages","_http_method":"POST","_user":"root","_role":"root","_api_response":"success","_size":114,"_req_user":"68d5c159abe11a527cea52ae","_req_mailbox":"68d5c159abe11a527cea52af","_req_unseen":"true","_req_raw":"<Buffer 66 72 6f 6d 3a 20 30 78 62 30 36 63 64 65 66 61 31 61 32 62 33 63 34 64 35 65 36 66 37 38 39 30 31 32 33 34 35 36 37 38 …","facility":"wildduck","host":"Johns-MacBook-Pro-i9.local","timestamp":1758839130.025,"_component":"wildduck"}
http API 127.0.0.1 root [-/-] POST /users/68d5c159abe11a527cea52ae/mailboxes/68d5c159abe11a527cea52af/messages?unseen=true 200 20ms
info IMAP [77xlfz47fu3jo4pa] Secure connection from [127.0.0.1] to Johns-MacBook-Pro-i9.local 127.0.0.1:9993
sill IMAP [77xlfz47fu3jo4pa] S: * OK WildDuck IMAP Server ready for requests from 127.0.0.1 77xlfz47fu3jo4pa
sill IMAP [77xlfz47fu3jo4pa] C: T1 LOGIN "(* value hidden *)" "(* value hidden *)"
info Gelf {"short_message":"WILDDUCK [AUTHOK] 0x1a2b3c4d5e6f789012345678901234567890abcd","_mail_action":"auth","_auth_result":"success","_username":"0x1a2b3c4d5e6f789012345678901234567890abcd","_domain":"johns-macbook-pro-i9.local","_user":"68d5c159abe11a527cea52ae","_password_type":"master","_scope":"imap","_ip":"127.0.0.1","_sess":"77xlfz47fu3jo4pa","facility":"wildduck","host":"Johns-MacBook-Pro-i9.local","timestamp":1758839130.671,"_component":"wildduck"}
info Gelf {"short_message":"WILDDUCK [CONNSTART] Connection established for 68d5c159abe11a527cea52ae","_connection":"establish","_service":"imap","_sess":"77xlfz47fu3jo4pa","_user":"68d5c159abe11a527cea52ae","_cid":"77xlfz47fu3jo4pa","_ip":"127.0.0.1","_limit":15,"facility":"wildduck","host":"Johns-MacBook-Pro-i9.local","timestamp":1758839130.673,"_component":"wildduck"}
info IMAP [77xlfz47fu3jo4pa] 0x1a2b3c4d5e6f789012345678901234567890abcd authenticated using LOGIN
sill IMAP
[77xlfz47fu3jo4pa] New journal listener for 68d5c159abe11a527cea52ae (0x1a2b3c4d5e6f789012345678901234567890abcd)
sill IMAP [77xlfz47fu3jo4pa] S: * CAPABILITY IMAP4rev1 APPENDLIMIT=26214400 CHILDREN CONDSTORE ENABLE ID IDLE MOVE NAMESPACE QUOTA SPECIAL-USE UIDPLUS UNSELECT UTF8=ACCEPT XLIST
sill IMAP [77xlfz47fu3jo4pa] S: T1 OK 0x1a2b3c4d5e6f789012345678901234567890abcd authenticated
sill IMAP [77xlfz47fu3jo4pa] C: T2 SELECT INBOX
sill IMAP [77xlfz47fu3jo4pa] Opening "INBOX"
sill IMAP [77xlfz47fu3jo4pa] S: * FLAGS (\Answered \Flagged \Draft \Deleted \Seen)
sill IMAP [77xlfz47fu3jo4pa] S: * OK [PERMANENTFLAGS (\Answered \Flagged \Draft \Deleted \Seen \*)] Flags permitted
sill IMAP [77xlfz47fu3jo4pa] S: * OK [UIDVALIDITY 1758839129] UIDs valid
sill IMAP [77xlfz47fu3jo4pa] S: * 6 EXISTS
sill IMAP [77xlfz47fu3jo4pa] S: * 0 RECENT
sill IMAP [77xlfz47fu3jo4pa] S: * OK [HIGHESTMODSEQ 5000] Highest
sill IMAP [77xlfz47fu3jo4pa] S: * OK [UIDNEXT 1000] Predicted next UID
sill IMAP
[77xlfz47fu3jo4pa] S: T2 OK [READ-WRITE] SELECT completed
sill IMAP [77xlfz47fu3jo4pa] C: T3 STORE 2:* +FLAGS (\Deleted)
sill IMAP [77xlfz47fu3jo4pa] Updating messages in "68d5c159abe11a527cea52af"
sill IMAP [77xlfz47fu3jo4pa] S: * 2 FETCH (FLAGS (\Seen \Deleted))
sill
IMAP [77xlfz47fu3jo4pa] S: * 3 FETCH (FLAGS (\Seen \Deleted))
sill IMAP
[77xlfz47fu3jo4pa] S: * 4 FETCH (FLAGS (\Deleted))
sill
IMAP [77xlfz47fu3jo4pa] S: * 5 FETCH (FLAGS (\Deleted))
sill IMAP
[77xlfz47fu3jo4pa] S: * 6 FETCH (FLAGS (\Deleted))
info Gelf {"short_message":"WILDDUCK [STORE]","_mail_action":"store","_user":"68d5c159abe11a527cea52ae","_mailbox":"68d5c159abe11a527cea52af","_sess":"77xlfz47fu3jo4pa","_message_count":5,"_flags":"\\Deleted","_store_action":"add","_response":true,"_message":"STORE completed","facility":"wildduck","host":"Johns-MacBook-Pro-i9.local","timestamp":1758839130.891,"_component":"wildduck"}
sill IMAP [77xlfz47fu3jo4pa] S: T3 OK STORE completed
sill IMAP [77xlfz47fu3jo4pa] C: T4 EXPUNGE
sill IMAP
[77xlfz47fu3jo4pa] Deleting messages from "68d5c159abe11a527cea52af"
sill IMAP Acquired lock for deleting messages user=68d5c159abe11a527cea52ae mailbox=68d5c159abe11a527cea52af message=68d5c159abe11a527cea52af lock=mbwr:68d5c159abe11a527cea52af
info Gelf {"short_message":"WILDDUCK [ARCHIVED]","_mail_action":"archived","_user":"68d5c159abe11a527cea52ae","_mailbox":"68d5c159abe11a527cea52af","_uid":102,"_stored_id":"68d5c159abe11a527cea52bb","_expires":1760999131001,"_sess":"77xlfz47fu3jo4pa","_size":21927,"facility":"wildduck","host":"Johns-MacBook-Pro-i9.local","timestamp":1758839131.021,"_component":"wildduck"}
sill IMAP [77xlfz47fu3jo4pa] S: * 2 EXPUNGE
sill IMAP Updating message collection 68d5c159abe11a527cea52af 1 entries
sill IMAP Deleted message id=68d5c159abe11a527cea52bb
info Gelf {"short_message":"WILDDUCK [ARCHIVED]","_mail_action":"archived","_user":"68d5c159abe11a527cea52ae","_mailbox":"68d5c159abe11a527cea52af","_uid":103,"_stored_id":"68d5c159abe11a527cea52be","_expires":1760999131028,"_sess":"77xlfz47fu3jo4pa","_size":1044,"facility":"wildduck","host":"Johns-MacBook-Pro-i9.local","timestamp":1758839131.03,"_component":"wildduck"}
sill IMAP [77xlfz47fu3jo4pa] S: * 2 EXPUNGE
sill IMAP Updating message collection 68d5c159abe11a527cea52af 1 entries
sill IMAP Deleted message id=68d5c159abe11a527cea52be
info Gelf {"short_message":"WILDDUCK [ARCHIVED]","_mail_action":"archived","_user":"68d5c159abe11a527cea52ae","_mailbox":"68d5c159abe11a527cea52af","_uid":104,"_stored_id":"68d5c159abe11a527cea52c1","_expires":1760999131034,"_sess":"77xlfz47fu3jo4pa","_size":264,"facility":"wildduck","host":"Johns-MacBook-Pro-i9.local","timestamp":1758839131.037,"_component":"wildduck"}
sill IMAP [77xlfz47fu3jo4pa] S: * 2 EXPUNGE
sill IMAP Updating message collection 68d5c159abe11a527cea52af 1 entries
sill IMAP Deleted message id=68d5c159abe11a527cea52c1
info Gelf {"short_message":"WILDDUCK [ARCHIVED]","_mail_action":"archived","_user":"68d5c159abe11a527cea52ae","_mailbox":"68d5c159abe11a527cea52af","_uid":105,"_stored_id":"68d5c159abe11a527cea52c4","_expires":1760999131041,"_sess":"77xlfz47fu3jo4pa","_size":178,"facility":"wildduck","host":"Johns-MacBook-Pro-i9.local","timestamp":1758839131.043,"_component":"wildduck"}
sill IMAP [77xlfz47fu3jo4pa] S: * 2 EXPUNGE
sill IMAP
Updating message collection 68d5c159abe11a527cea52af 1 entries
sill IMAP Deleted message id=68d5c159abe11a527cea52c4
info Gelf {"short_message":"WILDDUCK [ARCHIVED]","_mail_action":"archived","_user":"68d5c159abe11a527cea52ae","_mailbox":"68d5c159abe11a527cea52af","_uid":106,"_stored_id":"68d5c15aabe11a527cea52c7","_expires":1760999131046,"_sess":"77xlfz47fu3jo4pa","_size":178,"facility":"wildduck","host":"Johns-MacBook-Pro-i9.local","timestamp":1758839131.048,"_component":"wildduck"}
sill IMAP
[77xlfz47fu3jo4pa] S: * 2 EXPUNGE
sill IMAP Updating message collection 68d5c159abe11a527cea52af 1 entries
sill IMAP Deleted message id=68d5c15aabe11a527cea52c7
sill
IMAP [77xlfz47fu3jo4pa] S: * 1 EXISTS
info Gelf {"short_message":"WILDDUCK [QUOTA] -","_mail_action":"quota","_user":"68d5c159abe11a527cea52ae","_inc":-23591,"_storage_used":256,"_sess":"77xlfz47fu3jo4pa","_mailbox":"68d5c159abe11a527cea52af","facility":"wildduck","host":"Johns-MacBook-Pro-i9.local","timestamp":1758839131.071,"_component":"wildduck"}
sill IMAP [77xlfz47fu3jo4pa] Pending notifications: 5
sill IMAP [77xlfz47fu3jo4pa] Processing notification: {"_id":"68d5c15aabe11a527cea52ca","command":"FETCH","ignore":"77xlfz47fu3jo4pa","uid":102,"flags":["\\Seen","\\Deleted"],"thread":"68d5c159abe11a527cea52bc","message":"68d5c159abe11a527cea52bb","modseq":5001,"unseenChange":false,"created":"2025-09-25T22:25:30.889Z","mailbox":"68d5c159abe11a527cea52af","user":"68d5c159abe11a527cea52ae"}
sill IMAP [77xlfz47fu3jo4pa] Processing notification: {"_id":"68d5c15aabe11a527cea52cb","command":"FETCH","ignore":"77xlfz47fu3jo4pa","uid":103,"flags":["\\Seen","\\Deleted"],"thread":"68d5c159abe11a527cea52bf","message":"68d5c159abe11a527cea52be","modseq":5001,"unseenChange":false,"created":"2025-09-25T22:25:30.889Z","mailbox":"68d5c159abe11a527cea52af","user":"68d5c159abe11a527cea52ae"}
sill
IMAP [77xlfz47fu3jo4pa] Processing notification: {"_id":"68d5c15aabe11a527cea52cc","command":"FETCH","ignore":"77xlfz47fu3jo4pa","uid":104,"flags":["\\Deleted"],"thread":"68d5c159abe11a527cea52c2","message":"68d5c159abe11a527cea52c1","modseq":5001,"unseenChange":false,"created":"2025-09-25T22:25:30.889Z","mailbox":"68d5c159abe11a527cea52af","user":"68d5c159abe11a527cea52ae"}
sill IMAP [77xlfz47fu3jo4pa] Processing notification: {"_id":"68d5c15aabe11a527cea52cd","command":"FETCH","ignore":"77xlfz47fu3jo4pa","uid":105,"flags":["\\Deleted"],"thread":"68d5c159abe11a527cea52c5","message":"68d5c159abe11a527cea52c4","modseq":5001,"unseenChange":false,"created":"2025-09-25T22:25:30.889Z","mailbox":"68d5c159abe11a527cea52af","user":"68d5c159abe11a527cea52ae"}
sill IMAP [77xlfz47fu3jo4pa] Processing notification: {"_id":"68d5c15aabe11a527cea52ce","command":"FETCH","ignore":"77xlfz47fu3jo4pa","uid":106,"flags":["\\Deleted"],"thread":"68d5c15aabe11a527cea52c8","message":"68d5c15aabe11a527cea52c7","modseq":5001,"unseenChange":false,"created":"2025-09-25T22:25:30.889Z","mailbox":"68d5c159abe11a527cea52af","user":"68d5c159abe11a527cea52ae"}
sill IMAP
[77xlfz47fu3jo4pa] S: T4 OK EXPUNGE completed
sill IMAP [77xlfz47fu3jo4pa] C: T6 LOGOUT
sill IMAP [77xlfz47fu3jo4pa] Removed journal listener from 68d5c159abe11a527cea52ae (0x1a2b3c4d5e6f789012345678901234567890abcd)
sill IMAP [77xlfz47fu3jo4pa] S: * BYE Logout requested
sill IMAP
[77xlfz47fu3jo4pa] S: T6 OK Well, that makes sense. Send a bird to catch a cat!
      ✔ should expunge all deleted messages (740ms)
info Gelf {"short_message":"WILDDUCK [CONNRELEASE] Connection released for 68d5c159abe11a527cea52ae","_connection":"release","_service":"imap","_sess":"77xlfz47fu3jo4pa","_user":"68d5c159abe11a527cea52ae","_cid":"77xlfz47fu3jo4pa","_ip":"127.0.0.1","facility":"wildduck","host":"Johns-MacBook-Pro-i9.local","timestamp":1758839131.175,"_component":"wildduck"}
info IMAP [77xlfz47fu3jo4pa] Connection closed to [127.0.0.1]
    UID EXPUNGE
info Gelf {"short_message":"WILDDUCK HTTP [GET /users] OK","_remote_ip":"127.0.0.1","_http_route":"/users","_http_method":"GET","_user":"root","_role":"root","_api_response":"success","_size":721,"facility":"wildduck","host":"Johns-MacBook-Pro-i9.local","timestamp":1758839131.921,"_component":"wildduck"}
http
API 127.0.0.1 root [-/-] GET /users 200 4ms
info Gelf {"short_message":"WILDDUCK HTTP [GET /users] OK","_remote_ip":"127.0.0.1","_http_route":"/users","_http_method":"GET","_user":"root","_role":"root","_api_response":"success","_size":778,"_req_query":"0x1a2b3c4d5e6f789012345678901234567890abcd","facility":"wildduck","host":"Johns-MacBook-Pro-i9.local","timestamp":1758839131.969,"_component":"wildduck"}
http API 127.0.0.1 root [-/-] GET /users?query=0x1a2b3c4d5e6f789012345678901234567890abcd 200 22ms
verb Tasks Created task id=68d5c15cabe11a527cea52d4
info Gelf {"short_message":"WILDDUCK HTTP [DELETE /users/:user] OK","_remote_ip":"127.0.0.1","_http_route":"/users/:user","_http_method":"DELETE","_user":"root","_role":"root","_api_response":"success","_code":"TaskScheduled","_size":209,"_req_user":"68d5c159abe11a527cea52ae","facility":"wildduck","host":"Johns-MacBook-Pro-i9.local","timestamp":1758839132.024,"_component":"wildduck"}
http API 127.0.0.1 root [-/-] DELETE /users/68d5c159abe11a527cea52ae 200 14ms
verb Tasks Found task for processing id=68d5c15cabe11a527cea52d4
verb Tasks type=user-delete id=68d5c15cabe11a527cea52d4 data={"user":"68d5c159abe11a527cea52ae"}
verb Tasks task=user-delete id=68d5c15cabe11a527cea52d4 user=68d5c159abe11a527cea52ae message=Deleted 3 addresses from registry
verb Tasks task=user-delete id=68d5c15cabe11a527cea52d4 user=68d5c159abe11a527cea52ae message=Marked 1 messages for deletion
verb Tasks task=user-delete id=68d5c15cabe11a527cea52d4 user=68d5c159abe11a527cea52ae message=Marked total of 1 messages for deletion
verb Tasks task=user-delete id=68d5c15cabe11a527cea52d4 user=68d5c159abe11a527cea52ae message=Cleared user specific data
info Tasks Released task id=68d5c15cabe11a527cea52d4 lock=a58716293990092c9e22e105
info Gelf {"short_message":"WILDDUCK HTTP [POST /authenticate] OK","_remote_ip":"127.0.0.1","_http_route":"/authenticate","_http_method":"POST","_user":"root","_role":"root","_api_response":"success","_size":334,"_req_username":"0x1a2b3c4d5e6f789012345678901234567890abcd","_req_password":"***","_req_token":"true","_res_id":"68d5c15eabe11a527cea52d7","facility":"wildduck","host":"Johns-MacBook-Pro-i9.local","timestamp":1758839134.618,"_component":"wildduck"}
http API 127.0.0.1 root [-/-] POST /authenticate 200 170ms
info Gelf {"short_message":"WILDDUCK HTTP [GET /users] OK","_remote_ip":"127.0.0.1","_http_route":"/users","_http_method":"GET","_user":"root","_role":"root","_api_response":"success","_size":776,"_req_query":"0x1a2b3c4d5e6f789012345678901234567890abcd","facility":"wildduck","host":"Johns-MacBook-Pro-i9.local","timestamp":1758839134.669,"_component":"wildduck"}
http API 127.0.0.1 root [-/-] GET /users?query=0x1a2b3c4d5e6f789012345678901234567890abcd 200 14ms
info Gelf {"short_message":"WILDDUCK HTTP [GET /users/:user/mailboxes] OK","_remote_ip":"127.0.0.1","_http_route":"/users/:user/mailboxes","_http_method":"GET","_user":"root","_role":"root","_api_response":"success","_size":1275,"_req_user":"68d5c15eabe11a527cea52d7","facility":"wildduck","host":"Johns-MacBook-Pro-i9.local","timestamp":1758839134.717,"_component":"wildduck"}
http API 127.0.0.1 root [-/-] GET /users/68d5c15eabe11a527cea52d7/mailboxes 200 13ms
info Gelf {"short_message":"WILDDUCK HTTP [PUT /users/:user/mailboxes/:mailbox] OK","_remote_ip":"127.0.0.1","_http_route":"/users/:user/mailboxes/:mailbox","_http_method":"PUT","_user":"root","_role":"root","_api_response":"success","_size":22,"_req_user":"68d5c15eabe11a527cea52d7","_req_mailbox":"68d5c15eabe11a527cea52d9","_req_path":"[Gmail]/Sent Mail","facility":"wildduck","host":"Johns-MacBook-Pro-i9.local","timestamp":1758839134.823,"_component":"wildduck"}
http API 127.0.0.1 root [-/-] PUT /users/68d5c15eabe11a527cea52d7/mailboxes/68d5c15eabe11a527cea52d9 200 5ms
info
Gelf {"short_message":"WILDDUCK HTTP [GET /users/:user/mailboxes] OK","_remote_ip":"127.0.0.1","_http_route":"/users/:user/mailboxes","_http_method":"GET","_user":"root","_role":"root","_api_response":"success","_size":1283,"_req_user":"68d5c15eabe11a527cea52d7","facility":"wildduck","host":"Johns-MacBook-Pro-i9.local","timestamp":1758839134.849,"_component":"wildduck"}
http API 127.0.0.1 root [-/-] GET /users/68d5c15eabe11a527cea52d7/mailboxes 200 3ms
info Gelf {"short_message":"WILDDUCK [QUOTA] +","_mail_action":"quota","_user":"68d5c15eabe11a527cea52d7","_inc":256,"_storage_used":256,"_mailbox":"68d5c15eabe11a527cea52d8","facility":"wildduck","host":"Johns-MacBook-Pro-i9.local","timestamp":1758839135.02,"_component":"wildduck"}
info Gelf {"short_message":"WILDDUCK HTTP [POST /users/:user/mailboxes/:mailbox/messages] OK","_remote_ip":"127.0.0.1","_http_route":"/users/:user/mailboxes/:mailbox/messages","_http_method":"POST","_user":"root","_role":"root","_api_response":"success","_size":114,"_req_user":"68d5c15eabe11a527cea52d7","_req_mailbox":"68d5c15eabe11a527cea52d8","_req_date":"14-Sep-2013 21:22:28 -0300","_req_unseen":"true","_req_raw":"<Buffer 66 72 6f 6d 3a 20 30 78 62 30 36 63 64 65 66 61 31 61 32 62 33 63 34 64 35 65 36 66 37 38 39 30 31 32 33 34 35 36 37 38 …","facility":"wildduck","host":"Johns-MacBook-Pro-i9.local","timestamp":1758839135.026,"_component":"wildduck"}
http API 127.0.0.1 root [-/-] POST /users/68d5c15eabe11a527cea52d7/mailboxes/68d5c15eabe11a527cea52d8/messages?date=14-Sep-2013%2021%3A22%3A28%20-0300&unseen=true 200 28ms
info Gelf {"short_message":"WILDDUCK [QUOTA] +","_mail_action":"quota","_user":"68d5c15eabe11a527cea52d7","_inc":21927,"_storage_used":22183,"_mailbox":"68d5c15eabe11a527cea52d8","facility":"wildduck","host":"Johns-MacBook-Pro-i9.local","timestamp":1758839135.093,"_component":"wildduck"}
info Gelf {"short_message":"WILDDUCK HTTP [POST /users/:user/mailboxes/:mailbox/messages] OK","_remote_ip":"127.0.0.1","_http_route":"/users/:user/mailboxes/:mailbox/messages","_http_method":"POST","_user":"root","_role":"root","_api_response":"success","_size":116,"_req_user":"68d5c15eabe11a527cea52d7","_req_mailbox":"68d5c15eabe11a527cea52d8","_req_unseen":"false","_req_raw":"<Buffer 53 75 62 6a 65 63 74 3a 20 52 79 61 6e 20 46 69 6e 6e 69 65 27 73 20 4d 49 4d 45 20 54 6f 72 74 75 72 65 20 54 65 73 74 …","facility":"wildduck","host":"Johns-MacBook-Pro-i9.local","timestamp":1758839135.117,"_component":"wildduck"}
http API 127.0.0.1 root [-/-] POST /users/68d5c15eabe11a527cea52d7/mailboxes/68d5c15eabe11a527cea52d8/messages?unseen=false 200 69ms
info Gelf {"short_message":"WILDDUCK [QUOTA] +","_mail_action":"quota","_user":"68d5c15eabe11a527cea52d7","_inc":1044,"_storage_used":23227,"_mailbox":"68d5c15eabe11a527cea52d8","facility":"wildduck","host":"Johns-MacBook-Pro-i9.local","timestamp":1758839135.148,"_component":"wildduck"}
info Gelf {"short_message":"WILDDUCK HTTP [POST /users/:user/mailboxes/:mailbox/messages] OK","_remote_ip":"127.0.0.1","_http_route":"/users/:user/mailboxes/:mailbox/messages","_http_method":"POST","_user":"root","_role":"root","_api_response":"success","_size":115,"_req_user":"68d5c15eabe11a527cea52d7","_req_mailbox":"68d5c15eabe11a527cea52d8","_req_unseen":"false","_req_raw":"<Buffer 4d 49 4d 45 2d 56 65 72 73 69 6f 6e 3a 20 31 2e 30 0d 0a 46 72 6f 6d 3a 20 30 78 36 62 31 37 65 66 61 62 31 61 32 62 33 …","facility":"wildduck","host":"Johns-MacBook-Pro-i9.local","timestamp":1758839135.172,"_component":"wildduck"}
http API 127.0.0.1 root [-/-] POST /users/68d5c15eabe11a527cea52d7/mailboxes/68d5c15eabe11a527cea52d8/messages?unseen=false 200 31ms
info Gelf {"short_message":"WILDDUCK [QUOTA] +","_mail_action":"quota","_user":"68d5c15eabe11a527cea52d7","_inc":264,"_storage_used":23491,"_mailbox":"68d5c15eabe11a527cea52d8","facility":"wildduck","host":"Johns-MacBook-Pro-i9.local","timestamp":1758839135.217,"_component":"wildduck"}
info Gelf {"short_message":"WILDDUCK HTTP [POST /users/:user/mailboxes/:mailbox/messages] OK","_remote_ip":"127.0.0.1","_http_route":"/users/:user/mailboxes/:mailbox/messages","_http_method":"POST","_user":"root","_role":"root","_api_response":"success","_size":114,"_req_user":"68d5c15eabe11a527cea52d7","_req_mailbox":"68d5c15eabe11a527cea52d8","_req_unseen":"true","_req_raw":"<Buffer 66 72 6f 6d 3a 20 30 78 62 30 36 63 64 65 66 61 31 61 32 62 33 63 34 64 35 65 36 66 37 38 39 30 31 32 33 34 35 36 37 38 …","facility":"wildduck","host":"Johns-MacBook-Pro-i9.local","timestamp":1758839135.224,"_component":"wildduck"}
http API 127.0.0.1 root [-/-] POST /users/68d5c15eabe11a527cea52d7/mailboxes/68d5c15eabe11a527cea52d8/messages?unseen=true 200 29ms
info Gelf {"short_message":"WILDDUCK [QUOTA] +","_mail_action":"quota","_user":"68d5c15eabe11a527cea52d7","_inc":178,"_storage_used":23669,"_mailbox":"68d5c15eabe11a527cea52d8","facility":"wildduck","host":"Johns-MacBook-Pro-i9.local","timestamp":1758839135.269,"_component":"wildduck"}
info Gelf {"short_message":"WILDDUCK HTTP [POST /users/:user/mailboxes/:mailbox/messages] OK","_remote_ip":"127.0.0.1","_http_route":"/users/:user/mailboxes/:mailbox/messages","_http_method":"POST","_user":"root","_role":"root","_api_response":"success","_size":114,"_req_user":"68d5c15eabe11a527cea52d7","_req_mailbox":"68d5c15eabe11a527cea52d8","_req_unseen":"true","_req_raw":"<Buffer 66 72 6f 6d 3a 20 30 78 62 30 36 63 64 65 66 61 31 61 32 62 33 63 34 64 35 65 36 66 37 38 39 30 31 32 33 34 35 36 37 38 …","facility":"wildduck","host":"Johns-MacBook-Pro-i9.local","timestamp":1758839135.275,"_component":"wildduck"}
http API 127.0.0.1 root [-/-] POST /users/68d5c15eabe11a527cea52d7/mailboxes/68d5c15eabe11a527cea52d8/messages?unseen=true 200 28ms
info Gelf {"short_message":"WILDDUCK [QUOTA] +","_mail_action":"quota","_user":"68d5c15eabe11a527cea52d7","_inc":178,"_storage_used":23847,"_mailbox":"68d5c15eabe11a527cea52d8","facility":"wildduck","host":"Johns-MacBook-Pro-i9.local","timestamp":1758839135.319,"_component":"wildduck"}
info Gelf {"short_message":"WILDDUCK HTTP [POST /users/:user/mailboxes/:mailbox/messages] OK","_remote_ip":"127.0.0.1","_http_route":"/users/:user/mailboxes/:mailbox/messages","_http_method":"POST","_user":"root","_role":"root","_api_response":"success","_size":114,"_req_user":"68d5c15eabe11a527cea52d7","_req_mailbox":"68d5c15eabe11a527cea52d8","_req_unseen":"true","_req_raw":"<Buffer 66 72 6f 6d 3a 20 30 78 62 30 36 63 64 65 66 61 31 61 32 62 33 63 34 64 35 65 36 66 37 38 39 30 31 32 33 34 35 36 37 38 …","facility":"wildduck","host":"Johns-MacBook-Pro-i9.local","timestamp":1758839135.325,"_component":"wildduck"}
http API 127.0.0.1 root [-/-] POST /users/68d5c15eabe11a527cea52d7/mailboxes/68d5c15eabe11a527cea52d8/messages?unseen=true 200 27ms
info IMAP [hs3rvbi6ylrb2ai6] Secure connection from [127.0.0.1] to Johns-MacBook-Pro-i9.local 127.0.0.1:9993
sill IMAP [hs3rvbi6ylrb2ai6] S: * OK WildDuck IMAP Server ready for requests from 127.0.0.1 hs3rvbi6ylrb2ai6
sill IMAP
[hs3rvbi6ylrb2ai6] C: T1 LOGIN "(* value hidden *)" "(* value hidden *)"
info Gelf {"short_message":"WILDDUCK [AUTHOK] 0x1a2b3c4d5e6f789012345678901234567890abcd","_mail_action":"auth","_auth_result":"success","_username":"0x1a2b3c4d5e6f789012345678901234567890abcd","_domain":"johns-macbook-pro-i9.local","_user":"68d5c15eabe11a527cea52d7","_password_type":"master","_scope":"imap","_ip":"127.0.0.1","_sess":"hs3rvbi6ylrb2ai6","facility":"wildduck","host":"Johns-MacBook-Pro-i9.local","timestamp":1758839135.941,"_component":"wildduck"}
info Gelf {"short_message":"WILDDUCK [CONNSTART] Connection established for 68d5c15eabe11a527cea52d7","_connection":"establish","_service":"imap","_sess":"hs3rvbi6ylrb2ai6","_user":"68d5c15eabe11a527cea52d7","_cid":"hs3rvbi6ylrb2ai6","_ip":"127.0.0.1","_limit":15,"facility":"wildduck","host":"Johns-MacBook-Pro-i9.local","timestamp":1758839135.942,"_component":"wildduck"}
info IMAP [hs3rvbi6ylrb2ai6] 0x1a2b3c4d5e6f789012345678901234567890abcd authenticated using LOGIN
sill
IMAP [hs3rvbi6ylrb2ai6] New journal listener for 68d5c15eabe11a527cea52d7 (0x1a2b3c4d5e6f789012345678901234567890abcd)
sill IMAP [hs3rvbi6ylrb2ai6] S: * CAPABILITY IMAP4rev1 APPENDLIMIT=26214400 CHILDREN CONDSTORE ENABLE ID IDLE MOVE NAMESPACE QUOTA SPECIAL-USE UIDPLUS UNSELECT UTF8=ACCEPT XLIST
sill IMAP [hs3rvbi6ylrb2ai6] S: T1 OK 0x1a2b3c4d5e6f789012345678901234567890abcd authenticated
sill IMAP [hs3rvbi6ylrb2ai6] C: T2 SELECT INBOX
sill IMAP [hs3rvbi6ylrb2ai6] Opening "INBOX"
sill IMAP [hs3rvbi6ylrb2ai6] S: * FLAGS (\Answered \Flagged \Draft \Deleted \Seen)
sill IMAP [hs3rvbi6ylrb2ai6] S: * OK [PERMANENTFLAGS (\Answered \Flagged \Draft \Deleted \Seen \*)] Flags permitted
sill IMAP [hs3rvbi6ylrb2ai6] S: * OK [UIDVALIDITY 1758839134] UIDs valid
sill IMAP [hs3rvbi6ylrb2ai6] S: * 6 EXISTS
sill IMAP [hs3rvbi6ylrb2ai6] S: * 0 RECENT
sill IMAP [hs3rvbi6ylrb2ai6] S: * OK [HIGHESTMODSEQ 5000] Highest
sill IMAP [hs3rvbi6ylrb2ai6] S: * OK [UIDNEXT 1000] Predicted next UID
sill IMAP [hs3rvbi6ylrb2ai6] S: T2 OK [READ-WRITE] SELECT completed
sill IMAP [hs3rvbi6ylrb2ai6] C: T3 STORE 1:* +FLAGS (\Deleted)
sill IMAP [hs3rvbi6ylrb2ai6] Updating messages in "68d5c15eabe11a527cea52d8"
sill IMAP [hs3rvbi6ylrb2ai6] S: * 1 FETCH (FLAGS (\Deleted))
sill IMAP [hs3rvbi6ylrb2ai6] S: * 2 FETCH (FLAGS (\Seen \Deleted))
sill IMAP
[hs3rvbi6ylrb2ai6] S: * 3 FETCH (FLAGS (\Seen \Deleted))
sill IMAP [hs3rvbi6ylrb2ai6] S: * 4 FETCH (FLAGS (\Deleted))
sill IMAP [hs3rvbi6ylrb2ai6] S: * 5 FETCH (FLAGS (\Deleted))
sill IMAP [hs3rvbi6ylrb2ai6] S: * 6 FETCH (FLAGS (\Deleted))
info Gelf {"short_message":"WILDDUCK [STORE]","_mail_action":"store","_user":"68d5c15eabe11a527cea52d7","_mailbox":"68d5c15eabe11a527cea52d8","_sess":"hs3rvbi6ylrb2ai6","_message_count":6,"_flags":"\\Deleted","_store_action":"add","_response":true,"_message":"STORE completed","facility":"wildduck","host":"Johns-MacBook-Pro-i9.local","timestamp":1758839136.175,"_component":"wildduck"}
sill IMAP [hs3rvbi6ylrb2ai6] S: T3 OK STORE completed
sill IMAP [hs3rvbi6ylrb2ai6] C: T4 UID EXPUNGE 103,105
sill IMAP [hs3rvbi6ylrb2ai6] Deleting messages from "68d5c15eabe11a527cea52d8"
sill IMAP Acquired lock for deleting messages user=68d5c15eabe11a527cea52d7 mailbox=68d5c15eabe11a527cea52d8 message=68d5c15eabe11a527cea52d8 lock=mbwr:68d5c15eabe11a527cea52d8
info Gelf {"short_message":"WILDDUCK [ARCHIVED]","_mail_action":"archived","_user":"68d5c15eabe11a527cea52d7","_mailbox":"68d5c15eabe11a527cea52d8","_uid":103,"_stored_id":"68d5c15fabe11a527cea52e7","_expires":1760999136281,"_sess":"hs3rvbi6ylrb2ai6","_size":1044,"facility":"wildduck","host":"Johns-MacBook-Pro-i9.local","timestamp":1758839136.284,"_component":"wildduck"}
sill IMAP [hs3rvbi6ylrb2ai6] S: * 3 EXPUNGE
sill IMAP Updating message collection 68d5c15eabe11a527cea52d8 1 entries
sill IMAP Deleted message id=68d5c15fabe11a527cea52e7
info Gelf {"short_message":"WILDDUCK [ARCHIVED]","_mail_action":"archived","_user":"68d5c15eabe11a527cea52d7","_mailbox":"68d5c15eabe11a527cea52d8","_uid":105,"_stored_id":"68d5c15fabe11a527cea52ed","_expires":1760999136288,"_sess":"hs3rvbi6ylrb2ai6","_size":178,"facility":"wildduck","host":"Johns-MacBook-Pro-i9.local","timestamp":1758839136.29,"_component":"wildduck"}
sill IMAP [hs3rvbi6ylrb2ai6] S: * 4 EXPUNGE
sill IMAP Updating message collection 68d5c15eabe11a527cea52d8 1 entries
sill IMAP Deleted message id=68d5c15fabe11a527cea52ed
sill IMAP [hs3rvbi6ylrb2ai6] S: * 4 EXISTS
info Gelf {"short_message":"WILDDUCK [QUOTA] -","_mail_action":"quota","_user":"68d5c15eabe11a527cea52d7","_inc":-1222,"_storage_used":22625,"_sess":"hs3rvbi6ylrb2ai6","_mailbox":"68d5c15eabe11a527cea52d8","facility":"wildduck","host":"Johns-MacBook-Pro-i9.local","timestamp":1758839136.297,"_component":"wildduck"}
sill IMAP [hs3rvbi6ylrb2ai6] Pending notifications: 6
sill IMAP [hs3rvbi6ylrb2ai6] Processing notification: {"_id":"68d5c160abe11a527cea52f3","command":"FETCH","ignore":"hs3rvbi6ylrb2ai6","uid":101,"flags":["\\Deleted"],"thread":"68d5c15fabe11a527cea52e2","message":"68d5c15fabe11a527cea52e1","modseq":5001,"unseenChange":false,"created":"2025-09-25T22:25:36.174Z","mailbox":"68d5c15eabe11a527cea52d8","user":"68d5c15eabe11a527cea52d7"}
sill IMAP [hs3rvbi6ylrb2ai6] Processing notification: {"_id":"68d5c160abe11a527cea52f4","command":"FETCH","ignore":"hs3rvbi6ylrb2ai6","uid":102,"flags":["\\Seen","\\Deleted"],"thread":"68d5c15fabe11a527cea52e5","message":"68d5c15fabe11a527cea52e4","modseq":5001,"unseenChange":false,"created":"2025-09-25T22:25:36.174Z","mailbox":"68d5c15eabe11a527cea52d8","user":"68d5c15eabe11a527cea52d7"}
sill IMAP [hs3rvbi6ylrb2ai6] Processing notification: {"_id":"68d5c160abe11a527cea52f5","command":"FETCH","ignore":"hs3rvbi6ylrb2ai6","uid":103,"flags":["\\Seen","\\Deleted"],"thread":"68d5c15fabe11a527cea52e8","message":"68d5c15fabe11a527cea52e7","modseq":5001,"unseenChange":false,"created":"2025-09-25T22:25:36.174Z","mailbox":"68d5c15eabe11a527cea52d8","user":"68d5c15eabe11a527cea52d7"}
sill IMAP [hs3rvbi6ylrb2ai6] Processing notification: {"_id":"68d5c160abe11a527cea52f6","command":"FETCH","ignore":"hs3rvbi6ylrb2ai6","uid":104,"flags":["\\Deleted"],"thread":"68d5c15fabe11a527cea52eb","message":"68d5c15fabe11a527cea52ea","modseq":5001,"unseenChange":false,"created":"2025-09-25T22:25:36.174Z","mailbox":"68d5c15eabe11a527cea52d8","user":"68d5c15eabe11a527cea52d7"}
sill IMAP [hs3rvbi6ylrb2ai6] Processing notification: {"_id":"68d5c160abe11a527cea52f7","command":"FETCH","ignore":"hs3rvbi6ylrb2ai6","uid":105,"flags":["\\Deleted"],"thread":"68d5c15fabe11a527cea52ee","message":"68d5c15fabe11a527cea52ed","modseq":5001,"unseenChange":false,"created":"2025-09-25T22:25:36.174Z","mailbox":"68d5c15eabe11a527cea52d8","user":"68d5c15eabe11a527cea52d7"}
sill IMAP [hs3rvbi6ylrb2ai6] Processing notification: {"_id":"68d5c160abe11a527cea52f8","command":"FETCH","ignore":"hs3rvbi6ylrb2ai6","uid":106,"flags":["\\Deleted"],"thread":"68d5c15fabe11a527cea52f1","message":"68d5c15fabe11a527cea52f0","modseq":5001,"unseenChange":false,"created":"2025-09-25T22:25:36.174Z","mailbox":"68d5c15eabe11a527cea52d8","user":"68d5c15eabe11a527cea52d7"}
sill
IMAP [hs3rvbi6ylrb2ai6] S: T4 OK UID EXPUNGE completed
sill IMAP [hs3rvbi6ylrb2ai6] C: T5 LOGOUT
sill IMAP
[hs3rvbi6ylrb2ai6] Removed journal listener from 68d5c15eabe11a527cea52d7 (0x1a2b3c4d5e6f789012345678901234567890abcd)
sill IMAP [hs3rvbi6ylrb2ai6] S: * BYE Logout requested
sill IMAP [hs3rvbi6ylrb2ai6] S: T5 OK Bad biscuits make the baker broke, bro.
      ✔ should expunge specific messages (706ms)
info Gelf {"short_message":"WILDDUCK [CONNRELEASE] Connection released for 68d5c15eabe11a527cea52d7","_connection":"release","_service":"imap","_sess":"hs3rvbi6ylrb2ai6","_user":"68d5c15eabe11a527cea52d7","_cid":"hs3rvbi6ylrb2ai6","_ip":"127.0.0.1","facility":"wildduck","host":"Johns-MacBook-Pro-i9.local","timestamp":1758839136.4,"_component":"wildduck"}
info IMAP [hs3rvbi6ylrb2ai6] Connection closed to [127.0.0.1]
    FETCH command
info Gelf {"short_message":"WILDDUCK HTTP [GET /users] OK","_remote_ip":"127.0.0.1","_http_route":"/users","_http_method":"GET","_user":"root","_role":"root","_api_response":"success","_size":723,"facility":"wildduck","host":"Johns-MacBook-Pro-i9.local","timestamp":1758839137.078,"_component":"wildduck"}
http API 127.0.0.1 root [-/-] GET /users 200 4ms
info Gelf {"short_message":"WILDDUCK HTTP [GET /users] OK","_remote_ip":"127.0.0.1","_http_route":"/users","_http_method":"GET","_user":"root","_role":"root","_api_response":"success","_size":780,"_req_query":"0x1a2b3c4d5e6f789012345678901234567890abcd","facility":"wildduck","host":"Johns-MacBook-Pro-i9.local","timestamp":1758839137.119,"_component":"wildduck"}
http API 127.0.0.1 root [-/-] GET /users?query=0x1a2b3c4d5e6f789012345678901234567890abcd 200 18ms
verb Tasks Created task id=68d5c161abe11a527cea52fb
info Gelf {"short_message":"WILDDUCK HTTP [DELETE /users/:user] OK","_remote_ip":"127.0.0.1","_http_route":"/users/:user","_http_method":"DELETE","_user":"root","_role":"root","_api_response":"success","_code":"TaskScheduled","_size":209,"_req_user":"68d5c15eabe11a527cea52d7","facility":"wildduck","host":"Johns-MacBook-Pro-i9.local","timestamp":1758839137.224,"_component":"wildduck"}
http API
127.0.0.1 root [-/-] DELETE /users/68d5c15eabe11a527cea52d7 200 26ms
verb Tasks Found task for processing id=68d5c161abe11a527cea52fb
verb
Tasks type=user-delete id=68d5c161abe11a527cea52fb data={"user":"68d5c15eabe11a527cea52d7"}
verb Tasks task=user-delete id=68d5c161abe11a527cea52fb user=68d5c15eabe11a527cea52d7 message=Deleted 3 addresses from registry
verb Tasks task=user-delete id=68d5c161abe11a527cea52fb user=68d5c15eabe11a527cea52d7 message=Marked 4 messages for deletion
verb Tasks task=user-delete id=68d5c161abe11a527cea52fb user=68d5c15eabe11a527cea52d7 message=Marked total of 4 messages for deletion
verb Tasks task=user-delete id=68d5c161abe11a527cea52fb user=68d5c15eabe11a527cea52d7 message=Cleared user specific data
info Tasks Released task id=68d5c161abe11a527cea52fb lock=c9861607fcda096c7a3b90b0
info Gelf {"short_message":"WILDDUCK HTTP [POST /authenticate] OK","_remote_ip":"127.0.0.1","_http_route":"/authenticate","_http_method":"POST","_user":"root","_role":"root","_api_response":"success","_size":334,"_req_username":"0x1a2b3c4d5e6f789012345678901234567890abcd","_req_password":"***","_req_token":"true","_res_id":"68d5c163abe11a527cea52fe","facility":"wildduck","host":"Johns-MacBook-Pro-i9.local","timestamp":1758839139.773,"_component":"wildduck"}
http API 127.0.0.1 root [-/-] POST /authenticate 200 145ms
info Gelf {"short_message":"WILDDUCK HTTP [GET /users] OK","_remote_ip":"127.0.0.1","_http_route":"/users","_http_method":"GET","_user":"root","_role":"root","_api_response":"success","_size":776,"_req_query":"0x1a2b3c4d5e6f789012345678901234567890abcd","facility":"wildduck","host":"Johns-MacBook-Pro-i9.local","timestamp":1758839139.819,"_component":"wildduck"}
http API
127.0.0.1 root [-/-] GET /users?query=0x1a2b3c4d5e6f789012345678901234567890abcd 200 13ms
info Gelf {"short_message":"WILDDUCK HTTP [GET /users/:user/mailboxes] OK","_remote_ip":"127.0.0.1","_http_route":"/users/:user/mailboxes","_http_method":"GET","_user":"root","_role":"root","_api_response":"success","_size":1275,"_req_user":"68d5c163abe11a527cea52fe","facility":"wildduck","host":"Johns-MacBook-Pro-i9.local","timestamp":1758839139.868,"_component":"wildduck"}
http API 127.0.0.1 root [-/-] GET /users/68d5c163abe11a527cea52fe/mailboxes 200 15ms
info Gelf
{"short_message":"WILDDUCK HTTP [PUT /users/:user/mailboxes/:mailbox] OK","_remote_ip":"127.0.0.1","_http_route":"/users/:user/mailboxes/:mailbox","_http_method":"PUT","_user":"root","_role":"root","_api_response":"success","_size":22,"_req_user":"68d5c163abe11a527cea52fe","_req_mailbox":"68d5c163abe11a527cea5300","_req_path":"[Gmail]/Sent Mail","facility":"wildduck","host":"Johns-MacBook-Pro-i9.local","timestamp":1758839139.93,"_component":"wildduck"}
http API 127.0.0.1 root [-/-] PUT /users/68d5c163abe11a527cea52fe/mailboxes/68d5c163abe11a527cea5300 200 5ms
info Gelf {"short_message":"WILDDUCK HTTP [GET /users/:user/mailboxes] OK","_remote_ip":"127.0.0.1","_http_route":"/users/:user/mailboxes","_http_method":"GET","_user":"root","_role":"root","_api_response":"success","_size":1283,"_req_user":"68d5c163abe11a527cea52fe","facility":"wildduck","host":"Johns-MacBook-Pro-i9.local","timestamp":1758839139.968,"_component":"wildduck"}
http API 127.0.0.1 root [-/-] GET /users/68d5c163abe11a527cea52fe/mailboxes 200 14ms
info Gelf {"short_message":"WILDDUCK [QUOTA] +","_mail_action":"quota","_user":"68d5c163abe11a527cea52fe","_inc":256,"_storage_used":256,"_mailbox":"68d5c163abe11a527cea52ff","facility":"wildduck","host":"Johns-MacBook-Pro-i9.local","timestamp":1758839140.147,"_component":"wildduck"}
info Gelf {"short_message":"WILDDUCK HTTP [POST /users/:user/mailboxes/:mailbox/messages] OK","_remote_ip":"127.0.0.1","_http_route":"/users/:user/mailboxes/:mailbox/messages","_http_method":"POST","_user":"root","_role":"root","_api_response":"success","_size":114,"_req_user":"68d5c163abe11a527cea52fe","_req_mailbox":"68d5c163abe11a527cea52ff","_req_date":"14-Sep-2013 21:22:28 -0300","_req_unseen":"true","_req_raw":"<Buffer 66 72 6f 6d 3a 20 30 78 62 30 36 63 64 65 66 61 31 61 32 62 33 63 34 64 35 65 36 66 37 38 39 30 31 32 33 34 35 36 37 38 …","facility":"wildduck","host":"Johns-MacBook-Pro-i9.local","timestamp":1758839140.169,"_component":"wildduck"}
http API 127.0.0.1 root [-/-] POST /users/68d5c163abe11a527cea52fe/mailboxes/68d5c163abe11a527cea52ff/messages?date=14-Sep-2013%2021%3A22%3A28%20-0300&unseen=true 200 28ms
info Gelf {"short_message":"WILDDUCK [QUOTA] +","_mail_action":"quota","_user":"68d5c163abe11a527cea52fe","_inc":21927,"_storage_used":22183,"_mailbox":"68d5c163abe11a527cea52ff","facility":"wildduck","host":"Johns-MacBook-Pro-i9.local","timestamp":1758839140.233,"_component":"wildduck"}
info Gelf {"short_message":"WILDDUCK HTTP [POST /users/:user/mailboxes/:mailbox/messages] OK","_remote_ip":"127.0.0.1","_http_route":"/users/:user/mailboxes/:mailbox/messages","_http_method":"POST","_user":"root","_role":"root","_api_response":"success","_size":116,"_req_user":"68d5c163abe11a527cea52fe","_req_mailbox":"68d5c163abe11a527cea52ff","_req_unseen":"false","_req_raw":"<Buffer 53 75 62 6a 65 63 74 3a 20 52 79 61 6e 20 46 69 6e 6e 69 65 27 73 20 4d 49 4d 45 20 54 6f 72 74 75 72 65 20 54 65 73 74 …","facility":"wildduck","host":"Johns-MacBook-Pro-i9.local","timestamp":1758839140.241,"_component":"wildduck"}
http API
127.0.0.1 root [-/-] POST /users/68d5c163abe11a527cea52fe/mailboxes/68d5c163abe11a527cea52ff/messages?unseen=false 200 48ms
info Gelf {"short_message":"WILDDUCK [QUOTA] +","_mail_action":"quota","_user":"68d5c163abe11a527cea52fe","_inc":1044,"_storage_used":23227,"_mailbox":"68d5c163abe11a527cea52ff","facility":"wildduck","host":"Johns-MacBook-Pro-i9.local","timestamp":1758839140.272,"_component":"wildduck"}
info Gelf {"short_message":"WILDDUCK HTTP [POST /users/:user/mailboxes/:mailbox/messages] OK","_remote_ip":"127.0.0.1","_http_route":"/users/:user/mailboxes/:mailbox/messages","_http_method":"POST","_user":"root","_role":"root","_api_response":"success","_size":115,"_req_user":"68d5c163abe11a527cea52fe","_req_mailbox":"68d5c163abe11a527cea52ff","_req_unseen":"false","_req_raw":"<Buffer 4d 49 4d 45 2d 56 65 72 73 69 6f 6e 3a 20 31 2e 30 0d 0a 46 72 6f 6d 3a 20 30 78 36 62 31 37 65 66 61 62 31 61 32 62 33 …","facility":"wildduck","host":"Johns-MacBook-Pro-i9.local","timestamp":1758839140.278,"_component":"wildduck"}
http API 127.0.0.1 root [-/-] POST /users/68d5c163abe11a527cea52fe/mailboxes/68d5c163abe11a527cea52ff/messages?unseen=false 200 14ms
info Gelf {"short_message":"WILDDUCK [QUOTA] +","_mail_action":"quota","_user":"68d5c163abe11a527cea52fe","_inc":264,"_storage_used":23491,"_mailbox":"68d5c163abe11a527cea52ff","facility":"wildduck","host":"Johns-MacBook-Pro-i9.local","timestamp":1758839140.322,"_component":"wildduck"}
info Gelf {"short_message":"WILDDUCK HTTP [POST /users/:user/mailboxes/:mailbox/messages] OK","_remote_ip":"127.0.0.1","_http_route":"/users/:user/mailboxes/:mailbox/messages","_http_method":"POST","_user":"root","_role":"root","_api_response":"success","_size":114,"_req_user":"68d5c163abe11a527cea52fe","_req_mailbox":"68d5c163abe11a527cea52ff","_req_unseen":"true","_req_raw":"<Buffer 66 72 6f 6d 3a 20 30 78 62 30 36 63 64 65 66 61 31 61 32 62 33 63 34 64 35 65 36 66 37 38 39 30 31 32 33 34 35 36 37 38 …","facility":"wildduck","host":"Johns-MacBook-Pro-i9.local","timestamp":1758839140.329,"_component":"wildduck"}
http API 127.0.0.1 root [-/-] POST /users/68d5c163abe11a527cea52fe/mailboxes/68d5c163abe11a527cea52ff/messages?unseen=true 200 27ms
info Gelf {"short_message":"WILDDUCK [QUOTA] +","_mail_action":"quota","_user":"68d5c163abe11a527cea52fe","_inc":178,"_storage_used":23669,"_mailbox":"68d5c163abe11a527cea52ff","facility":"wildduck","host":"Johns-MacBook-Pro-i9.local","timestamp":1758839140.37,"_component":"wildduck"}
info Gelf {"short_message":"WILDDUCK HTTP [POST /users/:user/mailboxes/:mailbox/messages] OK","_remote_ip":"127.0.0.1","_http_route":"/users/:user/mailboxes/:mailbox/messages","_http_method":"POST","_user":"root","_role":"root","_api_response":"success","_size":114,"_req_user":"68d5c163abe11a527cea52fe","_req_mailbox":"68d5c163abe11a527cea52ff","_req_unseen":"true","_req_raw":"<Buffer 66 72 6f 6d 3a 20 30 78 62 30 36 63 64 65 66 61 31 61 32 62 33 63 34 64 35 65 36 66 37 38 39 30 31 32 33 34 35 36 37 38 …","facility":"wildduck","host":"Johns-MacBook-Pro-i9.local","timestamp":1758839140.375,"_component":"wildduck"}
http API 127.0.0.1 root [-/-] POST /users/68d5c163abe11a527cea52fe/mailboxes/68d5c163abe11a527cea52ff/messages?unseen=true 200 23ms
info Gelf {"short_message":"WILDDUCK [QUOTA] +","_mail_action":"quota","_user":"68d5c163abe11a527cea52fe","_inc":178,"_storage_used":23847,"_mailbox":"68d5c163abe11a527cea52ff","facility":"wildduck","host":"Johns-MacBook-Pro-i9.local","timestamp":1758839140.42,"_component":"wildduck"}
info Gelf {"short_message":"WILDDUCK HTTP [POST /users/:user/mailboxes/:mailbox/messages] OK","_remote_ip":"127.0.0.1","_http_route":"/users/:user/mailboxes/:mailbox/messages","_http_method":"POST","_user":"root","_role":"root","_api_response":"success","_size":114,"_req_user":"68d5c163abe11a527cea52fe","_req_mailbox":"68d5c163abe11a527cea52ff","_req_unseen":"true","_req_raw":"<Buffer 66 72 6f 6d 3a 20 30 78 62 30 36 63 64 65 66 61 31 61 32 62 33 63 34 64 35 65 36 66 37 38 39 30 31 32 33 34 35 36 37 38 …","facility":"wildduck","host":"Johns-MacBook-Pro-i9.local","timestamp":1758839140.426,"_component":"wildduck"}
http API 127.0.0.1 root [-/-] POST /users/68d5c163abe11a527cea52fe/mailboxes/68d5c163abe11a527cea52ff/messages?unseen=true 200 28ms
info IMAP [atypv4q5i3obm5s2] Secure connection from [127.0.0.1] to Johns-MacBook-Pro-i9.local 127.0.0.1:9993
sill IMAP [atypv4q5i3obm5s2] S: * OK WildDuck IMAP Server ready for requests from 127.0.0.1 atypv4q5i3obm5s2
sill IMAP [atypv4q5i3obm5s2] C: T1 LOGIN "(* value hidden *)" "(* value hidden *)"
info Gelf {"short_message":"WILDDUCK [AUTHOK] 0x1a2b3c4d5e6f789012345678901234567890abcd","_mail_action":"auth","_auth_result":"success","_username":"0x1a2b3c4d5e6f789012345678901234567890abcd","_domain":"johns-macbook-pro-i9.local","_user":"68d5c163abe11a527cea52fe","_password_type":"master","_scope":"imap","_ip":"127.0.0.1","_sess":"atypv4q5i3obm5s2","facility":"wildduck","host":"Johns-MacBook-Pro-i9.local","timestamp":1758839141.093,"_component":"wildduck"}
info Gelf {"short_message":"WILDDUCK [CONNSTART] Connection established for 68d5c163abe11a527cea52fe","_connection":"establish","_service":"imap","_sess":"atypv4q5i3obm5s2","_user":"68d5c163abe11a527cea52fe","_cid":"atypv4q5i3obm5s2","_ip":"127.0.0.1","_limit":15,"facility":"wildduck","host":"Johns-MacBook-Pro-i9.local","timestamp":1758839141.094,"_component":"wildduck"}
info IMAP [atypv4q5i3obm5s2] 0x1a2b3c4d5e6f789012345678901234567890abcd authenticated using LOGIN
sill IMAP [atypv4q5i3obm5s2] New journal listener for 68d5c163abe11a527cea52fe (0x1a2b3c4d5e6f789012345678901234567890abcd)
sill IMAP [atypv4q5i3obm5s2] S: * CAPABILITY IMAP4rev1 APPENDLIMIT=26214400 CHILDREN CONDSTORE ENABLE ID IDLE MOVE NAMESPACE QUOTA SPECIAL-USE UIDPLUS UNSELECT UTF8=ACCEPT XLIST
sill IMAP [atypv4q5i3obm5s2] S: T1 OK 0x1a2b3c4d5e6f789012345678901234567890abcd authenticated
sill IMAP [atypv4q5i3obm5s2] C: T2 SELECT INBOX
sill
IMAP [atypv4q5i3obm5s2] Opening "INBOX"
sill IMAP [atypv4q5i3obm5s2] S: * FLAGS (\Answered \Flagged \Draft \Deleted \Seen)
sill IMAP [atypv4q5i3obm5s2] S: * OK [PERMANENTFLAGS (\Answered \Flagged \Draft \Deleted \Seen \*)] Flags permitted
sill IMAP [atypv4q5i3obm5s2] S: * OK [UIDVALIDITY 1758839139] UIDs valid
sill IMAP [atypv4q5i3obm5s2] S: * 6 EXISTS
sill IMAP [atypv4q5i3obm5s2] S: * 0 RECENT
sill IMAP [atypv4q5i3obm5s2] S: * OK [HIGHESTMODSEQ 5000] Highest
sill IMAP [atypv4q5i3obm5s2] S: * OK [UIDNEXT 1000] Predicted next UID
sill IMAP [atypv4q5i3obm5s2] S: T2 OK [READ-WRITE] SELECT completed
sill IMAP [atypv4q5i3obm5s2] C: T3 UID FETCH 103 (FLAGS)
sill IMAP [atypv4q5i3obm5s2] FETCH: {"metadataOnly":true,"markAsSeen":false,"messages":1,"query":[{"query":"FLAGS","item":"flags","original":{"type":"ATOM","value":"FLAGS"}},{"query":"UID","item":"uid","original":{"type":"ATOM","value":"UID"}}],"changedSince":0,"isUid":true}
sill IMAP [atypv4q5i3obm5s2] Requested FETCH for "68d5c163abe11a527cea52ff"
sill IMAP [atypv4q5i3obm5s2] S: * 3 FETCH (FLAGS (\Seen) UID 103)
sill IMAP
[atypv4q5i3obm5s2] FETCHOK rows=1 user=68d5c163abe11a527cea52fe mailbox=68d5c163abe11a527cea52ff time=0.022
info Gelf {"short_message":"WILDDUCK [FETCH]","_mail_action":"fetch","_user":"68d5c163abe11a527cea52fe","_mailbox":"68d5c163abe11a527cea52ff","_sess":"atypv4q5i3obm5s2","_mark_seen":"no","_is_uid":"yes","_message_count":1,"_query":"T3 UID FETCH 103 (FLAGS)","_query_time":22,"_row_count":1,"_total_bytes":33,"_response":true,"facility":"wildduck","host":"Johns-MacBook-Pro-i9.local","timestamp":1758839141.325,"_component":"wildduck"}
sill IMAP [atypv4q5i3obm5s2] S: T3 OK UID FETCH completed
sill IMAP [atypv4q5i3obm5s2] C: T4 FETCH 3 (FLAGS)
sill IMAP [atypv4q5i3obm5s2] FETCH: {"metadataOnly":true,"markAsSeen":false,"messages":1,"query":[{"query":"FLAGS","item":"flags","original":{"type":"ATOM","value":"FLAGS"}}],"changedSince":0,"isUid":false}
sill IMAP [atypv4q5i3obm5s2] Requested FETCH for "68d5c163abe11a527cea52ff"
sill IMAP [atypv4q5i3obm5s2] S: * 3 FETCH (FLAGS (\Seen))
sill IMAP [atypv4q5i3obm5s2] FETCHOK rows=1 user=68d5c163abe11a527cea52fe mailbox=68d5c163abe11a527cea52ff time=0.004
info Gelf
{"short_message":"WILDDUCK [FETCH]","_mail_action":"fetch","_user":"68d5c163abe11a527cea52fe","_mailbox":"68d5c163abe11a527cea52ff","_sess":"atypv4q5i3obm5s2","_mark_seen":"no","_is_uid":"no","_message_count":1,"_query":"T4 FETCH 3 (FLAGS)","_query_time":5,"_row_count":1,"_total_bytes":25,"_response":true,"facility":"wildduck","host":"Johns-MacBook-Pro-i9.local","timestamp":1758839141.431,"_component":"wildduck"}
sill
IMAP [atypv4q5i3obm5s2] S: T4 OK FETCH completed
sill IMAP [atypv4q5i3obm5s2] C: T4 LOGOUT
sill IMAP [atypv4q5i3obm5s2] Removed journal listener from 68d5c163abe11a527cea52fe (0x1a2b3c4d5e6f789012345678901234567890abcd)
sill
IMAP [atypv4q5i3obm5s2] S: * BYE Logout requested
sill IMAP
[atypv4q5i3obm5s2] S: T4 OK Bad biscuits make the baker broke, bro.
      ✔ should list by UID (690ms)
info Gelf {"short_message":"WILDDUCK [CONNRELEASE] Connection released for 68d5c163abe11a527cea52fe","_connection":"release","_service":"imap","_sess":"atypv4q5i3obm5s2","_user":"68d5c163abe11a527cea52fe","_cid":"atypv4q5i3obm5s2","_ip":"127.0.0.1","facility":"wildduck","host":"Johns-MacBook-Pro-i9.local","timestamp":1758839141.534,"_component":"wildduck"}
info IMAP [atypv4q5i3obm5s2] Connection closed to [127.0.0.1]
info Gelf {"short_message":"WILDDUCK HTTP [GET /users] OK","_remote_ip":"127.0.0.1","_http_route":"/users","_http_method":"GET","_user":"root","_role":"root","_api_response":"success","_size":723,"facility":"wildduck","host":"Johns-MacBook-Pro-i9.local","timestamp":1758839142.219,"_component":"wildduck"}
http API 127.0.0.1 root [-/-] GET /users 200 15ms
info Gelf {"short_message":"WILDDUCK HTTP [GET /users] OK","_remote_ip":"127.0.0.1","_http_route":"/users","_http_method":"GET","_user":"root","_role":"root","_api_response":"success","_size":780,"_req_query":"0x1a2b3c4d5e6f789012345678901234567890abcd","facility":"wildduck","host":"Johns-MacBook-Pro-i9.local","timestamp":1758839142.246,"_component":"wildduck"}
http API 127.0.0.1 root [-/-] GET /users?query=0x1a2b3c4d5e6f789012345678901234567890abcd 200 5ms
verb Tasks Created task id=68d5c166abe11a527cea531a
info Gelf {"short_message":"WILDDUCK HTTP [DELETE /users/:user] OK","_remote_ip":"127.0.0.1","_http_route":"/users/:user","_http_method":"DELETE","_user":"root","_role":"root","_api_response":"success","_code":"TaskScheduled","_size":209,"_req_user":"68d5c163abe11a527cea52fe","facility":"wildduck","host":"Johns-MacBook-Pro-i9.local","timestamp":1758839142.288,"_component":"wildduck"}
http API 127.0.0.1 root [-/-] DELETE /users/68d5c163abe11a527cea52fe 200 8ms
info Gelf {"short_message":"WILDDUCK HTTP [POST /authenticate] OK","_remote_ip":"127.0.0.1","_http_route":"/authenticate","_http_method":"POST","_user":"root","_role":"root","_api_response":"success","_size":334,"_req_username":"0x1a2b3c4d5e6f789012345678901234567890abcd","_req_password":"***","_req_token":"true","_res_id":"68d5c168abe11a527cea531c","facility":"wildduck","host":"Johns-MacBook-Pro-i9.local","timestamp":1758839144.848,"_component":"wildduck"}
http API 127.0.0.1 root [-/-] POST /authenticate 200 150ms
info Gelf {"short_message":"WILDDUCK HTTP [GET /users] OK","_remote_ip":"127.0.0.1","_http_route":"/users","_http_method":"GET","_user":"root","_role":"root","_api_response":"success","_size":776,"_req_query":"0x1a2b3c4d5e6f789012345678901234567890abcd","facility":"wildduck","host":"Johns-MacBook-Pro-i9.local","timestamp":1758839144.886,"_component":"wildduck"}
http API 127.0.0.1 root [-/-] GET /users?query=0x1a2b3c4d5e6f789012345678901234567890abcd 200 4ms
info Gelf {"short_message":"WILDDUCK HTTP [GET /users/:user/mailboxes] OK","_remote_ip":"127.0.0.1","_http_route":"/users/:user/mailboxes","_http_method":"GET","_user":"root","_role":"root","_api_response":"success","_size":1275,"_req_user":"68d5c168abe11a527cea531c","facility":"wildduck","host":"Johns-MacBook-Pro-i9.local","timestamp":1758839144.922,"_component":"wildduck"}
http API 127.0.0.1 root [-/-] GET /users/68d5c168abe11a527cea531c/mailboxes 200 3ms
info Gelf {"short_message":"WILDDUCK HTTP [PUT /users/:user/mailboxes/:mailbox] OK","_remote_ip":"127.0.0.1","_http_route":"/users/:user/mailboxes/:mailbox","_http_method":"PUT","_user":"root","_role":"root","_api_response":"success","_size":22,"_req_user":"68d5c168abe11a527cea531c","_req_mailbox":"68d5c168abe11a527cea531e","_req_path":"[Gmail]/Sent Mail","facility":"wildduck","host":"Johns-MacBook-Pro-i9.local","timestamp":1758839144.984,"_component":"wildduck"}
http API 127.0.0.1 root [-/-] PUT /users/68d5c168abe11a527cea531c/mailboxes/68d5c168abe11a527cea531e 200 5ms
info Gelf {"short_message":"WILDDUCK HTTP [GET /users/:user/mailboxes] OK","_remote_ip":"127.0.0.1","_http_route":"/users/:user/mailboxes","_http_method":"GET","_user":"root","_role":"root","_api_response":"success","_size":1283,"_req_user":"68d5c168abe11a527cea531c","facility":"wildduck","host":"Johns-MacBook-Pro-i9.local","timestamp":1758839145.018,"_component":"wildduck"}
http API 127.0.0.1 root [-/-] GET /users/68d5c168abe11a527cea531c/mailboxes 200 11ms
info Gelf {"short_message":"WILDDUCK [QUOTA] +","_mail_action":"quota","_user":"68d5c168abe11a527cea531c","_inc":256,"_storage_used":256,"_mailbox":"68d5c168abe11a527cea531d","facility":"wildduck","host":"Johns-MacBook-Pro-i9.local","timestamp":1758839145.195,"_component":"wildduck"}
info Gelf {"short_message":"WILDDUCK HTTP [POST /users/:user/mailboxes/:mailbox/messages] OK","_remote_ip":"127.0.0.1","_http_route":"/users/:user/mailboxes/:mailbox/messages","_http_method":"POST","_user":"root","_role":"root","_api_response":"success","_size":114,"_req_user":"68d5c168abe11a527cea531c","_req_mailbox":"68d5c168abe11a527cea531d","_req_date":"14-Sep-2013 21:22:28 -0300","_req_unseen":"true","_req_raw":"<Buffer 66 72 6f 6d 3a 20 30 78 62 30 36 63 64 65 66 61 31 61 32 62 33 63 34 64 35 65 36 66 37 38 39 30 31 32 33 34 35 36 37 38 …","facility":"wildduck","host":"Johns-MacBook-Pro-i9.local","timestamp":1758839145.218,"_component":"wildduck"}
http API 127.0.0.1 root [-/-] POST /users/68d5c168abe11a527cea531c/mailboxes/68d5c168abe11a527cea531d/messages?date=14-Sep-2013%2021%3A22%3A28%20-0300&unseen=true 200 28ms
info Gelf {"short_message":"WILDDUCK [QUOTA] +","_mail_action":"quota","_user":"68d5c168abe11a527cea531c","_inc":21927,"_storage_used":22183,"_mailbox":"68d5c168abe11a527cea531d","facility":"wildduck","host":"Johns-MacBook-Pro-i9.local","timestamp":1758839145.282,"_component":"wildduck"}
info Gelf {"short_message":"WILDDUCK HTTP [POST /users/:user/mailboxes/:mailbox/messages] OK","_remote_ip":"127.0.0.1","_http_route":"/users/:user/mailboxes/:mailbox/messages","_http_method":"POST","_user":"root","_role":"root","_api_response":"success","_size":116,"_req_user":"68d5c168abe11a527cea531c","_req_mailbox":"68d5c168abe11a527cea531d","_req_unseen":"false","_req_raw":"<Buffer 53 75 62 6a 65 63 74 3a 20 52 79 61 6e 20 46 69 6e 6e 69 65 27 73 20 4d 49 4d 45 20 54 6f 72 74 75 72 65 20 54 65 73 74 …","facility":"wildduck","host":"Johns-MacBook-Pro-i9.local","timestamp":1758839145.289,"_component":"wildduck"}
http API 127.0.0.1 root [-/-] POST /users/68d5c168abe11a527cea531c/mailboxes/68d5c168abe11a527cea531d/messages?unseen=false 200 48ms
info Gelf {"short_message":"WILDDUCK [QUOTA] +","_mail_action":"quota","_user":"68d5c168abe11a527cea531c","_inc":1044,"_storage_used":23227,"_mailbox":"68d5c168abe11a527cea531d","facility":"wildduck","host":"Johns-MacBook-Pro-i9.local","timestamp":1758839145.323,"_component":"wildduck"}
info Gelf {"short_message":"WILDDUCK HTTP [POST /users/:user/mailboxes/:mailbox/messages] OK","_remote_ip":"127.0.0.1","_http_route":"/users/:user/mailboxes/:mailbox/messages","_http_method":"POST","_user":"root","_role":"root","_api_response":"success","_size":115,"_req_user":"68d5c168abe11a527cea531c","_req_mailbox":"68d5c168abe11a527cea531d","_req_unseen":"false","_req_raw":"<Buffer 4d 49 4d 45 2d 56 65 72 73 69 6f 6e 3a 20 31 2e 30 0d 0a 46 72 6f 6d 3a 20 30 78 36 62 31 37 65 66 61 62 31 61 32 62 33 …","facility":"wildduck","host":"Johns-MacBook-Pro-i9.local","timestamp":1758839145.329,"_component":"wildduck"}
http API 127.0.0.1 root [-/-] POST /users/68d5c168abe11a527cea531c/mailboxes/68d5c168abe11a527cea531d/messages?unseen=false 200 18ms
info Gelf {"short_message":"WILDDUCK [QUOTA] +","_mail_action":"quota","_user":"68d5c168abe11a527cea531c","_inc":264,"_storage_used":23491,"_mailbox":"68d5c168abe11a527cea531d","facility":"wildduck","host":"Johns-MacBook-Pro-i9.local","timestamp":1758839145.37,"_component":"wildduck"}
info Gelf {"short_message":"WILDDUCK HTTP [POST /users/:user/mailboxes/:mailbox/messages] OK","_remote_ip":"127.0.0.1","_http_route":"/users/:user/mailboxes/:mailbox/messages","_http_method":"POST","_user":"root","_role":"root","_api_response":"success","_size":114,"_req_user":"68d5c168abe11a527cea531c","_req_mailbox":"68d5c168abe11a527cea531d","_req_unseen":"true","_req_raw":"<Buffer 66 72 6f 6d 3a 20 30 78 62 30 36 63 64 65 66 61 31 61 32 62 33 63 34 64 35 65 36 66 37 38 39 30 31 32 33 34 35 36 37 38 …","facility":"wildduck","host":"Johns-MacBook-Pro-i9.local","timestamp":1758839145.376,"_component":"wildduck"}
http API 127.0.0.1 root [-/-] POST /users/68d5c168abe11a527cea531c/mailboxes/68d5c168abe11a527cea531d/messages?unseen=true 200 23ms
info Gelf {"short_message":"WILDDUCK [QUOTA] +","_mail_action":"quota","_user":"68d5c168abe11a527cea531c","_inc":178,"_storage_used":23669,"_mailbox":"68d5c168abe11a527cea531d","facility":"wildduck","host":"Johns-MacBook-Pro-i9.local","timestamp":1758839145.421,"_component":"wildduck"}
info Gelf {"short_message":"WILDDUCK HTTP [POST /users/:user/mailboxes/:mailbox/messages] OK","_remote_ip":"127.0.0.1","_http_route":"/users/:user/mailboxes/:mailbox/messages","_http_method":"POST","_user":"root","_role":"root","_api_response":"success","_size":114,"_req_user":"68d5c168abe11a527cea531c","_req_mailbox":"68d5c168abe11a527cea531d","_req_unseen":"true","_req_raw":"<Buffer 66 72 6f 6d 3a 20 30 78 62 30 36 63 64 65 66 61 31 61 32 62 33 63 34 64 35 65 36 66 37 38 39 30 31 32 33 34 35 36 37 38 …","facility":"wildduck","host":"Johns-MacBook-Pro-i9.local","timestamp":1758839145.427,"_component":"wildduck"}
http API 127.0.0.1 root [-/-] POST /users/68d5c168abe11a527cea531c/mailboxes/68d5c168abe11a527cea531d/messages?unseen=true 200 28ms
info Gelf {"short_message":"WILDDUCK [QUOTA] +","_mail_action":"quota","_user":"68d5c168abe11a527cea531c","_inc":178,"_storage_used":23847,"_mailbox":"68d5c168abe11a527cea531d","facility":"wildduck","host":"Johns-MacBook-Pro-i9.local","timestamp":1758839145.471,"_component":"wildduck"}
info Gelf {"short_message":"WILDDUCK HTTP [POST /users/:user/mailboxes/:mailbox/messages] OK","_remote_ip":"127.0.0.1","_http_route":"/users/:user/mailboxes/:mailbox/messages","_http_method":"POST","_user":"root","_role":"root","_api_response":"success","_size":114,"_req_user":"68d5c168abe11a527cea531c","_req_mailbox":"68d5c168abe11a527cea531d","_req_unseen":"true","_req_raw":"<Buffer 66 72 6f 6d 3a 20 30 78 62 30 36 63 64 65 66 61 31 61 32 62 33 63 34 64 35 65 36 66 37 38 39 30 31 32 33 34 35 36 37 38 …","facility":"wildduck","host":"Johns-MacBook-Pro-i9.local","timestamp":1758839145.476,"_component":"wildduck"}
http API 127.0.0.1 root [-/-] POST /users/68d5c168abe11a527cea531c/mailboxes/68d5c168abe11a527cea531d/messages?unseen=true 200 27ms
verb Tasks Found task for processing id=68d5c166abe11a527cea531a
verb Tasks type=user-delete id=68d5c166abe11a527cea531a data={"user":"68d5c163abe11a527cea52fe"}
verb Tasks task=user-delete id=68d5c166abe11a527cea531a user=68d5c163abe11a527cea52fe message=Deleted 3 addresses from registry
verb Tasks task=user-delete id=68d5c166abe11a527cea531a user=68d5c163abe11a527cea52fe message=Marked 6 messages for deletion
verb Tasks task=user-delete id=68d5c166abe11a527cea531a user=68d5c163abe11a527cea52fe message=Marked total of 6 messages for deletion
verb Tasks task=user-delete id=68d5c166abe11a527cea531a user=68d5c163abe11a527cea52fe message=Cleared user specific data
info Tasks Released task id=68d5c166abe11a527cea531a lock=8176268b5a37eca01d2801cd
info IMAP [l5p4n2gudcfr2sbq] Secure connection from [127.0.0.1] to Johns-MacBook-Pro-i9.local 127.0.0.1:9993
sill IMAP [l5p4n2gudcfr2sbq] S: * OK WildDuck IMAP Server ready for requests from 127.0.0.1 l5p4n2gudcfr2sbq
sill IMAP [l5p4n2gudcfr2sbq] C: T1 LOGIN "(* value hidden *)" "(* value hidden *)"
info Gelf {"short_message":"WILDDUCK [AUTHOK] 0x1a2b3c4d5e6f789012345678901234567890abcd","_mail_action":"auth","_auth_result":"success","_username":"0x1a2b3c4d5e6f789012345678901234567890abcd","_domain":"johns-macbook-pro-i9.local","_user":"68d5c168abe11a527cea531c","_password_type":"master","_scope":"imap","_ip":"127.0.0.1","_sess":"l5p4n2gudcfr2sbq","facility":"wildduck","host":"Johns-MacBook-Pro-i9.local","timestamp":1758839146.042,"_component":"wildduck"}
info Gelf {"short_message":"WILDDUCK [CONNSTART] Connection established for 68d5c168abe11a527cea531c","_connection":"establish","_service":"imap","_sess":"l5p4n2gudcfr2sbq","_user":"68d5c168abe11a527cea531c","_cid":"l5p4n2gudcfr2sbq","_ip":"127.0.0.1","_limit":15,"facility":"wildduck","host":"Johns-MacBook-Pro-i9.local","timestamp":1758839146.043,"_component":"wildduck"}
info IMAP [l5p4n2gudcfr2sbq] 0x1a2b3c4d5e6f789012345678901234567890abcd authenticated using LOGIN
sill IMAP [l5p4n2gudcfr2sbq] New journal listener for 68d5c168abe11a527cea531c (0x1a2b3c4d5e6f789012345678901234567890abcd)
sill IMAP [l5p4n2gudcfr2sbq] S: * CAPABILITY IMAP4rev1 APPENDLIMIT=26214400 CHILDREN CONDSTORE ENABLE ID IDLE MOVE NAMESPACE QUOTA SPECIAL-USE UIDPLUS UNSELECT UTF8=ACCEPT XLIST
sill
IMAP [l5p4n2gudcfr2sbq] S: T1 OK 0x1a2b3c4d5e6f789012345678901234567890abcd authenticated
sill IMAP [l5p4n2gudcfr2sbq] C: T2 SELECT INBOX
sill IMAP [l5p4n2gudcfr2sbq] Opening "INBOX"
sill IMAP [l5p4n2gudcfr2sbq] S: * FLAGS (\Answered \Flagged \Draft \Deleted \Seen)
sill IMAP [l5p4n2gudcfr2sbq] S: * OK [PERMANENTFLAGS (\Answered \Flagged \Draft \Deleted \Seen \*)] Flags permitted
sill IMAP [l5p4n2gudcfr2sbq] S: * OK [UIDVALIDITY 1758839144] UIDs valid
sill IMAP [l5p4n2gudcfr2sbq] S: * 6 EXISTS
sill IMAP [l5p4n2gudcfr2sbq] S: * 0 RECENT
sill IMAP [l5p4n2gudcfr2sbq] S: * OK [HIGHESTMODSEQ 5000] Highest
sill IMAP [l5p4n2gudcfr2sbq] S: * OK [UIDNEXT 1000] Predicted next UID
sill IMAP [l5p4n2gudcfr2sbq] S: T2 OK [READ-WRITE] SELECT completed
sill IMAP [l5p4n2gudcfr2sbq] C: T3 UID FETCH 103 (FLAGS) (CHANGEDSINCE 1)
sill IMAP [l5p4n2gudcfr2sbq] FETCH: {"metadataOnly":true,"markAsSeen":false,"messages":1,"query":[{"query":"FLAGS","item":"flags","original":{"type":"ATOM","value":"FLAGS"}},{"query":"UID","item":"uid","original":{"type":"ATOM","value":"UID"}},{"query":"MODSEQ","item":"modseq","original":{"type":"ATOM","value":"MODSEQ"}}],"changedSince":1,"isUid":true}
sill IMAP [l5p4n2gudcfr2sbq] Requested FETCH for "68d5c168abe11a527cea531d"
sill IMAP [l5p4n2gudcfr2sbq] S: * 3 FETCH (FLAGS (\Seen) UID 103 MODSEQ (3))
sill IMAP [l5p4n2gudcfr2sbq] FETCHOK rows=1 user=68d5c168abe11a527cea531c mailbox=68d5c168abe11a527cea531d time=0.021
info Gelf
{"short_message":"WILDDUCK [FETCH]","_mail_action":"fetch","_user":"68d5c168abe11a527cea531c","_mailbox":"68d5c168abe11a527cea531d","_sess":"l5p4n2gudcfr2sbq","_mark_seen":"no","_is_uid":"yes","_message_count":1,"_modseq":1,"_query":"T3 UID FETCH 103 (FLAGS) (CHANGEDSINCE 1)","_query_time":21,"_row_count":1,"_total_bytes":44,"_response":true,"facility":"wildduck","host":"Johns-MacBook-Pro-i9.local","timestamp":1758839146.271,"_component":"wildduck"}
sill IMAP [l5p4n2gudcfr2sbq] S: T3 OK UID FETCH completed
sill IMAP
[l5p4n2gudcfr2sbq] C: T4 FETCH 3 (FLAGS) (CHANGEDSINCE 1)
sill IMAP
[l5p4n2gudcfr2sbq] FETCH: {"metadataOnly":true,"markAsSeen":false,"messages":1,"query":[{"query":"FLAGS","item":"flags","original":{"type":"ATOM","value":"FLAGS"}},{"query":"MODSEQ","item":"modseq","original":{"type":"ATOM","value":"MODSEQ"}}],"changedSince":1,"isUid":false}
sill IMAP
[l5p4n2gudcfr2sbq] Requested FETCH for "68d5c168abe11a527cea531d"
sill IMAP [l5p4n2gudcfr2sbq] S: * 3 FETCH (FLAGS (\Seen) MODSEQ (3))
sill IMAP [l5p4n2gudcfr2sbq] FETCHOK rows=1 user=68d5c168abe11a527cea531c mailbox=68d5c168abe11a527cea531d time=0.005
info
Gelf {"short_message":"WILDDUCK [FETCH]","_mail_action":"fetch","_user":"68d5c168abe11a527cea531c","_mailbox":"68d5c168abe11a527cea531d","_sess":"l5p4n2gudcfr2sbq","_mark_seen":"no","_is_uid":"no","_message_count":1,"_modseq":1,"_query":"T4 FETCH 3 (FLAGS) (CHANGEDSINCE 1)","_query_time":5,"_row_count":1,"_total_bytes":36,"_response":true,"facility":"wildduck","host":"Johns-MacBook-Pro-i9.local","timestamp":1758839146.378,"_component":"wildduck"}
sill IMAP [l5p4n2gudcfr2sbq] S: T4 OK FETCH completed
sill IMAP [l5p4n2gudcfr2sbq] C: T5 UID FETCH 103 (FLAGS) (CHANGEDSINCE 10000)
sill IMAP [l5p4n2gudcfr2sbq] FETCH: {"metadataOnly":true,"markAsSeen":false,"messages":1,"query":[{"query":"FLAGS","item":"flags","original":{"type":"ATOM","value":"FLAGS"}},{"query":"UID","item":"uid","original":{"type":"ATOM","value":"UID"}},{"query":"MODSEQ","item":"modseq","original":{"type":"ATOM","value":"MODSEQ"}}],"changedSince":10000,"isUid":true}
sill IMAP [l5p4n2gudcfr2sbq] Requested FETCH for "68d5c168abe11a527cea531d"
sill IMAP [l5p4n2gudcfr2sbq] FETCHOK rows=0 user=68d5c168abe11a527cea531c mailbox=68d5c168abe11a527cea531d time=0.004
info Gelf {"short_message":"WILDDUCK [FETCH]","_mail_action":"fetch","_user":"68d5c168abe11a527cea531c","_mailbox":"68d5c168abe11a527cea531d","_sess":"l5p4n2gudcfr2sbq","_mark_seen":"no","_is_uid":"yes","_message_count":1,"_modseq":10000,"_query":"T5 UID FETCH 103 (FLAGS) (CHANGEDSINCE 10000)","_query_time":4,"_response":true,"facility":"wildduck","host":"Johns-MacBook-Pro-i9.local","timestamp":1758839146.484,"_component":"wildduck"}
sill IMAP [l5p4n2gudcfr2sbq] S: T5 OK UID FETCH completed
sill IMAP [l5p4n2gudcfr2sbq] C: T6 FETCH 3 (FLAGS) (CHANGEDSINCE 10000)
sill IMAP [l5p4n2gudcfr2sbq] FETCH: {"metadataOnly":true,"markAsSeen":false,"messages":1,"query":[{"query":"FLAGS","item":"flags","original":{"type":"ATOM","value":"FLAGS"}},{"query":"MODSEQ","item":"modseq","original":{"type":"ATOM","value":"MODSEQ"}}],"changedSince":10000,"isUid":false}
sill IMAP [l5p4n2gudcfr2sbq] Requested FETCH for "68d5c168abe11a527cea531d"
sill IMAP [l5p4n2gudcfr2sbq] FETCHOK rows=0 user=68d5c168abe11a527cea531c mailbox=68d5c168abe11a527cea531d time=0.004
info Gelf {"short_message":"WILDDUCK [FETCH]","_mail_action":"fetch","_user":"68d5c168abe11a527cea531c","_mailbox":"68d5c168abe11a527cea531d","_sess":"l5p4n2gudcfr2sbq","_mark_seen":"no","_is_uid":"no","_message_count":1,"_modseq":10000,"_query":"T6 FETCH 3 (FLAGS) (CHANGEDSINCE 10000)","_query_time":4,"_response":true,"facility":"wildduck","host":"Johns-MacBook-Pro-i9.local","timestamp":1758839146.59,"_component":"wildduck"}
sill IMAP [l5p4n2gudcfr2sbq] S: T6 OK FETCH completed
sill IMAP [l5p4n2gudcfr2sbq] C: T7 LOGOUT
sill IMAP [l5p4n2gudcfr2sbq] Removed journal listener from 68d5c168abe11a527cea531c (0x1a2b3c4d5e6f789012345678901234567890abcd)
sill
IMAP [l5p4n2gudcfr2sbq] S: * BYE Logout requested
sill IMAP
[l5p4n2gudcfr2sbq] S: T7 OK Well, that makes sense. Send a bird to catch a cat!
      ✔ should list with MODSEQ (889ms)
info Gelf {"short_message":"WILDDUCK [CONNRELEASE] Connection released for 68d5c168abe11a527cea531c","_connection":"release","_service":"imap","_sess":"l5p4n2gudcfr2sbq","_user":"68d5c168abe11a527cea531c","_cid":"l5p4n2gudcfr2sbq","_ip":"127.0.0.1","facility":"wildduck","host":"Johns-MacBook-Pro-i9.local","timestamp":1758839146.693,"_component":"wildduck"}
info IMAP [l5p4n2gudcfr2sbq] Connection closed to [127.0.0.1]
      Multiple values
info Gelf {"short_message":"WILDDUCK HTTP [GET /users] OK","_remote_ip":"127.0.0.1","_http_route":"/users","_http_method":"GET","_user":"root","_role":"root","_api_response":"success","_size":723,"facility":"wildduck","host":"Johns-MacBook-Pro-i9.local","timestamp":1758839147.349,"_component":"wildduck"}
http API 127.0.0.1 root [-/-] GET /users 200 3ms
info Gelf {"short_message":"WILDDUCK HTTP [GET /users] OK","_remote_ip":"127.0.0.1","_http_route":"/users","_http_method":"GET","_user":"root","_role":"root","_api_response":"success","_size":780,"_req_query":"0x1a2b3c4d5e6f789012345678901234567890abcd","facility":"wildduck","host":"Johns-MacBook-Pro-i9.local","timestamp":1758839147.376,"_component":"wildduck"}
http API 127.0.0.1 root [-/-] GET /users?query=0x1a2b3c4d5e6f789012345678901234567890abcd 200 4ms
verb Tasks Created task id=68d5c16babe11a527cea5339
info Gelf {"short_message":"WILDDUCK HTTP [DELETE /users/:user] OK","_remote_ip":"127.0.0.1","_http_route":"/users/:user","_http_method":"DELETE","_user":"root","_role":"root","_api_response":"success","_code":"TaskScheduled","_size":209,"_req_user":"68d5c168abe11a527cea531c","facility":"wildduck","host":"Johns-MacBook-Pro-i9.local","timestamp":1758839147.474,"_component":"wildduck"}
http API
127.0.0.1 root [-/-] DELETE /users/68d5c168abe11a527cea531c 200 66ms
verb Tasks Found task for processing id=68d5c16babe11a527cea5339
verb Tasks type=user-delete id=68d5c16babe11a527cea5339 data={"user":"68d5c168abe11a527cea531c"}
verb Tasks task=user-delete id=68d5c16babe11a527cea5339 user=68d5c168abe11a527cea531c message=Deleted 3 addresses from registry
verb Tasks task=user-delete id=68d5c16babe11a527cea5339 user=68d5c168abe11a527cea531c message=Marked 6 messages for deletion
verb Tasks task=user-delete id=68d5c16babe11a527cea5339 user=68d5c168abe11a527cea531c message=Marked total of 6 messages for deletion
verb Tasks task=user-delete id=68d5c16babe11a527cea5339 user=68d5c168abe11a527cea531c message=Cleared user specific data
info Tasks Released task id=68d5c16babe11a527cea5339 lock=4800a042883079e076dd9370
info Gelf {"short_message":"WILDDUCK HTTP [POST /authenticate] OK","_remote_ip":"127.0.0.1","_http_route":"/authenticate","_http_method":"POST","_user":"root","_role":"root","_api_response":"success","_size":334,"_req_username":"0x1a2b3c4d5e6f789012345678901234567890abcd","_req_password":"***","_req_token":"true","_res_id":"68d5c16eabe11a527cea533c","facility":"wildduck","host":"Johns-MacBook-Pro-i9.local","timestamp":1758839150.049,"_component":"wildduck"}
http API 127.0.0.1 root [-/-] POST /authenticate 200 151ms
info Gelf {"short_message":"WILDDUCK HTTP [GET /users] OK","_remote_ip":"127.0.0.1","_http_route":"/users","_http_method":"GET","_user":"root","_role":"root","_api_response":"success","_size":776,"_req_query":"0x1a2b3c4d5e6f789012345678901234567890abcd","facility":"wildduck","host":"Johns-MacBook-Pro-i9.local","timestamp":1758839150.089,"_component":"wildduck"}
http API 127.0.0.1 root [-/-] GET /users?query=0x1a2b3c4d5e6f789012345678901234567890abcd 200 5ms
info Gelf {"short_message":"WILDDUCK HTTP [GET /users/:user/mailboxes] OK","_remote_ip":"127.0.0.1","_http_route":"/users/:user/mailboxes","_http_method":"GET","_user":"root","_role":"root","_api_response":"success","_size":1275,"_req_user":"68d5c16eabe11a527cea533c","facility":"wildduck","host":"Johns-MacBook-Pro-i9.local","timestamp":1758839150.127,"_component":"wildduck"}
http API 127.0.0.1 root [-/-] GET /users/68d5c16eabe11a527cea533c/mailboxes 200 3ms
info Gelf {"short_message":"WILDDUCK HTTP [PUT /users/:user/mailboxes/:mailbox] OK","_remote_ip":"127.0.0.1","_http_route":"/users/:user/mailboxes/:mailbox","_http_method":"PUT","_user":"root","_role":"root","_api_response":"success","_size":22,"_req_user":"68d5c16eabe11a527cea533c","_req_mailbox":"68d5c16eabe11a527cea533e","_req_path":"[Gmail]/Sent Mail","facility":"wildduck","host":"Johns-MacBook-Pro-i9.local","timestamp":1758839150.189,"_component":"wildduck"}
http API 127.0.0.1 root [-/-] PUT /users/68d5c16eabe11a527cea533c/mailboxes/68d5c16eabe11a527cea533e 200 5ms
info Gelf {"short_message":"WILDDUCK HTTP [GET /users/:user/mailboxes] OK","_remote_ip":"127.0.0.1","_http_route":"/users/:user/mailboxes","_http_method":"GET","_user":"root","_role":"root","_api_response":"success","_size":1283,"_req_user":"68d5c16eabe11a527cea533c","facility":"wildduck","host":"Johns-MacBook-Pro-i9.local","timestamp":1758839150.218,"_component":"wildduck"}
http API 127.0.0.1 root [-/-] GET /users/68d5c16eabe11a527cea533c/mailboxes 200 6ms
info Gelf {"short_message":"WILDDUCK [QUOTA] +","_mail_action":"quota","_user":"68d5c16eabe11a527cea533c","_inc":256,"_storage_used":256,"_mailbox":"68d5c16eabe11a527cea533d","facility":"wildduck","host":"Johns-MacBook-Pro-i9.local","timestamp":1758839150.371,"_component":"wildduck"}
info Gelf {"short_message":"WILDDUCK HTTP [POST /users/:user/mailboxes/:mailbox/messages] OK","_remote_ip":"127.0.0.1","_http_route":"/users/:user/mailboxes/:mailbox/messages","_http_method":"POST","_user":"root","_role":"root","_api_response":"success","_size":114,"_req_user":"68d5c16eabe11a527cea533c","_req_mailbox":"68d5c16eabe11a527cea533d","_req_date":"14-Sep-2013 21:22:28 -0300","_req_unseen":"true","_req_raw":"<Buffer 66 72 6f 6d 3a 20 30 78 62 30 36 63 64 65 66 61 31 61 32 62 33 63 34 64 35 65 36 66 37 38 39 30 31 32 33 34 35 36 37 38 …","facility":"wildduck","host":"Johns-MacBook-Pro-i9.local","timestamp":1758839150.376,"_component":"wildduck"}
http API 127.0.0.1 root [-/-] POST /users/68d5c16eabe11a527cea533c/mailboxes/68d5c16eabe11a527cea533d/messages?date=14-Sep-2013%2021%3A22%3A28%20-0300&unseen=true 200 15ms
info Gelf {"short_message":"WILDDUCK [QUOTA] +","_mail_action":"quota","_user":"68d5c16eabe11a527cea533c","_inc":21927,"_storage_used":22183,"_mailbox":"68d5c16eabe11a527cea533d","facility":"wildduck","host":"Johns-MacBook-Pro-i9.local","timestamp":1758839150.443,"_component":"wildduck"}
info Gelf {"short_message":"WILDDUCK HTTP [POST /users/:user/mailboxes/:mailbox/messages] OK","_remote_ip":"127.0.0.1","_http_route":"/users/:user/mailboxes/:mailbox/messages","_http_method":"POST","_user":"root","_role":"root","_api_response":"success","_size":116,"_req_user":"68d5c16eabe11a527cea533c","_req_mailbox":"68d5c16eabe11a527cea533d","_req_unseen":"false","_req_raw":"<Buffer 53 75 62 6a 65 63 74 3a 20 52 79 61 6e 20 46 69 6e 6e 69 65 27 73 20 4d 49 4d 45 20 54 6f 72 74 75 72 65 20 54 65 73 74 …","facility":"wildduck","host":"Johns-MacBook-Pro-i9.local","timestamp":1758839150.467,"_component":"wildduck"}
http API 127.0.0.1 root [-/-] POST /users/68d5c16eabe11a527cea533c/mailboxes/68d5c16eabe11a527cea533d/messages?unseen=false 200 65ms
info Gelf {"short_message":"WILDDUCK [QUOTA] +","_mail_action":"quota","_user":"68d5c16eabe11a527cea533c","_inc":1044,"_storage_used":23227,"_mailbox":"68d5c16eabe11a527cea533d","facility":"wildduck","host":"Johns-MacBook-Pro-i9.local","timestamp":1758839150.517,"_component":"wildduck"}
info Gelf {"short_message":"WILDDUCK HTTP [POST /users/:user/mailboxes/:mailbox/messages] OK","_remote_ip":"127.0.0.1","_http_route":"/users/:user/mailboxes/:mailbox/messages","_http_method":"POST","_user":"root","_role":"root","_api_response":"success","_size":115,"_req_user":"68d5c16eabe11a527cea533c","_req_mailbox":"68d5c16eabe11a527cea533d","_req_unseen":"false","_req_raw":"<Buffer 4d 49 4d 45 2d 56 65 72 73 69 6f 6e 3a 20 31 2e 30 0d 0a 46 72 6f 6d 3a 20 30 78 36 62 31 37 65 66 61 62 31 61 32 62 33 …","facility":"wildduck","host":"Johns-MacBook-Pro-i9.local","timestamp":1758839150.524,"_component":"wildduck"}
http API 127.0.0.1 root [-/-] POST /users/68d5c16eabe11a527cea533c/mailboxes/68d5c16eabe11a527cea533d/messages?unseen=false 200 31ms
info Gelf {"short_message":"WILDDUCK [QUOTA] +","_mail_action":"quota","_user":"68d5c16eabe11a527cea533c","_inc":264,"_storage_used":23491,"_mailbox":"68d5c16eabe11a527cea533d","facility":"wildduck","host":"Johns-MacBook-Pro-i9.local","timestamp":1758839150.571,"_component":"wildduck"}
info Gelf {"short_message":"WILDDUCK HTTP [POST /users/:user/mailboxes/:mailbox/messages] OK","_remote_ip":"127.0.0.1","_http_route":"/users/:user/mailboxes/:mailbox/messages","_http_method":"POST","_user":"root","_role":"root","_api_response":"success","_size":114,"_req_user":"68d5c16eabe11a527cea533c","_req_mailbox":"68d5c16eabe11a527cea533d","_req_unseen":"true","_req_raw":"<Buffer 66 72 6f 6d 3a 20 30 78 62 30 36 63 64 65 66 61 31 61 32 62 33 63 34 64 35 65 36 66 37 38 39 30 31 32 33 34 35 36 37 38 …","facility":"wildduck","host":"Johns-MacBook-Pro-i9.local","timestamp":1758839150.578,"_component":"wildduck"}
http API 127.0.0.1 root [-/-] POST /users/68d5c16eabe11a527cea533c/mailboxes/68d5c16eabe11a527cea533d/messages?unseen=true 200 30ms
info Gelf {"short_message":"WILDDUCK [QUOTA] +","_mail_action":"quota","_user":"68d5c16eabe11a527cea533c","_inc":178,"_storage_used":23669,"_mailbox":"68d5c16eabe11a527cea533d","facility":"wildduck","host":"Johns-MacBook-Pro-i9.local","timestamp":1758839150.621,"_component":"wildduck"}
info Gelf {"short_message":"WILDDUCK HTTP [POST /users/:user/mailboxes/:mailbox/messages] OK","_remote_ip":"127.0.0.1","_http_route":"/users/:user/mailboxes/:mailbox/messages","_http_method":"POST","_user":"root","_role":"root","_api_response":"success","_size":114,"_req_user":"68d5c16eabe11a527cea533c","_req_mailbox":"68d5c16eabe11a527cea533d","_req_unseen":"true","_req_raw":"<Buffer 66 72 6f 6d 3a 20 30 78 62 30 36 63 64 65 66 61 31 61 32 62 33 63 34 64 35 65 36 66 37 38 39 30 31 32 33 34 35 36 37 38 …","facility":"wildduck","host":"Johns-MacBook-Pro-i9.local","timestamp":1758839150.626,"_component":"wildduck"}
http API 127.0.0.1 root [-/-] POST /users/68d5c16eabe11a527cea533c/mailboxes/68d5c16eabe11a527cea533d/messages?unseen=true 200 25ms
info Gelf {"short_message":"WILDDUCK [QUOTA] +","_mail_action":"quota","_user":"68d5c16eabe11a527cea533c","_inc":178,"_storage_used":23847,"_mailbox":"68d5c16eabe11a527cea533d","facility":"wildduck","host":"Johns-MacBook-Pro-i9.local","timestamp":1758839150.671,"_component":"wildduck"}
info Gelf {"short_message":"WILDDUCK HTTP [POST /users/:user/mailboxes/:mailbox/messages] OK","_remote_ip":"127.0.0.1","_http_route":"/users/:user/mailboxes/:mailbox/messages","_http_method":"POST","_user":"root","_role":"root","_api_response":"success","_size":114,"_req_user":"68d5c16eabe11a527cea533c","_req_mailbox":"68d5c16eabe11a527cea533d","_req_unseen":"true","_req_raw":"<Buffer 66 72 6f 6d 3a 20 30 78 62 30 36 63 64 65 66 61 31 61 32 62 33 63 34 64 35 65 36 66 37 38 39 30 31 32 33 34 35 36 37 38 …","facility":"wildduck","host":"Johns-MacBook-Pro-i9.local","timestamp":1758839150.676,"_component":"wildduck"}
http API 127.0.0.1 root [-/-] POST /users/68d5c16eabe11a527cea533c/mailboxes/68d5c16eabe11a527cea533d/messages?unseen=true 200 27ms
info IMAP [twxaq3z7nkndzmjn] Secure connection from [127.0.0.1] to Johns-MacBook-Pro-i9.local 127.0.0.1:9993
sill IMAP [twxaq3z7nkndzmjn] S: * OK WildDuck IMAP Server ready for requests from 127.0.0.1 twxaq3z7nkndzmjn
sill IMAP [twxaq3z7nkndzmjn] C: T1 LOGIN "(* value hidden *)" "(* value hidden *)"
info Gelf {"short_message":"WILDDUCK [AUTHOK] 0x1a2b3c4d5e6f789012345678901234567890abcd","_mail_action":"auth","_auth_result":"success","_username":"0x1a2b3c4d5e6f789012345678901234567890abcd","_domain":"johns-macbook-pro-i9.local","_user":"68d5c16eabe11a527cea533c","_password_type":"master","_scope":"imap","_ip":"127.0.0.1","_sess":"twxaq3z7nkndzmjn","facility":"wildduck","host":"Johns-MacBook-Pro-i9.local","timestamp":1758839151.292,"_component":"wildduck"}
info Gelf {"short_message":"WILDDUCK [CONNSTART] Connection established for 68d5c16eabe11a527cea533c","_connection":"establish","_service":"imap","_sess":"twxaq3z7nkndzmjn","_user":"68d5c16eabe11a527cea533c","_cid":"twxaq3z7nkndzmjn","_ip":"127.0.0.1","_limit":15,"facility":"wildduck","host":"Johns-MacBook-Pro-i9.local","timestamp":1758839151.294,"_component":"wildduck"}
info IMAP [twxaq3z7nkndzmjn] 0x1a2b3c4d5e6f789012345678901234567890abcd authenticated using LOGIN
sill IMAP [twxaq3z7nkndzmjn] New journal listener for 68d5c16eabe11a527cea533c (0x1a2b3c4d5e6f789012345678901234567890abcd)
sill IMAP [twxaq3z7nkndzmjn] S: * CAPABILITY IMAP4rev1 APPENDLIMIT=26214400 CHILDREN CONDSTORE ENABLE ID IDLE MOVE NAMESPACE QUOTA SPECIAL-USE UIDPLUS UNSELECT UTF8=ACCEPT XLIST
sill IMAP [twxaq3z7nkndzmjn] S: T1 OK 0x1a2b3c4d5e6f789012345678901234567890abcd authenticated
sill IMAP [twxaq3z7nkndzmjn] C: T2 SELECT INBOX
sill IMAP [twxaq3z7nkndzmjn] Opening "INBOX"
sill IMAP [twxaq3z7nkndzmjn] S: * FLAGS (\Answered \Flagged \Draft \Deleted \Seen)
sill IMAP [twxaq3z7nkndzmjn] S: * OK [PERMANENTFLAGS (\Answered \Flagged \Draft \Deleted \Seen \*)] Flags permitted
sill IMAP
[twxaq3z7nkndzmjn] S: * OK [UIDVALIDITY 1758839150] UIDs valid
sill IMAP [twxaq3z7nkndzmjn] S: * 6 EXISTS
sill IMAP [twxaq3z7nkndzmjn] S: * 0 RECENT
sill IMAP [twxaq3z7nkndzmjn] S: * OK [HIGHESTMODSEQ 5000] Highest
sill IMAP [twxaq3z7nkndzmjn] S: * OK [UIDNEXT 1000] Predicted next UID
sill
IMAP [twxaq3z7nkndzmjn] S: T2 OK [READ-WRITE] SELECT completed
sill IMAP [twxaq3z7nkndzmjn] C: T3 FETCH 1:* (UID BODYSTRUCTURE ENVELOPE)
sill IMAP
[twxaq3z7nkndzmjn] FETCH: {"metadataOnly":true,"markAsSeen":false,"messages":6,"query":[{"query":"UID","item":"uid","original":{"type":"ATOM","value":"UID"}},{"query":"BODYSTRUCTURE","item":"bodystructure","original":{"type":"ATOM","value":"BODYSTRUCTURE"}},{"query":"ENVELOPE","item":"envelope","original":{"type":"ATOM","value":"ENVELOPE"}}],"changedSince":0,"isUid":false}
sill IMAP [twxaq3z7nkndzmjn] Requested FETCH for "68d5c16eabe11a527cea533d"
sill IMAP [twxaq3z7nkndzmjn] S: * 1 FETCH (UID 101 BODYSTRUCTURE ("TEXT" "PLAIN" NIL NIL NIL "7BIT" 6 1 NIL NIL NIL NIL) ENVELOPE (NIL "test" ((NIL NIL "0xb06cdefa1a2b3c4d5e6f789012345678abcdef0123456789abcde" "xexample.com")) ((NIL NIL "0xb06cdefa1a2b3c4d5e6f789012345678abcdef0123456789abcde" "xexample.com")) ((NIL NIL "0xb06cdefa1a2b3c4d5e6f789012345678abcdef0123456789abcde" "xexample.com")) ((NIL NIL "0xf4a0bcde1a2b3c4d5e6f789012345678abcdef0123456789abcdef012" "xexample.com")) ((NIL NIL "0x05b1cdef1a2b3c4d5e6f789012345678abcdef0123456789abcdef0123" "xexample.com")) NIL NIL NIL))
sill IMAP
[twxaq3z7nkndzmjn] S: * 2 FETCH (UID 102 BODYSTRUCTURE (("TEXT" "PLAIN" ("CHARSET" "US-ASCII") NIL NIL "8BIT" 617 16 NIL NIL NIL NIL)("MESSAGE" "RFC822" NIL NIL "I'll be whatever I wanna do. --Fry" "7BIT" 812 ("23 Oct 2003 22:25:56 -0700" "plain jane message" (("Ryan Finnie" NIL "0x16c2defa1a2b3c4d5e6f789012345678abcdef0123456789abcdef01234" "xdomain.dom")) (("Ryan Finnie" NIL "0x16c2defa1a2b3c4d5e6f789012345678abcdef0123456789abcdef01234" "xdomain.dom")) (("Ryan Finnie" NIL "0x16c2defa1a2b3c4d5e6f789012345678abcdef0123456789abcdef01234" "xdomain.dom")) ((NIL NIL "0x27d3efab1a2b3c4d5e6f789012345678abcdef0123456789abcdef012345" "xdomain.dom")) NIL NIL NIL "<1066973156.4264.42.camel@localhost>") ("TEXT" "PLAIN" ("CHARSET" "US-ASCII") NIL NIL "8BIT" 426 9 NIL NIL NIL NIL) 18 NIL ("INLINE" NIL) NIL NIL)("MESSAGE" "RFC822" NIL NIL "Would you kindly shut your noise-hole? --Bender" "7BIT" 1690 ("23 Oct 2003 23:15:11 -0700" "messages inside messages inside..." (("Ryan Finnie" NIL "0x16c2defa1a2b3c4d5e6f789012345678abcdef0123456789abcdef01234" "xdomain.dom")) (("Ryan Finnie" NIL "0x16c2defa1a2b3c4d5e6f789012345678abcdef0123456789abcdef01234" "xdomain.dom")) (("Ryan Finnie" NIL "0x16c2defa1a2b3c4d5e6f789012345678abcdef0123456789abcdef01234" "xdomain.dom")) ((NIL NIL "0x27d3efab1a2b3c4d5e6f789012345678abcdef0123456789abcdef012345" "xdomain.dom")) NIL NIL NIL "<1066976111.4263.74.camel@localhost>") (("TEXT" "PLAIN" ("CHARSET" "US-ASCII") NIL NIL "8BIT" 193 3 NIL NIL NIL NIL)("MESSAGE" "RFC822" NIL NIL "At the risk of sounding negative, no. --Leela" "7BIT" 812 ("23 Oct 2003 23:09:05 -0700" "the original message" (("Ryan Finnie" NIL "0x16c2defa1a2b3c4d5e6f789012345678abcdef0123456789abcdef01234" "xdomain.dom")) (("Ryan Finnie" NIL "0x16c2defa1a2b3c4d5e6f789012345678abcdef0123456789abcdef01234" "xdomain.dom")) (("Ryan Finnie" NIL "0x16c2defa1a2b3c4d5e6f789012345678abcdef0123456789abcdef01234" "xdomain.dom")) ((NIL NIL "0x27d3efab1a2b3c4d5e6f789012345678abcdef0123456789abcdef012345" "xdomain.dom")) NIL NIL NIL "<1066975745.4263.70.camel@localhost>") (("TEXT" "PLAIN" ("CHARSET" "US-ASCII") NIL NIL "8BIT" 78 3 NIL NIL NIL NIL)("APPLICATION" "X-GZIP" ("NAME" "foo.gz") NIL NIL "BASE64" 58 NIL ("ATTACHMENT" ("FILENAME" "foo.gz")) NIL NIL) "MIXED" ("BOUNDARY" "=-XFYecI7w+0shpolXq8bb") NIL NIL NIL) 25 NIL ("INLINE" NIL) NIL NIL) "MIXED" ("BOUNDARY" "=-9Brg7LoMERBrIDtMRose") NIL NIL NIL) 49 NIL ("INLINE" NIL) NIL NIL)("MESSAGE" "RFC822" NIL NIL "Dirt doesn't need luck! --Professor" "7BIT" 932 ("23 Oct 2003 22:40:49 -0700" "this message JUST contains an attachment" (("Ryan Finnie" NIL "0x16c2defa1a2b3c4d5e6f789012345678abcdef0123456789abcdef01234" "xdomain.dom")) (("Ryan Finnie" NIL "0x16c2defa1a2b3c4d5e6f789012345678abcdef0123456789abcdef01234" "xdomain.dom")) (("Ryan Finnie" NIL "0x16c2defa1a2b3c4d5e6f789012345678abcdef0123456789abcdef01234" "xdomain.dom")) ((NIL NIL "0x27d3efab1a2b3c4d5e6f789012345678abcdef0123456789abcdef012345" "xdomain.dom")) NIL NIL NIL "<1066974048.4264.62.camel@localhost>") ("APPLICATION" "X-GZIP" ("NAME" "blah.gz") NIL "Attachment has identical content to above foo.gz" "BASE64" 396 NIL ("ATTACHMENT" ("FILENAME" "blah.gz")) NIL NIL) 17 NIL ("INLINE" NIL) NIL NIL)("MESSAGE" "RFC822" NIL NIL "Hold still, I don't have good depth perception! --Leela" "7BIT" 1160 ("23 Oct 2003 23:09:16 -0700" "Attachment filename vs. name" (("Ryan Finnie" NIL "0x16c2defa1a2b3c4d5e6f789012345678abcdef0123456789abcdef01234" "xdomain.dom")) (("Ryan Finnie" NIL "0x16c2defa1a2b3c4d5e6f789012345678abcdef0123456789abcdef01234" "xdomain.dom")) (("Ryan Finnie" NIL "0x16c2defa1a2b3c4d5e6f789012345678abcdef0123456789abcdef01234" "xdomain.dom")) ((NIL NIL "0x27d3efab1a2b3c4d5e6f789012345678abcdef0123456789abcdef012345" "xdomain.dom")) NIL NIL NIL "<1066975756.4263.70.camel@localhost>") (("TEXT" "PLAIN" ("CHARSET" "US-ASCII") NIL NIL "8BIT" 377 6 NIL NIL NIL NIL)("APPLICATION" "X-GZIP" ("NAME" "blah2.gz") NIL "filename is blah1.gz, name is blah2.gz" "BASE64" 58 NIL ("ATTACHMENT" ("FILENAME" "blah1.gz")) NIL NIL) "MIXED" ("BOUNDARY" "=-1066975756jd02") NIL NIL NIL) 29 NIL ("INLINE" NIL) NIL NIL)("MESSAGE" "RFC822" NIL NIL "Hello little man.  I WILL DESTROY YOU! --Moro" "7BIT" 1264 ("23 Oct 2003 23:09:21 -0700" "No filename?  No problem!" (("Ryan Finnie" NIL "0x16c2defa1a2b3c4d5e6f789012345678abcdef0123456789abcdef01234" "xdomain.dom")) (("Ryan Finnie" NIL "0x16c2defa1a2b3c4d5e6f789012345678abcdef0123456789abcdef01234" "xdomain.dom")) (("Ryan Finnie" NIL "0x16c2defa1a2b3c4d5e6f789012345678abcdef0123456789abcdef01234" "xdomain.dom")) ((NIL NIL "0x27d3efab1a2b3c4d5e6f789012345678abcdef0123456789abcdef012345" "xdomain.dom")) NIL NIL NIL "<1066975761.4263.70.camel@localhost>") (("TEXT" "PLAIN" ("CHARSET" "US-ASCII") NIL NIL "8BIT" 517 10 NIL NIL NIL NIL)("APPLICATION" "X-GZIP" NIL NIL "I'm getting sick of witty things to say" "BASE64" 58 NIL ("ATTACHMENT" NIL) NIL NIL) "MIXED" ("BOUNDARY" "=-1066975756jd03") NIL NIL NIL) 33 NIL ("INLINE" NIL) NIL NIL)("MESSAGE" "RFC822" NIL NIL "Friends! Help! A guinea pig tricked me! --Zoidberg" "7BIT" 1011 ("23 Oct 2003 22:40:45 -0700" "html and text, both inline" (("Ryan Finnie" NIL "0x16c2defa1a2b3c4d5e6f789012345678abcdef0123456789abcdef01234" "xdomain.dom")) (("Ryan Finnie" NIL "0x16c2defa1a2b3c4d5e6f789012345678abcdef0123456789abcdef01234" "xdomain.dom")) (("Ryan Finnie" NIL "0x16c2defa1a2b3c4d5e6f789012345678abcdef0123456789abcdef01234" "xdomain.dom")) ((NIL NIL "0x27d3efab1a2b3c4d5e6f789012345678abcdef0123456789abcdef012345" "xdomain.dom")) NIL NIL NIL "<1066974044.4264.62.camel@localhost>") (("TEXT" "HTML" ("CHARSET" "utf-8") NIL NIL "8BIT" 327 11 NIL NIL NIL NIL)("TEXT" "PLAIN" ("CHARSET" "US-ASCII") NIL NIL "8BIT" 61 2 NIL NIL NIL NIL) "MIXED" ("BOUNDARY" "=-ZCKMfHzvHMyK1iBu4kff") NIL NIL NIL) 33 NIL ("INLINE" NIL) NIL NIL)("MESSAGE" "RFC822" NIL NIL "Smeesh! --Amy" "7BIT" 757 ("23 Oct 2003 22:41:29 -0700" "text and text, both inline" (("Ryan Finnie" NIL "0x16c2defa1a2b3c4d5e6f789012345678abcdef0123456789abcdef01234" "xdomain.dom")) (("Ryan Finnie" NIL "0x16c2defa1a2b3c4d5e6f789012345678abcdef0123456789abcdef01234" "xdomain.dom")) (("Ryan Finnie" NIL "0x16c2defa1a2b3c4d5e6f789012345678abcdef0123456789abcdef01234" "xdomain.dom")) ((NIL NIL "0x27d3efab1a2b3c4d5e6f789012345678abcdef0123456789abcdef012345" "xdomain.dom")) NIL NIL NIL "<1066974089.4265.64.camel@localhost>") (("TEXT" "PLAIN" ("CHARSET" "US-ASCII") NIL NIL "8BIT" 62 2 NIL NIL NIL NIL)("TEXT" "PLAIN" ("CHARSET" "US-ASCII") NIL NIL "8BIT" 68 2 NIL NIL NIL NIL) "MIXED" ("BOUNDARY" "=-pNc4wtlOIxs8RcX7H/AK") NIL NIL NIL) 24 NIL ("INLINE" NIL) NIL NIL)("MESSAGE" "RFC822" NIL NIL "That's not a cigar. Uh... and it's not mine. --Hermes" "7BIT" 1630 ("23 Oct 2003 22:39:17 -0700" "HTML and...  HTML?" (("Ryan Finnie" NIL "0x16c2defa1a2b3c4d5e6f789012345678abcdef0123456789abcdef01234" "xdomain.dom")) (("Ryan Finnie" NIL "0x16c2defa1a2b3c4d5e6f789012345678abcdef0123456789abcdef01234" "xdomain.dom")) (("Ryan Finnie" NIL "0x16c2defa1a2b3c4d5e6f789012345678abcdef0123456789abcdef01234" "xdomain.dom")) ((NIL NIL "0x27d3efab1a2b3c4d5e6f789012345678abcdef0123456789abcdef012345" "xdomain.dom")) NIL NIL NIL "<1066973957.4263.59.camel@localhost>") (("TEXT" "HTML" ("CHARSET" "utf-8") NIL NIL "8BIT" 824 22 NIL NIL NIL NIL)("TEXT" "HTML" ("NAME" "htmlfile.html" "CHARSET" "UTF-8") NIL NIL "8BIT" 118 6 NIL ("ATTACHMENT" ("FILENAME" "htmlfile.html")) NIL NIL) "MIXED" ("BOUNDARY" "=-zxh/IezwzZITiphpcbJZ") NIL NIL NIL) 49 NIL ("INLINE" NIL) NIL NIL)("MESSAGE" "RFC822" NIL NIL "The spirit is willing, but the flesh is spongy, and bruised. --Zapp" "7BIT" 6763 ("23 Oct 2003 22:23:16 -0700" "smiley!" (("Ryan Finnie" NIL "0x16c2defa1a2b3c4d5e6f789012345678abcdef0123456789abcdef01234" "xdomain.dom")) (("Ryan Finnie" NIL "0x16c2defa1a2b3c4d5e6f789012345678abcdef0123456789abcdef01234" "xdomain.dom")) (("Ryan Finnie" NIL "0x16c2defa1a2b3c4d5e6f789012345678abcdef0123456789abcdef01234" "xdomain.dom")) ((NIL NIL "0x27d3efab1a2b3c4d5e6f789012345678abcdef0123456789abcdef012345" "xdomain.dom")) NIL NIL NIL "<1066972996.4264.39.camel@localhost>") ((((("TEXT" "PLAIN" NIL NIL NIL "QUOTED-PRINTABLE" 1606 42 NIL NIL NIL NIL)("TEXT" "HTML" ("CHARSET" "utf-8") NIL NIL "QUOTED-PRINTABLE" 2135 54 NIL NIL NIL NIL) "ALTERNATIVE" ("BOUNDARY" "=-dHujWM/Xizz57x/JOmDF") NIL NIL NIL)("IMAGE" "PNG" ("NAME" "smiley-3.png") "<1066971953.4232.15.camel@localhost>" NIL "BASE64" 1122 NIL ("ATTACHMENT" ("FILENAME" "smiley-3.png")) NIL NIL) "RELATED" ("TYPE" "multipart/alternative" "BOUNDARY" "=-GpwozF9CQ7NdF+fd+vMG") NIL NIL NIL)("IMAGE" "GIF" ("NAME" "dot.gif") NIL NIL "BASE64" 96 NIL ("ATTACHMENT" ("FILENAME" "dot.gif")) NIL NIL) "MIXED" ("BOUNDARY" "=-CgV5jm9HAY9VbUlAuneA") NIL NIL NIL)("APPLICATION" "PGP-SIGNATURE" ("NAME" "signature.asc") NIL "This is a digitally signed message part" "7BIT" 196 NIL NIL NIL NIL) "SIGNED" ("MICALG" "pgp-sha1" "PROTOCOL" "application/pgp-signature" "BOUNDARY" "=-vH3FQO9a8icUn1ROCoAi") NIL NIL NIL) 176 NIL ("INLINE" NIL) NIL NIL)("MESSAGE" "RFC822" NIL NIL "Kittens give Morbo gas. --Morbo" "7BIT" 3207 ("23 Oct 2003 22:32:37 -0700" "the PROPER way to do alternative/related" (("Ryan Finnie" NIL "0x16c2defa1a2b3c4d5e6f789012345678abcdef0123456789abcdef01234" "xdomain.dom")) (("Ryan Finnie" NIL "0x16c2defa1a2b3c4d5e6f789012345678abcdef0123456789abcdef01234" "xdomain.dom")) (("Ryan Finnie" NIL "0x16c2defa1a2b3c4d5e6f789012345678abcdef0123456789abcdef01234" "xdomain.dom")) ((NIL NIL "0x27d3efab1a2b3c4d5e6f789012345678abcdef0123456789abcdef012345" "xdomain.dom")) NIL NIL NIL "<1066973557.4265.51.camel@localhost>") (("TEXT" "PLAIN" ("CHARSET" "US-ASCII") NIL NIL "8BIT" 862 22 NIL NIL NIL NIL)(("TEXT" "HTML" ("CHARSET" "utf-8") NIL NIL "8BIT" 1263 22 NIL NIL NIL NIL)("IMAGE" "GIF" NIL "<1066973340.4232.46.camel@localhost>" NIL "BASE64" 116 NIL NIL NIL NIL) "RELATED" ("BOUNDARY" "=-bFkxH1S3HVGcxi+o/5jG") NIL NIL NIL) "ALTERNATIVE" ("TYPE" "multipart/alternative" "BOUNDARY" "=-tyGlQ9JvB5uvPWzozI+y") NIL NIL NIL) 79 NIL ("INLINE" NIL) NIL NIL) "MIXED" ("BOUNDARY" "=-qYxqvD9rbH0PNeExagh1") NIL NIL NIL) ENVELOPE ("23 Oct 2003 23:28:34 -0700" "Ryan Finnie's MIME Torture Test v1.0" (("Ryan Finnie" NIL "0x16c2defa1a2b3c4d5e6f789012345678abcdef0123456789abcdef01234" "xdomain.dom")) (("Ryan Finnie" NIL "0x16c2defa1a2b3c4d5e6f789012345678abcdef0123456789abcdef01234" "xdomain.dom")) (("Ryan Finnie" NIL "0x16c2defa1a2b3c4d5e6f789012345678abcdef0123456789abcdef01234" "xdomain.dom")) ((NIL NIL "0x27d3efab1a2b3c4d5e6f789012345678abcdef0123456789abcdef012345" "xdomain.dom")) NIL NIL NIL "<1066976914.4721.5.camel@localhost>"))
sill IMAP [twxaq3z7nkndzmjn] S: * 3 FETCH (UID 103 BODYSTRUCTURE (("MESSAGE" "RFC822" NIL NIL NIL "7BIT" 197 (NIL "" ((NIL NIL "0x6b17efab1a2b3c4d5e6f789012345678abcdef0123456789" "xkreata.ee")) ((NIL NIL "0x6b17efab1a2b3c4d5e6f789012345678abcdef0123456789" "xkreata.ee")) ((NIL NIL "0x6b17efab1a2b3c4d5e6f789012345678abcdef0123456789" "xkreata.ee")) ((NIL NIL "0x6b17efab1a2b3c4d5e6f789012345678abcdef0123456789" "xpangalink.net")) NIL NIL "<test1>" NIL) ("TEXT" "PLAIN" NIL NIL NIL "7BIT" 14 0 NIL NIL NIL NIL) 5 NIL NIL NIL NIL)("MESSAGE" "RFC822" NIL NIL NIL "7BIT" 175 (NIL "" ((NIL NIL "0x6b17efab1a2b3c4d5e6f789012345678abcdef0123456789" "xkreata.ee")) ((NIL NIL "0x6b17efab1a2b3c4d5e6f789012345678abcdef0123456789" "xkreata.ee")) ((NIL NIL "0x6b17efab1a2b3c4d5e6f789012345678abcdef0123456789" "xkreata.ee")) ((NIL NIL "0x6b17efab1a2b3c4d5e6f789012345678abcdef0123456789" "xpangalink.net")) NIL NIL NIL NIL) ("TEXT" "PLAIN" NIL NIL NIL "7BIT" 14 0 NIL NIL NIL NIL) 4 NIL NIL NIL NIL)("TEXT" "HTML" ("CHARSET" "utf-8") NIL NIL "QUOTED-PRINTABLE" 21 0 NIL NIL NIL NIL) "MIXED" ("BOUNDARY" "----mailcomposer-?=_1-1328088797399") NIL NIL NIL) ENVELOPE (NIL "" ((NIL NIL "0x6b17efab1a2b3c4d5e6f789012345678abcdef0123456789" "xkreata.ee")) ((NIL NIL "0x6b17efab1a2b3c4d5e6f789012345678abcdef0123456789" "xkreata.ee")) ((NIL NIL "0x6b17efab1a2b3c4d5e6f789012345678abcdef0123456789" "xkreata.ee")) ((NIL NIL "0x6b17efab1a2b3c4d5e6f789012345678abcdef0123456789" "xtr.ee")) NIL NIL NIL "<testmessage-for-bug>;"))
sill IMAP [twxaq3z7nkndzmjn] S: * 4 FETCH (UID 104 BODYSTRUCTURE ("TEXT" "PLAIN" NIL NIL NIL "7BIT" 14 1 NIL NIL NIL NIL) ENVELOPE (NIL "test" ((NIL NIL "0xb06cdefa1a2b3c4d5e6f789012345678abcdef0123456789abcde" "xexample.com")) ((NIL NIL "0xb06cdefa1a2b3c4d5e6f789012345678abcdef0123456789abcde" "xexample.com")) ((NIL NIL "0xb06cdefa1a2b3c4d5e6f789012345678abcdef0123456789abcde" "xexample.com")) ((NIL NIL "0xf4a0bcde1a2b3c4d5e6f789012345678abcdef0123456789abcdef012" "xexample.com")) ((NIL NIL "0x05b1cdef1a2b3c4d5e6f789012345678abcdef0123456789abcdef0123" "xexample.com")) NIL NIL NIL))
sill IMAP [twxaq3z7nkndzmjn] S: * 5 FETCH (UID 105 BODYSTRUCTURE ("TEXT" "PLAIN" NIL NIL NIL "7BIT" 9 1 NIL NIL NIL NIL) ENVELOPE (NIL "test5" ((NIL NIL "0xb06cdefa1a2b3c4d5e6f789012345678abcdef0123456789abcde" "xexample.com")) ((NIL NIL "0xb06cdefa1a2b3c4d5e6f789012345678abcdef0123456789abcde" "xexample.com")) ((NIL NIL "0xb06cdefa1a2b3c4d5e6f789012345678abcdef0123456789abcde" "xexample.com")) ((NIL NIL "0xc17defab1a2b3c4d5e6f789012345678abcdef0123456789abcdef" "xexample.com")) NIL NIL NIL NIL))
sill IMAP [twxaq3z7nkndzmjn] S: * 6 FETCH (UID 106 BODYSTRUCTURE ("TEXT" "PLAIN" NIL NIL NIL "7BIT" 9 1 NIL NIL NIL NIL) ENVELOPE (NIL "test6" ((NIL NIL "0xb06cdefa1a2b3c4d5e6f789012345678abcdef0123456789abcde" "xexample.com")) ((NIL NIL "0xb06cdefa1a2b3c4d5e6f789012345678abcdef0123456789abcde" "xexample.com")) ((NIL NIL "0xb06cdefa1a2b3c4d5e6f789012345678abcdef0123456789abcde" "xexample.com")) ((NIL NIL "0xc17defab1a2b3c4d5e6f789012345678abcdef0123456789abcdef" "xexample.com")) NIL NIL NIL NIL))
sill IMAP [twxaq3z7nkndzmjn] FETCHOK rows=6 user=68d5c16eabe11a527cea533c mailbox=68d5c16eabe11a527cea533d time=0.026
info Gelf
{"short_message":"WILDDUCK [FETCH]","_mail_action":"fetch","_user":"68d5c16eabe11a527cea533c","_mailbox":"68d5c16eabe11a527cea533d","_sess":"twxaq3z7nkndzmjn","_mark_seen":"no","_is_uid":"no","_message_count":6,"_query":"T3 FETCH 1:* (UID BODYSTRUCTURE ENVELOPE)","_query_time":26,"_row_count":6,"_total_bytes":14141,"_response":true,"facility":"wildduck","host":"Johns-MacBook-Pro-i9.local","timestamp":1758839151.528,"_component":"wildduck"}
sill IMAP [twxaq3z7nkndzmjn] S: T3 OK FETCH completed
sill IMAP [twxaq3z7nkndzmjn] C: T4 LOGOUT
sill
IMAP [twxaq3z7nkndzmjn] Removed journal listener from 68d5c16eabe11a527cea533c (0x1a2b3c4d5e6f789012345678901234567890abcd)
sill IMAP [twxaq3z7nkndzmjn] S: * BYE Logout requested
sill IMAP [twxaq3z7nkndzmjn] S: T4 OK Whoa, boy! Where ya off to in such a hurry?
        ✔ should list mixed data (586ms)
info Gelf {"short_message":"WILDDUCK [CONNRELEASE] Connection released for 68d5c16eabe11a527cea533c","_connection":"release","_service":"imap","_sess":"twxaq3z7nkndzmjn","_user":"68d5c16eabe11a527cea533c","_cid":"twxaq3z7nkndzmjn","_ip":"127.0.0.1","facility":"wildduck","host":"Johns-MacBook-Pro-i9.local","timestamp":1758839151.63,"_component":"wildduck"}
info IMAP [twxaq3z7nkndzmjn] Connection closed to [127.0.0.1]
      BODY[] marks message as seen
info Gelf {"short_message":"WILDDUCK HTTP [GET /users] OK","_remote_ip":"127.0.0.1","_http_route":"/users","_http_method":"GET","_user":"root","_role":"root","_api_response":"success","_size":723,"facility":"wildduck","host":"Johns-MacBook-Pro-i9.local","timestamp":1758839152.328,"_component":"wildduck"}
http API 127.0.0.1 root [-/-] GET /users 200 4ms
info Gelf {"short_message":"WILDDUCK HTTP [GET /users] OK","_remote_ip":"127.0.0.1","_http_route":"/users","_http_method":"GET","_user":"root","_role":"root","_api_response":"success","_size":780,"_req_query":"0x1a2b3c4d5e6f789012345678901234567890abcd","facility":"wildduck","host":"Johns-MacBook-Pro-i9.local","timestamp":1758839152.37,"_component":"wildduck"}
http API 127.0.0.1 root [-/-] GET /users?query=0x1a2b3c4d5e6f789012345678901234567890abcd 200 19ms
verb Tasks Created task id=68d5c170abe11a527cea5358
info Gelf {"short_message":"WILDDUCK HTTP [DELETE /users/:user] OK","_remote_ip":"127.0.0.1","_http_route":"/users/:user","_http_method":"DELETE","_user":"root","_role":"root","_api_response":"success","_code":"TaskScheduled","_size":209,"_req_user":"68d5c16eabe11a527cea533c","facility":"wildduck","host":"Johns-MacBook-Pro-i9.local","timestamp":1758839152.425,"_component":"wildduck"}
http API 127.0.0.1 root [-/-] DELETE /users/68d5c16eabe11a527cea533c 200 21ms
verb Tasks Found task for processing id=68d5c170abe11a527cea5358
verb Tasks type=user-delete id=68d5c170abe11a527cea5358 data={"user":"68d5c16eabe11a527cea533c"}
verb Tasks task=user-delete id=68d5c170abe11a527cea5358 user=68d5c16eabe11a527cea533c message=Deleted 3 addresses from registry
verb Tasks task=user-delete id=68d5c170abe11a527cea5358 user=68d5c16eabe11a527cea533c message=Marked 6 messages for deletion
verb Tasks task=user-delete id=68d5c170abe11a527cea5358 user=68d5c16eabe11a527cea533c message=Marked total of 6 messages for deletion
verb Tasks
task=user-delete id=68d5c170abe11a527cea5358 user=68d5c16eabe11a527cea533c message=Cleared user specific data
info Tasks Released task id=68d5c170abe11a527cea5358 lock=72bdd0295a07717e3d7518df
info Gelf {"short_message":"WILDDUCK HTTP [POST /authenticate] OK","_remote_ip":"127.0.0.1","_http_route":"/authenticate","_http_method":"POST","_user":"root","_role":"root","_api_response":"success","_size":334,"_req_username":"0x1a2b3c4d5e6f789012345678901234567890abcd","_req_password":"***","_req_token":"true","_res_id":"68d5c172abe11a527cea535b","facility":"wildduck","host":"Johns-MacBook-Pro-i9.local","timestamp":1758839154.999,"_component":"wildduck"}
http API 127.0.0.1 root [-/-] POST /authenticate 200 151ms
info Gelf {"short_message":"WILDDUCK HTTP [GET /users] OK","_remote_ip":"127.0.0.1","_http_route":"/users","_http_method":"GET","_user":"root","_role":"root","_api_response":"success","_size":776,"_req_query":"0x1a2b3c4d5e6f789012345678901234567890abcd","facility":"wildduck","host":"Johns-MacBook-Pro-i9.local","timestamp":1758839155.039,"_component":"wildduck"}
http API 127.0.0.1 root [-/-] GET /users?query=0x1a2b3c4d5e6f789012345678901234567890abcd 200 5ms
info Gelf {"short_message":"WILDDUCK HTTP [GET /users/:user/mailboxes] OK","_remote_ip":"127.0.0.1","_http_route":"/users/:user/mailboxes","_http_method":"GET","_user":"root","_role":"root","_api_response":"success","_size":1275,"_req_user":"68d5c172abe11a527cea535b","facility":"wildduck","host":"Johns-MacBook-Pro-i9.local","timestamp":1758839155.077,"_component":"wildduck"}
http API 127.0.0.1 root [-/-] GET /users/68d5c172abe11a527cea535b/mailboxes 200 2ms
info
Gelf {"short_message":"WILDDUCK HTTP [PUT /users/:user/mailboxes/:mailbox] OK","_remote_ip":"127.0.0.1","_http_route":"/users/:user/mailboxes/:mailbox","_http_method":"PUT","_user":"root","_role":"root","_api_response":"success","_size":22,"_req_user":"68d5c172abe11a527cea535b","_req_mailbox":"68d5c172abe11a527cea535d","_req_path":"[Gmail]/Sent Mail","facility":"wildduck","host":"Johns-MacBook-Pro-i9.local","timestamp":1758839155.139,"_component":"wildduck"}
http API 127.0.0.1 root [-/-] PUT /users/68d5c172abe11a527cea535b/mailboxes/68d5c172abe11a527cea535d 200 5ms
info Gelf {"short_message":"WILDDUCK HTTP [GET /users/:user/mailboxes] OK","_remote_ip":"127.0.0.1","_http_route":"/users/:user/mailboxes","_http_method":"GET","_user":"root","_role":"root","_api_response":"success","_size":1283,"_req_user":"68d5c172abe11a527cea535b","facility":"wildduck","host":"Johns-MacBook-Pro-i9.local","timestamp":1758839155.168,"_component":"wildduck"}
http API 127.0.0.1 root [-/-] GET /users/68d5c172abe11a527cea535b/mailboxes 200 5ms
info
Gelf {"short_message":"WILDDUCK [QUOTA] +","_mail_action":"quota","_user":"68d5c172abe11a527cea535b","_inc":256,"_storage_used":256,"_mailbox":"68d5c172abe11a527cea535c","facility":"wildduck","host":"Johns-MacBook-Pro-i9.local","timestamp":1758839155.348,"_component":"wildduck"}
info Gelf {"short_message":"WILDDUCK HTTP [POST /users/:user/mailboxes/:mailbox/messages] OK","_remote_ip":"127.0.0.1","_http_route":"/users/:user/mailboxes/:mailbox/messages","_http_method":"POST","_user":"root","_role":"root","_api_response":"success","_size":114,"_req_user":"68d5c172abe11a527cea535b","_req_mailbox":"68d5c172abe11a527cea535c","_req_date":"14-Sep-2013 21:22:28 -0300","_req_unseen":"true","_req_raw":"<Buffer 66 72 6f 6d 3a 20 30 78 62 30 36 63 64 65 66 61 31 61 32 62 33 63 34 64 35 65 36 66 37 38 39 30 31 32 33 34 35 36 37 38 …","facility":"wildduck","host":"Johns-MacBook-Pro-i9.local","timestamp":1758839155.371,"_component":"wildduck"}
http API 127.0.0.1 root [-/-] POST /users/68d5c172abe11a527cea535b/mailboxes/68d5c172abe11a527cea535c/messages?date=14-Sep-2013%2021%3A22%3A28%20-0300&unseen=true 200 30ms
info Gelf {"short_message":"WILDDUCK [QUOTA] +","_mail_action":"quota","_user":"68d5c172abe11a527cea535b","_inc":21927,"_storage_used":22183,"_mailbox":"68d5c172abe11a527cea535c","facility":"wildduck","host":"Johns-MacBook-Pro-i9.local","timestamp":1758839155.432,"_component":"wildduck"}
info Gelf {"short_message":"WILDDUCK HTTP [POST /users/:user/mailboxes/:mailbox/messages] OK","_remote_ip":"127.0.0.1","_http_route":"/users/:user/mailboxes/:mailbox/messages","_http_method":"POST","_user":"root","_role":"root","_api_response":"success","_size":116,"_req_user":"68d5c172abe11a527cea535b","_req_mailbox":"68d5c172abe11a527cea535c","_req_unseen":"false","_req_raw":"<Buffer 53 75 62 6a 65 63 74 3a 20 52 79 61 6e 20 46 69 6e 6e 69 65 27 73 20 4d 49 4d 45 20 54 6f 72 74 75 72 65 20 54 65 73 74 …","facility":"wildduck","host":"Johns-MacBook-Pro-i9.local","timestamp":1758839155.438,"_component":"wildduck"}
http API 127.0.0.1 root [-/-] POST /users/68d5c172abe11a527cea535b/mailboxes/68d5c172abe11a527cea535c/messages?unseen=false 200 42ms
info Gelf {"short_message":"WILDDUCK [QUOTA] +","_mail_action":"quota","_user":"68d5c172abe11a527cea535b","_inc":1044,"_storage_used":23227,"_mailbox":"68d5c172abe11a527cea535c","facility":"wildduck","host":"Johns-MacBook-Pro-i9.local","timestamp":1758839155.473,"_component":"wildduck"}
info Gelf {"short_message":"WILDDUCK HTTP [POST /users/:user/mailboxes/:mailbox/messages] OK","_remote_ip":"127.0.0.1","_http_route":"/users/:user/mailboxes/:mailbox/messages","_http_method":"POST","_user":"root","_role":"root","_api_response":"success","_size":115,"_req_user":"68d5c172abe11a527cea535b","_req_mailbox":"68d5c172abe11a527cea535c","_req_unseen":"false","_req_raw":"<Buffer 4d 49 4d 45 2d 56 65 72 73 69 6f 6e 3a 20 31 2e 30 0d 0a 46 72 6f 6d 3a 20 30 78 36 62 31 37 65 66 61 62 31 61 32 62 33 …","facility":"wildduck","host":"Johns-MacBook-Pro-i9.local","timestamp":1758839155.479,"_component":"wildduck"}
http API 127.0.0.1 root [-/-] POST /users/68d5c172abe11a527cea535b/mailboxes/68d5c172abe11a527cea535c/messages?unseen=false 200 17ms
info Gelf {"short_message":"WILDDUCK [QUOTA] +","_mail_action":"quota","_user":"68d5c172abe11a527cea535b","_inc":264,"_storage_used":23491,"_mailbox":"68d5c172abe11a527cea535c","facility":"wildduck","host":"Johns-MacBook-Pro-i9.local","timestamp":1758839155.522,"_component":"wildduck"}
info Gelf {"short_message":"WILDDUCK HTTP [POST /users/:user/mailboxes/:mailbox/messages] OK","_remote_ip":"127.0.0.1","_http_route":"/users/:user/mailboxes/:mailbox/messages","_http_method":"POST","_user":"root","_role":"root","_api_response":"success","_size":114,"_req_user":"68d5c172abe11a527cea535b","_req_mailbox":"68d5c172abe11a527cea535c","_req_unseen":"true","_req_raw":"<Buffer 66 72 6f 6d 3a 20 30 78 62 30 36 63 64 65 66 61 31 61 32 62 33 63 34 64 35 65 36 66 37 38 39 30 31 32 33 34 35 36 37 38 …","facility":"wildduck","host":"Johns-MacBook-Pro-i9.local","timestamp":1758839155.528,"_component":"wildduck"}
http API
127.0.0.1 root [-/-] POST /users/68d5c172abe11a527cea535b/mailboxes/68d5c172abe11a527cea535c/messages?unseen=true 200 26ms
info Gelf {"short_message":"WILDDUCK [QUOTA] +","_mail_action":"quota","_user":"68d5c172abe11a527cea535b","_inc":178,"_storage_used":23669,"_mailbox":"68d5c172abe11a527cea535c","facility":"wildduck","host":"Johns-MacBook-Pro-i9.local","timestamp":1758839155.571,"_component":"wildduck"}
info Gelf {"short_message":"WILDDUCK HTTP [POST /users/:user/mailboxes/:mailbox/messages] OK","_remote_ip":"127.0.0.1","_http_route":"/users/:user/mailboxes/:mailbox/messages","_http_method":"POST","_user":"root","_role":"root","_api_response":"success","_size":114,"_req_user":"68d5c172abe11a527cea535b","_req_mailbox":"68d5c172abe11a527cea535c","_req_unseen":"true","_req_raw":"<Buffer 66 72 6f 6d 3a 20 30 78 62 30 36 63 64 65 66 61 31 61 32 62 33 63 34 64 35 65 36 66 37 38 39 30 31 32 33 34 35 36 37 38 …","facility":"wildduck","host":"Johns-MacBook-Pro-i9.local","timestamp":1758839155.577,"_component":"wildduck"}
http API
127.0.0.1 root [-/-] POST /users/68d5c172abe11a527cea535b/mailboxes/68d5c172abe11a527cea535c/messages?unseen=true 200 26ms
info Gelf {"short_message":"WILDDUCK [QUOTA] +","_mail_action":"quota","_user":"68d5c172abe11a527cea535b","_inc":178,"_storage_used":23847,"_mailbox":"68d5c172abe11a527cea535c","facility":"wildduck","host":"Johns-MacBook-Pro-i9.local","timestamp":1758839155.62,"_component":"wildduck"}
info Gelf {"short_message":"WILDDUCK HTTP [POST /users/:user/mailboxes/:mailbox/messages] OK","_remote_ip":"127.0.0.1","_http_route":"/users/:user/mailboxes/:mailbox/messages","_http_method":"POST","_user":"root","_role":"root","_api_response":"success","_size":114,"_req_user":"68d5c172abe11a527cea535b","_req_mailbox":"68d5c172abe11a527cea535c","_req_unseen":"true","_req_raw":"<Buffer 66 72 6f 6d 3a 20 30 78 62 30 36 63 64 65 66 61 31 61 32 62 33 63 34 64 35 65 36 66 37 38 39 30 31 32 33 34 35 36 37 38 …","facility":"wildduck","host":"Johns-MacBook-Pro-i9.local","timestamp":1758839155.626,"_component":"wildduck"}
http API 127.0.0.1 root [-/-] POST /users/68d5c172abe11a527cea535b/mailboxes/68d5c172abe11a527cea535c/messages?unseen=true 200 25ms
info IMAP [2vjondhmu5ccn5y4] Secure connection from [127.0.0.1] to Johns-MacBook-Pro-i9.local 127.0.0.1:9993
sill IMAP [2vjondhmu5ccn5y4] S: * OK WildDuck IMAP Server ready for requests from 127.0.0.1 2vjondhmu5ccn5y4
sill IMAP [2vjondhmu5ccn5y4] C: T1 LOGIN "(* value hidden *)" "(* value hidden *)"
info Gelf {"short_message":"WILDDUCK [AUTHOK] 0x1a2b3c4d5e6f789012345678901234567890abcd","_mail_action":"auth","_auth_result":"success","_username":"0x1a2b3c4d5e6f789012345678901234567890abcd","_domain":"johns-macbook-pro-i9.local","_user":"68d5c172abe11a527cea535b","_password_type":"master","_scope":"imap","_ip":"127.0.0.1","_sess":"2vjondhmu5ccn5y4","facility":"wildduck","host":"Johns-MacBook-Pro-i9.local","timestamp":1758839156.244,"_component":"wildduck"}
info Gelf {"short_message":"WILDDUCK [CONNSTART] Connection established for 68d5c172abe11a527cea535b","_connection":"establish","_service":"imap","_sess":"2vjondhmu5ccn5y4","_user":"68d5c172abe11a527cea535b","_cid":"2vjondhmu5ccn5y4","_ip":"127.0.0.1","_limit":15,"facility":"wildduck","host":"Johns-MacBook-Pro-i9.local","timestamp":1758839156.245,"_component":"wildduck"}
info IMAP [2vjondhmu5ccn5y4] 0x1a2b3c4d5e6f789012345678901234567890abcd authenticated using LOGIN
sill IMAP
[2vjondhmu5ccn5y4] New journal listener for 68d5c172abe11a527cea535b (0x1a2b3c4d5e6f789012345678901234567890abcd)
sill IMAP [2vjondhmu5ccn5y4] S: * CAPABILITY IMAP4rev1 APPENDLIMIT=26214400 CHILDREN CONDSTORE ENABLE ID IDLE MOVE NAMESPACE QUOTA SPECIAL-USE UIDPLUS UNSELECT UTF8=ACCEPT XLIST
sill IMAP [2vjondhmu5ccn5y4] S: T1 OK 0x1a2b3c4d5e6f789012345678901234567890abcd authenticated
sill IMAP [2vjondhmu5ccn5y4] C: T2 SELECT INBOX
sill IMAP [2vjondhmu5ccn5y4] Opening "INBOX"
sill IMAP [2vjondhmu5ccn5y4] S: * FLAGS (\Answered \Flagged \Draft \Deleted \Seen)
sill IMAP [2vjondhmu5ccn5y4] S: * OK [PERMANENTFLAGS (\Answered \Flagged \Draft \Deleted \Seen \*)] Flags permitted
sill IMAP [2vjondhmu5ccn5y4] S: * OK [UIDVALIDITY 1758839154] UIDs valid
sill IMAP [2vjondhmu5ccn5y4] S: * 6 EXISTS
sill IMAP [2vjondhmu5ccn5y4] S: * 0 RECENT
sill IMAP [2vjondhmu5ccn5y4] S: * OK [HIGHESTMODSEQ 5000] Highest
sill IMAP [2vjondhmu5ccn5y4] S: * OK [UIDNEXT 1000] Predicted next UID
sill IMAP [2vjondhmu5ccn5y4] S: T2 OK [READ-WRITE] SELECT completed
sill IMAP [2vjondhmu5ccn5y4] C: T3 FETCH 3 BODY[2.HEADER]
sill IMAP [2vjondhmu5ccn5y4] FETCH: {"metadataOnly":false,"markAsSeen":true,"messages":1,"query":[{"query":"BODY[2.HEADER]","item":"body","original":{"type":"ATOM","value":"BODY","section":[{"type":"ATOM","value":"2.HEADER"}]},"path":"2","type":"header","isLiteral":true},{"query":"FLAGS","item":"flags","original":{"type":"ATOM","value":"FLAGS"}}],"changedSince":0,"isUid":false}
sill IMAP [2vjondhmu5ccn5y4] Requested FETCH for "68d5c172abe11a527cea535c"
sill IMAP [2vjondhmu5ccn5y4] S: <fetch response 68d5c172abe11a527cea535c/68d5c173abe11a527cea536b/103>
sill IMAP [2vjondhmu5ccn5y4] FETCHOK rows=1 user=68d5c172abe11a527cea535b mailbox=68d5c172abe11a527cea535c time=0.009
info Gelf
{"short_message":"WILDDUCK [FETCH]","_mail_action":"fetch","_user":"68d5c172abe11a527cea535b","_mailbox":"68d5c172abe11a527cea535c","_sess":"2vjondhmu5ccn5y4","_mark_seen":"yes","_is_uid":"no","_message_count":1,"_query":"T3 FETCH 3 BODY[2.HEADER]","_query_time":9,"_row_count":1,"_total_bytes":209,"_response":true,"facility":"wildduck","host":"Johns-MacBook-Pro-i9.local","timestamp":1758839156.478,"_component":"wildduck"}
sill IMAP [2vjondhmu5ccn5y4] S: T3 OK FETCH completed
sill IMAP [2vjondhmu5ccn5y4] C: TX FETCH 1:* BODY[2.HEADER]
sill IMAP [2vjondhmu5ccn5y4] FETCH: {"metadataOnly":false,"markAsSeen":true,"messages":6,"query":[{"query":"BODY[2.HEADER]","item":"body","original":{"type":"ATOM","value":"BODY","section":[{"type":"ATOM","value":"2.HEADER"}]},"path":"2","type":"header","isLiteral":true},{"query":"FLAGS","item":"flags","original":{"type":"ATOM","value":"FLAGS"}}],"changedSince":0,"isUid":false}
sill IMAP [2vjondhmu5ccn5y4] Requested FETCH for "68d5c172abe11a527cea535c"
sill IMAP [2vjondhmu5ccn5y4] S: <fetch response 68d5c172abe11a527cea535c/68d5c173abe11a527cea5365/101>
sill IMAP [2vjondhmu5ccn5y4] UPDATE FLAGS message=101
sill IMAP [2vjondhmu5ccn5y4] S: <fetch response 68d5c172abe11a527cea535c/68d5c173abe11a527cea5368/102>
sill IMAP
[2vjondhmu5ccn5y4] S: <fetch response 68d5c172abe11a527cea535c/68d5c173abe11a527cea536b/103>
sill
IMAP [2vjondhmu5ccn5y4] S: <fetch response 68d5c172abe11a527cea535c/68d5c173abe11a527cea536e/104>
sill IMAP [2vjondhmu5ccn5y4] UPDATE FLAGS message=104
sill
IMAP [2vjondhmu5ccn5y4] S: <fetch response 68d5c172abe11a527cea535c/68d5c173abe11a527cea5371/105>
sill IMAP [2vjondhmu5ccn5y4] UPDATE FLAGS message=105
sill IMAP [2vjondhmu5ccn5y4] S: <fetch response 68d5c172abe11a527cea535c/68d5c173abe11a527cea5374/106>
sill IMAP [2vjondhmu5ccn5y4] UPDATE FLAGS message=106
sill IMAP [2vjondhmu5ccn5y4] FETCHOK rows=6 user=68d5c172abe11a527cea535b mailbox=68d5c172abe11a527cea535c time=0.011
sill IMAP Updating message collection 68d5c172abe11a527cea535c 4 entries
info Gelf {"short_message":"WILDDUCK [FETCH]","_mail_action":"fetch","_user":"68d5c172abe11a527cea535b","_mailbox":"68d5c172abe11a527cea535c","_sess":"2vjondhmu5ccn5y4","_mark_seen":"yes","_is_uid":"no","_message_count":6,"_query":"TX FETCH 1:* BODY[2.HEADER]","_query_time":19,"_row_count":6,"_total_bytes":827,"_response":true,"facility":"wildduck","host":"Johns-MacBook-Pro-i9.local","timestamp":1758839156.6,"_component":"wildduck"}
sill IMAP [2vjondhmu5ccn5y4] S: TX OK FETCH completed
sill IMAP [2vjondhmu5ccn5y4] C: T4 LOGOUT
sill
IMAP [2vjondhmu5ccn5y4] Removed journal listener from 68d5c172abe11a527cea535b (0x1a2b3c4d5e6f789012345678901234567890abcd)
sill IMAP [2vjondhmu5ccn5y4] S: * BYE Logout requested
sill IMAP [2vjondhmu5ccn5y4] S: T4 OK Whoa, boy! Where ya off to in such a hurry?
RESP 1  * OK WildDuck IMAP Server ready for requests from 127.0.0.1 2vjondhmu5ccn5y4
* CAPABILITY IMAP4rev1 APPENDLIMIT=26214400 CHILDREN CONDSTORE ENABLE ID IDLE MOVE NAMESPACE QUOTA SPECIAL-USE UIDPLUS UNSELECT UTF8=ACCEPT XLIST
T1 OK 0x1a2b3c4d5e6f789012345678901234567890abcd authenticated
* FLAGS (\Answered \Flagged \Draft \Deleted \Seen)
* OK [PERMANENTFLAGS (\Answered \Flagged \Draft \Deleted \Seen \*)] Flags permitted
* OK [UIDVALIDITY 1758839154] UIDs valid
* 6 EXISTS
* 0 RECENT
* OK [HIGHESTMODSEQ 5000] Highest
* OK [UIDNEXT 1000] Predicted next UID
T2 OK [READ-WRITE] SELECT completed
* 3 FETCH (BODY[2.HEADER] {161}
MIME-Version: 1.0
From: 0x6b17efab1a2b3c4d5e6f789012345678abcdef0123456789@xkreata.ee
To: 0x6b17efab1a2b3c4d5e6f789012345678abcdef0123456789@xpangalink.net

 FLAGS (\Seen))
T3 OK FETCH completed
* 1 FETCH (BODY[2.HEADER] {0}
 FLAGS (\Seen))
* 2 FETCH (BODY[2.HEADER] {386}
Subject: plain jane message
From: Ryan Finnie <0x16c2defa1a2b3c4d5e6f789012345678abcdef0123456789abcdef01234@xdomain.dom>
To: 0x27d3efab1a2b3c4d5e6f789012345678abcdef0123456789abcdef012345@xdomain.dom
Message-Id: <1066973156.4264.42.camel@localhost>
Mime-Version: 1.0
Date: 23 Oct 2003 22:25:56 -0700
Content-Type: text/plain; CHARSET=US-ASCII
Content-Transfer-Encoding: 8bit

 FLAGS (\Seen))
* 3 FETCH (BODY[2.HEADER] {161}
MIME-Version: 1.0
From: 0x6b17efab1a2b3c4d5e6f789012345678abcdef0123456789@xkreata.ee
To: 0x6b17efab1a2b3c4d5e6f789012345678abcdef0123456789@xpangalink.net

 FLAGS (\Seen))
* 4 FETCH (BODY[2.HEADER] {0}
 FLAGS (\Seen))
* 5 FETCH (BODY[2.HEADER] {0}
 FLAGS (\Seen))
* 6 FETCH (BODY[2.HEADER] {0}
 FLAGS (\Seen))
TX OK FETCH completed
* BYE Logout requested
T4 OK Whoa, boy! Where ya off to in such a hurry?

        ✔ should list raw message (706ms)
info Gelf {"short_message":"WILDDUCK [CONNRELEASE] Connection released for 68d5c172abe11a527cea535b","_connection":"release","_service":"imap","_sess":"2vjondhmu5ccn5y4","_user":"68d5c172abe11a527cea535b","_cid":"2vjondhmu5ccn5y4","_ip":"127.0.0.1","facility":"wildduck","host":"Johns-MacBook-Pro-i9.local","timestamp":1758839156.703,"_component":"wildduck"}
info IMAP [2vjondhmu5ccn5y4] Connection closed to [127.0.0.1]
      UID
info Gelf {"short_message":"WILDDUCK HTTP [GET /users] OK","_remote_ip":"127.0.0.1","_http_route":"/users","_http_method":"GET","_user":"root","_role":"root","_api_response":"success","_size":723,"facility":"wildduck","host":"Johns-MacBook-Pro-i9.local","timestamp":1758839157.42,"_component":"wildduck"}
http API 127.0.0.1 root [-/-] GET /users 200 19ms
info Gelf {"short_message":"WILDDUCK HTTP [GET /users] OK","_remote_ip":"127.0.0.1","_http_route":"/users","_http_method":"GET","_user":"root","_role":"root","_api_response":"success","_size":780,"_req_query":"0x1a2b3c4d5e6f789012345678901234567890abcd","facility":"wildduck","host":"Johns-MacBook-Pro-i9.local","timestamp":1758839157.447,"_component":"wildduck"}
http API 127.0.0.1 root [-/-] GET /users?query=0x1a2b3c4d5e6f789012345678901234567890abcd 200 4ms
verb Tasks Created task id=68d5c175abe11a527cea537b
info Gelf {"short_message":"WILDDUCK HTTP [DELETE /users/:user] OK","_remote_ip":"127.0.0.1","_http_route":"/users/:user","_http_method":"DELETE","_user":"root","_role":"root","_api_response":"success","_code":"TaskScheduled","_size":209,"_req_user":"68d5c172abe11a527cea535b","facility":"wildduck","host":"Johns-MacBook-Pro-i9.local","timestamp":1758839157.488,"_component":"wildduck"}
http API 127.0.0.1 root [-/-] DELETE /users/68d5c172abe11a527cea535b 200 8ms
verb Tasks Found task for processing id=68d5c175abe11a527cea537b
verb Tasks type=user-delete id=68d5c175abe11a527cea537b data={"user":"68d5c172abe11a527cea535b"}
verb
Tasks task=user-delete id=68d5c175abe11a527cea537b user=68d5c172abe11a527cea535b message=Deleted 3 addresses from registry
verb Tasks task=user-delete id=68d5c175abe11a527cea537b user=68d5c172abe11a527cea535b message=Marked 6 messages for deletion
verb Tasks task=user-delete id=68d5c175abe11a527cea537b user=68d5c172abe11a527cea535b message=Marked total of 6 messages for deletion
verb Tasks task=user-delete id=68d5c175abe11a527cea537b user=68d5c172abe11a527cea535b message=Cleared user specific data
info Tasks Released task id=68d5c175abe11a527cea537b lock=3c9f1b341940f83f134cfd11
info Gelf {"short_message":"WILDDUCK HTTP [POST /authenticate] OK","_remote_ip":"127.0.0.1","_http_route":"/authenticate","_http_method":"POST","_user":"root","_role":"root","_api_response":"success","_size":334,"_req_username":"0x1a2b3c4d5e6f789012345678901234567890abcd","_req_password":"***","_req_token":"true","_res_id":"68d5c178abe11a527cea537e","facility":"wildduck","host":"Johns-MacBook-Pro-i9.local","timestamp":1758839160.099,"_component":"wildduck"}
http API 127.0.0.1 root [-/-] POST /authenticate 200 151ms
info Gelf {"short_message":"WILDDUCK HTTP [GET /users] OK","_remote_ip":"127.0.0.1","_http_route":"/users","_http_method":"GET","_user":"root","_role":"root","_api_response":"success","_size":776,"_req_query":"0x1a2b3c4d5e6f789012345678901234567890abcd","facility":"wildduck","host":"Johns-MacBook-Pro-i9.local","timestamp":1758839160.136,"_component":"wildduck"}
http API 127.0.0.1 root [-/-] GET /users?query=0x1a2b3c4d5e6f789012345678901234567890abcd 200 5ms
info Gelf {"short_message":"WILDDUCK HTTP [GET /users/:user/mailboxes] OK","_remote_ip":"127.0.0.1","_http_route":"/users/:user/mailboxes","_http_method":"GET","_user":"root","_role":"root","_api_response":"success","_size":1275,"_req_user":"68d5c178abe11a527cea537e","facility":"wildduck","host":"Johns-MacBook-Pro-i9.local","timestamp":1758839160.172,"_component":"wildduck"}
http API 127.0.0.1 root [-/-] GET /users/68d5c178abe11a527cea537e/mailboxes 200 3ms
info Gelf {"short_message":"WILDDUCK HTTP [PUT /users/:user/mailboxes/:mailbox] OK","_remote_ip":"127.0.0.1","_http_route":"/users/:user/mailboxes/:mailbox","_http_method":"PUT","_user":"root","_role":"root","_api_response":"success","_size":22,"_req_user":"68d5c178abe11a527cea537e","_req_mailbox":"68d5c178abe11a527cea5380","_req_path":"[Gmail]/Sent Mail","facility":"wildduck","host":"Johns-MacBook-Pro-i9.local","timestamp":1758839160.235,"_component":"wildduck"}
http API 127.0.0.1 root [-/-] PUT /users/68d5c178abe11a527cea537e/mailboxes/68d5c178abe11a527cea5380 200 5ms
info Gelf {"short_message":"WILDDUCK HTTP [GET /users/:user/mailboxes] OK","_remote_ip":"127.0.0.1","_http_route":"/users/:user/mailboxes","_http_method":"GET","_user":"root","_role":"root","_api_response":"success","_size":1283,"_req_user":"68d5c178abe11a527cea537e","facility":"wildduck","host":"Johns-MacBook-Pro-i9.local","timestamp":1758839160.268,"_component":"wildduck"}
http API 127.0.0.1 root [-/-] GET /users/68d5c178abe11a527cea537e/mailboxes 200 9ms
info Gelf {"short_message":"WILDDUCK [QUOTA] +","_mail_action":"quota","_user":"68d5c178abe11a527cea537e","_inc":256,"_storage_used":256,"_mailbox":"68d5c178abe11a527cea537f","facility":"wildduck","host":"Johns-MacBook-Pro-i9.local","timestamp":1758839160.421,"_component":"wildduck"}
info Gelf {"short_message":"WILDDUCK HTTP [POST /users/:user/mailboxes/:mailbox/messages] OK","_remote_ip":"127.0.0.1","_http_route":"/users/:user/mailboxes/:mailbox/messages","_http_method":"POST","_user":"root","_role":"root","_api_response":"success","_size":114,"_req_user":"68d5c178abe11a527cea537e","_req_mailbox":"68d5c178abe11a527cea537f","_req_date":"14-Sep-2013 21:22:28 -0300","_req_unseen":"true","_req_raw":"<Buffer 66 72 6f 6d 3a 20 30 78 62 30 36 63 64 65 66 61 31 61 32 62 33 63 34 64 35 65 36 66 37 38 39 30 31 32 33 34 35 36 37 38 …","facility":"wildduck","host":"Johns-MacBook-Pro-i9.local","timestamp":1758839160.576,"_component":"wildduck"}
http API 127.0.0.1 root [-/-] POST /users/68d5c178abe11a527cea537e/mailboxes/68d5c178abe11a527cea537f/messages?date=14-Sep-2013%2021%3A22%3A28%20-0300&unseen=true 200 162ms
info Gelf {"short_message":"WILDDUCK [QUOTA] +","_mail_action":"quota","_user":"68d5c178abe11a527cea537e","_inc":21927,"_storage_used":22183,"_mailbox":"68d5c178abe11a527cea537f","facility":"wildduck","host":"Johns-MacBook-Pro-i9.local","timestamp":1758839160.644,"_component":"wildduck"}
info Gelf {"short_message":"WILDDUCK HTTP [POST /users/:user/mailboxes/:mailbox/messages] OK","_remote_ip":"127.0.0.1","_http_route":"/users/:user/mailboxes/:mailbox/messages","_http_method":"POST","_user":"root","_role":"root","_api_response":"success","_size":116,"_req_user":"68d5c178abe11a527cea537e","_req_mailbox":"68d5c178abe11a527cea537f","_req_unseen":"false","_req_raw":"<Buffer 53 75 62 6a 65 63 74 3a 20 52 79 61 6e 20 46 69 6e 6e 69 65 27 73 20 4d 49 4d 45 20 54 6f 72 74 75 72 65 20 54 65 73 74 …","facility":"wildduck","host":"Johns-MacBook-Pro-i9.local","timestamp":1758839160.668,"_component":"wildduck"}
http API 127.0.0.1 root [-/-] POST /users/68d5c178abe11a527cea537e/mailboxes/68d5c178abe11a527cea537f/messages?unseen=false 200 70ms
info Gelf {"short_message":"WILDDUCK [QUOTA] +","_mail_action":"quota","_user":"68d5c178abe11a527cea537e","_inc":1044,"_storage_used":23227,"_mailbox":"68d5c178abe11a527cea537f","facility":"wildduck","host":"Johns-MacBook-Pro-i9.local","timestamp":1758839160.7,"_component":"wildduck"}
info Gelf {"short_message":"WILDDUCK HTTP [POST /users/:user/mailboxes/:mailbox/messages] OK","_remote_ip":"127.0.0.1","_http_route":"/users/:user/mailboxes/:mailbox/messages","_http_method":"POST","_user":"root","_role":"root","_api_response":"success","_size":115,"_req_user":"68d5c178abe11a527cea537e","_req_mailbox":"68d5c178abe11a527cea537f","_req_unseen":"false","_req_raw":"<Buffer 4d 49 4d 45 2d 56 65 72 73 69 6f 6e 3a 20 31 2e 30 0d 0a 46 72 6f 6d 3a 20 30 78 36 62 31 37 65 66 61 62 31 61 32 62 33 …","facility":"wildduck","host":"Johns-MacBook-Pro-i9.local","timestamp":1758839160.722,"_component":"wildduck"}
http API 127.0.0.1 root [-/-] POST /users/68d5c178abe11a527cea537e/mailboxes/68d5c178abe11a527cea537f/messages?unseen=false 200 30ms
info Gelf {"short_message":"WILDDUCK [QUOTA] +","_mail_action":"quota","_user":"68d5c178abe11a527cea537e","_inc":264,"_storage_used":23491,"_mailbox":"68d5c178abe11a527cea537f","facility":"wildduck","host":"Johns-MacBook-Pro-i9.local","timestamp":1758839160.75,"_component":"wildduck"}
info Gelf {"short_message":"WILDDUCK HTTP [POST /users/:user/mailboxes/:mailbox/messages] OK","_remote_ip":"127.0.0.1","_http_route":"/users/:user/mailboxes/:mailbox/messages","_http_method":"POST","_user":"root","_role":"root","_api_response":"success","_size":114,"_req_user":"68d5c178abe11a527cea537e","_req_mailbox":"68d5c178abe11a527cea537f","_req_unseen":"true","_req_raw":"<Buffer 66 72 6f 6d 3a 20 30 78 62 30 36 63 64 65 66 61 31 61 32 62 33 63 34 64 35 65 36 66 37 38 39 30 31 32 33 34 35 36 37 38 …","facility":"wildduck","host":"Johns-MacBook-Pro-i9.local","timestamp":1758839160.773,"_component":"wildduck"}
http API 127.0.0.1 root [-/-] POST /users/68d5c178abe11a527cea537e/mailboxes/68d5c178abe11a527cea537f/messages?unseen=true 200 28ms
info Gelf {"short_message":"WILDDUCK [QUOTA] +","_mail_action":"quota","_user":"68d5c178abe11a527cea537e","_inc":178,"_storage_used":23669,"_mailbox":"68d5c178abe11a527cea537f","facility":"wildduck","host":"Johns-MacBook-Pro-i9.local","timestamp":1758839160.817,"_component":"wildduck"}
info Gelf {"short_message":"WILDDUCK HTTP [POST /users/:user/mailboxes/:mailbox/messages] OK","_remote_ip":"127.0.0.1","_http_route":"/users/:user/mailboxes/:mailbox/messages","_http_method":"POST","_user":"root","_role":"root","_api_response":"success","_size":114,"_req_user":"68d5c178abe11a527cea537e","_req_mailbox":"68d5c178abe11a527cea537f","_req_unseen":"true","_req_raw":"<Buffer 66 72 6f 6d 3a 20 30 78 62 30 36 63 64 65 66 61 31 61 32 62 33 63 34 64 35 65 36 66 37 38 39 30 31 32 33 34 35 36 37 38 …","facility":"wildduck","host":"Johns-MacBook-Pro-i9.local","timestamp":1758839160.823,"_component":"wildduck"}
http API
127.0.0.1 root [-/-] POST /users/68d5c178abe11a527cea537e/mailboxes/68d5c178abe11a527cea537f/messages?unseen=true 200 27ms
info Gelf {"short_message":"WILDDUCK [QUOTA] +","_mail_action":"quota","_user":"68d5c178abe11a527cea537e","_inc":178,"_storage_used":23847,"_mailbox":"68d5c178abe11a527cea537f","facility":"wildduck","host":"Johns-MacBook-Pro-i9.local","timestamp":1758839160.867,"_component":"wildduck"}
info Gelf {"short_message":"WILDDUCK HTTP [POST /users/:user/mailboxes/:mailbox/messages] OK","_remote_ip":"127.0.0.1","_http_route":"/users/:user/mailboxes/:mailbox/messages","_http_method":"POST","_user":"root","_role":"root","_api_response":"success","_size":114,"_req_user":"68d5c178abe11a527cea537e","_req_mailbox":"68d5c178abe11a527cea537f","_req_unseen":"true","_req_raw":"<Buffer 66 72 6f 6d 3a 20 30 78 62 30 36 63 64 65 66 61 31 61 32 62 33 63 34 64 35 65 36 66 37 38 39 30 31 32 33 34 35 36 37 38 …","facility":"wildduck","host":"Johns-MacBook-Pro-i9.local","timestamp":1758839160.873,"_component":"wildduck"}
http API 127.0.0.1 root [-/-] POST /users/68d5c178abe11a527cea537e/mailboxes/68d5c178abe11a527cea537f/messages?unseen=true 200 27ms
info IMAP [hhj4wvle75wr3pqu] Secure connection from [127.0.0.1] to Johns-MacBook-Pro-i9.local 127.0.0.1:9993
sill IMAP [hhj4wvle75wr3pqu] S: * OK WildDuck IMAP Server ready for requests from 127.0.0.1 hhj4wvle75wr3pqu
sill IMAP [hhj4wvle75wr3pqu] C: T1 LOGIN "(* value hidden *)" "(* value hidden *)"
info Gelf {"short_message":"WILDDUCK [AUTHOK] 0x1a2b3c4d5e6f789012345678901234567890abcd","_mail_action":"auth","_auth_result":"success","_username":"0x1a2b3c4d5e6f789012345678901234567890abcd","_domain":"johns-macbook-pro-i9.local","_user":"68d5c178abe11a527cea537e","_password_type":"master","_scope":"imap","_ip":"127.0.0.1","_sess":"hhj4wvle75wr3pqu","facility":"wildduck","host":"Johns-MacBook-Pro-i9.local","timestamp":1758839161.543,"_component":"wildduck"}
info Gelf {"short_message":"WILDDUCK [CONNSTART] Connection established for 68d5c178abe11a527cea537e","_connection":"establish","_service":"imap","_sess":"hhj4wvle75wr3pqu","_user":"68d5c178abe11a527cea537e","_cid":"hhj4wvle75wr3pqu","_ip":"127.0.0.1","_limit":15,"facility":"wildduck","host":"Johns-MacBook-Pro-i9.local","timestamp":1758839161.544,"_component":"wildduck"}
info IMAP [hhj4wvle75wr3pqu] 0x1a2b3c4d5e6f789012345678901234567890abcd authenticated using LOGIN
sill IMAP [hhj4wvle75wr3pqu] New journal listener for 68d5c178abe11a527cea537e (0x1a2b3c4d5e6f789012345678901234567890abcd)
sill IMAP [hhj4wvle75wr3pqu] S: * CAPABILITY IMAP4rev1 APPENDLIMIT=26214400 CHILDREN CONDSTORE ENABLE ID IDLE MOVE NAMESPACE QUOTA SPECIAL-USE UIDPLUS UNSELECT UTF8=ACCEPT XLIST
sill IMAP [hhj4wvle75wr3pqu] S: T1 OK 0x1a2b3c4d5e6f789012345678901234567890abcd authenticated
sill IMAP [hhj4wvle75wr3pqu] C: T2 SELECT INBOX
sill IMAP [hhj4wvle75wr3pqu] Opening "INBOX"
sill IMAP [hhj4wvle75wr3pqu] S: * FLAGS (\Answered \Flagged \Draft \Deleted \Seen)
sill IMAP [hhj4wvle75wr3pqu] S: * OK [PERMANENTFLAGS (\Answered \Flagged \Draft \Deleted \Seen \*)] Flags permitted
sill IMAP
[hhj4wvle75wr3pqu] S: * OK [UIDVALIDITY 1758839160] UIDs valid
sill IMAP [hhj4wvle75wr3pqu] S: * 6 EXISTS
sill IMAP [hhj4wvle75wr3pqu] S: * 0 RECENT
sill IMAP [hhj4wvle75wr3pqu] S: * OK [HIGHESTMODSEQ 5000] Highest
sill IMAP [hhj4wvle75wr3pqu] S: * OK [UIDNEXT 1000] Predicted next UID
sill IMAP [hhj4wvle75wr3pqu] S: T2 OK [READ-WRITE] SELECT completed
sill IMAP
[hhj4wvle75wr3pqu] C: T3 FETCH 3 UID
sill IMAP [hhj4wvle75wr3pqu] FETCH: {"metadataOnly":true,"markAsSeen":false,"messages":1,"query":[{"query":"UID","item":"uid","original":{"type":"ATOM","value":"UID"}}],"changedSince":0,"isUid":false}
sill IMAP
[hhj4wvle75wr3pqu] Requested FETCH for "68d5c178abe11a527cea537f"
sill IMAP [hhj4wvle75wr3pqu] S: * 3 FETCH (UID 103)
sill IMAP [hhj4wvle75wr3pqu] FETCHOK rows=1 user=68d5c178abe11a527cea537e mailbox=68d5c178abe11a527cea537f time=0.022
info Gelf
{"short_message":"WILDDUCK [FETCH]","_mail_action":"fetch","_user":"68d5c178abe11a527cea537e","_mailbox":"68d5c178abe11a527cea537f","_sess":"hhj4wvle75wr3pqu","_mark_seen":"no","_is_uid":"no","_message_count":1,"_query":"T3 FETCH 3 UID","_query_time":22,"_row_count":1,"_total_bytes":19,"_response":true,"facility":"wildduck","host":"Johns-MacBook-Pro-i9.local","timestamp":1758839161.772,"_component":"wildduck"}
sill IMAP [hhj4wvle75wr3pqu] S: T3 OK FETCH completed
sill IMAP [hhj4wvle75wr3pqu] C: T4 LOGOUT
sill IMAP [hhj4wvle75wr3pqu] Removed journal listener from 68d5c178abe11a527cea537e (0x1a2b3c4d5e6f789012345678901234567890abcd)
sill
IMAP [hhj4wvle75wr3pqu] S: * BYE Logout requested
sill IMAP [hhj4wvle75wr3pqu] S: T4 OK Oh boy, oh boy, oh boy...
        ✔ should return correct UID (579ms)
info Gelf {"short_message":"WILDDUCK [CONNRELEASE] Connection released for 68d5c178abe11a527cea537e","_connection":"release","_service":"imap","_sess":"hhj4wvle75wr3pqu","_user":"68d5c178abe11a527cea537e","_cid":"hhj4wvle75wr3pqu","_ip":"127.0.0.1","facility":"wildduck","host":"Johns-MacBook-Pro-i9.local","timestamp":1758839161.874,"_component":"wildduck"}
info IMAP [hhj4wvle75wr3pqu] Connection closed to [127.0.0.1]
      FLAGS
info Gelf {"short_message":"WILDDUCK HTTP [GET /users] OK","_remote_ip":"127.0.0.1","_http_route":"/users","_http_method":"GET","_user":"root","_role":"root","_api_response":"success","_size":723,"facility":"wildduck","host":"Johns-MacBook-Pro-i9.local","timestamp":1758839162.541,"_component":"wildduck"}
http API 127.0.0.1 root [-/-] GET /users 200 4ms
info Gelf {"short_message":"WILDDUCK HTTP [GET /users] OK","_remote_ip":"127.0.0.1","_http_route":"/users","_http_method":"GET","_user":"root","_role":"root","_api_response":"success","_size":780,"_req_query":"0x1a2b3c4d5e6f789012345678901234567890abcd","facility":"wildduck","host":"Johns-MacBook-Pro-i9.local","timestamp":1758839162.57,"_component":"wildduck"}
http API 127.0.0.1 root [-/-] GET /users?query=0x1a2b3c4d5e6f789012345678901234567890abcd 200 6ms
verb Tasks Created task id=68d5c17aabe11a527cea539a
info Gelf {"short_message":"WILDDUCK HTTP [DELETE /users/:user] OK","_remote_ip":"127.0.0.1","_http_route":"/users/:user","_http_method":"DELETE","_user":"root","_role":"root","_api_response":"success","_code":"TaskScheduled","_size":209,"_req_user":"68d5c178abe11a527cea537e","facility":"wildduck","host":"Johns-MacBook-Pro-i9.local","timestamp":1758839162.624,"_component":"wildduck"}
http API
127.0.0.1 root [-/-] DELETE /users/68d5c178abe11a527cea537e 200 20ms
info Gelf {"short_message":"WILDDUCK HTTP [POST /authenticate] OK","_remote_ip":"127.0.0.1","_http_route":"/authenticate","_http_method":"POST","_user":"root","_role":"root","_api_response":"success","_size":334,"_req_username":"0x1a2b3c4d5e6f789012345678901234567890abcd","_req_password":"***","_req_token":"true","_res_id":"68d5c17dabe11a527cea539c","facility":"wildduck","host":"Johns-MacBook-Pro-i9.local","timestamp":1758839165.249,"_component":"wildduck"}
http API 127.0.0.1 root [-/-] POST /authenticate 200 150ms
info Gelf {"short_message":"WILDDUCK HTTP [GET /users] OK","_remote_ip":"127.0.0.1","_http_route":"/users","_http_method":"GET","_user":"root","_role":"root","_api_response":"success","_size":776,"_req_query":"0x1a2b3c4d5e6f789012345678901234567890abcd","facility":"wildduck","host":"Johns-MacBook-Pro-i9.local","timestamp":1758839165.29,"_component":"wildduck"}
http API 127.0.0.1 root [-/-] GET /users?query=0x1a2b3c4d5e6f789012345678901234567890abcd 200 6ms
info Gelf {"short_message":"WILDDUCK HTTP [GET /users/:user/mailboxes] OK","_remote_ip":"127.0.0.1","_http_route":"/users/:user/mailboxes","_http_method":"GET","_user":"root","_role":"root","_api_response":"success","_size":1275,"_req_user":"68d5c17dabe11a527cea539c","facility":"wildduck","host":"Johns-MacBook-Pro-i9.local","timestamp":1758839165.327,"_component":"wildduck"}
http API 127.0.0.1 root [-/-] GET /users/68d5c17dabe11a527cea539c/mailboxes 200 2ms
info Gelf {"short_message":"WILDDUCK HTTP [PUT /users/:user/mailboxes/:mailbox] OK","_remote_ip":"127.0.0.1","_http_route":"/users/:user/mailboxes/:mailbox","_http_method":"PUT","_user":"root","_role":"root","_api_response":"success","_size":22,"_req_user":"68d5c17dabe11a527cea539c","_req_mailbox":"68d5c17dabe11a527cea539e","_req_path":"[Gmail]/Sent Mail","facility":"wildduck","host":"Johns-MacBook-Pro-i9.local","timestamp":1758839165.387,"_component":"wildduck"}
http API 127.0.0.1 root [-/-] PUT /users/68d5c17dabe11a527cea539c/mailboxes/68d5c17dabe11a527cea539e 200 5ms
info Gelf {"short_message":"WILDDUCK HTTP [GET /users/:user/mailboxes] OK","_remote_ip":"127.0.0.1","_http_route":"/users/:user/mailboxes","_http_method":"GET","_user":"root","_role":"root","_api_response":"success","_size":1283,"_req_user":"68d5c17dabe11a527cea539c","facility":"wildduck","host":"Johns-MacBook-Pro-i9.local","timestamp":1758839165.418,"_component":"wildduck"}
http API 127.0.0.1 root [-/-] GET /users/68d5c17dabe11a527cea539c/mailboxes 200 6ms
info Gelf {"short_message":"WILDDUCK [QUOTA] +","_mail_action":"quota","_user":"68d5c17dabe11a527cea539c","_inc":256,"_storage_used":256,"_mailbox":"68d5c17dabe11a527cea539d","facility":"wildduck","host":"Johns-MacBook-Pro-i9.local","timestamp":1758839165.599,"_component":"wildduck"}
info Gelf {"short_message":"WILDDUCK HTTP [POST /users/:user/mailboxes/:mailbox/messages] OK","_remote_ip":"127.0.0.1","_http_route":"/users/:user/mailboxes/:mailbox/messages","_http_method":"POST","_user":"root","_role":"root","_api_response":"success","_size":114,"_req_user":"68d5c17dabe11a527cea539c","_req_mailbox":"68d5c17dabe11a527cea539d","_req_date":"14-Sep-2013 21:22:28 -0300","_req_unseen":"true","_req_raw":"<Buffer 66 72 6f 6d 3a 20 30 78 62 30 36 63 64 65 66 61 31 61 32 62 33 63 34 64 35 65 36 66 37 38 39 30 31 32 33 34 35 36 37 38 …","facility":"wildduck","host":"Johns-MacBook-Pro-i9.local","timestamp":1758839165.622,"_component":"wildduck"}
http API 127.0.0.1 root [-/-] POST /users/68d5c17dabe11a527cea539c/mailboxes/68d5c17dabe11a527cea539d/messages?date=14-Sep-2013%2021%3A22%3A28%20-0300&unseen=true 200 28ms
info Gelf {"short_message":"WILDDUCK [QUOTA] +","_mail_action":"quota","_user":"68d5c17dabe11a527cea539c","_inc":21927,"_storage_used":22183,"_mailbox":"68d5c17dabe11a527cea539d","facility":"wildduck","host":"Johns-MacBook-Pro-i9.local","timestamp":1758839165.681,"_component":"wildduck"}
info Gelf {"short_message":"WILDDUCK HTTP [POST /users/:user/mailboxes/:mailbox/messages] OK","_remote_ip":"127.0.0.1","_http_route":"/users/:user/mailboxes/:mailbox/messages","_http_method":"POST","_user":"root","_role":"root","_api_response":"success","_size":116,"_req_user":"68d5c17dabe11a527cea539c","_req_mailbox":"68d5c17dabe11a527cea539d","_req_unseen":"false","_req_raw":"<Buffer 53 75 62 6a 65 63 74 3a 20 52 79 61 6e 20 46 69 6e 6e 69 65 27 73 20 4d 49 4d 45 20 54 6f 72 74 75 72 65 20 54 65 73 74 …","facility":"wildduck","host":"Johns-MacBook-Pro-i9.local","timestamp":1758839165.689,"_component":"wildduck"}
http API 127.0.0.1 root [-/-] POST /users/68d5c17dabe11a527cea539c/mailboxes/68d5c17dabe11a527cea539d/messages?unseen=false 200 44ms
info Gelf {"short_message":"WILDDUCK [QUOTA] +","_mail_action":"quota","_user":"68d5c17dabe11a527cea539c","_inc":1044,"_storage_used":23227,"_mailbox":"68d5c17dabe11a527cea539d","facility":"wildduck","host":"Johns-MacBook-Pro-i9.local","timestamp":1758839165.723,"_component":"wildduck"}
info Gelf {"short_message":"WILDDUCK HTTP [POST /users/:user/mailboxes/:mailbox/messages] OK","_remote_ip":"127.0.0.1","_http_route":"/users/:user/mailboxes/:mailbox/messages","_http_method":"POST","_user":"root","_role":"root","_api_response":"success","_size":115,"_req_user":"68d5c17dabe11a527cea539c","_req_mailbox":"68d5c17dabe11a527cea539d","_req_unseen":"false","_req_raw":"<Buffer 4d 49 4d 45 2d 56 65 72 73 69 6f 6e 3a 20 31 2e 30 0d 0a 46 72 6f 6d 3a 20 30 78 36 62 31 37 65 66 61 62 31 61 32 62 33 …","facility":"wildduck","host":"Johns-MacBook-Pro-i9.local","timestamp":1758839165.729,"_component":"wildduck"}
http API 127.0.0.1 root [-/-] POST /users/68d5c17dabe11a527cea539c/mailboxes/68d5c17dabe11a527cea539d/messages?unseen=false 200 17ms
verb Tasks Found task for processing id=68d5c17aabe11a527cea539a
verb Tasks type=user-delete id=68d5c17aabe11a527cea539a data={"user":"68d5c178abe11a527cea537e"}
verb Tasks task=user-delete id=68d5c17aabe11a527cea539a user=68d5c178abe11a527cea537e message=Deleted 3 addresses from registry
verb Tasks task=user-delete id=68d5c17aabe11a527cea539a user=68d5c178abe11a527cea537e message=Marked 6 messages for deletion
verb Tasks task=user-delete id=68d5c17aabe11a527cea539a user=68d5c178abe11a527cea537e message=Marked total of 6 messages for deletion
verb Tasks task=user-delete id=68d5c17aabe11a527cea539a user=68d5c178abe11a527cea537e message=Cleared user specific data
info Tasks Released task id=68d5c17aabe11a527cea539a lock=1b3393c00cc7ad13d12bb512
info Gelf {"short_message":"WILDDUCK [QUOTA] +","_mail_action":"quota","_user":"68d5c17dabe11a527cea539c","_inc":264,"_storage_used":23491,"_mailbox":"68d5c17dabe11a527cea539d","facility":"wildduck","host":"Johns-MacBook-Pro-i9.local","timestamp":1758839165.772,"_component":"wildduck"}
info Gelf {"short_message":"WILDDUCK HTTP [POST /users/:user/mailboxes/:mailbox/messages] OK","_remote_ip":"127.0.0.1","_http_route":"/users/:user/mailboxes/:mailbox/messages","_http_method":"POST","_user":"root","_role":"root","_api_response":"success","_size":114,"_req_user":"68d5c17dabe11a527cea539c","_req_mailbox":"68d5c17dabe11a527cea539d","_req_unseen":"true","_req_raw":"<Buffer 66 72 6f 6d 3a 20 30 78 62 30 36 63 64 65 66 61 31 61 32 62 33 63 34 64 35 65 36 66 37 38 39 30 31 32 33 34 35 36 37 38 …","facility":"wildduck","host":"Johns-MacBook-Pro-i9.local","timestamp":1758839165.783,"_component":"wildduck"}
http API 127.0.0.1 root [-/-] POST /users/68d5c17dabe11a527cea539c/mailboxes/68d5c17dabe11a527cea539d/messages?unseen=true 200 29ms
info Gelf {"short_message":"WILDDUCK [QUOTA] +","_mail_action":"quota","_user":"68d5c17dabe11a527cea539c","_inc":178,"_storage_used":23669,"_mailbox":"68d5c17dabe11a527cea539d","facility":"wildduck","host":"Johns-MacBook-Pro-i9.local","timestamp":1758839165.821,"_component":"wildduck"}
info Gelf {"short_message":"WILDDUCK HTTP [POST /users/:user/mailboxes/:mailbox/messages] OK","_remote_ip":"127.0.0.1","_http_route":"/users/:user/mailboxes/:mailbox/messages","_http_method":"POST","_user":"root","_role":"root","_api_response":"success","_size":114,"_req_user":"68d5c17dabe11a527cea539c","_req_mailbox":"68d5c17dabe11a527cea539d","_req_unseen":"true","_req_raw":"<Buffer 66 72 6f 6d 3a 20 30 78 62 30 36 63 64 65 66 61 31 61 32 62 33 63 34 64 35 65 36 66 37 38 39 30 31 32 33 34 35 36 37 38 …","facility":"wildduck","host":"Johns-MacBook-Pro-i9.local","timestamp":1758839165.827,"_component":"wildduck"}
http API 127.0.0.1 root [-/-] POST /users/68d5c17dabe11a527cea539c/mailboxes/68d5c17dabe11a527cea539d/messages?unseen=true 200 21ms
info Gelf {"short_message":"WILDDUCK [QUOTA] +","_mail_action":"quota","_user":"68d5c17dabe11a527cea539c","_inc":178,"_storage_used":23847,"_mailbox":"68d5c17dabe11a527cea539d","facility":"wildduck","host":"Johns-MacBook-Pro-i9.local","timestamp":1758839165.871,"_component":"wildduck"}
info Gelf {"short_message":"WILDDUCK HTTP [POST /users/:user/mailboxes/:mailbox/messages] OK","_remote_ip":"127.0.0.1","_http_route":"/users/:user/mailboxes/:mailbox/messages","_http_method":"POST","_user":"root","_role":"root","_api_response":"success","_size":114,"_req_user":"68d5c17dabe11a527cea539c","_req_mailbox":"68d5c17dabe11a527cea539d","_req_unseen":"true","_req_raw":"<Buffer 66 72 6f 6d 3a 20 30 78 62 30 36 63 64 65 66 61 31 61 32 62 33 63 34 64 35 65 36 66 37 38 39 30 31 32 33 34 35 36 37 38 …","facility":"wildduck","host":"Johns-MacBook-Pro-i9.local","timestamp":1758839165.877,"_component":"wildduck"}
http API 127.0.0.1 root [-/-] POST /users/68d5c17dabe11a527cea539c/mailboxes/68d5c17dabe11a527cea539d/messages?unseen=true 200 27ms
info IMAP [hc3ph6dwsy3u5kaj] Secure connection from [127.0.0.1] to Johns-MacBook-Pro-i9.local 127.0.0.1:9993
sill IMAP [hc3ph6dwsy3u5kaj] S: * OK WildDuck IMAP Server ready for requests from 127.0.0.1 hc3ph6dwsy3u5kaj
sill IMAP [hc3ph6dwsy3u5kaj] C: T1 LOGIN "(* value hidden *)" "(* value hidden *)"
info Gelf {"short_message":"WILDDUCK [AUTHOK] 0x1a2b3c4d5e6f789012345678901234567890abcd","_mail_action":"auth","_auth_result":"success","_username":"0x1a2b3c4d5e6f789012345678901234567890abcd","_domain":"johns-macbook-pro-i9.local","_user":"68d5c17dabe11a527cea539c","_password_type":"master","_scope":"imap","_ip":"127.0.0.1","_sess":"hc3ph6dwsy3u5kaj","facility":"wildduck","host":"Johns-MacBook-Pro-i9.local","timestamp":1758839166.493,"_component":"wildduck"}
info Gelf {"short_message":"WILDDUCK [CONNSTART] Connection established for 68d5c17dabe11a527cea539c","_connection":"establish","_service":"imap","_sess":"hc3ph6dwsy3u5kaj","_user":"68d5c17dabe11a527cea539c","_cid":"hc3ph6dwsy3u5kaj","_ip":"127.0.0.1","_limit":15,"facility":"wildduck","host":"Johns-MacBook-Pro-i9.local","timestamp":1758839166.495,"_component":"wildduck"}
info IMAP [hc3ph6dwsy3u5kaj] 0x1a2b3c4d5e6f789012345678901234567890abcd authenticated using LOGIN
sill IMAP [hc3ph6dwsy3u5kaj] New journal listener for 68d5c17dabe11a527cea539c (0x1a2b3c4d5e6f789012345678901234567890abcd)
sill IMAP [hc3ph6dwsy3u5kaj] S: * CAPABILITY IMAP4rev1 APPENDLIMIT=26214400 CHILDREN CONDSTORE ENABLE ID IDLE MOVE NAMESPACE QUOTA SPECIAL-USE UIDPLUS UNSELECT UTF8=ACCEPT XLIST
sill IMAP [hc3ph6dwsy3u5kaj] S: T1 OK 0x1a2b3c4d5e6f789012345678901234567890abcd authenticated
sill IMAP [hc3ph6dwsy3u5kaj] C: T2 SELECT INBOX
sill IMAP [hc3ph6dwsy3u5kaj] Opening "INBOX"
sill IMAP [hc3ph6dwsy3u5kaj] S: * FLAGS (\Answered \Flagged \Draft \Deleted \Seen)
sill IMAP [hc3ph6dwsy3u5kaj] S: * OK [PERMANENTFLAGS (\Answered \Flagged \Draft \Deleted \Seen \*)] Flags permitted
sill IMAP [hc3ph6dwsy3u5kaj] S: * OK [UIDVALIDITY 1758839165] UIDs valid
sill IMAP [hc3ph6dwsy3u5kaj] S: * 6 EXISTS
sill IMAP [hc3ph6dwsy3u5kaj] S: * 0 RECENT
sill IMAP [hc3ph6dwsy3u5kaj] S: * OK [HIGHESTMODSEQ 5000] Highest
sill
IMAP [hc3ph6dwsy3u5kaj] S: * OK [UIDNEXT 1000] Predicted next UID
sill IMAP [hc3ph6dwsy3u5kaj] S: T2 OK [READ-WRITE] SELECT completed
sill IMAP [hc3ph6dwsy3u5kaj] C: T3 FETCH 3 FLAGS
sill
IMAP [hc3ph6dwsy3u5kaj] FETCH: {"metadataOnly":true,"markAsSeen":false,"messages":1,"query":[{"query":"FLAGS","item":"flags","original":{"type":"ATOM","value":"FLAGS"}}],"changedSince":0,"isUid":false}
sill IMAP [hc3ph6dwsy3u5kaj] Requested FETCH for "68d5c17dabe11a527cea539d"
sill IMAP [hc3ph6dwsy3u5kaj] S: * 3 FETCH (FLAGS (\Seen))
sill IMAP [hc3ph6dwsy3u5kaj] FETCHOK rows=1 user=68d5c17dabe11a527cea539c mailbox=68d5c17dabe11a527cea539d time=0.005
info Gelf {"short_message":"WILDDUCK [FETCH]","_mail_action":"fetch","_user":"68d5c17dabe11a527cea539c","_mailbox":"68d5c17dabe11a527cea539d","_sess":"hc3ph6dwsy3u5kaj","_mark_seen":"no","_is_uid":"no","_message_count":1,"_query":"T3 FETCH 3 FLAGS","_query_time":5,"_row_count":1,"_total_bytes":25,"_response":true,"facility":"wildduck","host":"Johns-MacBook-Pro-i9.local","timestamp":1758839166.724,"_component":"wildduck"}
sill
IMAP [hc3ph6dwsy3u5kaj] S: T3 OK FETCH completed
sill IMAP [hc3ph6dwsy3u5kaj] C: T4 LOGOUT
sill IMAP [hc3ph6dwsy3u5kaj] Removed journal listener from 68d5c17dabe11a527cea539c (0x1a2b3c4d5e6f789012345678901234567890abcd)
sill
IMAP [hc3ph6dwsy3u5kaj] S: * BYE Logout requested
sill IMAP [hc3ph6dwsy3u5kaj] S: T4 OK No more Mr. Nice Duck!
        ✔ should return corretc FLAGS (582ms)
info Gelf {"short_message":"WILDDUCK [CONNRELEASE] Connection released for 68d5c17dabe11a527cea539c","_connection":"release","_service":"imap","_sess":"hc3ph6dwsy3u5kaj","_user":"68d5c17dabe11a527cea539c","_cid":"hc3ph6dwsy3u5kaj","_ip":"127.0.0.1","facility":"wildduck","host":"Johns-MacBook-Pro-i9.local","timestamp":1758839166.827,"_component":"wildduck"}
info IMAP [hc3ph6dwsy3u5kaj] Connection closed to [127.0.0.1]
      BODYSTRUCTURE
info Gelf {"short_message":"WILDDUCK HTTP [GET /users] OK","_remote_ip":"127.0.0.1","_http_route":"/users","_http_method":"GET","_user":"root","_role":"root","_api_response":"success","_size":723,"facility":"wildduck","host":"Johns-MacBook-Pro-i9.local","timestamp":1758839167.49,"_component":"wildduck"}
http API 127.0.0.1 root [-/-] GET /users 200 4ms
info Gelf {"short_message":"WILDDUCK HTTP [GET /users] OK","_remote_ip":"127.0.0.1","_http_route":"/users","_http_method":"GET","_user":"root","_role":"root","_api_response":"success","_size":780,"_req_query":"0x1a2b3c4d5e6f789012345678901234567890abcd","facility":"wildduck","host":"Johns-MacBook-Pro-i9.local","timestamp":1758839167.52,"_component":"wildduck"}
http API 127.0.0.1 root [-/-] GET /users?query=0x1a2b3c4d5e6f789012345678901234567890abcd 200 6ms
verb Tasks Created task id=68d5c17fabe11a527cea53b9
info Gelf {"short_message":"WILDDUCK HTTP [DELETE /users/:user] OK","_remote_ip":"127.0.0.1","_http_route":"/users/:user","_http_method":"DELETE","_user":"root","_role":"root","_api_response":"success","_code":"TaskScheduled","_size":209,"_req_user":"68d5c17dabe11a527cea539c","facility":"wildduck","host":"Johns-MacBook-Pro-i9.local","timestamp":1758839167.575,"_component":"wildduck"}
http API 127.0.0.1 root [-/-] DELETE /users/68d5c17dabe11a527cea539c 200 23ms
verb Tasks Found task for processing id=68d5c17fabe11a527cea53b9
verb Tasks type=user-delete id=68d5c17fabe11a527cea53b9 data={"user":"68d5c17dabe11a527cea539c"}
verb Tasks task=user-delete id=68d5c17fabe11a527cea53b9 user=68d5c17dabe11a527cea539c message=Deleted 3 addresses from registry
verb Tasks task=user-delete id=68d5c17fabe11a527cea53b9 user=68d5c17dabe11a527cea539c message=Marked 6 messages for deletion
verb Tasks task=user-delete id=68d5c17fabe11a527cea53b9 user=68d5c17dabe11a527cea539c message=Marked total of 6 messages for deletion
verb Tasks task=user-delete id=68d5c17fabe11a527cea53b9 user=68d5c17dabe11a527cea539c message=Cleared user specific data
info Tasks Released task id=68d5c17fabe11a527cea53b9 lock=d79c48049bcf281b8571f70b
info Gelf {"short_message":"WILDDUCK HTTP [POST /authenticate] OK","_remote_ip":"127.0.0.1","_http_route":"/authenticate","_http_method":"POST","_user":"root","_role":"root","_api_response":"success","_size":334,"_req_username":"0x1a2b3c4d5e6f789012345678901234567890abcd","_req_password":"***","_req_token":"true","_res_id":"68d5c182abe11a527cea53bc","facility":"wildduck","host":"Johns-MacBook-Pro-i9.local","timestamp":1758839170.151,"_component":"wildduck"}
http API
127.0.0.1 root [-/-] POST /authenticate 200 134ms
info Gelf {"short_message":"WILDDUCK HTTP [GET /users] OK","_remote_ip":"127.0.0.1","_http_route":"/users","_http_method":"GET","_user":"root","_role":"root","_api_response":"success","_size":776,"_req_query":"0x1a2b3c4d5e6f789012345678901234567890abcd","facility":"wildduck","host":"Johns-MacBook-Pro-i9.local","timestamp":1758839170.188,"_component":"wildduck"}
http API 127.0.0.1 root [-/-] GET /users?query=0x1a2b3c4d5e6f789012345678901234567890abcd 200 4ms
info Gelf {"short_message":"WILDDUCK HTTP [GET /users/:user/mailboxes] OK","_remote_ip":"127.0.0.1","_http_route":"/users/:user/mailboxes","_http_method":"GET","_user":"root","_role":"root","_api_response":"success","_size":1275,"_req_user":"68d5c182abe11a527cea53bc","facility":"wildduck","host":"Johns-MacBook-Pro-i9.local","timestamp":1758839170.225,"_component":"wildduck"}
http API 127.0.0.1 root [-/-] GET /users/68d5c182abe11a527cea53bc/mailboxes 200 3ms
info Gelf {"short_message":"WILDDUCK HTTP [PUT /users/:user/mailboxes/:mailbox] OK","_remote_ip":"127.0.0.1","_http_route":"/users/:user/mailboxes/:mailbox","_http_method":"PUT","_user":"root","_role":"root","_api_response":"success","_size":22,"_req_user":"68d5c182abe11a527cea53bc","_req_mailbox":"68d5c182abe11a527cea53be","_req_path":"[Gmail]/Sent Mail","facility":"wildduck","host":"Johns-MacBook-Pro-i9.local","timestamp":1758839170.285,"_component":"wildduck"}
http API 127.0.0.1 root [-/-] PUT /users/68d5c182abe11a527cea53bc/mailboxes/68d5c182abe11a527cea53be 200 5ms
info Gelf {"short_message":"WILDDUCK HTTP [GET /users/:user/mailboxes] OK","_remote_ip":"127.0.0.1","_http_route":"/users/:user/mailboxes","_http_method":"GET","_user":"root","_role":"root","_api_response":"success","_size":1283,"_req_user":"68d5c182abe11a527cea53bc","facility":"wildduck","host":"Johns-MacBook-Pro-i9.local","timestamp":1758839170.318,"_component":"wildduck"}
http API 127.0.0.1 root [-/-] GET /users/68d5c182abe11a527cea53bc/mailboxes 200 10ms
info Gelf {"short_message":"WILDDUCK [QUOTA] +","_mail_action":"quota","_user":"68d5c182abe11a527cea53bc","_inc":256,"_storage_used":256,"_mailbox":"68d5c182abe11a527cea53bd","facility":"wildduck","host":"Johns-MacBook-Pro-i9.local","timestamp":1758839170.521,"_component":"wildduck"}
info Gelf {"short_message":"WILDDUCK HTTP [POST /users/:user/mailboxes/:mailbox/messages] OK","_remote_ip":"127.0.0.1","_http_route":"/users/:user/mailboxes/:mailbox/messages","_http_method":"POST","_user":"root","_role":"root","_api_response":"success","_size":114,"_req_user":"68d5c182abe11a527cea53bc","_req_mailbox":"68d5c182abe11a527cea53bd","_req_date":"14-Sep-2013 21:22:28 -0300","_req_unseen":"true","_req_raw":"<Buffer 66 72 6f 6d 3a 20 30 78 62 30 36 63 64 65 66 61 31 61 32 62 33 63 34 64 35 65 36 66 37 38 39 30 31 32 33 34 35 36 37 38 …","facility":"wildduck","host":"Johns-MacBook-Pro-i9.local","timestamp":1758839170.527,"_component":"wildduck"}
http API 127.0.0.1 root [-/-] POST /users/68d5c182abe11a527cea53bc/mailboxes/68d5c182abe11a527cea53bd/messages?date=14-Sep-2013%2021%3A22%3A28%20-0300&unseen=true 200 27ms
info Gelf {"short_message":"WILDDUCK [QUOTA] +","_mail_action":"quota","_user":"68d5c182abe11a527cea53bc","_inc":21927,"_storage_used":22183,"_mailbox":"68d5c182abe11a527cea53bd","facility":"wildduck","host":"Johns-MacBook-Pro-i9.local","timestamp":1758839170.592,"_component":"wildduck"}
info Gelf {"short_message":"WILDDUCK HTTP [POST /users/:user/mailboxes/:mailbox/messages] OK","_remote_ip":"127.0.0.1","_http_route":"/users/:user/mailboxes/:mailbox/messages","_http_method":"POST","_user":"root","_role":"root","_api_response":"success","_size":116,"_req_user":"68d5c182abe11a527cea53bc","_req_mailbox":"68d5c182abe11a527cea53bd","_req_unseen":"false","_req_raw":"<Buffer 53 75 62 6a 65 63 74 3a 20 52 79 61 6e 20 46 69 6e 6e 69 65 27 73 20 4d 49 4d 45 20 54 6f 72 74 75 72 65 20 54 65 73 74 …","facility":"wildduck","host":"Johns-MacBook-Pro-i9.local","timestamp":1758839170.6,"_component":"wildduck"}
http API 127.0.0.1 root [-/-] POST /users/68d5c182abe11a527cea53bc/mailboxes/68d5c182abe11a527cea53bd/messages?unseen=false 200 48ms
info Gelf {"short_message":"WILDDUCK [QUOTA] +","_mail_action":"quota","_user":"68d5c182abe11a527cea53bc","_inc":1044,"_storage_used":23227,"_mailbox":"68d5c182abe11a527cea53bd","facility":"wildduck","host":"Johns-MacBook-Pro-i9.local","timestamp":1758839170.631,"_component":"wildduck"}
info Gelf {"short_message":"WILDDUCK HTTP [POST /users/:user/mailboxes/:mailbox/messages] OK","_remote_ip":"127.0.0.1","_http_route":"/users/:user/mailboxes/:mailbox/messages","_http_method":"POST","_user":"root","_role":"root","_api_response":"success","_size":115,"_req_user":"68d5c182abe11a527cea53bc","_req_mailbox":"68d5c182abe11a527cea53bd","_req_unseen":"false","_req_raw":"<Buffer 4d 49 4d 45 2d 56 65 72 73 69 6f 6e 3a 20 31 2e 30 0d 0a 46 72 6f 6d 3a 20 30 78 36 62 31 37 65 66 61 62 31 61 32 62 33 …","facility":"wildduck","host":"Johns-MacBook-Pro-i9.local","timestamp":1758839170.637,"_component":"wildduck"}
http API 127.0.0.1 root [-/-] POST /users/68d5c182abe11a527cea53bc/mailboxes/68d5c182abe11a527cea53bd/messages?unseen=false 200 14ms
info Gelf {"short_message":"WILDDUCK [QUOTA] +","_mail_action":"quota","_user":"68d5c182abe11a527cea53bc","_inc":264,"_storage_used":23491,"_mailbox":"68d5c182abe11a527cea53bd","facility":"wildduck","host":"Johns-MacBook-Pro-i9.local","timestamp":1758839170.671,"_component":"wildduck"}
info Gelf {"short_message":"WILDDUCK HTTP [POST /users/:user/mailboxes/:mailbox/messages] OK","_remote_ip":"127.0.0.1","_http_route":"/users/:user/mailboxes/:mailbox/messages","_http_method":"POST","_user":"root","_role":"root","_api_response":"success","_size":114,"_req_user":"68d5c182abe11a527cea53bc","_req_mailbox":"68d5c182abe11a527cea53bd","_req_unseen":"true","_req_raw":"<Buffer 66 72 6f 6d 3a 20 30 78 62 30 36 63 64 65 66 61 31 61 32 62 33 63 34 64 35 65 36 66 37 38 39 30 31 32 33 34 35 36 37 38 …","facility":"wildduck","host":"Johns-MacBook-Pro-i9.local","timestamp":1758839170.677,"_component":"wildduck"}
http API
127.0.0.1 root [-/-] POST /users/68d5c182abe11a527cea53bc/mailboxes/68d5c182abe11a527cea53bd/messages?unseen=true 200 16ms
info Gelf {"short_message":"WILDDUCK [QUOTA] +","_mail_action":"quota","_user":"68d5c182abe11a527cea53bc","_inc":178,"_storage_used":23669,"_mailbox":"68d5c182abe11a527cea53bd","facility":"wildduck","host":"Johns-MacBook-Pro-i9.local","timestamp":1758839170.721,"_component":"wildduck"}
info Gelf {"short_message":"WILDDUCK HTTP [POST /users/:user/mailboxes/:mailbox/messages] OK","_remote_ip":"127.0.0.1","_http_route":"/users/:user/mailboxes/:mailbox/messages","_http_method":"POST","_user":"root","_role":"root","_api_response":"success","_size":114,"_req_user":"68d5c182abe11a527cea53bc","_req_mailbox":"68d5c182abe11a527cea53bd","_req_unseen":"true","_req_raw":"<Buffer 66 72 6f 6d 3a 20 30 78 62 30 36 63 64 65 66 61 31 61 32 62 33 63 34 64 35 65 36 66 37 38 39 30 31 32 33 34 35 36 37 38 …","facility":"wildduck","host":"Johns-MacBook-Pro-i9.local","timestamp":1758839170.727,"_component":"wildduck"}
http API 127.0.0.1 root [-/-] POST /users/68d5c182abe11a527cea53bc/mailboxes/68d5c182abe11a527cea53bd/messages?unseen=true 200 27ms
info Gelf {"short_message":"WILDDUCK [QUOTA] +","_mail_action":"quota","_user":"68d5c182abe11a527cea53bc","_inc":178,"_storage_used":23847,"_mailbox":"68d5c182abe11a527cea53bd","facility":"wildduck","host":"Johns-MacBook-Pro-i9.local","timestamp":1758839170.771,"_component":"wildduck"}
info Gelf {"short_message":"WILDDUCK HTTP [POST /users/:user/mailboxes/:mailbox/messages] OK","_remote_ip":"127.0.0.1","_http_route":"/users/:user/mailboxes/:mailbox/messages","_http_method":"POST","_user":"root","_role":"root","_api_response":"success","_size":114,"_req_user":"68d5c182abe11a527cea53bc","_req_mailbox":"68d5c182abe11a527cea53bd","_req_unseen":"true","_req_raw":"<Buffer 66 72 6f 6d 3a 20 30 78 62 30 36 63 64 65 66 61 31 61 32 62 33 63 34 64 35 65 36 66 37 38 39 30 31 32 33 34 35 36 37 38 …","facility":"wildduck","host":"Johns-MacBook-Pro-i9.local","timestamp":1758839170.777,"_component":"wildduck"}
http API 127.0.0.1 root [-/-] POST /users/68d5c182abe11a527cea53bc/mailboxes/68d5c182abe11a527cea53bd/messages?unseen=true 200 27ms
info IMAP [vd4n7dg73yo7i4sw] Secure connection from [127.0.0.1] to Johns-MacBook-Pro-i9.local 127.0.0.1:9993
sill IMAP [vd4n7dg73yo7i4sw] S: * OK WildDuck IMAP Server ready for requests from 127.0.0.1 vd4n7dg73yo7i4sw
sill IMAP [vd4n7dg73yo7i4sw] C: T1 LOGIN "(* value hidden *)" "(* value hidden *)"
info Gelf {"short_message":"WILDDUCK [AUTHOK] 0x1a2b3c4d5e6f789012345678901234567890abcd","_mail_action":"auth","_auth_result":"success","_username":"0x1a2b3c4d5e6f789012345678901234567890abcd","_domain":"johns-macbook-pro-i9.local","_user":"68d5c182abe11a527cea53bc","_password_type":"master","_scope":"imap","_ip":"127.0.0.1","_sess":"vd4n7dg73yo7i4sw","facility":"wildduck","host":"Johns-MacBook-Pro-i9.local","timestamp":1758839171.47,"_component":"wildduck"}
info Gelf {"short_message":"WILDDUCK [CONNSTART] Connection established for 68d5c182abe11a527cea53bc","_connection":"establish","_service":"imap","_sess":"vd4n7dg73yo7i4sw","_user":"68d5c182abe11a527cea53bc","_cid":"vd4n7dg73yo7i4sw","_ip":"127.0.0.1","_limit":15,"facility":"wildduck","host":"Johns-MacBook-Pro-i9.local","timestamp":1758839171.471,"_component":"wildduck"}
info IMAP [vd4n7dg73yo7i4sw] 0x1a2b3c4d5e6f789012345678901234567890abcd authenticated using LOGIN
sill IMAP [vd4n7dg73yo7i4sw] New journal listener for 68d5c182abe11a527cea53bc (0x1a2b3c4d5e6f789012345678901234567890abcd)
sill IMAP [vd4n7dg73yo7i4sw] S: * CAPABILITY IMAP4rev1 APPENDLIMIT=26214400 CHILDREN CONDSTORE ENABLE ID IDLE MOVE NAMESPACE QUOTA SPECIAL-USE UIDPLUS UNSELECT UTF8=ACCEPT XLIST
sill IMAP [vd4n7dg73yo7i4sw] S: T1 OK 0x1a2b3c4d5e6f789012345678901234567890abcd authenticated
sill IMAP [vd4n7dg73yo7i4sw] C: T2 SELECT INBOX
sill IMAP [vd4n7dg73yo7i4sw] Opening "INBOX"
sill IMAP [vd4n7dg73yo7i4sw] S: * FLAGS (\Answered \Flagged \Draft \Deleted \Seen)
sill IMAP [vd4n7dg73yo7i4sw] S: * OK [PERMANENTFLAGS (\Answered \Flagged \Draft \Deleted \Seen \*)] Flags permitted
sill IMAP [vd4n7dg73yo7i4sw] S: * OK [UIDVALIDITY 1758839170] UIDs valid
sill IMAP [vd4n7dg73yo7i4sw] S: * 6 EXISTS
sill IMAP [vd4n7dg73yo7i4sw] S: * 0 RECENT
sill IMAP [vd4n7dg73yo7i4sw] S: * OK [HIGHESTMODSEQ 5000] Highest
sill
IMAP [vd4n7dg73yo7i4sw] S: * OK [UIDNEXT 1000] Predicted next UID
sill
IMAP [vd4n7dg73yo7i4sw] S: T2 OK [READ-WRITE] SELECT completed
sill IMAP [vd4n7dg73yo7i4sw] C: T3 FETCH 3 BODYSTRUCTURE
sill IMAP [vd4n7dg73yo7i4sw] FETCH: {"metadataOnly":true,"markAsSeen":false,"messages":1,"query":[{"query":"BODYSTRUCTURE","item":"bodystructure","original":{"type":"ATOM","value":"BODYSTRUCTURE"}}],"changedSince":0,"isUid":false}
sill IMAP [vd4n7dg73yo7i4sw] Requested FETCH for "68d5c182abe11a527cea53bd"
sill IMAP [vd4n7dg73yo7i4sw] S: * 3 FETCH (BODYSTRUCTURE (("MESSAGE" "RFC822" NIL NIL NIL "7BIT" 197 (NIL "" ((NIL NIL "0x6b17efab1a2b3c4d5e6f789012345678abcdef0123456789" "xkreata.ee")) ((NIL NIL "0x6b17efab1a2b3c4d5e6f789012345678abcdef0123456789" "xkreata.ee")) ((NIL NIL "0x6b17efab1a2b3c4d5e6f789012345678abcdef0123456789" "xkreata.ee")) ((NIL NIL "0x6b17efab1a2b3c4d5e6f789012345678abcdef0123456789" "xpangalink.net")) NIL NIL "<test1>" NIL) ("TEXT" "PLAIN" NIL NIL NIL "7BIT" 14 0 NIL NIL NIL NIL) 5 NIL NIL NIL NIL)("MESSAGE" "RFC822" NIL NIL NIL "7BIT" 175 (NIL "" ((NIL NIL "0x6b17efab1a2b3c4d5e6f789012345678abcdef0123456789" "xkreata.ee")) ((NIL NIL "0x6b17efab1a2b3c4d5e6f789012345678abcdef0123456789" "xkreata.ee")) ((NIL NIL "0x6b17efab1a2b3c4d5e6f789012345678abcdef0123456789" "xkreata.ee")) ((NIL NIL "0x6b17efab1a2b3c4d5e6f789012345678abcdef0123456789" "xpangalink.net")) NIL NIL NIL NIL) ("TEXT" "PLAIN" NIL NIL NIL "7BIT" 14 0 NIL NIL NIL NIL) 4 NIL NIL NIL NIL)("TEXT" "HTML" ("CHARSET" "utf-8") NIL NIL "QUOTED-PRINTABLE" 21 0 NIL NIL NIL NIL) "MIXED" ("BOUNDARY" "----mailcomposer-?=_1-1328088797399") NIL NIL NIL))
sill IMAP [vd4n7dg73yo7i4sw] FETCHOK rows=1 user=68d5c182abe11a527cea53bc mailbox=68d5c182abe11a527cea53bd time=0.005
info Gelf {"short_message":"WILDDUCK [FETCH]","_mail_action":"fetch","_user":"68d5c182abe11a527cea53bc","_mailbox":"68d5c182abe11a527cea53bd","_sess":"vd4n7dg73yo7i4sw","_mark_seen":"no","_is_uid":"no","_message_count":1,"_query":"T3 FETCH 3 BODYSTRUCTURE","_query_time":6,"_row_count":1,"_total_bytes":1106,"_response":true,"facility":"wildduck","host":"Johns-MacBook-Pro-i9.local","timestamp":1758839171.684,"_component":"wildduck"}
sill IMAP [vd4n7dg73yo7i4sw] S: T3 OK FETCH completed
sill IMAP [vd4n7dg73yo7i4sw] C: T4 LOGOUT
sill
IMAP [vd4n7dg73yo7i4sw] Removed journal listener from 68d5c182abe11a527cea53bc (0x1a2b3c4d5e6f789012345678901234567890abcd)
sill IMAP
[vd4n7dg73yo7i4sw] S: * BYE Logout requested
sill IMAP [vd4n7dg73yo7i4sw] S: T4 OK Not bad for a duck from outer space.
        ✔ should list bodystructure object (559ms)
info Gelf {"short_message":"WILDDUCK [CONNRELEASE] Connection released for 68d5c182abe11a527cea53bc","_connection":"release","_service":"imap","_sess":"vd4n7dg73yo7i4sw","_user":"68d5c182abe11a527cea53bc","_cid":"vd4n7dg73yo7i4sw","_ip":"127.0.0.1","facility":"wildduck","host":"Johns-MacBook-Pro-i9.local","timestamp":1758839171.786,"_component":"wildduck"}
info IMAP [vd4n7dg73yo7i4sw] Connection closed to [127.0.0.1]
      ENVELOPE
info Gelf {"short_message":"WILDDUCK HTTP [GET /users] OK","_remote_ip":"127.0.0.1","_http_route":"/users","_http_method":"GET","_user":"root","_role":"root","_api_response":"success","_size":723,"facility":"wildduck","host":"Johns-MacBook-Pro-i9.local","timestamp":1758839172.47,"_component":"wildduck"}
http API 127.0.0.1 root [-/-] GET /users 200 21ms
info Gelf {"short_message":"WILDDUCK HTTP [GET /users] OK","_remote_ip":"127.0.0.1","_http_route":"/users","_http_method":"GET","_user":"root","_role":"root","_api_response":"success","_size":780,"_req_query":"0x1a2b3c4d5e6f789012345678901234567890abcd","facility":"wildduck","host":"Johns-MacBook-Pro-i9.local","timestamp":1758839172.498,"_component":"wildduck"}
http API 127.0.0.1 root [-/-] GET /users?query=0x1a2b3c4d5e6f789012345678901234567890abcd 200 4ms
verb Tasks Created task id=68d5c184abe11a527cea53d8
info Gelf {"short_message":"WILDDUCK HTTP [DELETE /users/:user] OK","_remote_ip":"127.0.0.1","_http_route":"/users/:user","_http_method":"DELETE","_user":"root","_role":"root","_api_response":"success","_code":"TaskScheduled","_size":209,"_req_user":"68d5c182abe11a527cea53bc","facility":"wildduck","host":"Johns-MacBook-Pro-i9.local","timestamp":1758839172.54,"_component":"wildduck"}
http API 127.0.0.1 root [-/-] DELETE /users/68d5c182abe11a527cea53bc 200 8ms
verb Tasks Found task for processing id=68d5c184abe11a527cea53d8
verb
Tasks type=user-delete id=68d5c184abe11a527cea53d8 data={"user":"68d5c182abe11a527cea53bc"}
verb Tasks
task=user-delete id=68d5c184abe11a527cea53d8 user=68d5c182abe11a527cea53bc message=Deleted 3 addresses from registry
verb Tasks task=user-delete id=68d5c184abe11a527cea53d8 user=68d5c182abe11a527cea53bc message=Marked 6 messages for deletion
verb Tasks task=user-delete id=68d5c184abe11a527cea53d8 user=68d5c182abe11a527cea53bc message=Marked total of 6 messages for deletion
verb Tasks
task=user-delete id=68d5c184abe11a527cea53d8 user=68d5c182abe11a527cea53bc message=Cleared user specific data
info Tasks Released task id=68d5c184abe11a527cea53d8 lock=7964f00574fa905b92e67981
info Gelf {"short_message":"WILDDUCK HTTP [POST /authenticate] OK","_remote_ip":"127.0.0.1","_http_route":"/authenticate","_http_method":"POST","_user":"root","_role":"root","_api_response":"success","_size":334,"_req_username":"0x1a2b3c4d5e6f789012345678901234567890abcd","_req_password":"***","_req_token":"true","_res_id":"68d5c187abe11a527cea53db","facility":"wildduck","host":"Johns-MacBook-Pro-i9.local","timestamp":1758839175.198,"_component":"wildduck"}
http API 127.0.0.1 root [-/-] POST /authenticate 200 149ms
info Gelf {"short_message":"WILDDUCK HTTP [GET /users] OK","_remote_ip":"127.0.0.1","_http_route":"/users","_http_method":"GET","_user":"root","_role":"root","_api_response":"success","_size":776,"_req_query":"0x1a2b3c4d5e6f789012345678901234567890abcd","facility":"wildduck","host":"Johns-MacBook-Pro-i9.local","timestamp":1758839175.235,"_component":"wildduck"}
http API 127.0.0.1 root [-/-] GET /users?query=0x1a2b3c4d5e6f789012345678901234567890abcd 200 4ms
info Gelf {"short_message":"WILDDUCK HTTP [GET /users/:user/mailboxes] OK","_remote_ip":"127.0.0.1","_http_route":"/users/:user/mailboxes","_http_method":"GET","_user":"root","_role":"root","_api_response":"success","_size":1275,"_req_user":"68d5c187abe11a527cea53db","facility":"wildduck","host":"Johns-MacBook-Pro-i9.local","timestamp":1758839175.272,"_component":"wildduck"}
http API 127.0.0.1 root [-/-] GET /users/68d5c187abe11a527cea53db/mailboxes 200 2ms
info Gelf {"short_message":"WILDDUCK HTTP [PUT /users/:user/mailboxes/:mailbox] OK","_remote_ip":"127.0.0.1","_http_route":"/users/:user/mailboxes/:mailbox","_http_method":"PUT","_user":"root","_role":"root","_api_response":"success","_size":22,"_req_user":"68d5c187abe11a527cea53db","_req_mailbox":"68d5c187abe11a527cea53dd","_req_path":"[Gmail]/Sent Mail","facility":"wildduck","host":"Johns-MacBook-Pro-i9.local","timestamp":1758839175.333,"_component":"wildduck"}
http API 127.0.0.1 root [-/-] PUT /users/68d5c187abe11a527cea53db/mailboxes/68d5c187abe11a527cea53dd 200 5ms
info Gelf {"short_message":"WILDDUCK HTTP [GET /users/:user/mailboxes] OK","_remote_ip":"127.0.0.1","_http_route":"/users/:user/mailboxes","_http_method":"GET","_user":"root","_role":"root","_api_response":"success","_size":1283,"_req_user":"68d5c187abe11a527cea53db","facility":"wildduck","host":"Johns-MacBook-Pro-i9.local","timestamp":1758839175.369,"_component":"wildduck"}
http API 127.0.0.1 root [-/-] GET /users/68d5c187abe11a527cea53db/mailboxes 200 12ms
info Gelf {"short_message":"WILDDUCK [QUOTA] +","_mail_action":"quota","_user":"68d5c187abe11a527cea53db","_inc":256,"_storage_used":256,"_mailbox":"68d5c187abe11a527cea53dc","facility":"wildduck","host":"Johns-MacBook-Pro-i9.local","timestamp":1758839175.547,"_component":"wildduck"}
info Gelf {"short_message":"WILDDUCK HTTP [POST /users/:user/mailboxes/:mailbox/messages] OK","_remote_ip":"127.0.0.1","_http_route":"/users/:user/mailboxes/:mailbox/messages","_http_method":"POST","_user":"root","_role":"root","_api_response":"success","_size":114,"_req_user":"68d5c187abe11a527cea53db","_req_mailbox":"68d5c187abe11a527cea53dc","_req_date":"14-Sep-2013 21:22:28 -0300","_req_unseen":"true","_req_raw":"<Buffer 66 72 6f 6d 3a 20 30 78 62 30 36 63 64 65 66 61 31 61 32 62 33 63 34 64 35 65 36 66 37 38 39 30 31 32 33 34 35 36 37 38 …","facility":"wildduck","host":"Johns-MacBook-Pro-i9.local","timestamp":1758839175.569,"_component":"wildduck"}
http API 127.0.0.1 root [-/-] POST /users/68d5c187abe11a527cea53db/mailboxes/68d5c187abe11a527cea53dc/messages?date=14-Sep-2013%2021%3A22%3A28%20-0300&unseen=true 200 28ms
info Gelf {"short_message":"WILDDUCK [QUOTA] +","_mail_action":"quota","_user":"68d5c187abe11a527cea53db","_inc":21927,"_storage_used":22183,"_mailbox":"68d5c187abe11a527cea53dc","facility":"wildduck","host":"Johns-MacBook-Pro-i9.local","timestamp":1758839175.634,"_component":"wildduck"}
info Gelf {"short_message":"WILDDUCK HTTP [POST /users/:user/mailboxes/:mailbox/messages] OK","_remote_ip":"127.0.0.1","_http_route":"/users/:user/mailboxes/:mailbox/messages","_http_method":"POST","_user":"root","_role":"root","_api_response":"success","_size":116,"_req_user":"68d5c187abe11a527cea53db","_req_mailbox":"68d5c187abe11a527cea53dc","_req_unseen":"false","_req_raw":"<Buffer 53 75 62 6a 65 63 74 3a 20 52 79 61 6e 20 46 69 6e 6e 69 65 27 73 20 4d 49 4d 45 20 54 6f 72 74 75 72 65 20 54 65 73 74 …","facility":"wildduck","host":"Johns-MacBook-Pro-i9.local","timestamp":1758839175.641,"_component":"wildduck"}
http API
127.0.0.1 root [-/-] POST /users/68d5c187abe11a527cea53db/mailboxes/68d5c187abe11a527cea53dc/messages?unseen=false 200 48ms
info Gelf {"short_message":"WILDDUCK [QUOTA] +","_mail_action":"quota","_user":"68d5c187abe11a527cea53db","_inc":1044,"_storage_used":23227,"_mailbox":"68d5c187abe11a527cea53dc","facility":"wildduck","host":"Johns-MacBook-Pro-i9.local","timestamp":1758839175.674,"_component":"wildduck"}
info Gelf {"short_message":"WILDDUCK HTTP [POST /users/:user/mailboxes/:mailbox/messages] OK","_remote_ip":"127.0.0.1","_http_route":"/users/:user/mailboxes/:mailbox/messages","_http_method":"POST","_user":"root","_role":"root","_api_response":"success","_size":115,"_req_user":"68d5c187abe11a527cea53db","_req_mailbox":"68d5c187abe11a527cea53dc","_req_unseen":"false","_req_raw":"<Buffer 4d 49 4d 45 2d 56 65 72 73 69 6f 6e 3a 20 31 2e 30 0d 0a 46 72 6f 6d 3a 20 30 78 36 62 31 37 65 66 61 62 31 61 32 62 33 …","facility":"wildduck","host":"Johns-MacBook-Pro-i9.local","timestamp":1758839175.679,"_component":"wildduck"}
http API 127.0.0.1 root [-/-] POST /users/68d5c187abe11a527cea53db/mailboxes/68d5c187abe11a527cea53dc/messages?unseen=false 200 14ms
info Gelf {"short_message":"WILDDUCK [QUOTA] +","_mail_action":"quota","_user":"68d5c187abe11a527cea53db","_inc":264,"_storage_used":23491,"_mailbox":"68d5c187abe11a527cea53dc","facility":"wildduck","host":"Johns-MacBook-Pro-i9.local","timestamp":1758839175.721,"_component":"wildduck"}
info Gelf {"short_message":"WILDDUCK HTTP [POST /users/:user/mailboxes/:mailbox/messages] OK","_remote_ip":"127.0.0.1","_http_route":"/users/:user/mailboxes/:mailbox/messages","_http_method":"POST","_user":"root","_role":"root","_api_response":"success","_size":114,"_req_user":"68d5c187abe11a527cea53db","_req_mailbox":"68d5c187abe11a527cea53dc","_req_unseen":"true","_req_raw":"<Buffer 66 72 6f 6d 3a 20 30 78 62 30 36 63 64 65 66 61 31 61 32 62 33 63 34 64 35 65 36 66 37 38 39 30 31 32 33 34 35 36 37 38 …","facility":"wildduck","host":"Johns-MacBook-Pro-i9.local","timestamp":1758839175.726,"_component":"wildduck"}
http API 127.0.0.1 root [-/-] POST /users/68d5c187abe11a527cea53db/mailboxes/68d5c187abe11a527cea53dc/messages?unseen=true 200 23ms
info Gelf {"short_message":"WILDDUCK [QUOTA] +","_mail_action":"quota","_user":"68d5c187abe11a527cea53db","_inc":178,"_storage_used":23669,"_mailbox":"68d5c187abe11a527cea53dc","facility":"wildduck","host":"Johns-MacBook-Pro-i9.local","timestamp":1758839175.771,"_component":"wildduck"}
info Gelf {"short_message":"WILDDUCK HTTP [POST /users/:user/mailboxes/:mailbox/messages] OK","_remote_ip":"127.0.0.1","_http_route":"/users/:user/mailboxes/:mailbox/messages","_http_method":"POST","_user":"root","_role":"root","_api_response":"success","_size":114,"_req_user":"68d5c187abe11a527cea53db","_req_mailbox":"68d5c187abe11a527cea53dc","_req_unseen":"true","_req_raw":"<Buffer 66 72 6f 6d 3a 20 30 78 62 30 36 63 64 65 66 61 31 61 32 62 33 63 34 64 35 65 36 66 37 38 39 30 31 32 33 34 35 36 37 38 …","facility":"wildduck","host":"Johns-MacBook-Pro-i9.local","timestamp":1758839175.776,"_component":"wildduck"}
http API 127.0.0.1 root [-/-] POST /users/68d5c187abe11a527cea53db/mailboxes/68d5c187abe11a527cea53dc/messages?unseen=true 200 28ms
info Gelf {"short_message":"WILDDUCK [QUOTA] +","_mail_action":"quota","_user":"68d5c187abe11a527cea53db","_inc":178,"_storage_used":23847,"_mailbox":"68d5c187abe11a527cea53dc","facility":"wildduck","host":"Johns-MacBook-Pro-i9.local","timestamp":1758839175.82,"_component":"wildduck"}
info Gelf {"short_message":"WILDDUCK HTTP [POST /users/:user/mailboxes/:mailbox/messages] OK","_remote_ip":"127.0.0.1","_http_route":"/users/:user/mailboxes/:mailbox/messages","_http_method":"POST","_user":"root","_role":"root","_api_response":"success","_size":114,"_req_user":"68d5c187abe11a527cea53db","_req_mailbox":"68d5c187abe11a527cea53dc","_req_unseen":"true","_req_raw":"<Buffer 66 72 6f 6d 3a 20 30 78 62 30 36 63 64 65 66 61 31 61 32 62 33 63 34 64 35 65 36 66 37 38 39 30 31 32 33 34 35 36 37 38 …","facility":"wildduck","host":"Johns-MacBook-Pro-i9.local","timestamp":1758839175.826,"_component":"wildduck"}
http API 127.0.0.1 root [-/-] POST /users/68d5c187abe11a527cea53db/mailboxes/68d5c187abe11a527cea53dc/messages?unseen=true 200 27ms
info IMAP [marjdkva6naffgny] Secure connection from [127.0.0.1] to Johns-MacBook-Pro-i9.local 127.0.0.1:9993
sill IMAP [marjdkva6naffgny] S: * OK WildDuck IMAP Server ready for requests from 127.0.0.1 marjdkva6naffgny
sill IMAP [marjdkva6naffgny] C: T1 LOGIN "(* value hidden *)" "(* value hidden *)"
info Gelf {"short_message":"WILDDUCK [AUTHOK] 0x1a2b3c4d5e6f789012345678901234567890abcd","_mail_action":"auth","_auth_result":"success","_username":"0x1a2b3c4d5e6f789012345678901234567890abcd","_domain":"johns-macbook-pro-i9.local","_user":"68d5c187abe11a527cea53db","_password_type":"master","_scope":"imap","_ip":"127.0.0.1","_sess":"marjdkva6naffgny","facility":"wildduck","host":"Johns-MacBook-Pro-i9.local","timestamp":1758839176.493,"_component":"wildduck"}
info Gelf
{"short_message":"WILDDUCK [CONNSTART] Connection established for 68d5c187abe11a527cea53db","_connection":"establish","_service":"imap","_sess":"marjdkva6naffgny","_user":"68d5c187abe11a527cea53db","_cid":"marjdkva6naffgny","_ip":"127.0.0.1","_limit":15,"facility":"wildduck","host":"Johns-MacBook-Pro-i9.local","timestamp":1758839176.494,"_component":"wildduck"}
info IMAP [marjdkva6naffgny] 0x1a2b3c4d5e6f789012345678901234567890abcd authenticated using LOGIN
sill IMAP [marjdkva6naffgny] New journal listener for 68d5c187abe11a527cea53db (0x1a2b3c4d5e6f789012345678901234567890abcd)
sill IMAP [marjdkva6naffgny] S: * CAPABILITY IMAP4rev1 APPENDLIMIT=26214400 CHILDREN CONDSTORE ENABLE ID IDLE MOVE NAMESPACE QUOTA SPECIAL-USE UIDPLUS UNSELECT UTF8=ACCEPT XLIST
sill IMAP [marjdkva6naffgny] S: T1 OK 0x1a2b3c4d5e6f789012345678901234567890abcd authenticated
sill IMAP [marjdkva6naffgny] C: T2 SELECT INBOX
sill IMAP [marjdkva6naffgny] Opening "INBOX"
sill IMAP [marjdkva6naffgny] S: * FLAGS (\Answered \Flagged \Draft \Deleted \Seen)
sill IMAP [marjdkva6naffgny] S: * OK [PERMANENTFLAGS (\Answered \Flagged \Draft \Deleted \Seen \*)] Flags permitted
sill IMAP [marjdkva6naffgny] S: * OK [UIDVALIDITY 1758839175] UIDs valid
sill IMAP [marjdkva6naffgny] S: * 6 EXISTS
sill IMAP [marjdkva6naffgny] S: * 0 RECENT
sill IMAP [marjdkva6naffgny] S: * OK [HIGHESTMODSEQ 5000] Highest
sill IMAP [marjdkva6naffgny] S: * OK [UIDNEXT 1000] Predicted next UID
sill IMAP [marjdkva6naffgny] S: T2 OK [READ-WRITE] SELECT completed
sill IMAP [marjdkva6naffgny] C: T3 FETCH 1:* ENVELOPE
sill IMAP [marjdkva6naffgny] FETCH: {"metadataOnly":true,"markAsSeen":false,"messages":6,"query":[{"query":"ENVELOPE","item":"envelope","original":{"type":"ATOM","value":"ENVELOPE"}}],"changedSince":0,"isUid":false}
sill IMAP [marjdkva6naffgny] Requested FETCH for "68d5c187abe11a527cea53dc"
sill IMAP [marjdkva6naffgny] S: * 1 FETCH (ENVELOPE (NIL "test" ((NIL NIL "0xb06cdefa1a2b3c4d5e6f789012345678abcdef0123456789abcde" "xexample.com")) ((NIL NIL "0xb06cdefa1a2b3c4d5e6f789012345678abcdef0123456789abcde" "xexample.com")) ((NIL NIL "0xb06cdefa1a2b3c4d5e6f789012345678abcdef0123456789abcde" "xexample.com")) ((NIL NIL "0xf4a0bcde1a2b3c4d5e6f789012345678abcdef0123456789abcdef012" "xexample.com")) ((NIL NIL "0x05b1cdef1a2b3c4d5e6f789012345678abcdef0123456789abcdef0123" "xexample.com")) NIL NIL NIL))
sill
IMAP [marjdkva6naffgny] S: * 2 FETCH (ENVELOPE ("23 Oct 2003 23:28:34 -0700" "Ryan Finnie's MIME Torture Test v1.0" (("Ryan Finnie" NIL "0x16c2defa1a2b3c4d5e6f789012345678abcdef0123456789abcdef01234" "xdomain.dom")) (("Ryan Finnie" NIL "0x16c2defa1a2b3c4d5e6f789012345678abcdef0123456789abcdef01234" "xdomain.dom")) (("Ryan Finnie" NIL "0x16c2defa1a2b3c4d5e6f789012345678abcdef0123456789abcdef01234" "xdomain.dom")) ((NIL NIL "0x27d3efab1a2b3c4d5e6f789012345678abcdef0123456789abcdef012345" "xdomain.dom")) NIL NIL NIL "<1066976914.4721.5.camel@localhost>"))
sill IMAP [marjdkva6naffgny] S: * 3 FETCH (ENVELOPE (NIL "" ((NIL NIL "0x6b17efab1a2b3c4d5e6f789012345678abcdef0123456789" "xkreata.ee")) ((NIL NIL "0x6b17efab1a2b3c4d5e6f789012345678abcdef0123456789" "xkreata.ee")) ((NIL NIL "0x6b17efab1a2b3c4d5e6f789012345678abcdef0123456789" "xkreata.ee")) ((NIL NIL "0x6b17efab1a2b3c4d5e6f789012345678abcdef0123456789" "xtr.ee")) NIL NIL NIL "<testmessage-for-bug>;"))
sill IMAP [marjdkva6naffgny] S: * 4 FETCH (ENVELOPE (NIL "test" ((NIL NIL "0xb06cdefa1a2b3c4d5e6f789012345678abcdef0123456789abcde" "xexample.com")) ((NIL NIL "0xb06cdefa1a2b3c4d5e6f789012345678abcdef0123456789abcde" "xexample.com")) ((NIL NIL "0xb06cdefa1a2b3c4d5e6f789012345678abcdef0123456789abcde" "xexample.com")) ((NIL NIL "0xf4a0bcde1a2b3c4d5e6f789012345678abcdef0123456789abcdef012" "xexample.com")) ((NIL NIL "0x05b1cdef1a2b3c4d5e6f789012345678abcdef0123456789abcdef0123" "xexample.com")) NIL NIL NIL))
sill IMAP [marjdkva6naffgny] S: * 5 FETCH (ENVELOPE (NIL "test5" ((NIL NIL "0xb06cdefa1a2b3c4d5e6f789012345678abcdef0123456789abcde" "xexample.com")) ((NIL NIL "0xb06cdefa1a2b3c4d5e6f789012345678abcdef0123456789abcde" "xexample.com")) ((NIL NIL "0xb06cdefa1a2b3c4d5e6f789012345678abcdef0123456789abcde" "xexample.com")) ((NIL NIL "0xc17defab1a2b3c4d5e6f789012345678abcdef0123456789abcdef" "xexample.com")) NIL NIL NIL NIL))
sill IMAP [marjdkva6naffgny] S: * 6 FETCH (ENVELOPE (NIL "test6" ((NIL NIL "0xb06cdefa1a2b3c4d5e6f789012345678abcdef0123456789abcde" "xexample.com")) ((NIL NIL "0xb06cdefa1a2b3c4d5e6f789012345678abcdef0123456789abcde" "xexample.com")) ((NIL NIL "0xb06cdefa1a2b3c4d5e6f789012345678abcdef0123456789abcde" "xexample.com")) ((NIL NIL "0xc17defab1a2b3c4d5e6f789012345678abcdef0123456789abcdef" "xexample.com")) NIL NIL NIL NIL))
sill IMAP
[marjdkva6naffgny] FETCHOK rows=6 user=68d5c187abe11a527cea53db mailbox=68d5c187abe11a527cea53dc time=0.023
info Gelf
{"short_message":"WILDDUCK [FETCH]","_mail_action":"fetch","_user":"68d5c187abe11a527cea53db","_mailbox":"68d5c187abe11a527cea53dc","_sess":"marjdkva6naffgny","_mark_seen":"no","_is_uid":"no","_message_count":6,"_query":"T3 FETCH 1:* ENVELOPE","_query_time":23,"_row_count":6,"_total_bytes":2645,"_response":true,"facility":"wildduck","host":"Johns-MacBook-Pro-i9.local","timestamp":1758839176.724,"_component":"wildduck"}
sill IMAP [marjdkva6naffgny] S: T3 OK FETCH completed
sill IMAP [marjdkva6naffgny] C: T4 LOGOUT
sill
IMAP [marjdkva6naffgny] Removed journal listener from 68d5c187abe11a527cea53db (0x1a2b3c4d5e6f789012345678901234567890abcd)
sill IMAP [marjdkva6naffgny] S: * BYE Logout requested
sill IMAP [marjdkva6naffgny] S: T4 OK All dreams are but another reality. Never forget...
        ✔ should list envelope object (579ms)
info Gelf {"short_message":"WILDDUCK [CONNRELEASE] Connection released for 68d5c187abe11a527cea53db","_connection":"release","_service":"imap","_sess":"marjdkva6naffgny","_user":"68d5c187abe11a527cea53db","_cid":"marjdkva6naffgny","_ip":"127.0.0.1","facility":"wildduck","host":"Johns-MacBook-Pro-i9.local","timestamp":1758839176.826,"_component":"wildduck"}
info IMAP [marjdkva6naffgny] Connection closed to [127.0.0.1]
      BODY
info Gelf {"short_message":"WILDDUCK HTTP [GET /users] OK","_remote_ip":"127.0.0.1","_http_route":"/users","_http_method":"GET","_user":"root","_role":"root","_api_response":"success","_size":723,"facility":"wildduck","host":"Johns-MacBook-Pro-i9.local","timestamp":1758839177.52,"_component":"wildduck"}
http API 127.0.0.1 root [-/-] GET /users 200 4ms
info Gelf {"short_message":"WILDDUCK HTTP [GET /users] OK","_remote_ip":"127.0.0.1","_http_route":"/users","_http_method":"GET","_user":"root","_role":"root","_api_response":"success","_size":780,"_req_query":"0x1a2b3c4d5e6f789012345678901234567890abcd","facility":"wildduck","host":"Johns-MacBook-Pro-i9.local","timestamp":1758839177.547,"_component":"wildduck"}
http API 127.0.0.1 root [-/-] GET /users?query=0x1a2b3c4d5e6f789012345678901234567890abcd 200 4ms
verb Tasks Created task id=68d5c189abe11a527cea53f7
info Gelf {"short_message":"WILDDUCK HTTP [DELETE /users/:user] OK","_remote_ip":"127.0.0.1","_http_route":"/users/:user","_http_method":"DELETE","_user":"root","_role":"root","_api_response":"success","_code":"TaskScheduled","_size":209,"_req_user":"68d5c187abe11a527cea53db","facility":"wildduck","host":"Johns-MacBook-Pro-i9.local","timestamp":1758839177.588,"_component":"wildduck"}
http API 127.0.0.1 root [-/-] DELETE /users/68d5c187abe11a527cea53db 200 8ms
verb Tasks Found task for processing id=68d5c189abe11a527cea53f7
verb Tasks type=user-delete id=68d5c189abe11a527cea53f7 data={"user":"68d5c187abe11a527cea53db"}
verb Tasks task=user-delete id=68d5c189abe11a527cea53f7 user=68d5c187abe11a527cea53db message=Deleted 3 addresses from registry
verb Tasks task=user-delete id=68d5c189abe11a527cea53f7 user=68d5c187abe11a527cea53db message=Marked 6 messages for deletion
verb Tasks task=user-delete id=68d5c189abe11a527cea53f7 user=68d5c187abe11a527cea53db message=Marked total of 6 messages for deletion
verb Tasks task=user-delete id=68d5c189abe11a527cea53f7 user=68d5c187abe11a527cea53db message=Cleared user specific data
info Tasks Released task id=68d5c189abe11a527cea53f7 lock=ccbe72598611a5b674ef549b
info Gelf {"short_message":"WILDDUCK HTTP [POST /authenticate] OK","_remote_ip":"127.0.0.1","_http_route":"/authenticate","_http_method":"POST","_user":"root","_role":"root","_api_response":"success","_size":334,"_req_username":"0x1a2b3c4d5e6f789012345678901234567890abcd","_req_password":"***","_req_token":"true","_res_id":"68d5c18cabe11a527cea53fa","facility":"wildduck","host":"Johns-MacBook-Pro-i9.local","timestamp":1758839180.226,"_component":"wildduck"}
http API 127.0.0.1 root [-/-] POST /authenticate 200 150ms
info Gelf {"short_message":"WILDDUCK HTTP [GET /users] OK","_remote_ip":"127.0.0.1","_http_route":"/users","_http_method":"GET","_user":"root","_role":"root","_api_response":"success","_size":776,"_req_query":"0x1a2b3c4d5e6f789012345678901234567890abcd","facility":"wildduck","host":"Johns-MacBook-Pro-i9.local","timestamp":1758839180.272,"_component":"wildduck"}
http API 127.0.0.1 root [-/-] GET /users?query=0x1a2b3c4d5e6f789012345678901234567890abcd 200 11ms
info Gelf {"short_message":"WILDDUCK HTTP [GET /users/:user/mailboxes] OK","_remote_ip":"127.0.0.1","_http_route":"/users/:user/mailboxes","_http_method":"GET","_user":"root","_role":"root","_api_response":"success","_size":1275,"_req_user":"68d5c18cabe11a527cea53fa","facility":"wildduck","host":"Johns-MacBook-Pro-i9.local","timestamp":1758839180.32,"_component":"wildduck"}
http API 127.0.0.1 root [-/-] GET /users/68d5c18cabe11a527cea53fa/mailboxes 200 7ms
info Gelf {"short_message":"WILDDUCK HTTP [PUT /users/:user/mailboxes/:mailbox] OK","_remote_ip":"127.0.0.1","_http_route":"/users/:user/mailboxes/:mailbox","_http_method":"PUT","_user":"root","_role":"root","_api_response":"success","_size":22,"_req_user":"68d5c18cabe11a527cea53fa","_req_mailbox":"68d5c18cabe11a527cea53fc","_req_path":"[Gmail]/Sent Mail","facility":"wildduck","host":"Johns-MacBook-Pro-i9.local","timestamp":1758839180.392,"_component":"wildduck"}
http API 127.0.0.1 root [-/-] PUT /users/68d5c18cabe11a527cea53fa/mailboxes/68d5c18cabe11a527cea53fc 200 5ms
info Gelf {"short_message":"WILDDUCK HTTP [GET /users/:user/mailboxes] OK","_remote_ip":"127.0.0.1","_http_route":"/users/:user/mailboxes","_http_method":"GET","_user":"root","_role":"root","_api_response":"success","_size":1283,"_req_user":"68d5c18cabe11a527cea53fa","facility":"wildduck","host":"Johns-MacBook-Pro-i9.local","timestamp":1758839180.419,"_component":"wildduck"}
http API 127.0.0.1 root [-/-] GET /users/68d5c18cabe11a527cea53fa/mailboxes 200 2ms
info Gelf {"short_message":"WILDDUCK [QUOTA] +","_mail_action":"quota","_user":"68d5c18cabe11a527cea53fa","_inc":256,"_storage_used":256,"_mailbox":"68d5c18cabe11a527cea53fb","facility":"wildduck","host":"Johns-MacBook-Pro-i9.local","timestamp":1758839180.623,"_component":"wildduck"}
info Gelf {"short_message":"WILDDUCK HTTP [POST /users/:user/mailboxes/:mailbox/messages] OK","_remote_ip":"127.0.0.1","_http_route":"/users/:user/mailboxes/:mailbox/messages","_http_method":"POST","_user":"root","_role":"root","_api_response":"success","_size":114,"_req_user":"68d5c18cabe11a527cea53fa","_req_mailbox":"68d5c18cabe11a527cea53fb","_req_date":"14-Sep-2013 21:22:28 -0300","_req_unseen":"true","_req_raw":"<Buffer 66 72 6f 6d 3a 20 30 78 62 30 36 63 64 65 66 61 31 61 32 62 33 63 34 64 35 65 36 66 37 38 39 30 31 32 33 34 35 36 37 38 …","facility":"wildduck","host":"Johns-MacBook-Pro-i9.local","timestamp":1758839180.629,"_component":"wildduck"}
http API 127.0.0.1 root [-/-] POST /users/68d5c18cabe11a527cea53fa/mailboxes/68d5c18cabe11a527cea53fb/messages?date=14-Sep-2013%2021%3A22%3A28%20-0300&unseen=true 200 27ms
info Gelf {"short_message":"WILDDUCK [QUOTA] +","_mail_action":"quota","_user":"68d5c18cabe11a527cea53fa","_inc":21927,"_storage_used":22183,"_mailbox":"68d5c18cabe11a527cea53fb","facility":"wildduck","host":"Johns-MacBook-Pro-i9.local","timestamp":1758839180.698,"_component":"wildduck"}
info Gelf {"short_message":"WILDDUCK HTTP [POST /users/:user/mailboxes/:mailbox/messages] OK","_remote_ip":"127.0.0.1","_http_route":"/users/:user/mailboxes/:mailbox/messages","_http_method":"POST","_user":"root","_role":"root","_api_response":"success","_size":116,"_req_user":"68d5c18cabe11a527cea53fa","_req_mailbox":"68d5c18cabe11a527cea53fb","_req_unseen":"false","_req_raw":"<Buffer 53 75 62 6a 65 63 74 3a 20 52 79 61 6e 20 46 69 6e 6e 69 65 27 73 20 4d 49 4d 45 20 54 6f 72 74 75 72 65 20 54 65 73 74 …","facility":"wildduck","host":"Johns-MacBook-Pro-i9.local","timestamp":1758839180.722,"_component":"wildduck"}
http API 127.0.0.1 root [-/-] POST /users/68d5c18cabe11a527cea53fa/mailboxes/68d5c18cabe11a527cea53fb/messages?unseen=false 200 66ms
info Gelf {"short_message":"WILDDUCK [QUOTA] +","_mail_action":"quota","_user":"68d5c18cabe11a527cea53fa","_inc":1044,"_storage_used":23227,"_mailbox":"68d5c18cabe11a527cea53fb","facility":"wildduck","host":"Johns-MacBook-Pro-i9.local","timestamp":1758839180.774,"_component":"wildduck"}
info Gelf {"short_message":"WILDDUCK HTTP [POST /users/:user/mailboxes/:mailbox/messages] OK","_remote_ip":"127.0.0.1","_http_route":"/users/:user/mailboxes/:mailbox/messages","_http_method":"POST","_user":"root","_role":"root","_api_response":"success","_size":115,"_req_user":"68d5c18cabe11a527cea53fa","_req_mailbox":"68d5c18cabe11a527cea53fb","_req_unseen":"false","_req_raw":"<Buffer 4d 49 4d 45 2d 56 65 72 73 69 6f 6e 3a 20 31 2e 30 0d 0a 46 72 6f 6d 3a 20 30 78 36 62 31 37 65 66 61 62 31 61 32 62 33 …","facility":"wildduck","host":"Johns-MacBook-Pro-i9.local","timestamp":1758839180.78,"_component":"wildduck"}
http API 127.0.0.1 root [-/-] POST /users/68d5c18cabe11a527cea53fa/mailboxes/68d5c18cabe11a527cea53fb/messages?unseen=false 200 30ms
info Gelf {"short_message":"WILDDUCK [QUOTA] +","_mail_action":"quota","_user":"68d5c18cabe11a527cea53fa","_inc":264,"_storage_used":23491,"_mailbox":"68d5c18cabe11a527cea53fb","facility":"wildduck","host":"Johns-MacBook-Pro-i9.local","timestamp":1758839180.822,"_component":"wildduck"}
info Gelf {"short_message":"WILDDUCK HTTP [POST /users/:user/mailboxes/:mailbox/messages] OK","_remote_ip":"127.0.0.1","_http_route":"/users/:user/mailboxes/:mailbox/messages","_http_method":"POST","_user":"root","_role":"root","_api_response":"success","_size":114,"_req_user":"68d5c18cabe11a527cea53fa","_req_mailbox":"68d5c18cabe11a527cea53fb","_req_unseen":"true","_req_raw":"<Buffer 66 72 6f 6d 3a 20 30 78 62 30 36 63 64 65 66 61 31 61 32 62 33 63 34 64 35 65 36 66 37 38 39 30 31 32 33 34 35 36 37 38 …","facility":"wildduck","host":"Johns-MacBook-Pro-i9.local","timestamp":1758839180.828,"_component":"wildduck"}
http API 127.0.0.1 root [-/-] POST /users/68d5c18cabe11a527cea53fa/mailboxes/68d5c18cabe11a527cea53fb/messages?unseen=true 200 22ms
info Gelf {"short_message":"WILDDUCK [QUOTA] +","_mail_action":"quota","_user":"68d5c18cabe11a527cea53fa","_inc":178,"_storage_used":23669,"_mailbox":"68d5c18cabe11a527cea53fb","facility":"wildduck","host":"Johns-MacBook-Pro-i9.local","timestamp":1758839180.872,"_component":"wildduck"}
info Gelf {"short_message":"WILDDUCK HTTP [POST /users/:user/mailboxes/:mailbox/messages] OK","_remote_ip":"127.0.0.1","_http_route":"/users/:user/mailboxes/:mailbox/messages","_http_method":"POST","_user":"root","_role":"root","_api_response":"success","_size":114,"_req_user":"68d5c18cabe11a527cea53fa","_req_mailbox":"68d5c18cabe11a527cea53fb","_req_unseen":"true","_req_raw":"<Buffer 66 72 6f 6d 3a 20 30 78 62 30 36 63 64 65 66 61 31 61 32 62 33 63 34 64 35 65 36 66 37 38 39 30 31 32 33 34 35 36 37 38 …","facility":"wildduck","host":"Johns-MacBook-Pro-i9.local","timestamp":1758839180.878,"_component":"wildduck"}
http API 127.0.0.1 root [-/-] POST /users/68d5c18cabe11a527cea53fa/mailboxes/68d5c18cabe11a527cea53fb/messages?unseen=true 200 25ms
info Gelf {"short_message":"WILDDUCK [QUOTA] +","_mail_action":"quota","_user":"68d5c18cabe11a527cea53fa","_inc":178,"_storage_used":23847,"_mailbox":"68d5c18cabe11a527cea53fb","facility":"wildduck","host":"Johns-MacBook-Pro-i9.local","timestamp":1758839180.921,"_component":"wildduck"}
info Gelf {"short_message":"WILDDUCK HTTP [POST /users/:user/mailboxes/:mailbox/messages] OK","_remote_ip":"127.0.0.1","_http_route":"/users/:user/mailboxes/:mailbox/messages","_http_method":"POST","_user":"root","_role":"root","_api_response":"success","_size":114,"_req_user":"68d5c18cabe11a527cea53fa","_req_mailbox":"68d5c18cabe11a527cea53fb","_req_unseen":"true","_req_raw":"<Buffer 66 72 6f 6d 3a 20 30 78 62 30 36 63 64 65 66 61 31 61 32 62 33 63 34 64 35 65 36 66 37 38 39 30 31 32 33 34 35 36 37 38 …","facility":"wildduck","host":"Johns-MacBook-Pro-i9.local","timestamp":1758839180.926,"_component":"wildduck"}
http API 127.0.0.1 root [-/-] POST /users/68d5c18cabe11a527cea53fa/mailboxes/68d5c18cabe11a527cea53fb/messages?unseen=true 200 23ms
info IMAP [yj75sfa2zpsp55ed] Secure connection from [127.0.0.1] to Johns-MacBook-Pro-i9.local 127.0.0.1:9993
sill IMAP [yj75sfa2zpsp55ed] S: * OK WildDuck IMAP Server ready for requests from 127.0.0.1 yj75sfa2zpsp55ed
sill IMAP [yj75sfa2zpsp55ed] C: T1 LOGIN "(* value hidden *)" "(* value hidden *)"
info Gelf {"short_message":"WILDDUCK [AUTHOK] 0x1a2b3c4d5e6f789012345678901234567890abcd","_mail_action":"auth","_auth_result":"success","_username":"0x1a2b3c4d5e6f789012345678901234567890abcd","_domain":"johns-macbook-pro-i9.local","_user":"68d5c18cabe11a527cea53fa","_password_type":"master","_scope":"imap","_ip":"127.0.0.1","_sess":"yj75sfa2zpsp55ed","facility":"wildduck","host":"Johns-MacBook-Pro-i9.local","timestamp":1758839181.596,"_component":"wildduck"}
info Gelf {"short_message":"WILDDUCK [CONNSTART] Connection established for 68d5c18cabe11a527cea53fa","_connection":"establish","_service":"imap","_sess":"yj75sfa2zpsp55ed","_user":"68d5c18cabe11a527cea53fa","_cid":"yj75sfa2zpsp55ed","_ip":"127.0.0.1","_limit":15,"facility":"wildduck","host":"Johns-MacBook-Pro-i9.local","timestamp":1758839181.597,"_component":"wildduck"}
info IMAP [yj75sfa2zpsp55ed] 0x1a2b3c4d5e6f789012345678901234567890abcd authenticated using LOGIN
sill IMAP [yj75sfa2zpsp55ed] New journal listener for 68d5c18cabe11a527cea53fa (0x1a2b3c4d5e6f789012345678901234567890abcd)
sill IMAP [yj75sfa2zpsp55ed] S: * CAPABILITY IMAP4rev1 APPENDLIMIT=26214400 CHILDREN CONDSTORE ENABLE ID IDLE MOVE NAMESPACE QUOTA SPECIAL-USE UIDPLUS UNSELECT UTF8=ACCEPT XLIST
sill IMAP [yj75sfa2zpsp55ed] S: T1 OK 0x1a2b3c4d5e6f789012345678901234567890abcd authenticated
sill IMAP [yj75sfa2zpsp55ed] C: T2 SELECT INBOX
sill IMAP [yj75sfa2zpsp55ed] Opening "INBOX"
sill IMAP [yj75sfa2zpsp55ed] S: * FLAGS (\Answered \Flagged \Draft \Deleted \Seen)
sill IMAP [yj75sfa2zpsp55ed] S: * OK [PERMANENTFLAGS (\Answered \Flagged \Draft \Deleted \Seen \*)] Flags permitted
sill IMAP [yj75sfa2zpsp55ed] S: * OK [UIDVALIDITY 1758839180] UIDs valid
sill IMAP [yj75sfa2zpsp55ed] S: * 6 EXISTS
sill IMAP [yj75sfa2zpsp55ed] S: * 0 RECENT
sill IMAP [yj75sfa2zpsp55ed] S: * OK [HIGHESTMODSEQ 5000] Highest
sill IMAP [yj75sfa2zpsp55ed] S: * OK [UIDNEXT 1000] Predicted next UID
sill IMAP [yj75sfa2zpsp55ed] S: T2 OK [READ-WRITE] SELECT completed
sill IMAP [yj75sfa2zpsp55ed] C: T3 FETCH 1 BODY
sill IMAP [yj75sfa2zpsp55ed] FETCH: {"metadataOnly":false,"markAsSeen":false,"messages":1,"query":[{"query":"BODY","item":"body","original":{"type":"ATOM","value":"BODY"}}],"changedSince":0,"isUid":false}
sill IMAP [yj75sfa2zpsp55ed] Requested FETCH for "68d5c18cabe11a527cea53fb"
sill IMAP [yj75sfa2zpsp55ed] S: <fetch response 68d5c18cabe11a527cea53fb/68d5c18cabe11a527cea5404/101>
sill IMAP [yj75sfa2zpsp55ed] FETCHOK rows=1 user=68d5c18cabe11a527cea53fa mailbox=68d5c18cabe11a527cea53fb time=0.021
info Gelf {"short_message":"WILDDUCK [FETCH]","_mail_action":"fetch","_user":"68d5c18cabe11a527cea53fa","_mailbox":"68d5c18cabe11a527cea53fb","_sess":"yj75sfa2zpsp55ed","_mark_seen":"no","_is_uid":"no","_message_count":1,"_query":"T3 FETCH 1 BODY","_query_time":21,"_row_count":1,"_total_bytes":56,"_response":true,"facility":"wildduck","host":"Johns-MacBook-Pro-i9.local","timestamp":1758839181.823,"_component":"wildduck"}
sill IMAP [yj75sfa2zpsp55ed] S: T3 OK FETCH completed
sill IMAP [yj75sfa2zpsp55ed] C: T4 LOGOUT
sill
IMAP [yj75sfa2zpsp55ed] Removed journal listener from 68d5c18cabe11a527cea53fa (0x1a2b3c4d5e6f789012345678901234567890abcd)
sill IMAP
[yj75sfa2zpsp55ed] S: * BYE Logout requested
sill IMAP [yj75sfa2zpsp55ed] S: T4 OK All dreams are but another reality. Never forget...
        ✔ should return BODY (578ms)
info Gelf {"short_message":"WILDDUCK [CONNRELEASE] Connection released for 68d5c18cabe11a527cea53fa","_connection":"release","_service":"imap","_sess":"yj75sfa2zpsp55ed","_user":"68d5c18cabe11a527cea53fa","_cid":"yj75sfa2zpsp55ed","_ip":"127.0.0.1","facility":"wildduck","host":"Johns-MacBook-Pro-i9.local","timestamp":1758839181.925,"_component":"wildduck"}
info IMAP [yj75sfa2zpsp55ed] Connection closed to [127.0.0.1]
info Gelf {"short_message":"WILDDUCK HTTP [GET /users] OK","_remote_ip":"127.0.0.1","_http_route":"/users","_http_method":"GET","_user":"root","_role":"root","_api_response":"success","_size":723,"facility":"wildduck","host":"Johns-MacBook-Pro-i9.local","timestamp":1758839182.621,"_component":"wildduck"}
http API
127.0.0.1 root [-/-] GET /users 200 15ms
info Gelf {"short_message":"WILDDUCK HTTP [GET /users] OK","_remote_ip":"127.0.0.1","_http_route":"/users","_http_method":"GET","_user":"root","_role":"root","_api_response":"success","_size":780,"_req_query":"0x1a2b3c4d5e6f789012345678901234567890abcd","facility":"wildduck","host":"Johns-MacBook-Pro-i9.local","timestamp":1758839182.649,"_component":"wildduck"}
http API 127.0.0.1 root [-/-] GET /users?query=0x1a2b3c4d5e6f789012345678901234567890abcd 200 4ms
verb Tasks Created task id=68d5c18eabe11a527cea5416
info Gelf {"short_message":"WILDDUCK HTTP [DELETE /users/:user] OK","_remote_ip":"127.0.0.1","_http_route":"/users/:user","_http_method":"DELETE","_user":"root","_role":"root","_api_response":"success","_code":"TaskScheduled","_size":209,"_req_user":"68d5c18cabe11a527cea53fa","facility":"wildduck","host":"Johns-MacBook-Pro-i9.local","timestamp":1758839182.691,"_component":"wildduck"}
http API 127.0.0.1 root [-/-] DELETE /users/68d5c18cabe11a527cea53fa 200 9ms
info Gelf {"short_message":"WILDDUCK HTTP [POST /authenticate] OK","_remote_ip":"127.0.0.1","_http_route":"/authenticate","_http_method":"POST","_user":"root","_role":"root","_api_response":"success","_size":334,"_req_username":"0x1a2b3c4d5e6f789012345678901234567890abcd","_req_password":"***","_req_token":"true","_res_id":"68d5c191abe11a527cea5418","facility":"wildduck","host":"Johns-MacBook-Pro-i9.local","timestamp":1758839185.319,"_component":"wildduck"}
http API
127.0.0.1 root [-/-] POST /authenticate 200 151ms
info Gelf {"short_message":"WILDDUCK HTTP [GET /users] OK","_remote_ip":"127.0.0.1","_http_route":"/users","_http_method":"GET","_user":"root","_role":"root","_api_response":"success","_size":776,"_req_query":"0x1a2b3c4d5e6f789012345678901234567890abcd","facility":"wildduck","host":"Johns-MacBook-Pro-i9.local","timestamp":1758839185.371,"_component":"wildduck"}
http API 127.0.0.1 root [-/-] GET /users?query=0x1a2b3c4d5e6f789012345678901234567890abcd 200 19ms
info Gelf {"short_message":"WILDDUCK HTTP [GET /users/:user/mailboxes] OK","_remote_ip":"127.0.0.1","_http_route":"/users/:user/mailboxes","_http_method":"GET","_user":"root","_role":"root","_api_response":"success","_size":1275,"_req_user":"68d5c191abe11a527cea5418","facility":"wildduck","host":"Johns-MacBook-Pro-i9.local","timestamp":1758839185.419,"_component":"wildduck"}
http API 127.0.0.1 root [-/-] GET /users/68d5c191abe11a527cea5418/mailboxes 200 14ms
info Gelf {"short_message":"WILDDUCK HTTP [PUT /users/:user/mailboxes/:mailbox] OK","_remote_ip":"127.0.0.1","_http_route":"/users/:user/mailboxes/:mailbox","_http_method":"PUT","_user":"root","_role":"root","_api_response":"success","_size":22,"_req_user":"68d5c191abe11a527cea5418","_req_mailbox":"68d5c191abe11a527cea541a","_req_path":"[Gmail]/Sent Mail","facility":"wildduck","host":"Johns-MacBook-Pro-i9.local","timestamp":1758839185.481,"_component":"wildduck"}
http API
127.0.0.1 root [-/-] PUT /users/68d5c191abe11a527cea5418/mailboxes/68d5c191abe11a527cea541a 200 6ms
info Gelf {"short_message":"WILDDUCK HTTP [GET /users/:user/mailboxes] OK","_remote_ip":"127.0.0.1","_http_route":"/users/:user/mailboxes","_http_method":"GET","_user":"root","_role":"root","_api_response":"success","_size":1283,"_req_user":"68d5c191abe11a527cea5418","facility":"wildduck","host":"Johns-MacBook-Pro-i9.local","timestamp":1758839185.519,"_component":"wildduck"}
http API 127.0.0.1 root [-/-] GET /users/68d5c191abe11a527cea5418/mailboxes 200 10ms
info Gelf {"short_message":"WILDDUCK [QUOTA] +","_mail_action":"quota","_user":"68d5c191abe11a527cea5418","_inc":256,"_storage_used":256,"_mailbox":"68d5c191abe11a527cea5419","facility":"wildduck","host":"Johns-MacBook-Pro-i9.local","timestamp":1758839185.728,"_component":"wildduck"}
info Gelf {"short_message":"WILDDUCK HTTP [POST /users/:user/mailboxes/:mailbox/messages] OK","_remote_ip":"127.0.0.1","_http_route":"/users/:user/mailboxes/:mailbox/messages","_http_method":"POST","_user":"root","_role":"root","_api_response":"success","_size":114,"_req_user":"68d5c191abe11a527cea5418","_req_mailbox":"68d5c191abe11a527cea5419","_req_date":"14-Sep-2013 21:22:28 -0300","_req_unseen":"true","_req_raw":"<Buffer 66 72 6f 6d 3a 20 30 78 62 30 36 63 64 65 66 61 31 61 32 62 33 63 34 64 35 65 36 66 37 38 39 30 31 32 33 34 35 36 37 38 …","facility":"wildduck","host":"Johns-MacBook-Pro-i9.local","timestamp":1758839185.734,"_component":"wildduck"}
http API 127.0.0.1 root [-/-] POST /users/68d5c191abe11a527cea5418/mailboxes/68d5c191abe11a527cea5419/messages?date=14-Sep-2013%2021%3A22%3A28%20-0300&unseen=true 200 11ms
info Gelf {"short_message":"WILDDUCK [QUOTA] +","_mail_action":"quota","_user":"68d5c191abe11a527cea5418","_inc":21927,"_storage_used":22183,"_mailbox":"68d5c191abe11a527cea5419","facility":"wildduck","host":"Johns-MacBook-Pro-i9.local","timestamp":1758839185.795,"_component":"wildduck"}
info Gelf {"short_message":"WILDDUCK HTTP [POST /users/:user/mailboxes/:mailbox/messages] OK","_remote_ip":"127.0.0.1","_http_route":"/users/:user/mailboxes/:mailbox/messages","_http_method":"POST","_user":"root","_role":"root","_api_response":"success","_size":116,"_req_user":"68d5c191abe11a527cea5418","_req_mailbox":"68d5c191abe11a527cea5419","_req_unseen":"false","_req_raw":"<Buffer 53 75 62 6a 65 63 74 3a 20 52 79 61 6e 20 46 69 6e 6e 69 65 27 73 20 4d 49 4d 45 20 54 6f 72 74 75 72 65 20 54 65 73 74 …","facility":"wildduck","host":"Johns-MacBook-Pro-i9.local","timestamp":1758839185.819,"_component":"wildduck"}
http API
127.0.0.1 root [-/-] POST /users/68d5c191abe11a527cea5418/mailboxes/68d5c191abe11a527cea5419/messages?unseen=false 200 61ms
verb Tasks Found task for processing id=68d5c18eabe11a527cea5416
verb Tasks type=user-delete id=68d5c18eabe11a527cea5416 data={"user":"68d5c18cabe11a527cea53fa"}
verb Tasks task=user-delete id=68d5c18eabe11a527cea5416 user=68d5c18cabe11a527cea53fa message=Deleted 3 addresses from registry
info Gelf {"short_message":"WILDDUCK [QUOTA] +","_mail_action":"quota","_user":"68d5c191abe11a527cea5418","_inc":1044,"_storage_used":23227,"_mailbox":"68d5c191abe11a527cea5419","facility":"wildduck","host":"Johns-MacBook-Pro-i9.local","timestamp":1758839185.871,"_component":"wildduck"}
verb Tasks task=user-delete id=68d5c18eabe11a527cea5416 user=68d5c18cabe11a527cea53fa message=Marked 6 messages for deletion
verb Tasks
task=user-delete id=68d5c18eabe11a527cea5416 user=68d5c18cabe11a527cea53fa message=Marked total of 6 messages for deletion
verb Tasks task=user-delete id=68d5c18eabe11a527cea5416 user=68d5c18cabe11a527cea53fa message=Cleared user specific data
info Tasks Released task id=68d5c18eabe11a527cea5416 lock=a780c91e965497306a96c71e
info Gelf {"short_message":"WILDDUCK HTTP [POST /users/:user/mailboxes/:mailbox/messages] OK","_remote_ip":"127.0.0.1","_http_route":"/users/:user/mailboxes/:mailbox/messages","_http_method":"POST","_user":"root","_role":"root","_api_response":"success","_size":115,"_req_user":"68d5c191abe11a527cea5418","_req_mailbox":"68d5c191abe11a527cea5419","_req_unseen":"false","_req_raw":"<Buffer 4d 49 4d 45 2d 56 65 72 73 69 6f 6e 3a 20 31 2e 30 0d 0a 46 72 6f 6d 3a 20 30 78 36 62 31 37 65 66 61 62 31 61 32 62 33 …","facility":"wildduck","host":"Johns-MacBook-Pro-i9.local","timestamp":1758839185.877,"_component":"wildduck"}
http API
127.0.0.1 root [-/-] POST /users/68d5c191abe11a527cea5418/mailboxes/68d5c191abe11a527cea5419/messages?unseen=false 200 32ms
info Gelf {"short_message":"WILDDUCK [QUOTA] +","_mail_action":"quota","_user":"68d5c191abe11a527cea5418","_inc":264,"_storage_used":23491,"_mailbox":"68d5c191abe11a527cea5419","facility":"wildduck","host":"Johns-MacBook-Pro-i9.local","timestamp":1758839185.923,"_component":"wildduck"}
info Gelf {"short_message":"WILDDUCK HTTP [POST /users/:user/mailboxes/:mailbox/messages] OK","_remote_ip":"127.0.0.1","_http_route":"/users/:user/mailboxes/:mailbox/messages","_http_method":"POST","_user":"root","_role":"root","_api_response":"success","_size":114,"_req_user":"68d5c191abe11a527cea5418","_req_mailbox":"68d5c191abe11a527cea5419","_req_unseen":"true","_req_raw":"<Buffer 66 72 6f 6d 3a 20 30 78 62 30 36 63 64 65 66 61 31 61 32 62 33 63 34 64 35 65 36 66 37 38 39 30 31 32 33 34 35 36 37 38 …","facility":"wildduck","host":"Johns-MacBook-Pro-i9.local","timestamp":1758839185.928,"_component":"wildduck"}
http API
127.0.0.1 root [-/-] POST /users/68d5c191abe11a527cea5418/mailboxes/68d5c191abe11a527cea5419/messages?unseen=true 200 26ms
info Gelf {"short_message":"WILDDUCK [QUOTA] +","_mail_action":"quota","_user":"68d5c191abe11a527cea5418","_inc":178,"_storage_used":23669,"_mailbox":"68d5c191abe11a527cea5419","facility":"wildduck","host":"Johns-MacBook-Pro-i9.local","timestamp":1758839185.971,"_component":"wildduck"}
info Gelf {"short_message":"WILDDUCK HTTP [POST /users/:user/mailboxes/:mailbox/messages] OK","_remote_ip":"127.0.0.1","_http_route":"/users/:user/mailboxes/:mailbox/messages","_http_method":"POST","_user":"root","_role":"root","_api_response":"success","_size":114,"_req_user":"68d5c191abe11a527cea5418","_req_mailbox":"68d5c191abe11a527cea5419","_req_unseen":"true","_req_raw":"<Buffer 66 72 6f 6d 3a 20 30 78 62 30 36 63 64 65 66 61 31 61 32 62 33 63 34 64 35 65 36 66 37 38 39 30 31 32 33 34 35 36 37 38 …","facility":"wildduck","host":"Johns-MacBook-Pro-i9.local","timestamp":1758839185.976,"_component":"wildduck"}
http API 127.0.0.1 root [-/-] POST /users/68d5c191abe11a527cea5418/mailboxes/68d5c191abe11a527cea5419/messages?unseen=true 200 26ms
info Gelf {"short_message":"WILDDUCK [QUOTA] +","_mail_action":"quota","_user":"68d5c191abe11a527cea5418","_inc":178,"_storage_used":23847,"_mailbox":"68d5c191abe11a527cea5419","facility":"wildduck","host":"Johns-MacBook-Pro-i9.local","timestamp":1758839186.023,"_component":"wildduck"}
info Gelf {"short_message":"WILDDUCK HTTP [POST /users/:user/mailboxes/:mailbox/messages] OK","_remote_ip":"127.0.0.1","_http_route":"/users/:user/mailboxes/:mailbox/messages","_http_method":"POST","_user":"root","_role":"root","_api_response":"success","_size":114,"_req_user":"68d5c191abe11a527cea5418","_req_mailbox":"68d5c191abe11a527cea5419","_req_unseen":"true","_req_raw":"<Buffer 66 72 6f 6d 3a 20 30 78 62 30 36 63 64 65 66 61 31 61 32 62 33 63 34 64 35 65 36 66 37 38 39 30 31 32 33 34 35 36 37 38 …","facility":"wildduck","host":"Johns-MacBook-Pro-i9.local","timestamp":1758839186.029,"_component":"wildduck"}
http API 127.0.0.1 root [-/-] POST /users/68d5c191abe11a527cea5418/mailboxes/68d5c191abe11a527cea5419/messages?unseen=true 200 29ms
info IMAP [6pmwnuo3jn5afhl7] Secure connection from [127.0.0.1] to Johns-MacBook-Pro-i9.local 127.0.0.1:9993
sill IMAP [6pmwnuo3jn5afhl7] S: * OK WildDuck IMAP Server ready for requests from 127.0.0.1 6pmwnuo3jn5afhl7
sill IMAP [6pmwnuo3jn5afhl7] C: T1 LOGIN "(* value hidden *)" "(* value hidden *)"
info Gelf {"short_message":"WILDDUCK [AUTHOK] 0x1a2b3c4d5e6f789012345678901234567890abcd","_mail_action":"auth","_auth_result":"success","_username":"0x1a2b3c4d5e6f789012345678901234567890abcd","_domain":"johns-macbook-pro-i9.local","_user":"68d5c191abe11a527cea5418","_password_type":"master","_scope":"imap","_ip":"127.0.0.1","_sess":"6pmwnuo3jn5afhl7","facility":"wildduck","host":"Johns-MacBook-Pro-i9.local","timestamp":1758839186.694,"_component":"wildduck"}
info Gelf {"short_message":"WILDDUCK [CONNSTART] Connection established for 68d5c191abe11a527cea5418","_connection":"establish","_service":"imap","_sess":"6pmwnuo3jn5afhl7","_user":"68d5c191abe11a527cea5418","_cid":"6pmwnuo3jn5afhl7","_ip":"127.0.0.1","_limit":15,"facility":"wildduck","host":"Johns-MacBook-Pro-i9.local","timestamp":1758839186.695,"_component":"wildduck"}
info IMAP [6pmwnuo3jn5afhl7] 0x1a2b3c4d5e6f789012345678901234567890abcd authenticated using LOGIN
sill IMAP [6pmwnuo3jn5afhl7] New journal listener for 68d5c191abe11a527cea5418 (0x1a2b3c4d5e6f789012345678901234567890abcd)
sill IMAP [6pmwnuo3jn5afhl7] S: * CAPABILITY IMAP4rev1 APPENDLIMIT=26214400 CHILDREN CONDSTORE ENABLE ID IDLE MOVE NAMESPACE QUOTA SPECIAL-USE UIDPLUS UNSELECT UTF8=ACCEPT XLIST
sill IMAP [6pmwnuo3jn5afhl7] S: T1 OK 0x1a2b3c4d5e6f789012345678901234567890abcd authenticated
sill IMAP [6pmwnuo3jn5afhl7] C: T2 SELECT INBOX
sill IMAP [6pmwnuo3jn5afhl7] Opening "INBOX"
sill IMAP [6pmwnuo3jn5afhl7] S: * FLAGS (\Answered \Flagged \Draft \Deleted \Seen)
sill IMAP [6pmwnuo3jn5afhl7] S: * OK [PERMANENTFLAGS (\Answered \Flagged \Draft \Deleted \Seen \*)] Flags permitted
sill IMAP [6pmwnuo3jn5afhl7] S: * OK [UIDVALIDITY 1758839185] UIDs valid
sill IMAP [6pmwnuo3jn5afhl7] S: * 6 EXISTS
sill IMAP [6pmwnuo3jn5afhl7] S: * 0 RECENT
sill IMAP [6pmwnuo3jn5afhl7] S: * OK [HIGHESTMODSEQ 5000] Highest
sill IMAP [6pmwnuo3jn5afhl7] S: * OK [UIDNEXT 1000] Predicted next UID
sill IMAP [6pmwnuo3jn5afhl7] S: T2 OK [READ-WRITE] SELECT completed
sill IMAP [6pmwnuo3jn5afhl7] C: T3 FETCH 4 BODY.PEEK[]
sill IMAP [6pmwnuo3jn5afhl7] FETCH: {"metadataOnly":false,"markAsSeen":false,"messages":1,"query":[{"query":"BODY[]","item":"body","original":{"type":"ATOM","value":"BODY","section":[]},"path":"","type":"content","isLiteral":true}],"changedSince":0,"isUid":false}
sill IMAP [6pmwnuo3jn5afhl7] Requested FETCH for "68d5c191abe11a527cea5419"
sill IMAP [6pmwnuo3jn5afhl7] S: <fetch response 68d5c191abe11a527cea5419/68d5c191abe11a527cea542c/104>
sill IMAP [6pmwnuo3jn5afhl7] FETCHOK rows=1 user=68d5c191abe11a527cea5418 mailbox=68d5c191abe11a527cea5419 time=0.024
info Gelf
{"short_message":"WILDDUCK [FETCH]","_mail_action":"fetch","_user":"68d5c191abe11a527cea5418","_mailbox":"68d5c191abe11a527cea5419","_sess":"6pmwnuo3jn5afhl7","_mark_seen":"no","_is_uid":"no","_message_count":1,"_query":"T3 FETCH 4 BODY[]","_query_time":24,"_row_count":1,"_total_bytes":290,"_response":true,"facility":"wildduck","host":"Johns-MacBook-Pro-i9.local","timestamp":1758839186.926,"_component":"wildduck"}
sill IMAP [6pmwnuo3jn5afhl7] S: T3 OK FETCH completed
sill IMAP [6pmwnuo3jn5afhl7] C: T4 LOGOUT
sill IMAP [6pmwnuo3jn5afhl7] Removed journal listener from 68d5c191abe11a527cea5418 (0x1a2b3c4d5e6f789012345678901234567890abcd)
sill
IMAP [6pmwnuo3jn5afhl7] S: * BYE Logout requested
sill IMAP
[6pmwnuo3jn5afhl7] S: T4 OK Also, I think the Lemongrabs are getting weirder.
        ✔ should return BODY[] (581ms)
info Gelf {"short_message":"WILDDUCK [CONNRELEASE] Connection released for 68d5c191abe11a527cea5418","_connection":"release","_service":"imap","_sess":"6pmwnuo3jn5afhl7","_user":"68d5c191abe11a527cea5418","_cid":"6pmwnuo3jn5afhl7","_ip":"127.0.0.1","facility":"wildduck","host":"Johns-MacBook-Pro-i9.local","timestamp":1758839187.028,"_component":"wildduck"}
info IMAP [6pmwnuo3jn5afhl7] Connection closed to [127.0.0.1]
info Gelf {"short_message":"WILDDUCK HTTP [GET /users] OK","_remote_ip":"127.0.0.1","_http_route":"/users","_http_method":"GET","_user":"root","_role":"root","_api_response":"success","_size":723,"facility":"wildduck","host":"Johns-MacBook-Pro-i9.local","timestamp":1758839187.687,"_component":"wildduck"}
http API 127.0.0.1 root [-/-] GET /users 200 3ms
info Gelf {"short_message":"WILDDUCK HTTP [GET /users] OK","_remote_ip":"127.0.0.1","_http_route":"/users","_http_method":"GET","_user":"root","_role":"root","_api_response":"success","_size":780,"_req_query":"0x1a2b3c4d5e6f789012345678901234567890abcd","facility":"wildduck","host":"Johns-MacBook-Pro-i9.local","timestamp":1758839187.721,"_component":"wildduck"}
http API 127.0.0.1 root [-/-] GET /users?query=0x1a2b3c4d5e6f789012345678901234567890abcd 200 10ms
verb Tasks Created task id=68d5c193abe11a527cea5435
info Gelf {"short_message":"WILDDUCK HTTP [DELETE /users/:user] OK","_remote_ip":"127.0.0.1","_http_route":"/users/:user","_http_method":"DELETE","_user":"root","_role":"root","_api_response":"success","_code":"TaskScheduled","_size":209,"_req_user":"68d5c191abe11a527cea5418","facility":"wildduck","host":"Johns-MacBook-Pro-i9.local","timestamp":1758839187.776,"_component":"wildduck"}
http API 127.0.0.1 root [-/-] DELETE /users/68d5c191abe11a527cea5418 200 22ms
verb Tasks Found task for processing id=68d5c193abe11a527cea5435
verb Tasks type=user-delete id=68d5c193abe11a527cea5435 data={"user":"68d5c191abe11a527cea5418"}
verb Tasks task=user-delete id=68d5c193abe11a527cea5435 user=68d5c191abe11a527cea5418 message=Deleted 3 addresses from registry
verb Tasks task=user-delete id=68d5c193abe11a527cea5435 user=68d5c191abe11a527cea5418 message=Marked 6 messages for deletion
verb Tasks task=user-delete id=68d5c193abe11a527cea5435 user=68d5c191abe11a527cea5418 message=Marked total of 6 messages for deletion
verb Tasks task=user-delete id=68d5c193abe11a527cea5435 user=68d5c191abe11a527cea5418 message=Cleared user specific data
info Tasks Released task id=68d5c193abe11a527cea5435 lock=423e18507bf2dcee2d744928
info Gelf {"short_message":"WILDDUCK HTTP [POST /authenticate] OK","_remote_ip":"127.0.0.1","_http_route":"/authenticate","_http_method":"POST","_user":"root","_role":"root","_api_response":"success","_size":334,"_req_username":"0x1a2b3c4d5e6f789012345678901234567890abcd","_req_password":"***","_req_token":"true","_res_id":"68d5c196abe11a527cea5438","facility":"wildduck","host":"Johns-MacBook-Pro-i9.local","timestamp":1758839190.425,"_component":"wildduck"}
http API 127.0.0.1 root [-/-] POST /authenticate 200 156ms
info Gelf {"short_message":"WILDDUCK HTTP [GET /users] OK","_remote_ip":"127.0.0.1","_http_route":"/users","_http_method":"GET","_user":"root","_role":"root","_api_response":"success","_size":776,"_req_query":"0x1a2b3c4d5e6f789012345678901234567890abcd","facility":"wildduck","host":"Johns-MacBook-Pro-i9.local","timestamp":1758839190.524,"_component":"wildduck"}
http API 127.0.0.1 root [-/-] GET /users?query=0x1a2b3c4d5e6f789012345678901234567890abcd 200 66ms
info Gelf {"short_message":"WILDDUCK HTTP [GET /users/:user/mailboxes] OK","_remote_ip":"127.0.0.1","_http_route":"/users/:user/mailboxes","_http_method":"GET","_user":"root","_role":"root","_api_response":"success","_size":1275,"_req_user":"68d5c196abe11a527cea5438","facility":"wildduck","host":"Johns-MacBook-Pro-i9.local","timestamp":1758839190.569,"_component":"wildduck"}
http API
127.0.0.1 root [-/-] GET /users/68d5c196abe11a527cea5438/mailboxes 200 3ms
info Gelf {"short_message":"WILDDUCK HTTP [PUT /users/:user/mailboxes/:mailbox] OK","_remote_ip":"127.0.0.1","_http_route":"/users/:user/mailboxes/:mailbox","_http_method":"PUT","_user":"root","_role":"root","_api_response":"success","_size":22,"_req_user":"68d5c196abe11a527cea5438","_req_mailbox":"68d5c196abe11a527cea543a","_req_path":"[Gmail]/Sent Mail","facility":"wildduck","host":"Johns-MacBook-Pro-i9.local","timestamp":1758839190.628,"_component":"wildduck"}
http API 127.0.0.1 root [-/-] PUT /users/68d5c196abe11a527cea5438/mailboxes/68d5c196abe11a527cea543a 200 6ms
info Gelf {"short_message":"WILDDUCK HTTP [GET /users/:user/mailboxes] OK","_remote_ip":"127.0.0.1","_http_route":"/users/:user/mailboxes","_http_method":"GET","_user":"root","_role":"root","_api_response":"success","_size":1283,"_req_user":"68d5c196abe11a527cea5438","facility":"wildduck","host":"Johns-MacBook-Pro-i9.local","timestamp":1758839190.67,"_component":"wildduck"}
http API 127.0.0.1 root [-/-] GET /users/68d5c196abe11a527cea5438/mailboxes 200 19ms
info Gelf {"short_message":"WILDDUCK [QUOTA] +","_mail_action":"quota","_user":"68d5c196abe11a527cea5438","_inc":256,"_storage_used":256,"_mailbox":"68d5c196abe11a527cea5439","facility":"wildduck","host":"Johns-MacBook-Pro-i9.local","timestamp":1758839190.921,"_component":"wildduck"}
info Gelf {"short_message":"WILDDUCK HTTP [POST /users/:user/mailboxes/:mailbox/messages] OK","_remote_ip":"127.0.0.1","_http_route":"/users/:user/mailboxes/:mailbox/messages","_http_method":"POST","_user":"root","_role":"root","_api_response":"success","_size":114,"_req_user":"68d5c196abe11a527cea5438","_req_mailbox":"68d5c196abe11a527cea5439","_req_date":"14-Sep-2013 21:22:28 -0300","_req_unseen":"true","_req_raw":"<Buffer 66 72 6f 6d 3a 20 30 78 62 30 36 63 64 65 66 61 31 61 32 62 33 63 34 64 35 65 36 66 37 38 39 30 31 32 33 34 35 36 37 38 …","facility":"wildduck","host":"Johns-MacBook-Pro-i9.local","timestamp":1758839190.928,"_component":"wildduck"}
http API 127.0.0.1 root [-/-] POST /users/68d5c196abe11a527cea5438/mailboxes/68d5c196abe11a527cea5439/messages?date=14-Sep-2013%2021%3A22%3A28%20-0300&unseen=true 200 78ms
info Gelf {"short_message":"WILDDUCK [QUOTA] +","_mail_action":"quota","_user":"68d5c196abe11a527cea5438","_inc":21927,"_storage_used":22183,"_mailbox":"68d5c196abe11a527cea5439","facility":"wildduck","host":"Johns-MacBook-Pro-i9.local","timestamp":1758839190.994,"_component":"wildduck"}
info Gelf {"short_message":"WILDDUCK HTTP [POST /users/:user/mailboxes/:mailbox/messages] OK","_remote_ip":"127.0.0.1","_http_route":"/users/:user/mailboxes/:mailbox/messages","_http_method":"POST","_user":"root","_role":"root","_api_response":"success","_size":116,"_req_user":"68d5c196abe11a527cea5438","_req_mailbox":"68d5c196abe11a527cea5439","_req_unseen":"false","_req_raw":"<Buffer 53 75 62 6a 65 63 74 3a 20 52 79 61 6e 20 46 69 6e 6e 69 65 27 73 20 4d 49 4d 45 20 54 6f 72 74 75 72 65 20 54 65 73 74 …","facility":"wildduck","host":"Johns-MacBook-Pro-i9.local","timestamp":1758839191.001,"_component":"wildduck"}
http API 127.0.0.1 root [-/-] POST /users/68d5c196abe11a527cea5438/mailboxes/68d5c196abe11a527cea5439/messages?unseen=false 200 50ms
info Gelf {"short_message":"WILDDUCK [QUOTA] +","_mail_action":"quota","_user":"68d5c196abe11a527cea5438","_inc":1044,"_storage_used":23227,"_mailbox":"68d5c196abe11a527cea5439","facility":"wildduck","host":"Johns-MacBook-Pro-i9.local","timestamp":1758839191.032,"_component":"wildduck"}
info Gelf {"short_message":"WILDDUCK HTTP [POST /users/:user/mailboxes/:mailbox/messages] OK","_remote_ip":"127.0.0.1","_http_route":"/users/:user/mailboxes/:mailbox/messages","_http_method":"POST","_user":"root","_role":"root","_api_response":"success","_size":115,"_req_user":"68d5c196abe11a527cea5438","_req_mailbox":"68d5c196abe11a527cea5439","_req_unseen":"false","_req_raw":"<Buffer 4d 49 4d 45 2d 56 65 72 73 69 6f 6e 3a 20 31 2e 30 0d 0a 46 72 6f 6d 3a 20 30 78 36 62 31 37 65 66 61 62 31 61 32 62 33 …","facility":"wildduck","host":"Johns-MacBook-Pro-i9.local","timestamp":1758839191.038,"_component":"wildduck"}
http API 127.0.0.1 root [-/-] POST /users/68d5c196abe11a527cea5438/mailboxes/68d5c196abe11a527cea5439/messages?unseen=false 200 15ms
info Gelf {"short_message":"WILDDUCK [QUOTA] +","_mail_action":"quota","_user":"68d5c196abe11a527cea5438","_inc":264,"_storage_used":23491,"_mailbox":"68d5c196abe11a527cea5439","facility":"wildduck","host":"Johns-MacBook-Pro-i9.local","timestamp":1758839191.072,"_component":"wildduck"}
info Gelf {"short_message":"WILDDUCK HTTP [POST /users/:user/mailboxes/:mailbox/messages] OK","_remote_ip":"127.0.0.1","_http_route":"/users/:user/mailboxes/:mailbox/messages","_http_method":"POST","_user":"root","_role":"root","_api_response":"success","_size":114,"_req_user":"68d5c196abe11a527cea5438","_req_mailbox":"68d5c196abe11a527cea5439","_req_unseen":"true","_req_raw":"<Buffer 66 72 6f 6d 3a 20 30 78 62 30 36 63 64 65 66 61 31 61 32 62 33 63 34 64 35 65 36 66 37 38 39 30 31 32 33 34 35 36 37 38 …","facility":"wildduck","host":"Johns-MacBook-Pro-i9.local","timestamp":1758839191.078,"_component":"wildduck"}
http API 127.0.0.1 root [-/-] POST /users/68d5c196abe11a527cea5438/mailboxes/68d5c196abe11a527cea5439/messages?unseen=true 200 17ms
info Gelf {"short_message":"WILDDUCK [QUOTA] +","_mail_action":"quota","_user":"68d5c196abe11a527cea5438","_inc":178,"_storage_used":23669,"_mailbox":"68d5c196abe11a527cea5439","facility":"wildduck","host":"Johns-MacBook-Pro-i9.local","timestamp":1758839191.122,"_component":"wildduck"}
info Gelf {"short_message":"WILDDUCK HTTP [POST /users/:user/mailboxes/:mailbox/messages] OK","_remote_ip":"127.0.0.1","_http_route":"/users/:user/mailboxes/:mailbox/messages","_http_method":"POST","_user":"root","_role":"root","_api_response":"success","_size":114,"_req_user":"68d5c196abe11a527cea5438","_req_mailbox":"68d5c196abe11a527cea5439","_req_unseen":"true","_req_raw":"<Buffer 66 72 6f 6d 3a 20 30 78 62 30 36 63 64 65 66 61 31 61 32 62 33 63 34 64 35 65 36 66 37 38 39 30 31 32 33 34 35 36 37 38 …","facility":"wildduck","host":"Johns-MacBook-Pro-i9.local","timestamp":1758839191.127,"_component":"wildduck"}
http API 127.0.0.1 root [-/-] POST /users/68d5c196abe11a527cea5438/mailboxes/68d5c196abe11a527cea5439/messages?unseen=true 200 25ms
info Gelf {"short_message":"WILDDUCK [QUOTA] +","_mail_action":"quota","_user":"68d5c196abe11a527cea5438","_inc":178,"_storage_used":23847,"_mailbox":"68d5c196abe11a527cea5439","facility":"wildduck","host":"Johns-MacBook-Pro-i9.local","timestamp":1758839191.172,"_component":"wildduck"}
info Gelf {"short_message":"WILDDUCK HTTP [POST /users/:user/mailboxes/:mailbox/messages] OK","_remote_ip":"127.0.0.1","_http_route":"/users/:user/mailboxes/:mailbox/messages","_http_method":"POST","_user":"root","_role":"root","_api_response":"success","_size":114,"_req_user":"68d5c196abe11a527cea5438","_req_mailbox":"68d5c196abe11a527cea5439","_req_unseen":"true","_req_raw":"<Buffer 66 72 6f 6d 3a 20 30 78 62 30 36 63 64 65 66 61 31 61 32 62 33 63 34 64 35 65 36 66 37 38 39 30 31 32 33 34 35 36 37 38 …","facility":"wildduck","host":"Johns-MacBook-Pro-i9.local","timestamp":1758839191.178,"_component":"wildduck"}
http API 127.0.0.1 root [-/-] POST /users/68d5c196abe11a527cea5438/mailboxes/68d5c196abe11a527cea5439/messages?unseen=true 200 28ms
info IMAP [6agonnk7fqpvdk7u] Secure connection from [127.0.0.1] to Johns-MacBook-Pro-i9.local 127.0.0.1:9993
sill IMAP [6agonnk7fqpvdk7u] S: * OK WildDuck IMAP Server ready for requests from 127.0.0.1 6agonnk7fqpvdk7u
sill IMAP [6agonnk7fqpvdk7u] C: T1 LOGIN "(* value hidden *)" "(* value hidden *)"
info Gelf {"short_message":"WILDDUCK [AUTHOK] 0x1a2b3c4d5e6f789012345678901234567890abcd","_mail_action":"auth","_auth_result":"success","_username":"0x1a2b3c4d5e6f789012345678901234567890abcd","_domain":"johns-macbook-pro-i9.local","_user":"68d5c196abe11a527cea5438","_password_type":"master","_scope":"imap","_ip":"127.0.0.1","_sess":"6agonnk7fqpvdk7u","facility":"wildduck","host":"Johns-MacBook-Pro-i9.local","timestamp":1758839191.871,"_component":"wildduck"}
info Gelf {"short_message":"WILDDUCK [CONNSTART] Connection established for 68d5c196abe11a527cea5438","_connection":"establish","_service":"imap","_sess":"6agonnk7fqpvdk7u","_user":"68d5c196abe11a527cea5438","_cid":"6agonnk7fqpvdk7u","_ip":"127.0.0.1","_limit":15,"facility":"wildduck","host":"Johns-MacBook-Pro-i9.local","timestamp":1758839191.873,"_component":"wildduck"}
info IMAP [6agonnk7fqpvdk7u] 0x1a2b3c4d5e6f789012345678901234567890abcd authenticated using LOGIN
sill
IMAP [6agonnk7fqpvdk7u] New journal listener for 68d5c196abe11a527cea5438 (0x1a2b3c4d5e6f789012345678901234567890abcd)
sill IMAP [6agonnk7fqpvdk7u] S: * CAPABILITY IMAP4rev1 APPENDLIMIT=26214400 CHILDREN CONDSTORE ENABLE ID IDLE MOVE NAMESPACE QUOTA SPECIAL-USE UIDPLUS UNSELECT UTF8=ACCEPT XLIST
sill IMAP [6agonnk7fqpvdk7u] S: T1 OK 0x1a2b3c4d5e6f789012345678901234567890abcd authenticated
sill IMAP [6agonnk7fqpvdk7u] C: T2 SELECT INBOX
sill IMAP [6agonnk7fqpvdk7u] Opening "INBOX"
sill IMAP [6agonnk7fqpvdk7u] S: * FLAGS (\Answered \Flagged \Draft \Deleted \Seen)
sill IMAP [6agonnk7fqpvdk7u] S: * OK [PERMANENTFLAGS (\Answered \Flagged \Draft \Deleted \Seen \*)] Flags permitted
sill IMAP [6agonnk7fqpvdk7u] S: * OK [UIDVALIDITY 1758839190] UIDs valid
sill IMAP [6agonnk7fqpvdk7u] S: * 6 EXISTS
sill IMAP [6agonnk7fqpvdk7u] S: * 0 RECENT
sill IMAP [6agonnk7fqpvdk7u] S: * OK [HIGHESTMODSEQ 5000] Highest
sill IMAP [6agonnk7fqpvdk7u] S: * OK [UIDNEXT 1000] Predicted next UID
sill IMAP [6agonnk7fqpvdk7u] S: T2 OK [READ-WRITE] SELECT completed
sill IMAP [6agonnk7fqpvdk7u] C: T3 FETCH 4 BODY.PEEK[]<4.5>
sill IMAP [6agonnk7fqpvdk7u] FETCH: {"metadataOnly":false,"markAsSeen":false,"messages":1,"query":[{"query":"BODY[]<4.5>","item":"body","original":{"type":"ATOM","value":"BODY","section":[],"partial":[4,5]},"path":"","type":"content","isLiteral":true,"partial":{"startFrom":4,"maxLength":5}}],"changedSince":0,"isUid":false}
sill IMAP [6agonnk7fqpvdk7u] Requested FETCH for "68d5c196abe11a527cea5439"
sill IMAP [6agonnk7fqpvdk7u] S: <fetch response 68d5c196abe11a527cea5439/68d5c197abe11a527cea544b/104>
sill IMAP [6agonnk7fqpvdk7u] FETCHOK rows=1 user=68d5c196abe11a527cea5438 mailbox=68d5c196abe11a527cea5439 time=0.006
info Gelf {"short_message":"WILDDUCK [FETCH]","_mail_action":"fetch","_user":"68d5c196abe11a527cea5438","_mailbox":"68d5c196abe11a527cea5439","_sess":"6agonnk7fqpvdk7u","_mark_seen":"no","_is_uid":"no","_message_count":1,"_query":"T3 FETCH 4 BODY[]<4.5>","_query_time":7,"_row_count":1,"_total_bytes":32,"_response":true,"facility":"wildduck","host":"Johns-MacBook-Pro-i9.local","timestamp":1758839192.086,"_component":"wildduck"}
sill IMAP [6agonnk7fqpvdk7u] S: T3 OK FETCH completed
sill IMAP [6agonnk7fqpvdk7u] C: T4 FETCH 4 BODY.PEEK[]<4.10000>
sill IMAP [6agonnk7fqpvdk7u] FETCH: {"metadataOnly":false,"markAsSeen":false,"messages":1,"query":[{"query":"BODY[]<4.10000>","item":"body","original":{"type":"ATOM","value":"BODY","section":[],"partial":[4,10000]},"path":"","type":"content","isLiteral":true,"partial":{"startFrom":4,"maxLength":10000}}],"changedSince":0,"isUid":false}
sill IMAP [6agonnk7fqpvdk7u] Requested FETCH for "68d5c196abe11a527cea5439"
sill IMAP [6agonnk7fqpvdk7u] S: <fetch response 68d5c196abe11a527cea5439/68d5c197abe11a527cea544b/104>
sill IMAP [6agonnk7fqpvdk7u] FETCHOK rows=1 user=68d5c196abe11a527cea5438 mailbox=68d5c196abe11a527cea5439 time=0.005
info Gelf {"short_message":"WILDDUCK [FETCH]","_mail_action":"fetch","_user":"68d5c196abe11a527cea5438","_mailbox":"68d5c196abe11a527cea5439","_sess":"6agonnk7fqpvdk7u","_mark_seen":"no","_is_uid":"no","_message_count":1,"_query":"T4 FETCH 4 BODY[]<4.10000>","_query_time":5,"_row_count":1,"_total_bytes":289,"_response":true,"facility":"wildduck","host":"Johns-MacBook-Pro-i9.local","timestamp":1758839192.193,"_component":"wildduck"}
sill IMAP [6agonnk7fqpvdk7u] S: T4 OK FETCH completed
sill IMAP [6agonnk7fqpvdk7u] C: T5 LOGOUT
sill
IMAP [6agonnk7fqpvdk7u] Removed journal listener from 68d5c196abe11a527cea5438 (0x1a2b3c4d5e6f789012345678901234567890abcd)
sill IMAP [6agonnk7fqpvdk7u] S: * BYE Logout requested
sill IMAP [6agonnk7fqpvdk7u] S: T5 OK Oh ho ho ho, duck hunters is da cwaziest peoples! Ha ha ha.
        ✔ should return partial BODY[] (667ms)
info Gelf {"short_message":"WILDDUCK [CONNRELEASE] Connection released for 68d5c196abe11a527cea5438","_connection":"release","_service":"imap","_sess":"6agonnk7fqpvdk7u","_user":"68d5c196abe11a527cea5438","_cid":"6agonnk7fqpvdk7u","_ip":"127.0.0.1","facility":"wildduck","host":"Johns-MacBook-Pro-i9.local","timestamp":1758839192.294,"_component":"wildduck"}
info IMAP [6agonnk7fqpvdk7u] Connection closed to [127.0.0.1]
info Gelf {"short_message":"WILDDUCK HTTP [GET /users] OK","_remote_ip":"127.0.0.1","_http_route":"/users","_http_method":"GET","_user":"root","_role":"root","_api_response":"success","_size":723,"facility":"wildduck","host":"Johns-MacBook-Pro-i9.local","timestamp":1758839192.971,"_component":"wildduck"}
http API 127.0.0.1 root [-/-] GET /users 200 12ms
info Gelf {"short_message":"WILDDUCK HTTP [GET /users] OK","_remote_ip":"127.0.0.1","_http_route":"/users","_http_method":"GET","_user":"root","_role":"root","_api_response":"success","_size":780,"_req_query":"0x1a2b3c4d5e6f789012345678901234567890abcd","facility":"wildduck","host":"Johns-MacBook-Pro-i9.local","timestamp":1758839193,"_component":"wildduck"}
http API 127.0.0.1 root [-/-] GET /users?query=0x1a2b3c4d5e6f789012345678901234567890abcd 200 6ms
verb Tasks Created task id=68d5c199abe11a527cea5454
info Gelf {"short_message":"WILDDUCK HTTP [DELETE /users/:user] OK","_remote_ip":"127.0.0.1","_http_route":"/users/:user","_http_method":"DELETE","_user":"root","_role":"root","_api_response":"success","_code":"TaskScheduled","_size":209,"_req_user":"68d5c196abe11a527cea5438","facility":"wildduck","host":"Johns-MacBook-Pro-i9.local","timestamp":1758839193.042,"_component":"wildduck"}
http API 127.0.0.1 root [-/-] DELETE /users/68d5c196abe11a527cea5438 200 8ms
verb Tasks Found task for processing id=68d5c199abe11a527cea5454
verb Tasks type=user-delete id=68d5c199abe11a527cea5454 data={"user":"68d5c196abe11a527cea5438"}
verb Tasks task=user-delete id=68d5c199abe11a527cea5454 user=68d5c196abe11a527cea5438 message=Deleted 3 addresses from registry
verb Tasks task=user-delete id=68d5c199abe11a527cea5454 user=68d5c196abe11a527cea5438 message=Marked 6 messages for deletion
verb Tasks task=user-delete id=68d5c199abe11a527cea5454 user=68d5c196abe11a527cea5438 message=Marked total of 6 messages for deletion
verb Tasks task=user-delete id=68d5c199abe11a527cea5454 user=68d5c196abe11a527cea5438 message=Cleared user specific data
info Tasks Released task id=68d5c199abe11a527cea5454 lock=c1346059bdf2cff9603eba5e
info Gelf {"short_message":"WILDDUCK HTTP [POST /authenticate] OK","_remote_ip":"127.0.0.1","_http_route":"/authenticate","_http_method":"POST","_user":"root","_role":"root","_api_response":"success","_size":334,"_req_username":"0x1a2b3c4d5e6f789012345678901234567890abcd","_req_password":"***","_req_token":"true","_res_id":"68d5c19babe11a527cea5457","facility":"wildduck","host":"Johns-MacBook-Pro-i9.local","timestamp":1758839195.65,"_component":"wildduck"}
http API 127.0.0.1 root [-/-] POST /authenticate 200 150ms
info Gelf {"short_message":"WILDDUCK HTTP [GET /users] OK","_remote_ip":"127.0.0.1","_http_route":"/users","_http_method":"GET","_user":"root","_role":"root","_api_response":"success","_size":776,"_req_query":"0x1a2b3c4d5e6f789012345678901234567890abcd","facility":"wildduck","host":"Johns-MacBook-Pro-i9.local","timestamp":1758839195.689,"_component":"wildduck"}
http API 127.0.0.1 root [-/-] GET /users?query=0x1a2b3c4d5e6f789012345678901234567890abcd 200 5ms
info Gelf {"short_message":"WILDDUCK HTTP [GET /users/:user/mailboxes] OK","_remote_ip":"127.0.0.1","_http_route":"/users/:user/mailboxes","_http_method":"GET","_user":"root","_role":"root","_api_response":"success","_size":1275,"_req_user":"68d5c19babe11a527cea5457","facility":"wildduck","host":"Johns-MacBook-Pro-i9.local","timestamp":1758839195.725,"_component":"wildduck"}
http API 127.0.0.1 root [-/-] GET /users/68d5c19babe11a527cea5457/mailboxes 200 2ms
info Gelf {"short_message":"WILDDUCK HTTP [PUT /users/:user/mailboxes/:mailbox] OK","_remote_ip":"127.0.0.1","_http_route":"/users/:user/mailboxes/:mailbox","_http_method":"PUT","_user":"root","_role":"root","_api_response":"success","_size":22,"_req_user":"68d5c19babe11a527cea5457","_req_mailbox":"68d5c19babe11a527cea5459","_req_path":"[Gmail]/Sent Mail","facility":"wildduck","host":"Johns-MacBook-Pro-i9.local","timestamp":1758839195.784,"_component":"wildduck"}
http API 127.0.0.1 root [-/-] PUT /users/68d5c19babe11a527cea5457/mailboxes/68d5c19babe11a527cea5459 200 5ms
info Gelf {"short_message":"WILDDUCK HTTP [GET /users/:user/mailboxes] OK","_remote_ip":"127.0.0.1","_http_route":"/users/:user/mailboxes","_http_method":"GET","_user":"root","_role":"root","_api_response":"success","_size":1283,"_req_user":"68d5c19babe11a527cea5457","facility":"wildduck","host":"Johns-MacBook-Pro-i9.local","timestamp":1758839195.819,"_component":"wildduck"}
http API 127.0.0.1 root [-/-] GET /users/68d5c19babe11a527cea5457/mailboxes 200 10ms
info Gelf {"short_message":"WILDDUCK [QUOTA] +","_mail_action":"quota","_user":"68d5c19babe11a527cea5457","_inc":256,"_storage_used":256,"_mailbox":"68d5c19babe11a527cea5458","facility":"wildduck","host":"Johns-MacBook-Pro-i9.local","timestamp":1758839195.998,"_component":"wildduck"}
info Gelf {"short_message":"WILDDUCK HTTP [POST /users/:user/mailboxes/:mailbox/messages] OK","_remote_ip":"127.0.0.1","_http_route":"/users/:user/mailboxes/:mailbox/messages","_http_method":"POST","_user":"root","_role":"root","_api_response":"success","_size":114,"_req_user":"68d5c19babe11a527cea5457","_req_mailbox":"68d5c19babe11a527cea5458","_req_date":"14-Sep-2013 21:22:28 -0300","_req_unseen":"true","_req_raw":"<Buffer 66 72 6f 6d 3a 20 30 78 62 30 36 63 64 65 66 61 31 61 32 62 33 63 34 64 35 65 36 66 37 38 39 30 31 32 33 34 35 36 37 38 …","facility":"wildduck","host":"Johns-MacBook-Pro-i9.local","timestamp":1758839196.021,"_component":"wildduck"}
http API 127.0.0.1 root [-/-] POST /users/68d5c19babe11a527cea5457/mailboxes/68d5c19babe11a527cea5458/messages?date=14-Sep-2013%2021%3A22%3A28%20-0300&unseen=true 200 28ms
info Gelf {"short_message":"WILDDUCK [QUOTA] +","_mail_action":"quota","_user":"68d5c19babe11a527cea5457","_inc":21927,"_storage_used":22183,"_mailbox":"68d5c19babe11a527cea5458","facility":"wildduck","host":"Johns-MacBook-Pro-i9.local","timestamp":1758839196.084,"_component":"wildduck"}
info Gelf {"short_message":"WILDDUCK HTTP [POST /users/:user/mailboxes/:mailbox/messages] OK","_remote_ip":"127.0.0.1","_http_route":"/users/:user/mailboxes/:mailbox/messages","_http_method":"POST","_user":"root","_role":"root","_api_response":"success","_size":116,"_req_user":"68d5c19babe11a527cea5457","_req_mailbox":"68d5c19babe11a527cea5458","_req_unseen":"false","_req_raw":"<Buffer 53 75 62 6a 65 63 74 3a 20 52 79 61 6e 20 46 69 6e 6e 69 65 27 73 20 4d 49 4d 45 20 54 6f 72 74 75 72 65 20 54 65 73 74 …","facility":"wildduck","host":"Johns-MacBook-Pro-i9.local","timestamp":1758839196.091,"_component":"wildduck"}
http API 127.0.0.1 root [-/-] POST /users/68d5c19babe11a527cea5457/mailboxes/68d5c19babe11a527cea5458/messages?unseen=false 200 47ms
info Gelf {"short_message":"WILDDUCK [QUOTA] +","_mail_action":"quota","_user":"68d5c19babe11a527cea5457","_inc":1044,"_storage_used":23227,"_mailbox":"68d5c19babe11a527cea5458","facility":"wildduck","host":"Johns-MacBook-Pro-i9.local","timestamp":1758839196.125,"_component":"wildduck"}
info Gelf {"short_message":"WILDDUCK HTTP [POST /users/:user/mailboxes/:mailbox/messages] OK","_remote_ip":"127.0.0.1","_http_route":"/users/:user/mailboxes/:mailbox/messages","_http_method":"POST","_user":"root","_role":"root","_api_response":"success","_size":115,"_req_user":"68d5c19babe11a527cea5457","_req_mailbox":"68d5c19babe11a527cea5458","_req_unseen":"false","_req_raw":"<Buffer 4d 49 4d 45 2d 56 65 72 73 69 6f 6e 3a 20 31 2e 30 0d 0a 46 72 6f 6d 3a 20 30 78 36 62 31 37 65 66 61 62 31 61 32 62 33 …","facility":"wildduck","host":"Johns-MacBook-Pro-i9.local","timestamp":1758839196.13,"_component":"wildduck"}
http API 127.0.0.1 root [-/-] POST /users/68d5c19babe11a527cea5457/mailboxes/68d5c19babe11a527cea5458/messages?unseen=false 200 17ms
info Gelf {"short_message":"WILDDUCK [QUOTA] +","_mail_action":"quota","_user":"68d5c19babe11a527cea5457","_inc":264,"_storage_used":23491,"_mailbox":"68d5c19babe11a527cea5458","facility":"wildduck","host":"Johns-MacBook-Pro-i9.local","timestamp":1758839196.172,"_component":"wildduck"}
info Gelf {"short_message":"WILDDUCK HTTP [POST /users/:user/mailboxes/:mailbox/messages] OK","_remote_ip":"127.0.0.1","_http_route":"/users/:user/mailboxes/:mailbox/messages","_http_method":"POST","_user":"root","_role":"root","_api_response":"success","_size":114,"_req_user":"68d5c19babe11a527cea5457","_req_mailbox":"68d5c19babe11a527cea5458","_req_unseen":"true","_req_raw":"<Buffer 66 72 6f 6d 3a 20 30 78 62 30 36 63 64 65 66 61 31 61 32 62 33 63 34 64 35 65 36 66 37 38 39 30 31 32 33 34 35 36 37 38 …","facility":"wildduck","host":"Johns-MacBook-Pro-i9.local","timestamp":1758839196.178,"_component":"wildduck"}
http API 127.0.0.1 root [-/-] POST /users/68d5c19babe11a527cea5457/mailboxes/68d5c19babe11a527cea5458/messages?unseen=true 200 25ms
info Gelf {"short_message":"WILDDUCK [QUOTA] +","_mail_action":"quota","_user":"68d5c19babe11a527cea5457","_inc":178,"_storage_used":23669,"_mailbox":"68d5c19babe11a527cea5458","facility":"wildduck","host":"Johns-MacBook-Pro-i9.local","timestamp":1758839196.222,"_component":"wildduck"}
info Gelf {"short_message":"WILDDUCK HTTP [POST /users/:user/mailboxes/:mailbox/messages] OK","_remote_ip":"127.0.0.1","_http_route":"/users/:user/mailboxes/:mailbox/messages","_http_method":"POST","_user":"root","_role":"root","_api_response":"success","_size":114,"_req_user":"68d5c19babe11a527cea5457","_req_mailbox":"68d5c19babe11a527cea5458","_req_unseen":"true","_req_raw":"<Buffer 66 72 6f 6d 3a 20 30 78 62 30 36 63 64 65 66 61 31 61 32 62 33 63 34 64 35 65 36 66 37 38 39 30 31 32 33 34 35 36 37 38 …","facility":"wildduck","host":"Johns-MacBook-Pro-i9.local","timestamp":1758839196.228,"_component":"wildduck"}
http API 127.0.0.1 root [-/-] POST /users/68d5c19babe11a527cea5457/mailboxes/68d5c19babe11a527cea5458/messages?unseen=true 200 26ms
info Gelf {"short_message":"WILDDUCK [QUOTA] +","_mail_action":"quota","_user":"68d5c19babe11a527cea5457","_inc":178,"_storage_used":23847,"_mailbox":"68d5c19babe11a527cea5458","facility":"wildduck","host":"Johns-MacBook-Pro-i9.local","timestamp":1758839196.272,"_component":"wildduck"}
info Gelf {"short_message":"WILDDUCK HTTP [POST /users/:user/mailboxes/:mailbox/messages] OK","_remote_ip":"127.0.0.1","_http_route":"/users/:user/mailboxes/:mailbox/messages","_http_method":"POST","_user":"root","_role":"root","_api_response":"success","_size":114,"_req_user":"68d5c19babe11a527cea5457","_req_mailbox":"68d5c19babe11a527cea5458","_req_unseen":"true","_req_raw":"<Buffer 66 72 6f 6d 3a 20 30 78 62 30 36 63 64 65 66 61 31 61 32 62 33 63 34 64 35 65 36 66 37 38 39 30 31 32 33 34 35 36 37 38 …","facility":"wildduck","host":"Johns-MacBook-Pro-i9.local","timestamp":1758839196.278,"_component":"wildduck"}
http API 127.0.0.1 root [-/-] POST /users/68d5c19babe11a527cea5457/mailboxes/68d5c19babe11a527cea5458/messages?unseen=true 200 27ms
info IMAP [3vcyfur2ej7hb64a] Secure connection from [127.0.0.1] to Johns-MacBook-Pro-i9.local 127.0.0.1:9993
sill IMAP [3vcyfur2ej7hb64a] S: * OK WildDuck IMAP Server ready for requests from 127.0.0.1 3vcyfur2ej7hb64a
sill IMAP [3vcyfur2ej7hb64a] C: T1 LOGIN "(* value hidden *)" "(* value hidden *)"
info Gelf {"short_message":"WILDDUCK [AUTHOK] 0x1a2b3c4d5e6f789012345678901234567890abcd","_mail_action":"auth","_auth_result":"success","_username":"0x1a2b3c4d5e6f789012345678901234567890abcd","_domain":"johns-macbook-pro-i9.local","_user":"68d5c19babe11a527cea5457","_password_type":"master","_scope":"imap","_ip":"127.0.0.1","_sess":"3vcyfur2ej7hb64a","facility":"wildduck","host":"Johns-MacBook-Pro-i9.local","timestamp":1758839197.02,"_component":"wildduck"}
info Gelf {"short_message":"WILDDUCK [CONNSTART] Connection established for 68d5c19babe11a527cea5457","_connection":"establish","_service":"imap","_sess":"3vcyfur2ej7hb64a","_user":"68d5c19babe11a527cea5457","_cid":"3vcyfur2ej7hb64a","_ip":"127.0.0.1","_limit":15,"facility":"wildduck","host":"Johns-MacBook-Pro-i9.local","timestamp":1758839197.022,"_component":"wildduck"}
info IMAP [3vcyfur2ej7hb64a] 0x1a2b3c4d5e6f789012345678901234567890abcd authenticated using LOGIN
sill IMAP [3vcyfur2ej7hb64a] New journal listener for 68d5c19babe11a527cea5457 (0x1a2b3c4d5e6f789012345678901234567890abcd)
sill IMAP [3vcyfur2ej7hb64a] S: * CAPABILITY IMAP4rev1 APPENDLIMIT=26214400 CHILDREN CONDSTORE ENABLE ID IDLE MOVE NAMESPACE QUOTA SPECIAL-USE UIDPLUS UNSELECT UTF8=ACCEPT XLIST
sill IMAP [3vcyfur2ej7hb64a] S: T1 OK 0x1a2b3c4d5e6f789012345678901234567890abcd authenticated
sill IMAP
[3vcyfur2ej7hb64a] C: T2 SELECT INBOX
sill IMAP [3vcyfur2ej7hb64a] Opening "INBOX"
sill IMAP [3vcyfur2ej7hb64a] S: * FLAGS (\Answered \Flagged \Draft \Deleted \Seen)
sill IMAP [3vcyfur2ej7hb64a] S: * OK [PERMANENTFLAGS (\Answered \Flagged \Draft \Deleted \Seen \*)] Flags permitted
sill IMAP [3vcyfur2ej7hb64a] S: * OK [UIDVALIDITY 1758839195] UIDs valid
sill IMAP [3vcyfur2ej7hb64a] S: * 6 EXISTS
sill
IMAP [3vcyfur2ej7hb64a] S: * 0 RECENT
sill IMAP
[3vcyfur2ej7hb64a] S: * OK [HIGHESTMODSEQ 5000] Highest
sill IMAP
[3vcyfur2ej7hb64a] S: * OK [UIDNEXT 1000] Predicted next UID
sill IMAP [3vcyfur2ej7hb64a] S: T2 OK [READ-WRITE] SELECT completed
sill IMAP [3vcyfur2ej7hb64a] C: T3 FETCH 3 BODY.PEEK[1]
sill IMAP [3vcyfur2ej7hb64a] FETCH: {"metadataOnly":false,"markAsSeen":false,"messages":1,"query":[{"query":"BODY[1]","item":"body","original":{"type":"ATOM","value":"BODY","section":[{"type":"ATOM","value":"1"}]},"path":"1","type":"content","isLiteral":true}],"changedSince":0,"isUid":false}
sill IMAP
[3vcyfur2ej7hb64a] Requested FETCH for "68d5c19babe11a527cea5458"
sill IMAP [3vcyfur2ej7hb64a] S: <fetch response 68d5c19babe11a527cea5458/68d5c19cabe11a527cea5467/103>
sill GridStore STREAM id=394921e8c1002f270c7355a8f46980addb77d6b298fa0563f758f2de00f6f5d8 src_len=197 src_start=0 src_end=197 dst_start=0 dst_end=0
sill IMAP [3vcyfur2ej7hb64a] FETCHOK rows=1 user=68d5c19babe11a527cea5457 mailbox=68d5c19babe11a527cea5458 time=0.009
info Gelf
{"short_message":"WILDDUCK [FETCH]","_mail_action":"fetch","_user":"68d5c19babe11a527cea5457","_mailbox":"68d5c19babe11a527cea5458","_sess":"3vcyfur2ej7hb64a","_mark_seen":"no","_is_uid":"no","_message_count":1,"_query":"T3 FETCH 3 BODY[1]","_query_time":9,"_row_count":1,"_total_bytes":224,"_response":true,"facility":"wildduck","host":"Johns-MacBook-Pro-i9.local","timestamp":1758839197.236,"_component":"wildduck"}
sill IMAP [3vcyfur2ej7hb64a] S: T3 OK FETCH completed
sill
IMAP [3vcyfur2ej7hb64a] C: T4 LOGOUT
sill IMAP [3vcyfur2ej7hb64a] Removed journal listener from 68d5c19babe11a527cea5457 (0x1a2b3c4d5e6f789012345678901234567890abcd)
sill IMAP [3vcyfur2ej7hb64a] S: * BYE Logout requested
sill IMAP [3vcyfur2ej7hb64a] S: T4 OK Cut the dramatics, would yeh, and follow me!
        ✔ should return partial BODY[1] (561ms)
info Gelf {"short_message":"WILDDUCK [CONNRELEASE] Connection released for 68d5c19babe11a527cea5457","_connection":"release","_service":"imap","_sess":"3vcyfur2ej7hb64a","_user":"68d5c19babe11a527cea5457","_cid":"3vcyfur2ej7hb64a","_ip":"127.0.0.1","facility":"wildduck","host":"Johns-MacBook-Pro-i9.local","timestamp":1758839197.338,"_component":"wildduck"}
info IMAP [3vcyfur2ej7hb64a] Connection closed to [127.0.0.1]
info Gelf {"short_message":"WILDDUCK HTTP [GET /users] OK","_remote_ip":"127.0.0.1","_http_route":"/users","_http_method":"GET","_user":"root","_role":"root","_api_response":"success","_size":723,"facility":"wildduck","host":"Johns-MacBook-Pro-i9.local","timestamp":1758839198.024,"_component":"wildduck"}
http API 127.0.0.1 root [-/-] GET /users 200 4ms
info Gelf {"short_message":"WILDDUCK HTTP [GET /users] OK","_remote_ip":"127.0.0.1","_http_route":"/users","_http_method":"GET","_user":"root","_role":"root","_api_response":"success","_size":780,"_req_query":"0x1a2b3c4d5e6f789012345678901234567890abcd","facility":"wildduck","host":"Johns-MacBook-Pro-i9.local","timestamp":1758839198.052,"_component":"wildduck"}
http API 127.0.0.1 root [-/-] GET /users?query=0x1a2b3c4d5e6f789012345678901234567890abcd 200 5ms
verb Tasks Created task id=68d5c19eabe11a527cea5473
info Gelf {"short_message":"WILDDUCK HTTP [DELETE /users/:user] OK","_remote_ip":"127.0.0.1","_http_route":"/users/:user","_http_method":"DELETE","_user":"root","_role":"root","_api_response":"success","_code":"TaskScheduled","_size":209,"_req_user":"68d5c19babe11a527cea5457","facility":"wildduck","host":"Johns-MacBook-Pro-i9.local","timestamp":1758839198.094,"_component":"wildduck"}
http API 127.0.0.1 root [-/-] DELETE /users/68d5c19babe11a527cea5457 200 10ms
verb Tasks Found task for processing id=68d5c19eabe11a527cea5473
verb Tasks type=user-delete id=68d5c19eabe11a527cea5473 data={"user":"68d5c19babe11a527cea5457"}
verb Tasks task=user-delete id=68d5c19eabe11a527cea5473 user=68d5c19babe11a527cea5457 message=Deleted 3 addresses from registry
verb Tasks task=user-delete id=68d5c19eabe11a527cea5473 user=68d5c19babe11a527cea5457 message=Marked 6 messages for deletion
verb Tasks task=user-delete id=68d5c19eabe11a527cea5473 user=68d5c19babe11a527cea5457 message=Marked total of 6 messages for deletion
verb Tasks task=user-delete id=68d5c19eabe11a527cea5473 user=68d5c19babe11a527cea5457 message=Cleared user specific data
info Tasks Released task id=68d5c19eabe11a527cea5473 lock=64796ee4a4d386670fdba479
info Gelf {"short_message":"WILDDUCK HTTP [POST /authenticate] OK","_remote_ip":"127.0.0.1","_http_route":"/authenticate","_http_method":"POST","_user":"root","_role":"root","_api_response":"success","_size":334,"_req_username":"0x1a2b3c4d5e6f789012345678901234567890abcd","_req_password":"***","_req_token":"true","_res_id":"68d5c1a0abe11a527cea5476","facility":"wildduck","host":"Johns-MacBook-Pro-i9.local","timestamp":1758839200.701,"_component":"wildduck"}
http
API 127.0.0.1 root [-/-] POST /authenticate 200 132ms
info Gelf {"short_message":"WILDDUCK HTTP [GET /users] OK","_remote_ip":"127.0.0.1","_http_route":"/users","_http_method":"GET","_user":"root","_role":"root","_api_response":"success","_size":776,"_req_query":"0x1a2b3c4d5e6f789012345678901234567890abcd","facility":"wildduck","host":"Johns-MacBook-Pro-i9.local","timestamp":1758839200.739,"_component":"wildduck"}
http API 127.0.0.1 root [-/-] GET /users?query=0x1a2b3c4d5e6f789012345678901234567890abcd 200 5ms
info Gelf {"short_message":"WILDDUCK HTTP [GET /users/:user/mailboxes] OK","_remote_ip":"127.0.0.1","_http_route":"/users/:user/mailboxes","_http_method":"GET","_user":"root","_role":"root","_api_response":"success","_size":1275,"_req_user":"68d5c1a0abe11a527cea5476","facility":"wildduck","host":"Johns-MacBook-Pro-i9.local","timestamp":1758839200.775,"_component":"wildduck"}
http API 127.0.0.1 root [-/-] GET /users/68d5c1a0abe11a527cea5476/mailboxes 200 3ms
info Gelf {"short_message":"WILDDUCK HTTP [PUT /users/:user/mailboxes/:mailbox] OK","_remote_ip":"127.0.0.1","_http_route":"/users/:user/mailboxes/:mailbox","_http_method":"PUT","_user":"root","_role":"root","_api_response":"success","_size":22,"_req_user":"68d5c1a0abe11a527cea5476","_req_mailbox":"68d5c1a0abe11a527cea5478","_req_path":"[Gmail]/Sent Mail","facility":"wildduck","host":"Johns-MacBook-Pro-i9.local","timestamp":1758839200.837,"_component":"wildduck"}
http API 127.0.0.1 root [-/-] PUT /users/68d5c1a0abe11a527cea5476/mailboxes/68d5c1a0abe11a527cea5478 200 5ms
info Gelf {"short_message":"WILDDUCK HTTP [GET /users/:user/mailboxes] OK","_remote_ip":"127.0.0.1","_http_route":"/users/:user/mailboxes","_http_method":"GET","_user":"root","_role":"root","_api_response":"success","_size":1283,"_req_user":"68d5c1a0abe11a527cea5476","facility":"wildduck","host":"Johns-MacBook-Pro-i9.local","timestamp":1758839200.869,"_component":"wildduck"}
http API 127.0.0.1 root [-/-] GET /users/68d5c1a0abe11a527cea5476/mailboxes 200 10ms
info Gelf {"short_message":"WILDDUCK [QUOTA] +","_mail_action":"quota","_user":"68d5c1a0abe11a527cea5476","_inc":256,"_storage_used":256,"_mailbox":"68d5c1a0abe11a527cea5477","facility":"wildduck","host":"Johns-MacBook-Pro-i9.local","timestamp":1758839201.052,"_component":"wildduck"}
info Gelf {"short_message":"WILDDUCK HTTP [POST /users/:user/mailboxes/:mailbox/messages] OK","_remote_ip":"127.0.0.1","_http_route":"/users/:user/mailboxes/:mailbox/messages","_http_method":"POST","_user":"root","_role":"root","_api_response":"success","_size":114,"_req_user":"68d5c1a0abe11a527cea5476","_req_mailbox":"68d5c1a0abe11a527cea5477","_req_date":"14-Sep-2013 21:22:28 -0300","_req_unseen":"true","_req_raw":"<Buffer 66 72 6f 6d 3a 20 30 78 62 30 36 63 64 65 66 61 31 61 32 62 33 63 34 64 35 65 36 66 37 38 39 30 31 32 33 34 35 36 37 38 …","facility":"wildduck","host":"Johns-MacBook-Pro-i9.local","timestamp":1758839201.074,"_component":"wildduck"}
http API 127.0.0.1 root [-/-] POST /users/68d5c1a0abe11a527cea5476/mailboxes/68d5c1a0abe11a527cea5477/messages?date=14-Sep-2013%2021%3A22%3A28%20-0300&unseen=true 200 28ms
info Gelf {"short_message":"WILDDUCK [QUOTA] +","_mail_action":"quota","_user":"68d5c1a0abe11a527cea5476","_inc":21927,"_storage_used":22183,"_mailbox":"68d5c1a0abe11a527cea5477","facility":"wildduck","host":"Johns-MacBook-Pro-i9.local","timestamp":1758839201.141,"_component":"wildduck"}
info Gelf {"short_message":"WILDDUCK HTTP [POST /users/:user/mailboxes/:mailbox/messages] OK","_remote_ip":"127.0.0.1","_http_route":"/users/:user/mailboxes/:mailbox/messages","_http_method":"POST","_user":"root","_role":"root","_api_response":"success","_size":116,"_req_user":"68d5c1a0abe11a527cea5476","_req_mailbox":"68d5c1a0abe11a527cea5477","_req_unseen":"false","_req_raw":"<Buffer 53 75 62 6a 65 63 74 3a 20 52 79 61 6e 20 46 69 6e 6e 69 65 27 73 20 4d 49 4d 45 20 54 6f 72 74 75 72 65 20 54 65 73 74 …","facility":"wildduck","host":"Johns-MacBook-Pro-i9.local","timestamp":1758839201.15,"_component":"wildduck"}
http API 127.0.0.1 root [-/-] POST /users/68d5c1a0abe11a527cea5476/mailboxes/68d5c1a0abe11a527cea5477/messages?unseen=false 200 51ms
info Gelf {"short_message":"WILDDUCK [QUOTA] +","_mail_action":"quota","_user":"68d5c1a0abe11a527cea5476","_inc":1044,"_storage_used":23227,"_mailbox":"68d5c1a0abe11a527cea5477","facility":"wildduck","host":"Johns-MacBook-Pro-i9.local","timestamp":1758839201.181,"_component":"wildduck"}
info Gelf
{"short_message":"WILDDUCK HTTP [POST /users/:user/mailboxes/:mailbox/messages] OK","_remote_ip":"127.0.0.1","_http_route":"/users/:user/mailboxes/:mailbox/messages","_http_method":"POST","_user":"root","_role":"root","_api_response":"success","_size":115,"_req_user":"68d5c1a0abe11a527cea5476","_req_mailbox":"68d5c1a0abe11a527cea5477","_req_unseen":"false","_req_raw":"<Buffer 4d 49 4d 45 2d 56 65 72 73 69 6f 6e 3a 20 31 2e 30 0d 0a 46 72 6f 6d 3a 20 30 78 36 62 31 37 65 66 61 62 31 61 32 62 33 …","facility":"wildduck","host":"Johns-MacBook-Pro-i9.local","timestamp":1758839201.186,"_component":"wildduck"}
http API 127.0.0.1 root [-/-] POST /users/68d5c1a0abe11a527cea5476/mailboxes/68d5c1a0abe11a527cea5477/messages?unseen=false 200 12ms
info Gelf {"short_message":"WILDDUCK [QUOTA] +","_mail_action":"quota","_user":"68d5c1a0abe11a527cea5476","_inc":264,"_storage_used":23491,"_mailbox":"68d5c1a0abe11a527cea5477","facility":"wildduck","host":"Johns-MacBook-Pro-i9.local","timestamp":1758839201.222,"_component":"wildduck"}
info Gelf {"short_message":"WILDDUCK HTTP [POST /users/:user/mailboxes/:mailbox/messages] OK","_remote_ip":"127.0.0.1","_http_route":"/users/:user/mailboxes/:mailbox/messages","_http_method":"POST","_user":"root","_role":"root","_api_response":"success","_size":114,"_req_user":"68d5c1a0abe11a527cea5476","_req_mailbox":"68d5c1a0abe11a527cea5477","_req_unseen":"true","_req_raw":"<Buffer 66 72 6f 6d 3a 20 30 78 62 30 36 63 64 65 66 61 31 61 32 62 33 63 34 64 35 65 36 66 37 38 39 30 31 32 33 34 35 36 37 38 …","facility":"wildduck","host":"Johns-MacBook-Pro-i9.local","timestamp":1758839201.227,"_component":"wildduck"}
http API 127.0.0.1 root [-/-] POST /users/68d5c1a0abe11a527cea5476/mailboxes/68d5c1a0abe11a527cea5477/messages?unseen=true 200 19ms
info Gelf {"short_message":"WILDDUCK [QUOTA] +","_mail_action":"quota","_user":"68d5c1a0abe11a527cea5476","_inc":178,"_storage_used":23669,"_mailbox":"68d5c1a0abe11a527cea5477","facility":"wildduck","host":"Johns-MacBook-Pro-i9.local","timestamp":1758839201.272,"_component":"wildduck"}
info Gelf {"short_message":"WILDDUCK HTTP [POST /users/:user/mailboxes/:mailbox/messages] OK","_remote_ip":"127.0.0.1","_http_route":"/users/:user/mailboxes/:mailbox/messages","_http_method":"POST","_user":"root","_role":"root","_api_response":"success","_size":114,"_req_user":"68d5c1a0abe11a527cea5476","_req_mailbox":"68d5c1a0abe11a527cea5477","_req_unseen":"true","_req_raw":"<Buffer 66 72 6f 6d 3a 20 30 78 62 30 36 63 64 65 66 61 31 61 32 62 33 63 34 64 35 65 36 66 37 38 39 30 31 32 33 34 35 36 37 38 …","facility":"wildduck","host":"Johns-MacBook-Pro-i9.local","timestamp":1758839201.277,"_component":"wildduck"}
http API 127.0.0.1 root [-/-] POST /users/68d5c1a0abe11a527cea5476/mailboxes/68d5c1a0abe11a527cea5477/messages?unseen=true 200 27ms
info Gelf {"short_message":"WILDDUCK [QUOTA] +","_mail_action":"quota","_user":"68d5c1a0abe11a527cea5476","_inc":178,"_storage_used":23847,"_mailbox":"68d5c1a0abe11a527cea5477","facility":"wildduck","host":"Johns-MacBook-Pro-i9.local","timestamp":1758839201.321,"_component":"wildduck"}
info Gelf {"short_message":"WILDDUCK HTTP [POST /users/:user/mailboxes/:mailbox/messages] OK","_remote_ip":"127.0.0.1","_http_route":"/users/:user/mailboxes/:mailbox/messages","_http_method":"POST","_user":"root","_role":"root","_api_response":"success","_size":114,"_req_user":"68d5c1a0abe11a527cea5476","_req_mailbox":"68d5c1a0abe11a527cea5477","_req_unseen":"true","_req_raw":"<Buffer 66 72 6f 6d 3a 20 30 78 62 30 36 63 64 65 66 61 31 61 32 62 33 63 34 64 35 65 36 66 37 38 39 30 31 32 33 34 35 36 37 38 …","facility":"wildduck","host":"Johns-MacBook-Pro-i9.local","timestamp":1758839201.327,"_component":"wildduck"}
http API 127.0.0.1 root [-/-] POST /users/68d5c1a0abe11a527cea5476/mailboxes/68d5c1a0abe11a527cea5477/messages?unseen=true 200 27ms
info IMAP [oqlxfey4obkuhjgo] Secure connection from [127.0.0.1] to Johns-MacBook-Pro-i9.local 127.0.0.1:9993
sill IMAP [oqlxfey4obkuhjgo] S: * OK WildDuck IMAP Server ready for requests from 127.0.0.1 oqlxfey4obkuhjgo
sill IMAP [oqlxfey4obkuhjgo] C: T1 LOGIN "(* value hidden *)" "(* value hidden *)"
info Gelf {"short_message":"WILDDUCK [AUTHOK] 0x1a2b3c4d5e6f789012345678901234567890abcd","_mail_action":"auth","_auth_result":"success","_username":"0x1a2b3c4d5e6f789012345678901234567890abcd","_domain":"johns-macbook-pro-i9.local","_user":"68d5c1a0abe11a527cea5476","_password_type":"master","_scope":"imap","_ip":"127.0.0.1","_sess":"oqlxfey4obkuhjgo","facility":"wildduck","host":"Johns-MacBook-Pro-i9.local","timestamp":1758839202.045,"_component":"wildduck"}
info Gelf {"short_message":"WILDDUCK [CONNSTART] Connection established for 68d5c1a0abe11a527cea5476","_connection":"establish","_service":"imap","_sess":"oqlxfey4obkuhjgo","_user":"68d5c1a0abe11a527cea5476","_cid":"oqlxfey4obkuhjgo","_ip":"127.0.0.1","_limit":15,"facility":"wildduck","host":"Johns-MacBook-Pro-i9.local","timestamp":1758839202.046,"_component":"wildduck"}
info IMAP [oqlxfey4obkuhjgo] 0x1a2b3c4d5e6f789012345678901234567890abcd authenticated using LOGIN
sill IMAP [oqlxfey4obkuhjgo] New journal listener for 68d5c1a0abe11a527cea5476 (0x1a2b3c4d5e6f789012345678901234567890abcd)
sill IMAP [oqlxfey4obkuhjgo] S: * CAPABILITY IMAP4rev1 APPENDLIMIT=26214400 CHILDREN CONDSTORE ENABLE ID IDLE MOVE NAMESPACE QUOTA SPECIAL-USE UIDPLUS UNSELECT UTF8=ACCEPT XLIST
sill IMAP [oqlxfey4obkuhjgo] S: T1 OK 0x1a2b3c4d5e6f789012345678901234567890abcd authenticated
sill IMAP [oqlxfey4obkuhjgo] C: T2 SELECT INBOX
sill IMAP [oqlxfey4obkuhjgo] Opening "INBOX"
sill IMAP [oqlxfey4obkuhjgo] S: * FLAGS (\Answered \Flagged \Draft \Deleted \Seen)
sill IMAP [oqlxfey4obkuhjgo] S: * OK [PERMANENTFLAGS (\Answered \Flagged \Draft \Deleted \Seen \*)] Flags permitted
sill IMAP [oqlxfey4obkuhjgo] S: * OK [UIDVALIDITY 1758839200] UIDs valid
sill IMAP [oqlxfey4obkuhjgo] S: * 6 EXISTS
sill IMAP [oqlxfey4obkuhjgo] S: * 0 RECENT
sill
IMAP [oqlxfey4obkuhjgo] S: * OK [HIGHESTMODSEQ 5000] Highest
sill IMAP
[oqlxfey4obkuhjgo] S: * OK [UIDNEXT 1000] Predicted next UID
sill IMAP [oqlxfey4obkuhjgo] S: T2 OK [READ-WRITE] SELECT completed
sill IMAP [oqlxfey4obkuhjgo] C: T3 FETCH 4 BODY.PEEK[HEADER]
sill IMAP [oqlxfey4obkuhjgo] FETCH: {"metadataOnly":false,"markAsSeen":false,"messages":1,"query":[{"query":"BODY[HEADER]","item":"body","original":{"type":"ATOM","value":"BODY","section":[{"type":"ATOM","value":"HEADER"}]},"path":"","type":"header","isLiteral":true}],"changedSince":0,"isUid":false}
sill IMAP [oqlxfey4obkuhjgo] Requested FETCH for "68d5c1a0abe11a527cea5477"
sill IMAP [oqlxfey4obkuhjgo] S: <fetch response 68d5c1a0abe11a527cea5477/68d5c1a1abe11a527cea5489/104>
sill IMAP [oqlxfey4obkuhjgo] FETCHOK rows=1 user=68d5c1a0abe11a527cea5476 mailbox=68d5c1a0abe11a527cea5477 time=0.019
info Gelf
{"short_message":"WILDDUCK [FETCH]","_mail_action":"fetch","_user":"68d5c1a0abe11a527cea5476","_mailbox":"68d5c1a0abe11a527cea5477","_sess":"oqlxfey4obkuhjgo","_mark_seen":"no","_is_uid":"no","_message_count":1,"_query":"T3 FETCH 4 BODY[HEADER]","_query_time":19,"_row_count":1,"_total_bytes":282,"_response":true,"facility":"wildduck","host":"Johns-MacBook-Pro-i9.local","timestamp":1758839202.273,"_component":"wildduck"}
sill IMAP [oqlxfey4obkuhjgo] S: T3 OK FETCH completed
sill IMAP [oqlxfey4obkuhjgo] C: T4 LOGOUT
sill
IMAP [oqlxfey4obkuhjgo] Removed journal listener from 68d5c1a0abe11a527cea5476 (0x1a2b3c4d5e6f789012345678901234567890abcd)
sill IMAP [oqlxfey4obkuhjgo] S: * BYE Logout requested
sill
IMAP [oqlxfey4obkuhjgo] S: T4 OK This does compute!
        ✔ should return BODY[HEADER] (575ms)
info Gelf {"short_message":"WILDDUCK [CONNRELEASE] Connection released for 68d5c1a0abe11a527cea5476","_connection":"release","_service":"imap","_sess":"oqlxfey4obkuhjgo","_user":"68d5c1a0abe11a527cea5476","_cid":"oqlxfey4obkuhjgo","_ip":"127.0.0.1","facility":"wildduck","host":"Johns-MacBook-Pro-i9.local","timestamp":1758839202.375,"_component":"wildduck"}
info IMAP [oqlxfey4obkuhjgo] Connection closed to [127.0.0.1]
info Gelf {"short_message":"WILDDUCK HTTP [GET /users] OK","_remote_ip":"127.0.0.1","_http_route":"/users","_http_method":"GET","_user":"root","_role":"root","_api_response":"success","_size":723,"facility":"wildduck","host":"Johns-MacBook-Pro-i9.local","timestamp":1758839203.035,"_component":"wildduck"}
http API 127.0.0.1 root [-/-] GET /users 200 3ms
info Gelf {"short_message":"WILDDUCK HTTP [GET /users] OK","_remote_ip":"127.0.0.1","_http_route":"/users","_http_method":"GET","_user":"root","_role":"root","_api_response":"success","_size":780,"_req_query":"0x1a2b3c4d5e6f789012345678901234567890abcd","facility":"wildduck","host":"Johns-MacBook-Pro-i9.local","timestamp":1758839203.071,"_component":"wildduck"}
http API 127.0.0.1 root [-/-] GET /users?query=0x1a2b3c4d5e6f789012345678901234567890abcd 200 14ms
verb Tasks Created task id=68d5c1a3abe11a527cea5492
info Gelf {"short_message":"WILDDUCK HTTP [DELETE /users/:user] OK","_remote_ip":"127.0.0.1","_http_route":"/users/:user","_http_method":"DELETE","_user":"root","_role":"root","_api_response":"success","_code":"TaskScheduled","_size":209,"_req_user":"68d5c1a0abe11a527cea5476","facility":"wildduck","host":"Johns-MacBook-Pro-i9.local","timestamp":1758839203.126,"_component":"wildduck"}
http API 127.0.0.1 root [-/-] DELETE /users/68d5c1a0abe11a527cea5476 200 22ms
info Gelf {"short_message":"WILDDUCK HTTP [POST /authenticate] OK","_remote_ip":"127.0.0.1","_http_route":"/authenticate","_http_method":"POST","_user":"root","_role":"root","_api_response":"success","_size":334,"_req_username":"0x1a2b3c4d5e6f789012345678901234567890abcd","_req_password":"***","_req_token":"true","_res_id":"68d5c1a5abe11a527cea5494","facility":"wildduck","host":"Johns-MacBook-Pro-i9.local","timestamp":1758839205.75,"_component":"wildduck"}
http API 127.0.0.1 root [-/-] POST /authenticate 200 149ms
info Gelf {"short_message":"WILDDUCK HTTP [GET /users] OK","_remote_ip":"127.0.0.1","_http_route":"/users","_http_method":"GET","_user":"root","_role":"root","_api_response":"success","_size":776,"_req_query":"0x1a2b3c4d5e6f789012345678901234567890abcd","facility":"wildduck","host":"Johns-MacBook-Pro-i9.local","timestamp":1758839205.788,"_component":"wildduck"}
http API 127.0.0.1 root [-/-] GET /users?query=0x1a2b3c4d5e6f789012345678901234567890abcd 200 4ms
info Gelf {"short_message":"WILDDUCK HTTP [GET /users/:user/mailboxes] OK","_remote_ip":"127.0.0.1","_http_route":"/users/:user/mailboxes","_http_method":"GET","_user":"root","_role":"root","_api_response":"success","_size":1275,"_req_user":"68d5c1a5abe11a527cea5494","facility":"wildduck","host":"Johns-MacBook-Pro-i9.local","timestamp":1758839205.823,"_component":"wildduck"}
http API 127.0.0.1 root [-/-] GET /users/68d5c1a5abe11a527cea5494/mailboxes 200 3ms
info Gelf {"short_message":"WILDDUCK HTTP [PUT /users/:user/mailboxes/:mailbox] OK","_remote_ip":"127.0.0.1","_http_route":"/users/:user/mailboxes/:mailbox","_http_method":"PUT","_user":"root","_role":"root","_api_response":"success","_size":22,"_req_user":"68d5c1a5abe11a527cea5494","_req_mailbox":"68d5c1a5abe11a527cea5496","_req_path":"[Gmail]/Sent Mail","facility":"wildduck","host":"Johns-MacBook-Pro-i9.local","timestamp":1758839205.884,"_component":"wildduck"}
http API 127.0.0.1 root [-/-] PUT /users/68d5c1a5abe11a527cea5494/mailboxes/68d5c1a5abe11a527cea5496 200 5ms
info Gelf {"short_message":"WILDDUCK HTTP [GET /users/:user/mailboxes] OK","_remote_ip":"127.0.0.1","_http_route":"/users/:user/mailboxes","_http_method":"GET","_user":"root","_role":"root","_api_response":"success","_size":1283,"_req_user":"68d5c1a5abe11a527cea5494","facility":"wildduck","host":"Johns-MacBook-Pro-i9.local","timestamp":1758839205.92,"_component":"wildduck"}
http
API 127.0.0.1 root [-/-] GET /users/68d5c1a5abe11a527cea5494/mailboxes 200 13ms
verb Tasks Found task for processing id=68d5c1a3abe11a527cea5492
verb Tasks type=user-delete id=68d5c1a3abe11a527cea5492 data={"user":"68d5c1a0abe11a527cea5476"}
verb Tasks task=user-delete id=68d5c1a3abe11a527cea5492 user=68d5c1a0abe11a527cea5476 message=Deleted 3 addresses from registry
verb Tasks task=user-delete id=68d5c1a3abe11a527cea5492 user=68d5c1a0abe11a527cea5476 message=Marked 6 messages for deletion
verb Tasks task=user-delete id=68d5c1a3abe11a527cea5492 user=68d5c1a0abe11a527cea5476 message=Marked total of 6 messages for deletion
verb Tasks task=user-delete id=68d5c1a3abe11a527cea5492 user=68d5c1a0abe11a527cea5476 message=Cleared user specific data
info Tasks Released task id=68d5c1a3abe11a527cea5492 lock=d5ecec44c73ee91f41f05205
info Gelf {"short_message":"WILDDUCK [QUOTA] +","_mail_action":"quota","_user":"68d5c1a5abe11a527cea5494","_inc":256,"_storage_used":256,"_mailbox":"68d5c1a5abe11a527cea5495","facility":"wildduck","host":"Johns-MacBook-Pro-i9.local","timestamp":1758839206.143,"_component":"wildduck"}
info Gelf {"short_message":"WILDDUCK HTTP [POST /users/:user/mailboxes/:mailbox/messages] OK","_remote_ip":"127.0.0.1","_http_route":"/users/:user/mailboxes/:mailbox/messages","_http_method":"POST","_user":"root","_role":"root","_api_response":"success","_size":114,"_req_user":"68d5c1a5abe11a527cea5494","_req_mailbox":"68d5c1a5abe11a527cea5495","_req_date":"14-Sep-2013 21:22:28 -0300","_req_unseen":"true","_req_raw":"<Buffer 66 72 6f 6d 3a 20 30 78 62 30 36 63 64 65 66 61 31 61 32 62 33 63 34 64 35 65 36 66 37 38 39 30 31 32 33 34 35 36 37 38 …","facility":"wildduck","host":"Johns-MacBook-Pro-i9.local","timestamp":1758839206.148,"_component":"wildduck"}
http API 127.0.0.1 root [-/-] POST /users/68d5c1a5abe11a527cea5494/mailboxes/68d5c1a5abe11a527cea5495/messages?date=14-Sep-2013%2021%3A22%3A28%20-0300&unseen=true 200 10ms
info Gelf {"short_message":"WILDDUCK [QUOTA] +","_mail_action":"quota","_user":"68d5c1a5abe11a527cea5494","_inc":21927,"_storage_used":22183,"_mailbox":"68d5c1a5abe11a527cea5495","facility":"wildduck","host":"Johns-MacBook-Pro-i9.local","timestamp":1758839206.201,"_component":"wildduck"}
info Gelf {"short_message":"WILDDUCK HTTP [POST /users/:user/mailboxes/:mailbox/messages] OK","_remote_ip":"127.0.0.1","_http_route":"/users/:user/mailboxes/:mailbox/messages","_http_method":"POST","_user":"root","_role":"root","_api_response":"success","_size":116,"_req_user":"68d5c1a5abe11a527cea5494","_req_mailbox":"68d5c1a5abe11a527cea5495","_req_unseen":"false","_req_raw":"<Buffer 53 75 62 6a 65 63 74 3a 20 52 79 61 6e 20 46 69 6e 6e 69 65 27 73 20 4d 49 4d 45 20 54 6f 72 74 75 72 65 20 54 65 73 74 …","facility":"wildduck","host":"Johns-MacBook-Pro-i9.local","timestamp":1758839206.225,"_component":"wildduck"}
http API 127.0.0.1 root [-/-] POST /users/68d5c1a5abe11a527cea5494/mailboxes/68d5c1a5abe11a527cea5495/messages?unseen=false 200 54ms
info Gelf {"short_message":"WILDDUCK [QUOTA] +","_mail_action":"quota","_user":"68d5c1a5abe11a527cea5494","_inc":1044,"_storage_used":23227,"_mailbox":"68d5c1a5abe11a527cea5495","facility":"wildduck","host":"Johns-MacBook-Pro-i9.local","timestamp":1758839206.271,"_component":"wildduck"}
info Gelf {"short_message":"WILDDUCK HTTP [POST /users/:user/mailboxes/:mailbox/messages] OK","_remote_ip":"127.0.0.1","_http_route":"/users/:user/mailboxes/:mailbox/messages","_http_method":"POST","_user":"root","_role":"root","_api_response":"success","_size":115,"_req_user":"68d5c1a5abe11a527cea5494","_req_mailbox":"68d5c1a5abe11a527cea5495","_req_unseen":"false","_req_raw":"<Buffer 4d 49 4d 45 2d 56 65 72 73 69 6f 6e 3a 20 31 2e 30 0d 0a 46 72 6f 6d 3a 20 30 78 36 62 31 37 65 66 61 62 31 61 32 62 33 …","facility":"wildduck","host":"Johns-MacBook-Pro-i9.local","timestamp":1758839206.278,"_component":"wildduck"}
http API
127.0.0.1 root [-/-] POST /users/68d5c1a5abe11a527cea5494/mailboxes/68d5c1a5abe11a527cea5495/messages?unseen=false 200 29ms
info Gelf {"short_message":"WILDDUCK [QUOTA] +","_mail_action":"quota","_user":"68d5c1a5abe11a527cea5494","_inc":264,"_storage_used":23491,"_mailbox":"68d5c1a5abe11a527cea5495","facility":"wildduck","host":"Johns-MacBook-Pro-i9.local","timestamp":1758839206.323,"_component":"wildduck"}
info Gelf {"short_message":"WILDDUCK HTTP [POST /users/:user/mailboxes/:mailbox/messages] OK","_remote_ip":"127.0.0.1","_http_route":"/users/:user/mailboxes/:mailbox/messages","_http_method":"POST","_user":"root","_role":"root","_api_response":"success","_size":114,"_req_user":"68d5c1a5abe11a527cea5494","_req_mailbox":"68d5c1a5abe11a527cea5495","_req_unseen":"true","_req_raw":"<Buffer 66 72 6f 6d 3a 20 30 78 62 30 36 63 64 65 66 61 31 61 32 62 33 63 34 64 35 65 36 66 37 38 39 30 31 32 33 34 35 36 37 38 …","facility":"wildduck","host":"Johns-MacBook-Pro-i9.local","timestamp":1758839206.33,"_component":"wildduck"}
http API 127.0.0.1 root [-/-] POST /users/68d5c1a5abe11a527cea5494/mailboxes/68d5c1a5abe11a527cea5495/messages?unseen=true 200 29ms
info
Gelf {"short_message":"WILDDUCK [QUOTA] +","_mail_action":"quota","_user":"68d5c1a5abe11a527cea5494","_inc":178,"_storage_used":23669,"_mailbox":"68d5c1a5abe11a527cea5495","facility":"wildduck","host":"Johns-MacBook-Pro-i9.local","timestamp":1758839206.372,"_component":"wildduck"}
info Gelf {"short_message":"WILDDUCK HTTP [POST /users/:user/mailboxes/:mailbox/messages] OK","_remote_ip":"127.0.0.1","_http_route":"/users/:user/mailboxes/:mailbox/messages","_http_method":"POST","_user":"root","_role":"root","_api_response":"success","_size":114,"_req_user":"68d5c1a5abe11a527cea5494","_req_mailbox":"68d5c1a5abe11a527cea5495","_req_unseen":"true","_req_raw":"<Buffer 66 72 6f 6d 3a 20 30 78 62 30 36 63 64 65 66 61 31 61 32 62 33 63 34 64 35 65 36 66 37 38 39 30 31 32 33 34 35 36 37 38 …","facility":"wildduck","host":"Johns-MacBook-Pro-i9.local","timestamp":1758839206.379,"_component":"wildduck"}
http API 127.0.0.1 root [-/-] POST /users/68d5c1a5abe11a527cea5494/mailboxes/68d5c1a5abe11a527cea5495/messages?unseen=true 200 26ms
info Gelf {"short_message":"WILDDUCK [QUOTA] +","_mail_action":"quota","_user":"68d5c1a5abe11a527cea5494","_inc":178,"_storage_used":23847,"_mailbox":"68d5c1a5abe11a527cea5495","facility":"wildduck","host":"Johns-MacBook-Pro-i9.local","timestamp":1758839206.422,"_component":"wildduck"}
info Gelf {"short_message":"WILDDUCK HTTP [POST /users/:user/mailboxes/:mailbox/messages] OK","_remote_ip":"127.0.0.1","_http_route":"/users/:user/mailboxes/:mailbox/messages","_http_method":"POST","_user":"root","_role":"root","_api_response":"success","_size":114,"_req_user":"68d5c1a5abe11a527cea5494","_req_mailbox":"68d5c1a5abe11a527cea5495","_req_unseen":"true","_req_raw":"<Buffer 66 72 6f 6d 3a 20 30 78 62 30 36 63 64 65 66 61 31 61 32 62 33 63 34 64 35 65 36 66 37 38 39 30 31 32 33 34 35 36 37 38 …","facility":"wildduck","host":"Johns-MacBook-Pro-i9.local","timestamp":1758839206.429,"_component":"wildduck"}
http API 127.0.0.1 root [-/-] POST /users/68d5c1a5abe11a527cea5494/mailboxes/68d5c1a5abe11a527cea5495/messages?unseen=true 200 28ms
info IMAP [4cq3cjaoecedh6no] Secure connection from [127.0.0.1] to Johns-MacBook-Pro-i9.local 127.0.0.1:9993
sill IMAP [4cq3cjaoecedh6no] S: * OK WildDuck IMAP Server ready for requests from 127.0.0.1 4cq3cjaoecedh6no
sill IMAP [4cq3cjaoecedh6no] C: T1 LOGIN "(* value hidden *)" "(* value hidden *)"
info Gelf {"short_message":"WILDDUCK [AUTHOK] 0x1a2b3c4d5e6f789012345678901234567890abcd","_mail_action":"auth","_auth_result":"success","_username":"0x1a2b3c4d5e6f789012345678901234567890abcd","_domain":"johns-macbook-pro-i9.local","_user":"68d5c1a5abe11a527cea5494","_password_type":"master","_scope":"imap","_ip":"127.0.0.1","_sess":"4cq3cjaoecedh6no","facility":"wildduck","host":"Johns-MacBook-Pro-i9.local","timestamp":1758839207.093,"_component":"wildduck"}
info Gelf {"short_message":"WILDDUCK [CONNSTART] Connection established for 68d5c1a5abe11a527cea5494","_connection":"establish","_service":"imap","_sess":"4cq3cjaoecedh6no","_user":"68d5c1a5abe11a527cea5494","_cid":"4cq3cjaoecedh6no","_ip":"127.0.0.1","_limit":15,"facility":"wildduck","host":"Johns-MacBook-Pro-i9.local","timestamp":1758839207.095,"_component":"wildduck"}
info IMAP [4cq3cjaoecedh6no] 0x1a2b3c4d5e6f789012345678901234567890abcd authenticated using LOGIN
sill IMAP [4cq3cjaoecedh6no] New journal listener for 68d5c1a5abe11a527cea5494 (0x1a2b3c4d5e6f789012345678901234567890abcd)
sill IMAP [4cq3cjaoecedh6no] S: * CAPABILITY IMAP4rev1 APPENDLIMIT=26214400 CHILDREN CONDSTORE ENABLE ID IDLE MOVE NAMESPACE QUOTA SPECIAL-USE UIDPLUS UNSELECT UTF8=ACCEPT XLIST
sill IMAP [4cq3cjaoecedh6no] S: T1 OK 0x1a2b3c4d5e6f789012345678901234567890abcd authenticated
sill IMAP [4cq3cjaoecedh6no] C: T2 SELECT INBOX
sill IMAP [4cq3cjaoecedh6no] Opening "INBOX"
sill IMAP [4cq3cjaoecedh6no] S: * FLAGS (\Answered \Flagged \Draft \Deleted \Seen)
sill IMAP [4cq3cjaoecedh6no] S: * OK [PERMANENTFLAGS (\Answered \Flagged \Draft \Deleted \Seen \*)] Flags permitted
sill IMAP [4cq3cjaoecedh6no] S: * OK [UIDVALIDITY 1758839205] UIDs valid
sill IMAP [4cq3cjaoecedh6no] S: * 6 EXISTS
sill IMAP [4cq3cjaoecedh6no] S: * 0 RECENT
sill IMAP [4cq3cjaoecedh6no] S: * OK [HIGHESTMODSEQ 5000] Highest
sill IMAP [4cq3cjaoecedh6no] S: * OK [UIDNEXT 1000] Predicted next UID
sill
IMAP [4cq3cjaoecedh6no] S: T2 OK [READ-WRITE] SELECT completed
sill IMAP
[4cq3cjaoecedh6no] C: T3 FETCH 4 BODY.PEEK[HEADER.FIELDS (From Cc)]
sill IMAP [4cq3cjaoecedh6no] FETCH: {"metadataOnly":false,"markAsSeen":false,"messages":1,"query":[{"query":"BODY[HEADER.FIELDS (From Cc)]","item":"body","original":{"type":"ATOM","value":"BODY","section":[{"type":"ATOM","value":"HEADER.FIELDS"},[{"type":"ATOM","value":"From"},{"type":"ATOM","value":"Cc"}]]},"path":"","type":"header.fields","headers":["from","cc"],"isLiteral":true}],"changedSince":0,"isUid":false}
sill IMAP [4cq3cjaoecedh6no] Requested FETCH for "68d5c1a5abe11a527cea5495"
sill IMAP [4cq3cjaoecedh6no] S: <fetch response 68d5c1a5abe11a527cea5495/68d5c1a6abe11a527cea54a8/104>
sill IMAP [4cq3cjaoecedh6no] FETCHOK rows=1 user=68d5c1a5abe11a527cea5494 mailbox=68d5c1a5abe11a527cea5495 time=0.022
info
Gelf {"short_message":"WILDDUCK [FETCH]","_mail_action":"fetch","_user":"68d5c1a5abe11a527cea5494","_mailbox":"68d5c1a5abe11a527cea5495","_sess":"4cq3cjaoecedh6no","_mark_seen":"no","_is_uid":"no","_message_count":1,"_query":"T3 FETCH 4 BODY[HEADER.FIELDS (From Cc)]","_query_time":22,"_row_count":1,"_total_bytes":206,"_response":true,"facility":"wildduck","host":"Johns-MacBook-Pro-i9.local","timestamp":1758839207.324,"_component":"wildduck"}
sill
IMAP [4cq3cjaoecedh6no] S: T3 OK FETCH completed
sill IMAP [4cq3cjaoecedh6no] C: T4 LOGOUT
sill IMAP [4cq3cjaoecedh6no] Removed journal listener from 68d5c1a5abe11a527cea5494 (0x1a2b3c4d5e6f789012345678901234567890abcd)
sill
IMAP [4cq3cjaoecedh6no] S: * BYE Logout requested
sill IMAP
[4cq3cjaoecedh6no] S: T4 OK Ho! Ho! Ho! My BowWow is so proud of his fine fur coat!
        ✔ should return BODY[HEADER.FIELDS] (580ms)
info Gelf {"short_message":"WILDDUCK [CONNRELEASE] Connection released for 68d5c1a5abe11a527cea5494","_connection":"release","_service":"imap","_sess":"4cq3cjaoecedh6no","_user":"68d5c1a5abe11a527cea5494","_cid":"4cq3cjaoecedh6no","_ip":"127.0.0.1","facility":"wildduck","host":"Johns-MacBook-Pro-i9.local","timestamp":1758839207.426,"_component":"wildduck"}
info IMAP [4cq3cjaoecedh6no] Connection closed to [127.0.0.1]
info Gelf {"short_message":"WILDDUCK HTTP [GET /users] OK","_remote_ip":"127.0.0.1","_http_route":"/users","_http_method":"GET","_user":"root","_role":"root","_api_response":"success","_size":723,"facility":"wildduck","host":"Johns-MacBook-Pro-i9.local","timestamp":1758839208.087,"_component":"wildduck"}
http API 127.0.0.1 root [-/-] GET /users 200 4ms
info Gelf {"short_message":"WILDDUCK HTTP [GET /users] OK","_remote_ip":"127.0.0.1","_http_route":"/users","_http_method":"GET","_user":"root","_role":"root","_api_response":"success","_size":780,"_req_query":"0x1a2b3c4d5e6f789012345678901234567890abcd","facility":"wildduck","host":"Johns-MacBook-Pro-i9.local","timestamp":1758839208.122,"_component":"wildduck"}
http API
127.0.0.1 root [-/-] GET /users?query=0x1a2b3c4d5e6f789012345678901234567890abcd 200 12ms
verb Tasks Created task id=68d5c1a8abe11a527cea54b1
info Gelf
{"short_message":"WILDDUCK HTTP [DELETE /users/:user] OK","_remote_ip":"127.0.0.1","_http_route":"/users/:user","_http_method":"DELETE","_user":"root","_role":"root","_api_response":"success","_code":"TaskScheduled","_size":209,"_req_user":"68d5c1a5abe11a527cea5494","facility":"wildduck","host":"Johns-MacBook-Pro-i9.local","timestamp":1758839208.176,"_component":"wildduck"}
http
API 127.0.0.1 root [-/-] DELETE /users/68d5c1a5abe11a527cea5494 200 20ms
info Gelf {"short_message":"WILDDUCK HTTP [POST /authenticate] OK","_remote_ip":"127.0.0.1","_http_route":"/authenticate","_http_method":"POST","_user":"root","_role":"root","_api_response":"success","_size":334,"_req_username":"0x1a2b3c4d5e6f789012345678901234567890abcd","_req_password":"***","_req_token":"true","_res_id":"68d5c1aaabe11a527cea54b3","facility":"wildduck","host":"Johns-MacBook-Pro-i9.local","timestamp":1758839210.8,"_component":"wildduck"}
http API 127.0.0.1 root [-/-] POST /authenticate 200 150ms
info Gelf {"short_message":"WILDDUCK HTTP [GET /users] OK","_remote_ip":"127.0.0.1","_http_route":"/users","_http_method":"GET","_user":"root","_role":"root","_api_response":"success","_size":776,"_req_query":"0x1a2b3c4d5e6f789012345678901234567890abcd","facility":"wildduck","host":"Johns-MacBook-Pro-i9.local","timestamp":1758839210.838,"_component":"wildduck"}
http API 127.0.0.1 root [-/-] GET /users?query=0x1a2b3c4d5e6f789012345678901234567890abcd 200 5ms
info Gelf {"short_message":"WILDDUCK HTTP [GET /users/:user/mailboxes] OK","_remote_ip":"127.0.0.1","_http_route":"/users/:user/mailboxes","_http_method":"GET","_user":"root","_role":"root","_api_response":"success","_size":1275,"_req_user":"68d5c1aaabe11a527cea54b3","facility":"wildduck","host":"Johns-MacBook-Pro-i9.local","timestamp":1758839210.875,"_component":"wildduck"}
http API 127.0.0.1 root [-/-] GET /users/68d5c1aaabe11a527cea54b3/mailboxes 200 2ms
info Gelf {"short_message":"WILDDUCK HTTP [PUT /users/:user/mailboxes/:mailbox] OK","_remote_ip":"127.0.0.1","_http_route":"/users/:user/mailboxes/:mailbox","_http_method":"PUT","_user":"root","_role":"root","_api_response":"success","_size":22,"_req_user":"68d5c1aaabe11a527cea54b3","_req_mailbox":"68d5c1aaabe11a527cea54b5","_req_path":"[Gmail]/Sent Mail","facility":"wildduck","host":"Johns-MacBook-Pro-i9.local","timestamp":1758839210.936,"_component":"wildduck"}
http API 127.0.0.1 root [-/-] PUT /users/68d5c1aaabe11a527cea54b3/mailboxes/68d5c1aaabe11a527cea54b5 200 6ms
info Gelf {"short_message":"WILDDUCK HTTP [GET /users/:user/mailboxes] OK","_remote_ip":"127.0.0.1","_http_route":"/users/:user/mailboxes","_http_method":"GET","_user":"root","_role":"root","_api_response":"success","_size":1283,"_req_user":"68d5c1aaabe11a527cea54b3","facility":"wildduck","host":"Johns-MacBook-Pro-i9.local","timestamp":1758839210.97,"_component":"wildduck"}
http API 127.0.0.1 root [-/-] GET /users/68d5c1aaabe11a527cea54b3/mailboxes 200 10ms
info Gelf {"short_message":"WILDDUCK [QUOTA] +","_mail_action":"quota","_user":"68d5c1aaabe11a527cea54b3","_inc":256,"_storage_used":256,"_mailbox":"68d5c1aaabe11a527cea54b4","facility":"wildduck","host":"Johns-MacBook-Pro-i9.local","timestamp":1758839211.172,"_component":"wildduck"}
info Gelf {"short_message":"WILDDUCK HTTP [POST /users/:user/mailboxes/:mailbox/messages] OK","_remote_ip":"127.0.0.1","_http_route":"/users/:user/mailboxes/:mailbox/messages","_http_method":"POST","_user":"root","_role":"root","_api_response":"success","_size":114,"_req_user":"68d5c1aaabe11a527cea54b3","_req_mailbox":"68d5c1aaabe11a527cea54b4","_req_date":"14-Sep-2013 21:22:28 -0300","_req_unseen":"true","_req_raw":"<Buffer 66 72 6f 6d 3a 20 30 78 62 30 36 63 64 65 66 61 31 61 32 62 33 63 34 64 35 65 36 66 37 38 39 30 31 32 33 34 35 36 37 38 …","facility":"wildduck","host":"Johns-MacBook-Pro-i9.local","timestamp":1758839211.178,"_component":"wildduck"}
http API 127.0.0.1 root [-/-] POST /users/68d5c1aaabe11a527cea54b3/mailboxes/68d5c1aaabe11a527cea54b4/messages?date=14-Sep-2013%2021%3A22%3A28%20-0300&unseen=true 200 28ms
info Gelf {"short_message":"WILDDUCK [QUOTA] +","_mail_action":"quota","_user":"68d5c1aaabe11a527cea54b3","_inc":21927,"_storage_used":22183,"_mailbox":"68d5c1aaabe11a527cea54b4","facility":"wildduck","host":"Johns-MacBook-Pro-i9.local","timestamp":1758839211.242,"_component":"wildduck"}
info Gelf {"short_message":"WILDDUCK HTTP [POST /users/:user/mailboxes/:mailbox/messages] OK","_remote_ip":"127.0.0.1","_http_route":"/users/:user/mailboxes/:mailbox/messages","_http_method":"POST","_user":"root","_role":"root","_api_response":"success","_size":116,"_req_user":"68d5c1aaabe11a527cea54b3","_req_mailbox":"68d5c1aaabe11a527cea54b4","_req_unseen":"false","_req_raw":"<Buffer 53 75 62 6a 65 63 74 3a 20 52 79 61 6e 20 46 69 6e 6e 69 65 27 73 20 4d 49 4d 45 20 54 6f 72 74 75 72 65 20 54 65 73 74 …","facility":"wildduck","host":"Johns-MacBook-Pro-i9.local","timestamp":1758839211.252,"_component":"wildduck"}
http API 127.0.0.1 root [-/-] POST /users/68d5c1aaabe11a527cea54b3/mailboxes/68d5c1aaabe11a527cea54b4/messages?unseen=false 200 51ms
info Gelf {"short_message":"WILDDUCK [QUOTA] +","_mail_action":"quota","_user":"68d5c1aaabe11a527cea54b3","_inc":1044,"_storage_used":23227,"_mailbox":"68d5c1aaabe11a527cea54b4","facility":"wildduck","host":"Johns-MacBook-Pro-i9.local","timestamp":1758839211.289,"_component":"wildduck"}
info Gelf {"short_message":"WILDDUCK HTTP [POST /users/:user/mailboxes/:mailbox/messages] OK","_remote_ip":"127.0.0.1","_http_route":"/users/:user/mailboxes/:mailbox/messages","_http_method":"POST","_user":"root","_role":"root","_api_response":"success","_size":115,"_req_user":"68d5c1aaabe11a527cea54b3","_req_mailbox":"68d5c1aaabe11a527cea54b4","_req_unseen":"false","_req_raw":"<Buffer 4d 49 4d 45 2d 56 65 72 73 69 6f 6e 3a 20 31 2e 30 0d 0a 46 72 6f 6d 3a 20 30 78 36 62 31 37 65 66 61 62 31 61 32 62 33 …","facility":"wildduck","host":"Johns-MacBook-Pro-i9.local","timestamp":1758839211.296,"_component":"wildduck"}
http API 127.0.0.1 root [-/-] POST /users/68d5c1aaabe11a527cea54b3/mailboxes/68d5c1aaabe11a527cea54b4/messages?unseen=false 200 17ms
info Gelf {"short_message":"WILDDUCK [QUOTA] +","_mail_action":"quota","_user":"68d5c1aaabe11a527cea54b3","_inc":264,"_storage_used":23491,"_mailbox":"68d5c1aaabe11a527cea54b4","facility":"wildduck","host":"Johns-MacBook-Pro-i9.local","timestamp":1758839211.323,"_component":"wildduck"}
info Gelf {"short_message":"WILDDUCK HTTP [POST /users/:user/mailboxes/:mailbox/messages] OK","_remote_ip":"127.0.0.1","_http_route":"/users/:user/mailboxes/:mailbox/messages","_http_method":"POST","_user":"root","_role":"root","_api_response":"success","_size":114,"_req_user":"68d5c1aaabe11a527cea54b3","_req_mailbox":"68d5c1aaabe11a527cea54b4","_req_unseen":"true","_req_raw":"<Buffer 66 72 6f 6d 3a 20 30 78 62 30 36 63 64 65 66 61 31 61 32 62 33 63 34 64 35 65 36 66 37 38 39 30 31 32 33 34 35 36 37 38 …","facility":"wildduck","host":"Johns-MacBook-Pro-i9.local","timestamp":1758839211.329,"_component":"wildduck"}
http API 127.0.0.1 root [-/-] POST /users/68d5c1aaabe11a527cea54b3/mailboxes/68d5c1aaabe11a527cea54b4/messages?unseen=true 200 11ms
info Gelf {"short_message":"WILDDUCK [QUOTA] +","_mail_action":"quota","_user":"68d5c1aaabe11a527cea54b3","_inc":178,"_storage_used":23669,"_mailbox":"68d5c1aaabe11a527cea54b4","facility":"wildduck","host":"Johns-MacBook-Pro-i9.local","timestamp":1758839211.372,"_component":"wildduck"}
info Gelf
{"short_message":"WILDDUCK HTTP [POST /users/:user/mailboxes/:mailbox/messages] OK","_remote_ip":"127.0.0.1","_http_route":"/users/:user/mailboxes/:mailbox/messages","_http_method":"POST","_user":"root","_role":"root","_api_response":"success","_size":114,"_req_user":"68d5c1aaabe11a527cea54b3","_req_mailbox":"68d5c1aaabe11a527cea54b4","_req_unseen":"true","_req_raw":"<Buffer 66 72 6f 6d 3a 20 30 78 62 30 36 63 64 65 66 61 31 61 32 62 33 63 34 64 35 65 36 66 37 38 39 30 31 32 33 34 35 36 37 38 …","facility":"wildduck","host":"Johns-MacBook-Pro-i9.local","timestamp":1758839211.377,"_component":"wildduck"}
http
API 127.0.0.1 root [-/-] POST /users/68d5c1aaabe11a527cea54b3/mailboxes/68d5c1aaabe11a527cea54b4/messages?unseen=true 200 23ms
info Gelf {"short_message":"WILDDUCK [QUOTA] +","_mail_action":"quota","_user":"68d5c1aaabe11a527cea54b3","_inc":178,"_storage_used":23847,"_mailbox":"68d5c1aaabe11a527cea54b4","facility":"wildduck","host":"Johns-MacBook-Pro-i9.local","timestamp":1758839211.423,"_component":"wildduck"}
info Gelf {"short_message":"WILDDUCK HTTP [POST /users/:user/mailboxes/:mailbox/messages] OK","_remote_ip":"127.0.0.1","_http_route":"/users/:user/mailboxes/:mailbox/messages","_http_method":"POST","_user":"root","_role":"root","_api_response":"success","_size":114,"_req_user":"68d5c1aaabe11a527cea54b3","_req_mailbox":"68d5c1aaabe11a527cea54b4","_req_unseen":"true","_req_raw":"<Buffer 66 72 6f 6d 3a 20 30 78 62 30 36 63 64 65 66 61 31 61 32 62 33 63 34 64 35 65 36 66 37 38 39 30 31 32 33 34 35 36 37 38 …","facility":"wildduck","host":"Johns-MacBook-Pro-i9.local","timestamp":1758839211.428,"_component":"wildduck"}
http
API 127.0.0.1 root [-/-] POST /users/68d5c1aaabe11a527cea54b3/mailboxes/68d5c1aaabe11a527cea54b4/messages?unseen=true 200 28ms
info IMAP [hht5nsywpodncbkj] Secure connection from [127.0.0.1] to Johns-MacBook-Pro-i9.local 127.0.0.1:9993
sill IMAP [hht5nsywpodncbkj] S: * OK WildDuck IMAP Server ready for requests from 127.0.0.1 hht5nsywpodncbkj
verb Tasks Found task for processing id=68d5c1a8abe11a527cea54b1
verb
Tasks type=user-delete id=68d5c1a8abe11a527cea54b1 data={"user":"68d5c1a5abe11a527cea5494"}
verb Tasks task=user-delete id=68d5c1a8abe11a527cea54b1 user=68d5c1a5abe11a527cea5494 message=Deleted 3 addresses from registry
verb Tasks task=user-delete id=68d5c1a8abe11a527cea54b1 user=68d5c1a5abe11a527cea5494 message=Marked 6 messages for deletion
verb
Tasks task=user-delete id=68d5c1a8abe11a527cea54b1 user=68d5c1a5abe11a527cea5494 message=Marked total of 6 messages for deletion
verb Tasks task=user-delete id=68d5c1a8abe11a527cea54b1 user=68d5c1a5abe11a527cea5494 message=Cleared user specific data
info Tasks Released task id=68d5c1a8abe11a527cea54b1 lock=7ec45f3b3d3678ad166d152f
sill IMAP [hht5nsywpodncbkj] C: T1 LOGIN "(* value hidden *)" "(* value hidden *)"
info Gelf {"short_message":"WILDDUCK [AUTHOK] 0x1a2b3c4d5e6f789012345678901234567890abcd","_mail_action":"auth","_auth_result":"success","_username":"0x1a2b3c4d5e6f789012345678901234567890abcd","_domain":"johns-macbook-pro-i9.local","_user":"68d5c1aaabe11a527cea54b3","_password_type":"master","_scope":"imap","_ip":"127.0.0.1","_sess":"hht5nsywpodncbkj","facility":"wildduck","host":"Johns-MacBook-Pro-i9.local","timestamp":1758839212.122,"_component":"wildduck"}
info Gelf {"short_message":"WILDDUCK [CONNSTART] Connection established for 68d5c1aaabe11a527cea54b3","_connection":"establish","_service":"imap","_sess":"hht5nsywpodncbkj","_user":"68d5c1aaabe11a527cea54b3","_cid":"hht5nsywpodncbkj","_ip":"127.0.0.1","_limit":15,"facility":"wildduck","host":"Johns-MacBook-Pro-i9.local","timestamp":1758839212.123,"_component":"wildduck"}
info IMAP [hht5nsywpodncbkj] 0x1a2b3c4d5e6f789012345678901234567890abcd authenticated using LOGIN
sill IMAP [hht5nsywpodncbkj] New journal listener for 68d5c1aaabe11a527cea54b3 (0x1a2b3c4d5e6f789012345678901234567890abcd)
sill IMAP [hht5nsywpodncbkj] S: * CAPABILITY IMAP4rev1 APPENDLIMIT=26214400 CHILDREN CONDSTORE ENABLE ID IDLE MOVE NAMESPACE QUOTA SPECIAL-USE UIDPLUS UNSELECT UTF8=ACCEPT XLIST
sill IMAP [hht5nsywpodncbkj] S: T1 OK 0x1a2b3c4d5e6f789012345678901234567890abcd authenticated
sill IMAP [hht5nsywpodncbkj] C: T2 SELECT INBOX
sill IMAP [hht5nsywpodncbkj] Opening "INBOX"
sill IMAP [hht5nsywpodncbkj] S: * FLAGS (\Answered \Flagged \Draft \Deleted \Seen)
sill IMAP [hht5nsywpodncbkj] S: * OK [PERMANENTFLAGS (\Answered \Flagged \Draft \Deleted \Seen \*)] Flags permitted
sill IMAP [hht5nsywpodncbkj] S: * OK [UIDVALIDITY 1758839210] UIDs valid
sill IMAP [hht5nsywpodncbkj] S: * 6 EXISTS
sill IMAP [hht5nsywpodncbkj] S: * 0 RECENT
sill IMAP [hht5nsywpodncbkj] S: * OK [HIGHESTMODSEQ 5000] Highest
sill IMAP [hht5nsywpodncbkj] S: * OK [UIDNEXT 1000] Predicted next UID
sill IMAP [hht5nsywpodncbkj] S: T2 OK [READ-WRITE] SELECT completed
sill IMAP [hht5nsywpodncbkj] C: T3 FETCH 4 BODY.PEEK[HEADER.FIELDS.NOT (From Cc)]
sill IMAP [hht5nsywpodncbkj] FETCH: {"metadataOnly":false,"markAsSeen":false,"messages":1,"query":[{"query":"BODY[HEADER.FIELDS.NOT (From Cc)]","item":"body","original":{"type":"ATOM","value":"BODY","section":[{"type":"ATOM","value":"HEADER.FIELDS.NOT"},[{"type":"ATOM","value":"From"},{"type":"ATOM","value":"Cc"}]]},"path":"","type":"header.fields.not","headers":["from","cc"],"isLiteral":true}],"changedSince":0,"isUid":false}
sill IMAP
[hht5nsywpodncbkj] Requested FETCH for "68d5c1aaabe11a527cea54b4"
sill IMAP [hht5nsywpodncbkj] S: <fetch response 68d5c1aaabe11a527cea54b4/68d5c1ababe11a527cea54c6/104>
sill
IMAP [hht5nsywpodncbkj] FETCHOK rows=1 user=68d5c1aaabe11a527cea54b3 mailbox=68d5c1aaabe11a527cea54b4 time=0.005
info
Gelf {"short_message":"WILDDUCK [FETCH]","_mail_action":"fetch","_user":"68d5c1aaabe11a527cea54b3","_mailbox":"68d5c1aaabe11a527cea54b4","_sess":"hht5nsywpodncbkj","_mark_seen":"no","_is_uid":"no","_message_count":1,"_query":"T3 FETCH 4 BODY[HEADER.FIELDS.NOT (From Cc)]","_query_time":5,"_row_count":1,"_total_bytes":147,"_response":true,"facility":"wildduck","host":"Johns-MacBook-Pro-i9.local","timestamp":1758839212.334,"_component":"wildduck"}
sill IMAP [hht5nsywpodncbkj] S: T3 OK FETCH completed
sill IMAP [hht5nsywpodncbkj] C: T4 LOGOUT
sill IMAP [hht5nsywpodncbkj] Removed journal listener from 68d5c1aaabe11a527cea54b3 (0x1a2b3c4d5e6f789012345678901234567890abcd)
sill IMAP [hht5nsywpodncbkj] S: * BYE Logout requested
sill IMAP [hht5nsywpodncbkj] S: T4 OK Oh ho ho ho, duck hunters is da cwaziest peoples! Ha ha ha.
        ✔ should return BODY[HEADER.FIELDS.NOT] (558ms)
info Gelf {"short_message":"WILDDUCK [CONNRELEASE] Connection released for 68d5c1aaabe11a527cea54b3","_connection":"release","_service":"imap","_sess":"hht5nsywpodncbkj","_user":"68d5c1aaabe11a527cea54b3","_cid":"hht5nsywpodncbkj","_ip":"127.0.0.1","facility":"wildduck","host":"Johns-MacBook-Pro-i9.local","timestamp":1758839212.436,"_component":"wildduck"}
info IMAP [hht5nsywpodncbkj] Connection closed to [127.0.0.1]
info Gelf {"short_message":"WILDDUCK HTTP [GET /users] OK","_remote_ip":"127.0.0.1","_http_route":"/users","_http_method":"GET","_user":"root","_role":"root","_api_response":"success","_size":723,"facility":"wildduck","host":"Johns-MacBook-Pro-i9.local","timestamp":1758839213.101,"_component":"wildduck"}
http API 127.0.0.1 root [-/-] GET /users 200 4ms
info
Gelf {"short_message":"WILDDUCK HTTP [GET /users] OK","_remote_ip":"127.0.0.1","_http_route":"/users","_http_method":"GET","_user":"root","_role":"root","_api_response":"success","_size":780,"_req_query":"0x1a2b3c4d5e6f789012345678901234567890abcd","facility":"wildduck","host":"Johns-MacBook-Pro-i9.local","timestamp":1758839213.128,"_component":"wildduck"}
http API 127.0.0.1 root [-/-] GET /users?query=0x1a2b3c4d5e6f789012345678901234567890abcd 200 5ms
verb Tasks Created task id=68d5c1adabe11a527cea54d0
info Gelf {"short_message":"WILDDUCK HTTP [DELETE /users/:user] OK","_remote_ip":"127.0.0.1","_http_route":"/users/:user","_http_method":"DELETE","_user":"root","_role":"root","_api_response":"success","_code":"TaskScheduled","_size":209,"_req_user":"68d5c1aaabe11a527cea54b3","facility":"wildduck","host":"Johns-MacBook-Pro-i9.local","timestamp":1758839213.175,"_component":"wildduck"}
http API
127.0.0.1 root [-/-] DELETE /users/68d5c1aaabe11a527cea54b3 200 11ms
verb Tasks Found task for processing id=68d5c1adabe11a527cea54d0
verb Tasks type=user-delete id=68d5c1adabe11a527cea54d0 data={"user":"68d5c1aaabe11a527cea54b3"}
verb Tasks task=user-delete id=68d5c1adabe11a527cea54d0 user=68d5c1aaabe11a527cea54b3 message=Deleted 3 addresses from registry
verb Tasks
task=user-delete id=68d5c1adabe11a527cea54d0 user=68d5c1aaabe11a527cea54b3 message=Marked 6 messages for deletion
verb Tasks task=user-delete id=68d5c1adabe11a527cea54d0 user=68d5c1aaabe11a527cea54b3 message=Marked total of 6 messages for deletion
verb Tasks task=user-delete id=68d5c1adabe11a527cea54d0 user=68d5c1aaabe11a527cea54b3 message=Cleared user specific data
info Tasks Released task id=68d5c1adabe11a527cea54d0 lock=edfb55514bf4841a37fd9953
info Gelf {"short_message":"WILDDUCK HTTP [POST /authenticate] OK","_remote_ip":"127.0.0.1","_http_route":"/authenticate","_http_method":"POST","_user":"root","_role":"root","_api_response":"success","_size":334,"_req_username":"0x1a2b3c4d5e6f789012345678901234567890abcd","_req_password":"***","_req_token":"true","_res_id":"68d5c1afabe11a527cea54d3","facility":"wildduck","host":"Johns-MacBook-Pro-i9.local","timestamp":1758839215.801,"_component":"wildduck"}
http API 127.0.0.1 root [-/-] POST /authenticate 200 151ms
info Gelf {"short_message":"WILDDUCK HTTP [GET /users] OK","_remote_ip":"127.0.0.1","_http_route":"/users","_http_method":"GET","_user":"root","_role":"root","_api_response":"success","_size":776,"_req_query":"0x1a2b3c4d5e6f789012345678901234567890abcd","facility":"wildduck","host":"Johns-MacBook-Pro-i9.local","timestamp":1758839215.84,"_component":"wildduck"}
http API 127.0.0.1 root [-/-] GET /users?query=0x1a2b3c4d5e6f789012345678901234567890abcd 200 5ms
info Gelf {"short_message":"WILDDUCK HTTP [GET /users/:user/mailboxes] OK","_remote_ip":"127.0.0.1","_http_route":"/users/:user/mailboxes","_http_method":"GET","_user":"root","_role":"root","_api_response":"success","_size":1275,"_req_user":"68d5c1afabe11a527cea54d3","facility":"wildduck","host":"Johns-MacBook-Pro-i9.local","timestamp":1758839215.877,"_component":"wildduck"}
http API 127.0.0.1 root [-/-] GET /users/68d5c1afabe11a527cea54d3/mailboxes 200 2ms
info Gelf {"short_message":"WILDDUCK HTTP [PUT /users/:user/mailboxes/:mailbox] OK","_remote_ip":"127.0.0.1","_http_route":"/users/:user/mailboxes/:mailbox","_http_method":"PUT","_user":"root","_role":"root","_api_response":"success","_size":22,"_req_user":"68d5c1afabe11a527cea54d3","_req_mailbox":"68d5c1afabe11a527cea54d5","_req_path":"[Gmail]/Sent Mail","facility":"wildduck","host":"Johns-MacBook-Pro-i9.local","timestamp":1758839215.937,"_component":"wildduck"}
http API 127.0.0.1 root [-/-] PUT /users/68d5c1afabe11a527cea54d3/mailboxes/68d5c1afabe11a527cea54d5 200 5ms
info Gelf {"short_message":"WILDDUCK HTTP [GET /users/:user/mailboxes] OK","_remote_ip":"127.0.0.1","_http_route":"/users/:user/mailboxes","_http_method":"GET","_user":"root","_role":"root","_api_response":"success","_size":1283,"_req_user":"68d5c1afabe11a527cea54d3","facility":"wildduck","host":"Johns-MacBook-Pro-i9.local","timestamp":1758839216.02,"_component":"wildduck"}
http API 127.0.0.1 root [-/-] GET /users/68d5c1afabe11a527cea54d3/mailboxes 200 16ms
info Gelf {"short_message":"WILDDUCK [QUOTA] +","_mail_action":"quota","_user":"68d5c1afabe11a527cea54d3","_inc":256,"_storage_used":256,"_mailbox":"68d5c1afabe11a527cea54d4","facility":"wildduck","host":"Johns-MacBook-Pro-i9.local","timestamp":1758839216.197,"_component":"wildduck"}
info Gelf {"short_message":"WILDDUCK HTTP [POST /users/:user/mailboxes/:mailbox/messages] OK","_remote_ip":"127.0.0.1","_http_route":"/users/:user/mailboxes/:mailbox/messages","_http_method":"POST","_user":"root","_role":"root","_api_response":"success","_size":114,"_req_user":"68d5c1afabe11a527cea54d3","_req_mailbox":"68d5c1afabe11a527cea54d4","_req_date":"14-Sep-2013 21:22:28 -0300","_req_unseen":"true","_req_raw":"<Buffer 66 72 6f 6d 3a 20 30 78 62 30 36 63 64 65 66 61 31 61 32 62 33 63 34 64 35 65 36 66 37 38 39 30 31 32 33 34 35 36 37 38 …","facility":"wildduck","host":"Johns-MacBook-Pro-i9.local","timestamp":1758839216.22,"_component":"wildduck"}
http API 127.0.0.1 root [-/-] POST /users/68d5c1afabe11a527cea54d3/mailboxes/68d5c1afabe11a527cea54d4/messages?date=14-Sep-2013%2021%3A22%3A28%20-0300&unseen=true 200 27ms
info Gelf {"short_message":"WILDDUCK [QUOTA] +","_mail_action":"quota","_user":"68d5c1afabe11a527cea54d3","_inc":21927,"_storage_used":22183,"_mailbox":"68d5c1afabe11a527cea54d4","facility":"wildduck","host":"Johns-MacBook-Pro-i9.local","timestamp":1758839216.285,"_component":"wildduck"}
info Gelf {"short_message":"WILDDUCK HTTP [POST /users/:user/mailboxes/:mailbox/messages] OK","_remote_ip":"127.0.0.1","_http_route":"/users/:user/mailboxes/:mailbox/messages","_http_method":"POST","_user":"root","_role":"root","_api_response":"success","_size":116,"_req_user":"68d5c1afabe11a527cea54d3","_req_mailbox":"68d5c1afabe11a527cea54d4","_req_unseen":"false","_req_raw":"<Buffer 53 75 62 6a 65 63 74 3a 20 52 79 61 6e 20 46 69 6e 6e 69 65 27 73 20 4d 49 4d 45 20 54 6f 72 74 75 72 65 20 54 65 73 74 …","facility":"wildduck","host":"Johns-MacBook-Pro-i9.local","timestamp":1758839216.293,"_component":"wildduck"}
http API
127.0.0.1 root [-/-] POST /users/68d5c1afabe11a527cea54d3/mailboxes/68d5c1afabe11a527cea54d4/messages?unseen=false 200 49ms
info Gelf {"short_message":"WILDDUCK [QUOTA] +","_mail_action":"quota","_user":"68d5c1afabe11a527cea54d3","_inc":1044,"_storage_used":23227,"_mailbox":"68d5c1afabe11a527cea54d4","facility":"wildduck","host":"Johns-MacBook-Pro-i9.local","timestamp":1758839216.326,"_component":"wildduck"}
info Gelf {"short_message":"WILDDUCK HTTP [POST /users/:user/mailboxes/:mailbox/messages] OK","_remote_ip":"127.0.0.1","_http_route":"/users/:user/mailboxes/:mailbox/messages","_http_method":"POST","_user":"root","_role":"root","_api_response":"success","_size":115,"_req_user":"68d5c1afabe11a527cea54d3","_req_mailbox":"68d5c1afabe11a527cea54d4","_req_unseen":"false","_req_raw":"<Buffer 4d 49 4d 45 2d 56 65 72 73 69 6f 6e 3a 20 31 2e 30 0d 0a 46 72 6f 6d 3a 20 30 78 36 62 31 37 65 66 61 62 31 61 32 62 33 …","facility":"wildduck","host":"Johns-MacBook-Pro-i9.local","timestamp":1758839216.332,"_component":"wildduck"}
http API 127.0.0.1 root [-/-] POST /users/68d5c1afabe11a527cea54d3/mailboxes/68d5c1afabe11a527cea54d4/messages?unseen=false 200 16ms
info Gelf {"short_message":"WILDDUCK [QUOTA] +","_mail_action":"quota","_user":"68d5c1afabe11a527cea54d3","_inc":264,"_storage_used":23491,"_mailbox":"68d5c1afabe11a527cea54d4","facility":"wildduck","host":"Johns-MacBook-Pro-i9.local","timestamp":1758839216.373,"_component":"wildduck"}
info Gelf {"short_message":"WILDDUCK HTTP [POST /users/:user/mailboxes/:mailbox/messages] OK","_remote_ip":"127.0.0.1","_http_route":"/users/:user/mailboxes/:mailbox/messages","_http_method":"POST","_user":"root","_role":"root","_api_response":"success","_size":114,"_req_user":"68d5c1afabe11a527cea54d3","_req_mailbox":"68d5c1afabe11a527cea54d4","_req_unseen":"true","_req_raw":"<Buffer 66 72 6f 6d 3a 20 30 78 62 30 36 63 64 65 66 61 31 61 32 62 33 63 34 64 35 65 36 66 37 38 39 30 31 32 33 34 35 36 37 38 …","facility":"wildduck","host":"Johns-MacBook-Pro-i9.local","timestamp":1758839216.379,"_component":"wildduck"}
http API 127.0.0.1 root [-/-] POST /users/68d5c1afabe11a527cea54d3/mailboxes/68d5c1afabe11a527cea54d4/messages?unseen=true 200 24ms
info Gelf {"short_message":"WILDDUCK [QUOTA] +","_mail_action":"quota","_user":"68d5c1afabe11a527cea54d3","_inc":178,"_storage_used":23669,"_mailbox":"68d5c1afabe11a527cea54d4","facility":"wildduck","host":"Johns-MacBook-Pro-i9.local","timestamp":1758839216.423,"_component":"wildduck"}
info Gelf {"short_message":"WILDDUCK HTTP [POST /users/:user/mailboxes/:mailbox/messages] OK","_remote_ip":"127.0.0.1","_http_route":"/users/:user/mailboxes/:mailbox/messages","_http_method":"POST","_user":"root","_role":"root","_api_response":"success","_size":114,"_req_user":"68d5c1afabe11a527cea54d3","_req_mailbox":"68d5c1afabe11a527cea54d4","_req_unseen":"true","_req_raw":"<Buffer 66 72 6f 6d 3a 20 30 78 62 30 36 63 64 65 66 61 31 61 32 62 33 63 34 64 35 65 36 66 37 38 39 30 31 32 33 34 35 36 37 38 …","facility":"wildduck","host":"Johns-MacBook-Pro-i9.local","timestamp":1758839216.429,"_component":"wildduck"}
http API 127.0.0.1 root [-/-] POST /users/68d5c1afabe11a527cea54d3/mailboxes/68d5c1afabe11a527cea54d4/messages?unseen=true 200 24ms
info Gelf {"short_message":"WILDDUCK [QUOTA] +","_mail_action":"quota","_user":"68d5c1afabe11a527cea54d3","_inc":178,"_storage_used":23847,"_mailbox":"68d5c1afabe11a527cea54d4","facility":"wildduck","host":"Johns-MacBook-Pro-i9.local","timestamp":1758839216.473,"_component":"wildduck"}
info Gelf {"short_message":"WILDDUCK HTTP [POST /users/:user/mailboxes/:mailbox/messages] OK","_remote_ip":"127.0.0.1","_http_route":"/users/:user/mailboxes/:mailbox/messages","_http_method":"POST","_user":"root","_role":"root","_api_response":"success","_size":114,"_req_user":"68d5c1afabe11a527cea54d3","_req_mailbox":"68d5c1afabe11a527cea54d4","_req_unseen":"true","_req_raw":"<Buffer 66 72 6f 6d 3a 20 30 78 62 30 36 63 64 65 66 61 31 61 32 62 33 63 34 64 35 65 36 66 37 38 39 30 31 32 33 34 35 36 37 38 …","facility":"wildduck","host":"Johns-MacBook-Pro-i9.local","timestamp":1758839216.48,"_component":"wildduck"}
http API 127.0.0.1 root [-/-] POST /users/68d5c1afabe11a527cea54d3/mailboxes/68d5c1afabe11a527cea54d4/messages?unseen=true 200 25ms
info IMAP [qaqbzdmmh47ra5wf] Secure connection from [127.0.0.1] to Johns-MacBook-Pro-i9.local 127.0.0.1:9993
sill IMAP [qaqbzdmmh47ra5wf] S: * OK WildDuck IMAP Server ready for requests from 127.0.0.1 qaqbzdmmh47ra5wf
sill IMAP [qaqbzdmmh47ra5wf] C: T1 LOGIN "(* value hidden *)" "(* value hidden *)"
info Gelf {"short_message":"WILDDUCK [AUTHOK] 0x1a2b3c4d5e6f789012345678901234567890abcd","_mail_action":"auth","_auth_result":"success","_username":"0x1a2b3c4d5e6f789012345678901234567890abcd","_domain":"johns-macbook-pro-i9.local","_user":"68d5c1afabe11a527cea54d3","_password_type":"master","_scope":"imap","_ip":"127.0.0.1","_sess":"qaqbzdmmh47ra5wf","facility":"wildduck","host":"Johns-MacBook-Pro-i9.local","timestamp":1758839217.121,"_component":"wildduck"}
info Gelf {"short_message":"WILDDUCK [CONNSTART] Connection established for 68d5c1afabe11a527cea54d3","_connection":"establish","_service":"imap","_sess":"qaqbzdmmh47ra5wf","_user":"68d5c1afabe11a527cea54d3","_cid":"qaqbzdmmh47ra5wf","_ip":"127.0.0.1","_limit":15,"facility":"wildduck","host":"Johns-MacBook-Pro-i9.local","timestamp":1758839217.122,"_component":"wildduck"}
info IMAP [qaqbzdmmh47ra5wf] 0x1a2b3c4d5e6f789012345678901234567890abcd authenticated using LOGIN
sill IMAP [qaqbzdmmh47ra5wf] New journal listener for 68d5c1afabe11a527cea54d3 (0x1a2b3c4d5e6f789012345678901234567890abcd)
sill IMAP [qaqbzdmmh47ra5wf] S: * CAPABILITY IMAP4rev1 APPENDLIMIT=26214400 CHILDREN CONDSTORE ENABLE ID IDLE MOVE NAMESPACE QUOTA SPECIAL-USE UIDPLUS UNSELECT UTF8=ACCEPT XLIST
sill IMAP [qaqbzdmmh47ra5wf] S: T1 OK 0x1a2b3c4d5e6f789012345678901234567890abcd authenticated
sill IMAP [qaqbzdmmh47ra5wf] C: T2 SELECT INBOX
sill IMAP [qaqbzdmmh47ra5wf] Opening "INBOX"
sill IMAP [qaqbzdmmh47ra5wf] S: * FLAGS (\Answered \Flagged \Draft \Deleted \Seen)
sill IMAP [qaqbzdmmh47ra5wf] S: * OK [PERMANENTFLAGS (\Answered \Flagged \Draft \Deleted \Seen \*)] Flags permitted
sill IMAP [qaqbzdmmh47ra5wf] S: * OK [UIDVALIDITY 1758839215] UIDs valid
sill IMAP [qaqbzdmmh47ra5wf] S: * 6 EXISTS
sill IMAP [qaqbzdmmh47ra5wf] S: * 0 RECENT
sill IMAP [qaqbzdmmh47ra5wf] S: * OK [HIGHESTMODSEQ 5000] Highest
sill IMAP [qaqbzdmmh47ra5wf] S: * OK [UIDNEXT 1000] Predicted next UID
sill IMAP [qaqbzdmmh47ra5wf] S: T2 OK [READ-WRITE] SELECT completed
sill IMAP [qaqbzdmmh47ra5wf] C: T3 FETCH 4 BODY.PEEK[TEXT]
sill
IMAP [qaqbzdmmh47ra5wf] FETCH: {"metadataOnly":false,"markAsSeen":false,"messages":1,"query":[{"query":"BODY[TEXT]","item":"body","original":{"type":"ATOM","value":"BODY","section":[{"type":"ATOM","value":"TEXT"}]},"path":"","type":"text","isLiteral":true}],"changedSince":0,"isUid":false}
sill
IMAP [qaqbzdmmh47ra5wf] Requested FETCH for "68d5c1afabe11a527cea54d4"
sill IMAP [qaqbzdmmh47ra5wf] S: <fetch response 68d5c1afabe11a527cea54d4/68d5c1b0abe11a527cea54e6/104>
sill
IMAP [qaqbzdmmh47ra5wf] FETCHOK rows=1 user=68d5c1afabe11a527cea54d3 mailbox=68d5c1afabe11a527cea54d4 time=0.005
info Gelf {"short_message":"WILDDUCK [FETCH]","_mail_action":"fetch","_user":"68d5c1afabe11a527cea54d3","_mailbox":"68d5c1afabe11a527cea54d4","_sess":"qaqbzdmmh47ra5wf","_mark_seen":"no","_is_uid":"no","_message_count":1,"_query":"T3 FETCH 4 BODY[TEXT]","_query_time":5,"_row_count":1,"_total_bytes":43,"_response":true,"facility":"wildduck","host":"Johns-MacBook-Pro-i9.local","timestamp":1758839217.333,"_component":"wildduck"}
sill IMAP [qaqbzdmmh47ra5wf] S: T3 OK FETCH completed
sill IMAP [qaqbzdmmh47ra5wf] C: T4 LOGOUT
sill IMAP [qaqbzdmmh47ra5wf] Removed journal listener from 68d5c1afabe11a527cea54d3 (0x1a2b3c4d5e6f789012345678901234567890abcd)
sill
IMAP [qaqbzdmmh47ra5wf] S: * BYE Logout requested
sill IMAP [qaqbzdmmh47ra5wf] S: T4 OK Everything small is just a smaller version of something big.
IMAP Response: "* OK WildDuck IMAP Server ready for requests from 127.0.0.1 qaqbzdmmh47ra5wf\r\n* CAPABILITY IMAP4rev1 APPENDLIMIT=26214400 CHILDREN CONDSTORE ENABLE ID IDLE MOVE NAMESPACE QUOTA SPECIAL-USE UIDPLUS UNSELECT UTF8=ACCEPT XLIST\r\nT1 OK 0x1a2b3c4d5e6f789012345678901234567890abcd authenticated\r\n* FLAGS (\\Answered \\Flagged \\Draft \\Deleted \\Seen)\r\n* OK [PERMANENTFLAGS (\\Answered \\Flagged \\Draft \\Deleted \\Seen \\*)] Flags permitted\r\n* OK [UIDVALIDITY 1758839215] UIDs valid\r\n* 6 EXISTS\r\n* 0 RECENT\r\n* OK [HIGHESTMODSEQ 5000] Highest\r\n* OK [UIDNEXT 1000] Predicted next UID\r\nT2 OK [READ-WRITE] SELECT completed\r\n* 4 FETCH (BODY[TEXT] {14}\r\nHello World!\r\n)\r\nT3 OK FETCH completed\r\n* BYE Logout requested\r\nT4 OK Everything small is just a smaller version of something big.\r\n"
Looking for: "\r\n* 4 FETCH (BODY[TEXT] {14}\r\nHello World!\r\n)\r\n"
        ✔ should return BODY[TEXT] (556ms)
info Gelf {"short_message":"WILDDUCK [CONNRELEASE] Connection released for 68d5c1afabe11a527cea54d3","_connection":"release","_service":"imap","_sess":"qaqbzdmmh47ra5wf","_user":"68d5c1afabe11a527cea54d3","_cid":"qaqbzdmmh47ra5wf","_ip":"127.0.0.1","facility":"wildduck","host":"Johns-MacBook-Pro-i9.local","timestamp":1758839217.435,"_component":"wildduck"}
info IMAP [qaqbzdmmh47ra5wf] Connection closed to [127.0.0.1]
info Gelf {"short_message":"WILDDUCK HTTP [GET /users] OK","_remote_ip":"127.0.0.1","_http_route":"/users","_http_method":"GET","_user":"root","_role":"root","_api_response":"success","_size":723,"facility":"wildduck","host":"Johns-MacBook-Pro-i9.local","timestamp":1758839218.089,"_component":"wildduck"}
http API 127.0.0.1 root [-/-] GET /users 200 3ms
info Gelf {"short_message":"WILDDUCK HTTP [GET /users] OK","_remote_ip":"127.0.0.1","_http_route":"/users","_http_method":"GET","_user":"root","_role":"root","_api_response":"success","_size":780,"_req_query":"0x1a2b3c4d5e6f789012345678901234567890abcd","facility":"wildduck","host":"Johns-MacBook-Pro-i9.local","timestamp":1758839218.122,"_component":"wildduck"}
http API 127.0.0.1 root [-/-] GET /users?query=0x1a2b3c4d5e6f789012345678901234567890abcd 200 10ms
verb Tasks Created task id=68d5c1b2abe11a527cea54ef
info Gelf
{"short_message":"WILDDUCK HTTP [DELETE /users/:user] OK","_remote_ip":"127.0.0.1","_http_route":"/users/:user","_http_method":"DELETE","_user":"root","_role":"root","_api_response":"success","_code":"TaskScheduled","_size":209,"_req_user":"68d5c1afabe11a527cea54d3","facility":"wildduck","host":"Johns-MacBook-Pro-i9.local","timestamp":1758839218.176,"_component":"wildduck"}
http
API 127.0.0.1 root [-/-] DELETE /users/68d5c1afabe11a527cea54d3 200 20ms
verb Tasks Found task for processing id=68d5c1b2abe11a527cea54ef
verb Tasks type=user-delete id=68d5c1b2abe11a527cea54ef data={"user":"68d5c1afabe11a527cea54d3"}
verb Tasks task=user-delete id=68d5c1b2abe11a527cea54ef user=68d5c1afabe11a527cea54d3 message=Deleted 3 addresses from registry
verb Tasks task=user-delete id=68d5c1b2abe11a527cea54ef user=68d5c1afabe11a527cea54d3 message=Marked 6 messages for deletion
verb Tasks task=user-delete id=68d5c1b2abe11a527cea54ef user=68d5c1afabe11a527cea54d3 message=Marked total of 6 messages for deletion
verb Tasks
task=user-delete id=68d5c1b2abe11a527cea54ef user=68d5c1afabe11a527cea54d3 message=Cleared user specific data
info Tasks Released task id=68d5c1b2abe11a527cea54ef lock=e053160b3b3a21686bd4f570
info Gelf {"short_message":"WILDDUCK HTTP [POST /authenticate] OK","_remote_ip":"127.0.0.1","_http_route":"/authenticate","_http_method":"POST","_user":"root","_role":"root","_api_response":"success","_size":334,"_req_username":"0x1a2b3c4d5e6f789012345678901234567890abcd","_req_password":"***","_req_token":"true","_res_id":"68d5c1b4abe11a527cea54f2","facility":"wildduck","host":"Johns-MacBook-Pro-i9.local","timestamp":1758839220.801,"_component":"wildduck"}
http API 127.0.0.1 root [-/-] POST /authenticate 200 133ms
info Gelf {"short_message":"WILDDUCK HTTP [GET /users] OK","_remote_ip":"127.0.0.1","_http_route":"/users","_http_method":"GET","_user":"root","_role":"root","_api_response":"success","_size":776,"_req_query":"0x1a2b3c4d5e6f789012345678901234567890abcd","facility":"wildduck","host":"Johns-MacBook-Pro-i9.local","timestamp":1758839220.839,"_component":"wildduck"}
http API 127.0.0.1 root [-/-] GET /users?query=0x1a2b3c4d5e6f789012345678901234567890abcd 200 4ms
info Gelf {"short_message":"WILDDUCK HTTP [GET /users/:user/mailboxes] OK","_remote_ip":"127.0.0.1","_http_route":"/users/:user/mailboxes","_http_method":"GET","_user":"root","_role":"root","_api_response":"success","_size":1275,"_req_user":"68d5c1b4abe11a527cea54f2","facility":"wildduck","host":"Johns-MacBook-Pro-i9.local","timestamp":1758839220.875,"_component":"wildduck"}
http API 127.0.0.1 root [-/-] GET /users/68d5c1b4abe11a527cea54f2/mailboxes 200 3ms
info Gelf {"short_message":"WILDDUCK HTTP [PUT /users/:user/mailboxes/:mailbox] OK","_remote_ip":"127.0.0.1","_http_route":"/users/:user/mailboxes/:mailbox","_http_method":"PUT","_user":"root","_role":"root","_api_response":"success","_size":22,"_req_user":"68d5c1b4abe11a527cea54f2","_req_mailbox":"68d5c1b4abe11a527cea54f4","_req_path":"[Gmail]/Sent Mail","facility":"wildduck","host":"Johns-MacBook-Pro-i9.local","timestamp":1758839220.938,"_component":"wildduck"}
http API 127.0.0.1 root [-/-] PUT /users/68d5c1b4abe11a527cea54f2/mailboxes/68d5c1b4abe11a527cea54f4 200 6ms
info Gelf {"short_message":"WILDDUCK HTTP [GET /users/:user/mailboxes] OK","_remote_ip":"127.0.0.1","_http_route":"/users/:user/mailboxes","_http_method":"GET","_user":"root","_role":"root","_api_response":"success","_size":1283,"_req_user":"68d5c1b4abe11a527cea54f2","facility":"wildduck","host":"Johns-MacBook-Pro-i9.local","timestamp":1758839220.97,"_component":"wildduck"}
http API 127.0.0.1 root [-/-] GET /users/68d5c1b4abe11a527cea54f2/mailboxes 200 7ms
info Gelf {"short_message":"WILDDUCK [QUOTA] +","_mail_action":"quota","_user":"68d5c1b4abe11a527cea54f2","_inc":256,"_storage_used":256,"_mailbox":"68d5c1b4abe11a527cea54f3","facility":"wildduck","host":"Johns-MacBook-Pro-i9.local","timestamp":1758839221.173,"_component":"wildduck"}
info Gelf {"short_message":"WILDDUCK HTTP [POST /users/:user/mailboxes/:mailbox/messages] OK","_remote_ip":"127.0.0.1","_http_route":"/users/:user/mailboxes/:mailbox/messages","_http_method":"POST","_user":"root","_role":"root","_api_response":"success","_size":114,"_req_user":"68d5c1b4abe11a527cea54f2","_req_mailbox":"68d5c1b4abe11a527cea54f3","_req_date":"14-Sep-2013 21:22:28 -0300","_req_unseen":"true","_req_raw":"<Buffer 66 72 6f 6d 3a 20 30 78 62 30 36 63 64 65 66 61 31 61 32 62 33 63 34 64 35 65 36 66 37 38 39 30 31 32 33 34 35 36 37 38 …","facility":"wildduck","host":"Johns-MacBook-Pro-i9.local","timestamp":1758839221.18,"_component":"wildduck"}
http API 127.0.0.1 root [-/-] POST /users/68d5c1b4abe11a527cea54f2/mailboxes/68d5c1b4abe11a527cea54f3/messages?date=14-Sep-2013%2021%3A22%3A28%20-0300&unseen=true 200 30ms
info Gelf {"short_message":"WILDDUCK [QUOTA] +","_mail_action":"quota","_user":"68d5c1b4abe11a527cea54f2","_inc":21927,"_storage_used":22183,"_mailbox":"68d5c1b4abe11a527cea54f3","facility":"wildduck","host":"Johns-MacBook-Pro-i9.local","timestamp":1758839221.241,"_component":"wildduck"}
info Gelf {"short_message":"WILDDUCK HTTP [POST /users/:user/mailboxes/:mailbox/messages] OK","_remote_ip":"127.0.0.1","_http_route":"/users/:user/mailboxes/:mailbox/messages","_http_method":"POST","_user":"root","_role":"root","_api_response":"success","_size":116,"_req_user":"68d5c1b4abe11a527cea54f2","_req_mailbox":"68d5c1b4abe11a527cea54f3","_req_unseen":"false","_req_raw":"<Buffer 53 75 62 6a 65 63 74 3a 20 52 79 61 6e 20 46 69 6e 6e 69 65 27 73 20 4d 49 4d 45 20 54 6f 72 74 75 72 65 20 54 65 73 74 …","facility":"wildduck","host":"Johns-MacBook-Pro-i9.local","timestamp":1758839221.249,"_component":"wildduck"}
http API 127.0.0.1 root [-/-] POST /users/68d5c1b4abe11a527cea54f2/mailboxes/68d5c1b4abe11a527cea54f3/messages?unseen=false 200 46ms
info Gelf {"short_message":"WILDDUCK [QUOTA] +","_mail_action":"quota","_user":"68d5c1b4abe11a527cea54f2","_inc":1044,"_storage_used":23227,"_mailbox":"68d5c1b4abe11a527cea54f3","facility":"wildduck","host":"Johns-MacBook-Pro-i9.local","timestamp":1758839221.28,"_component":"wildduck"}
info Gelf {"short_message":"WILDDUCK HTTP [POST /users/:user/mailboxes/:mailbox/messages] OK","_remote_ip":"127.0.0.1","_http_route":"/users/:user/mailboxes/:mailbox/messages","_http_method":"POST","_user":"root","_role":"root","_api_response":"success","_size":115,"_req_user":"68d5c1b4abe11a527cea54f2","_req_mailbox":"68d5c1b4abe11a527cea54f3","_req_unseen":"false","_req_raw":"<Buffer 4d 49 4d 45 2d 56 65 72 73 69 6f 6e 3a 20 31 2e 30 0d 0a 46 72 6f 6d 3a 20 30 78 36 62 31 37 65 66 61 62 31 61 32 62 33 …","facility":"wildduck","host":"Johns-MacBook-Pro-i9.local","timestamp":1758839221.286,"_component":"wildduck"}
http API 127.0.0.1 root [-/-] POST /users/68d5c1b4abe11a527cea54f2/mailboxes/68d5c1b4abe11a527cea54f3/messages?unseen=false 200 13ms
info Gelf {"short_message":"WILDDUCK [QUOTA] +","_mail_action":"quota","_user":"68d5c1b4abe11a527cea54f2","_inc":264,"_storage_used":23491,"_mailbox":"68d5c1b4abe11a527cea54f3","facility":"wildduck","host":"Johns-MacBook-Pro-i9.local","timestamp":1758839221.322,"_component":"wildduck"}
info Gelf {"short_message":"WILDDUCK HTTP [POST /users/:user/mailboxes/:mailbox/messages] OK","_remote_ip":"127.0.0.1","_http_route":"/users/:user/mailboxes/:mailbox/messages","_http_method":"POST","_user":"root","_role":"root","_api_response":"success","_size":114,"_req_user":"68d5c1b4abe11a527cea54f2","_req_mailbox":"68d5c1b4abe11a527cea54f3","_req_unseen":"true","_req_raw":"<Buffer 66 72 6f 6d 3a 20 30 78 62 30 36 63 64 65 66 61 31 61 32 62 33 63 34 64 35 65 36 66 37 38 39 30 31 32 33 34 35 36 37 38 …","facility":"wildduck","host":"Johns-MacBook-Pro-i9.local","timestamp":1758839221.328,"_component":"wildduck"}
http API 127.0.0.1 root [-/-] POST /users/68d5c1b4abe11a527cea54f2/mailboxes/68d5c1b4abe11a527cea54f3/messages?unseen=true 200 20ms
info Gelf {"short_message":"WILDDUCK [QUOTA] +","_mail_action":"quota","_user":"68d5c1b4abe11a527cea54f2","_inc":178,"_storage_used":23669,"_mailbox":"68d5c1b4abe11a527cea54f3","facility":"wildduck","host":"Johns-MacBook-Pro-i9.local","timestamp":1758839221.372,"_component":"wildduck"}
info Gelf {"short_message":"WILDDUCK HTTP [POST /users/:user/mailboxes/:mailbox/messages] OK","_remote_ip":"127.0.0.1","_http_route":"/users/:user/mailboxes/:mailbox/messages","_http_method":"POST","_user":"root","_role":"root","_api_response":"success","_size":114,"_req_user":"68d5c1b4abe11a527cea54f2","_req_mailbox":"68d5c1b4abe11a527cea54f3","_req_unseen":"true","_req_raw":"<Buffer 66 72 6f 6d 3a 20 30 78 62 30 36 63 64 65 66 61 31 61 32 62 33 63 34 64 35 65 36 66 37 38 39 30 31 32 33 34 35 36 37 38 …","facility":"wildduck","host":"Johns-MacBook-Pro-i9.local","timestamp":1758839221.377,"_component":"wildduck"}
http API 127.0.0.1 root [-/-] POST /users/68d5c1b4abe11a527cea54f2/mailboxes/68d5c1b4abe11a527cea54f3/messages?unseen=true 200 27ms
info Gelf {"short_message":"WILDDUCK [QUOTA] +","_mail_action":"quota","_user":"68d5c1b4abe11a527cea54f2","_inc":178,"_storage_used":23847,"_mailbox":"68d5c1b4abe11a527cea54f3","facility":"wildduck","host":"Johns-MacBook-Pro-i9.local","timestamp":1758839221.422,"_component":"wildduck"}
info Gelf {"short_message":"WILDDUCK HTTP [POST /users/:user/mailboxes/:mailbox/messages] OK","_remote_ip":"127.0.0.1","_http_route":"/users/:user/mailboxes/:mailbox/messages","_http_method":"POST","_user":"root","_role":"root","_api_response":"success","_size":114,"_req_user":"68d5c1b4abe11a527cea54f2","_req_mailbox":"68d5c1b4abe11a527cea54f3","_req_unseen":"true","_req_raw":"<Buffer 66 72 6f 6d 3a 20 30 78 62 30 36 63 64 65 66 61 31 61 32 62 33 63 34 64 35 65 36 66 37 38 39 30 31 32 33 34 35 36 37 38 …","facility":"wildduck","host":"Johns-MacBook-Pro-i9.local","timestamp":1758839221.427,"_component":"wildduck"}
http API 127.0.0.1 root [-/-] POST /users/68d5c1b4abe11a527cea54f2/mailboxes/68d5c1b4abe11a527cea54f3/messages?unseen=true 200 28ms
info IMAP [od42r34q2oqbhoih] Secure connection from [127.0.0.1] to Johns-MacBook-Pro-i9.local 127.0.0.1:9993
sill IMAP [od42r34q2oqbhoih] S: * OK WildDuck IMAP Server ready for requests from 127.0.0.1 od42r34q2oqbhoih
sill IMAP [od42r34q2oqbhoih] C: T1 LOGIN "(* value hidden *)" "(* value hidden *)"
info Gelf {"short_message":"WILDDUCK [AUTHOK] 0x1a2b3c4d5e6f789012345678901234567890abcd","_mail_action":"auth","_auth_result":"success","_username":"0x1a2b3c4d5e6f789012345678901234567890abcd","_domain":"johns-macbook-pro-i9.local","_user":"68d5c1b4abe11a527cea54f2","_password_type":"master","_scope":"imap","_ip":"127.0.0.1","_sess":"od42r34q2oqbhoih","facility":"wildduck","host":"Johns-MacBook-Pro-i9.local","timestamp":1758839222.145,"_component":"wildduck"}
info Gelf {"short_message":"WILDDUCK [CONNSTART] Connection established for 68d5c1b4abe11a527cea54f2","_connection":"establish","_service":"imap","_sess":"od42r34q2oqbhoih","_user":"68d5c1b4abe11a527cea54f2","_cid":"od42r34q2oqbhoih","_ip":"127.0.0.1","_limit":15,"facility":"wildduck","host":"Johns-MacBook-Pro-i9.local","timestamp":1758839222.146,"_component":"wildduck"}
info IMAP [od42r34q2oqbhoih] 0x1a2b3c4d5e6f789012345678901234567890abcd authenticated using LOGIN
sill IMAP [od42r34q2oqbhoih] New journal listener for 68d5c1b4abe11a527cea54f2 (0x1a2b3c4d5e6f789012345678901234567890abcd)
sill IMAP [od42r34q2oqbhoih] S: * CAPABILITY IMAP4rev1 APPENDLIMIT=26214400 CHILDREN CONDSTORE ENABLE ID IDLE MOVE NAMESPACE QUOTA SPECIAL-USE UIDPLUS UNSELECT UTF8=ACCEPT XLIST
sill IMAP [od42r34q2oqbhoih] S: T1 OK 0x1a2b3c4d5e6f789012345678901234567890abcd authenticated
sill IMAP [od42r34q2oqbhoih] C: T2 SELECT INBOX
sill IMAP [od42r34q2oqbhoih] Opening "INBOX"
sill IMAP [od42r34q2oqbhoih] S: * FLAGS (\Answered \Flagged \Draft \Deleted \Seen)
sill IMAP [od42r34q2oqbhoih] S: * OK [PERMANENTFLAGS (\Answered \Flagged \Draft \Deleted \Seen \*)] Flags permitted
sill IMAP [od42r34q2oqbhoih] S: * OK [UIDVALIDITY 1758839220] UIDs valid
sill IMAP [od42r34q2oqbhoih] S: * 6 EXISTS
sill IMAP [od42r34q2oqbhoih] S: * 0 RECENT
sill IMAP [od42r34q2oqbhoih] S: * OK [HIGHESTMODSEQ 5000] Highest
sill IMAP
[od42r34q2oqbhoih] S: * OK [UIDNEXT 1000] Predicted next UID
sill IMAP [od42r34q2oqbhoih] S: T2 OK [READ-WRITE] SELECT completed
sill IMAP [od42r34q2oqbhoih] C: T3 FETCH 3 BODY.PEEK[1.HEADER]
sill IMAP [od42r34q2oqbhoih] FETCH: {"metadataOnly":false,"markAsSeen":false,"messages":1,"query":[{"query":"BODY[1.HEADER]","item":"body","original":{"type":"ATOM","value":"BODY","section":[{"type":"ATOM","value":"1.HEADER"}]},"path":"1","type":"header","isLiteral":true}],"changedSince":0,"isUid":false}
sill IMAP
[od42r34q2oqbhoih] Requested FETCH for "68d5c1b4abe11a527cea54f3"
sill IMAP [od42r34q2oqbhoih] S: <fetch response 68d5c1b4abe11a527cea54f3/68d5c1b5abe11a527cea5502/103>
sill IMAP [od42r34q2oqbhoih] FETCHOK rows=1 user=68d5c1b4abe11a527cea54f2 mailbox=68d5c1b4abe11a527cea54f3 time=0.02
info Gelf {"short_message":"WILDDUCK [FETCH]","_mail_action":"fetch","_user":"68d5c1b4abe11a527cea54f2","_mailbox":"68d5c1b4abe11a527cea54f3","_sess":"od42r34q2oqbhoih","_mark_seen":"no","_is_uid":"no","_message_count":1,"_query":"T3 FETCH 3 BODY[1.HEADER]","_query_time":20,"_row_count":1,"_total_bytes":217,"_response":true,"facility":"wildduck","host":"Johns-MacBook-Pro-i9.local","timestamp":1758839222.373,"_component":"wildduck"}
sill IMAP [od42r34q2oqbhoih] S: T3 OK FETCH completed
sill IMAP [od42r34q2oqbhoih] C: T4 FETCH 3 BODY.PEEK[2.HEADER]
sill IMAP [od42r34q2oqbhoih] FETCH: {"metadataOnly":false,"markAsSeen":false,"messages":1,"query":[{"query":"BODY[2.HEADER]","item":"body","original":{"type":"ATOM","value":"BODY","section":[{"type":"ATOM","value":"2.HEADER"}]},"path":"2","type":"header","isLiteral":true}],"changedSince":0,"isUid":false}
sill IMAP
[od42r34q2oqbhoih] Requested FETCH for "68d5c1b4abe11a527cea54f3"
sill IMAP [od42r34q2oqbhoih] S: <fetch response 68d5c1b4abe11a527cea54f3/68d5c1b5abe11a527cea5502/103>
sill IMAP [od42r34q2oqbhoih] FETCHOK rows=1 user=68d5c1b4abe11a527cea54f2 mailbox=68d5c1b4abe11a527cea54f3 time=0.006
info
Gelf {"short_message":"WILDDUCK [FETCH]","_mail_action":"fetch","_user":"68d5c1b4abe11a527cea54f2","_mailbox":"68d5c1b4abe11a527cea54f3","_sess":"od42r34q2oqbhoih","_mark_seen":"no","_is_uid":"no","_message_count":1,"_query":"T4 FETCH 3 BODY[2.HEADER]","_query_time":6,"_row_count":1,"_total_bytes":195,"_response":true,"facility":"wildduck","host":"Johns-MacBook-Pro-i9.local","timestamp":1758839222.481,"_component":"wildduck"}
sill IMAP [od42r34q2oqbhoih] S: T4 OK FETCH completed
sill IMAP [od42r34q2oqbhoih] C: T5 LOGOUT
sill
IMAP [od42r34q2oqbhoih] Removed journal listener from 68d5c1b4abe11a527cea54f2 (0x1a2b3c4d5e6f789012345678901234567890abcd)
sill IMAP [od42r34q2oqbhoih] S: * BYE Logout requested
sill IMAP [od42r34q2oqbhoih] S: T5 OK Oh boy, oh boy, oh boy...
        ✔ should return BODY[x.HEADER] (687ms)
info Gelf {"short_message":"WILDDUCK [CONNRELEASE] Connection released for 68d5c1b4abe11a527cea54f2","_connection":"release","_service":"imap","_sess":"od42r34q2oqbhoih","_user":"68d5c1b4abe11a527cea54f2","_cid":"od42r34q2oqbhoih","_ip":"127.0.0.1","facility":"wildduck","host":"Johns-MacBook-Pro-i9.local","timestamp":1758839222.584,"_component":"wildduck"}
info IMAP [od42r34q2oqbhoih] Connection closed to [127.0.0.1]
info Gelf {"short_message":"WILDDUCK HTTP [GET /users] OK","_remote_ip":"127.0.0.1","_http_route":"/users","_http_method":"GET","_user":"root","_role":"root","_api_response":"success","_size":723,"facility":"wildduck","host":"Johns-MacBook-Pro-i9.local","timestamp":1758839223.244,"_component":"wildduck"}
http API 127.0.0.1 root [-/-] GET /users 200 3ms
info Gelf {"short_message":"WILDDUCK HTTP [GET /users] OK","_remote_ip":"127.0.0.1","_http_route":"/users","_http_method":"GET","_user":"root","_role":"root","_api_response":"success","_size":780,"_req_query":"0x1a2b3c4d5e6f789012345678901234567890abcd","facility":"wildduck","host":"Johns-MacBook-Pro-i9.local","timestamp":1758839223.272,"_component":"wildduck"}
http API
127.0.0.1 root [-/-] GET /users?query=0x1a2b3c4d5e6f789012345678901234567890abcd 200 4ms
verb Tasks Created task id=68d5c1b7abe11a527cea550e
info Gelf {"short_message":"WILDDUCK HTTP [DELETE /users/:user] OK","_remote_ip":"127.0.0.1","_http_route":"/users/:user","_http_method":"DELETE","_user":"root","_role":"root","_api_response":"success","_code":"TaskScheduled","_size":209,"_req_user":"68d5c1b4abe11a527cea54f2","facility":"wildduck","host":"Johns-MacBook-Pro-i9.local","timestamp":1758839223.327,"_component":"wildduck"}
http API 127.0.0.1 root [-/-] DELETE /users/68d5c1b4abe11a527cea54f2 200 21ms
info Gelf {"short_message":"WILDDUCK HTTP [POST /authenticate] OK","_remote_ip":"127.0.0.1","_http_route":"/authenticate","_http_method":"POST","_user":"root","_role":"root","_api_response":"success","_size":334,"_req_username":"0x1a2b3c4d5e6f789012345678901234567890abcd","_req_password":"***","_req_token":"true","_res_id":"68d5c1b9abe11a527cea5510","facility":"wildduck","host":"Johns-MacBook-Pro-i9.local","timestamp":1758839225.969,"_component":"wildduck"}
http API 127.0.0.1 root [-/-] POST /authenticate 200 151ms
info Gelf {"short_message":"WILDDUCK HTTP [GET /users] OK","_remote_ip":"127.0.0.1","_http_route":"/users","_http_method":"GET","_user":"root","_role":"root","_api_response":"success","_size":776,"_req_query":"0x1a2b3c4d5e6f789012345678901234567890abcd","facility":"wildduck","host":"Johns-MacBook-Pro-i9.local","timestamp":1758839226.022,"_component":"wildduck"}
http API
127.0.0.1 root [-/-] GET /users?query=0x1a2b3c4d5e6f789012345678901234567890abcd 200 18ms
verb Tasks Found task for processing id=68d5c1b7abe11a527cea550e
verb Tasks type=user-delete id=68d5c1b7abe11a527cea550e data={"user":"68d5c1b4abe11a527cea54f2"}
verb Tasks task=user-delete id=68d5c1b7abe11a527cea550e user=68d5c1b4abe11a527cea54f2 message=Deleted 3 addresses from registry
verb Tasks task=user-delete id=68d5c1b7abe11a527cea550e user=68d5c1b4abe11a527cea54f2 message=Marked 6 messages for deletion
verb Tasks task=user-delete id=68d5c1b7abe11a527cea550e user=68d5c1b4abe11a527cea54f2 message=Marked total of 6 messages for deletion
verb Tasks task=user-delete id=68d5c1b7abe11a527cea550e user=68d5c1b4abe11a527cea54f2 message=Cleared user specific data
info Tasks Released task id=68d5c1b7abe11a527cea550e lock=3754287ac75065badedf18d0
info Gelf {"short_message":"WILDDUCK HTTP [GET /users/:user/mailboxes] OK","_remote_ip":"127.0.0.1","_http_route":"/users/:user/mailboxes","_http_method":"GET","_user":"root","_role":"root","_api_response":"success","_size":1275,"_req_user":"68d5c1b9abe11a527cea5510","facility":"wildduck","host":"Johns-MacBook-Pro-i9.local","timestamp":1758839226.07,"_component":"wildduck"}
http API 127.0.0.1 root [-/-] GET /users/68d5c1b9abe11a527cea5510/mailboxes 200 11ms
info Gelf {"short_message":"WILDDUCK HTTP [PUT /users/:user/mailboxes/:mailbox] OK","_remote_ip":"127.0.0.1","_http_route":"/users/:user/mailboxes/:mailbox","_http_method":"PUT","_user":"root","_role":"root","_api_response":"success","_size":22,"_req_user":"68d5c1b9abe11a527cea5510","_req_mailbox":"68d5c1b9abe11a527cea5512","_req_path":"[Gmail]/Sent Mail","facility":"wildduck","host":"Johns-MacBook-Pro-i9.local","timestamp":1758839226.191,"_component":"wildduck"}
http API 127.0.0.1 root [-/-] PUT /users/68d5c1b9abe11a527cea5510/mailboxes/68d5c1b9abe11a527cea5512 200 5ms
info Gelf {"short_message":"WILDDUCK HTTP [GET /users/:user/mailboxes] OK","_remote_ip":"127.0.0.1","_http_route":"/users/:user/mailboxes","_http_method":"GET","_user":"root","_role":"root","_api_response":"success","_size":1283,"_req_user":"68d5c1b9abe11a527cea5510","facility":"wildduck","host":"Johns-MacBook-Pro-i9.local","timestamp":1758839226.22,"_component":"wildduck"}
http
API 127.0.0.1 root [-/-] GET /users/68d5c1b9abe11a527cea5510/mailboxes 200 6ms
info Gelf {"short_message":"WILDDUCK [QUOTA] +","_mail_action":"quota","_user":"68d5c1b9abe11a527cea5510","_inc":256,"_storage_used":256,"_mailbox":"68d5c1b9abe11a527cea5511","facility":"wildduck","host":"Johns-MacBook-Pro-i9.local","timestamp":1758839226.398,"_component":"wildduck"}
info Gelf {"short_message":"WILDDUCK HTTP [POST /users/:user/mailboxes/:mailbox/messages] OK","_remote_ip":"127.0.0.1","_http_route":"/users/:user/mailboxes/:mailbox/messages","_http_method":"POST","_user":"root","_role":"root","_api_response":"success","_size":114,"_req_user":"68d5c1b9abe11a527cea5510","_req_mailbox":"68d5c1b9abe11a527cea5511","_req_date":"14-Sep-2013 21:22:28 -0300","_req_unseen":"true","_req_raw":"<Buffer 66 72 6f 6d 3a 20 30 78 62 30 36 63 64 65 66 61 31 61 32 62 33 63 34 64 35 65 36 66 37 38 39 30 31 32 33 34 35 36 37 38 …","facility":"wildduck","host":"Johns-MacBook-Pro-i9.local","timestamp":1758839226.421,"_component":"wildduck"}
http API 127.0.0.1 root [-/-] POST /users/68d5c1b9abe11a527cea5510/mailboxes/68d5c1b9abe11a527cea5511/messages?date=14-Sep-2013%2021%3A22%3A28%20-0300&unseen=true 200 28ms
info Gelf {"short_message":"WILDDUCK [QUOTA] +","_mail_action":"quota","_user":"68d5c1b9abe11a527cea5510","_inc":21927,"_storage_used":22183,"_mailbox":"68d5c1b9abe11a527cea5511","facility":"wildduck","host":"Johns-MacBook-Pro-i9.local","timestamp":1758839226.485,"_component":"wildduck"}
info Gelf {"short_message":"WILDDUCK HTTP [POST /users/:user/mailboxes/:mailbox/messages] OK","_remote_ip":"127.0.0.1","_http_route":"/users/:user/mailboxes/:mailbox/messages","_http_method":"POST","_user":"root","_role":"root","_api_response":"success","_size":116,"_req_user":"68d5c1b9abe11a527cea5510","_req_mailbox":"68d5c1b9abe11a527cea5511","_req_unseen":"false","_req_raw":"<Buffer 53 75 62 6a 65 63 74 3a 20 52 79 61 6e 20 46 69 6e 6e 69 65 27 73 20 4d 49 4d 45 20 54 6f 72 74 75 72 65 20 54 65 73 74 …","facility":"wildduck","host":"Johns-MacBook-Pro-i9.local","timestamp":1758839226.493,"_component":"wildduck"}
http API 127.0.0.1 root [-/-] POST /users/68d5c1b9abe11a527cea5510/mailboxes/68d5c1b9abe11a527cea5511/messages?unseen=false 200 48ms
info Gelf {"short_message":"WILDDUCK [QUOTA] +","_mail_action":"quota","_user":"68d5c1b9abe11a527cea5510","_inc":1044,"_storage_used":23227,"_mailbox":"68d5c1b9abe11a527cea5511","facility":"wildduck","host":"Johns-MacBook-Pro-i9.local","timestamp":1758839226.525,"_component":"wildduck"}
info Gelf {"short_message":"WILDDUCK HTTP [POST /users/:user/mailboxes/:mailbox/messages] OK","_remote_ip":"127.0.0.1","_http_route":"/users/:user/mailboxes/:mailbox/messages","_http_method":"POST","_user":"root","_role":"root","_api_response":"success","_size":115,"_req_user":"68d5c1b9abe11a527cea5510","_req_mailbox":"68d5c1b9abe11a527cea5511","_req_unseen":"false","_req_raw":"<Buffer 4d 49 4d 45 2d 56 65 72 73 69 6f 6e 3a 20 31 2e 30 0d 0a 46 72 6f 6d 3a 20 30 78 36 62 31 37 65 66 61 62 31 61 32 62 33 …","facility":"wildduck","host":"Johns-MacBook-Pro-i9.local","timestamp":1758839226.53,"_component":"wildduck"}
http API 127.0.0.1 root [-/-] POST /users/68d5c1b9abe11a527cea5510/mailboxes/68d5c1b9abe11a527cea5511/messages?unseen=false 200 13ms
info Gelf {"short_message":"WILDDUCK [QUOTA] +","_mail_action":"quota","_user":"68d5c1b9abe11a527cea5510","_inc":264,"_storage_used":23491,"_mailbox":"68d5c1b9abe11a527cea5511","facility":"wildduck","host":"Johns-MacBook-Pro-i9.local","timestamp":1758839226.573,"_component":"wildduck"}
info Gelf {"short_message":"WILDDUCK HTTP [POST /users/:user/mailboxes/:mailbox/messages] OK","_remote_ip":"127.0.0.1","_http_route":"/users/:user/mailboxes/:mailbox/messages","_http_method":"POST","_user":"root","_role":"root","_api_response":"success","_size":114,"_req_user":"68d5c1b9abe11a527cea5510","_req_mailbox":"68d5c1b9abe11a527cea5511","_req_unseen":"true","_req_raw":"<Buffer 66 72 6f 6d 3a 20 30 78 62 30 36 63 64 65 66 61 31 61 32 62 33 63 34 64 35 65 36 66 37 38 39 30 31 32 33 34 35 36 37 38 …","facility":"wildduck","host":"Johns-MacBook-Pro-i9.local","timestamp":1758839226.579,"_component":"wildduck"}
http API 127.0.0.1 root [-/-] POST /users/68d5c1b9abe11a527cea5510/mailboxes/68d5c1b9abe11a527cea5511/messages?unseen=true 200 27ms
info Gelf {"short_message":"WILDDUCK [QUOTA] +","_mail_action":"quota","_user":"68d5c1b9abe11a527cea5510","_inc":178,"_storage_used":23669,"_mailbox":"68d5c1b9abe11a527cea5511","facility":"wildduck","host":"Johns-MacBook-Pro-i9.local","timestamp":1758839226.623,"_component":"wildduck"}
info Gelf {"short_message":"WILDDUCK HTTP [POST /users/:user/mailboxes/:mailbox/messages] OK","_remote_ip":"127.0.0.1","_http_route":"/users/:user/mailboxes/:mailbox/messages","_http_method":"POST","_user":"root","_role":"root","_api_response":"success","_size":114,"_req_user":"68d5c1b9abe11a527cea5510","_req_mailbox":"68d5c1b9abe11a527cea5511","_req_unseen":"true","_req_raw":"<Buffer 66 72 6f 6d 3a 20 30 78 62 30 36 63 64 65 66 61 31 61 32 62 33 63 34 64 35 65 36 66 37 38 39 30 31 32 33 34 35 36 37 38 …","facility":"wildduck","host":"Johns-MacBook-Pro-i9.local","timestamp":1758839226.628,"_component":"wildduck"}
http API 127.0.0.1 root [-/-] POST /users/68d5c1b9abe11a527cea5510/mailboxes/68d5c1b9abe11a527cea5511/messages?unseen=true 200 25ms
info Gelf {"short_message":"WILDDUCK [QUOTA] +","_mail_action":"quota","_user":"68d5c1b9abe11a527cea5510","_inc":178,"_storage_used":23847,"_mailbox":"68d5c1b9abe11a527cea5511","facility":"wildduck","host":"Johns-MacBook-Pro-i9.local","timestamp":1758839226.673,"_component":"wildduck"}
info Gelf {"short_message":"WILDDUCK HTTP [POST /users/:user/mailboxes/:mailbox/messages] OK","_remote_ip":"127.0.0.1","_http_route":"/users/:user/mailboxes/:mailbox/messages","_http_method":"POST","_user":"root","_role":"root","_api_response":"success","_size":114,"_req_user":"68d5c1b9abe11a527cea5510","_req_mailbox":"68d5c1b9abe11a527cea5511","_req_unseen":"true","_req_raw":"<Buffer 66 72 6f 6d 3a 20 30 78 62 30 36 63 64 65 66 61 31 61 32 62 33 63 34 64 35 65 36 66 37 38 39 30 31 32 33 34 35 36 37 38 …","facility":"wildduck","host":"Johns-MacBook-Pro-i9.local","timestamp":1758839226.679,"_component":"wildduck"}
http API
127.0.0.1 root [-/-] POST /users/68d5c1b9abe11a527cea5510/mailboxes/68d5c1b9abe11a527cea5511/messages?unseen=true 200 28ms
info IMAP [z3wtcczm5ck2lex5] Secure connection from [127.0.0.1] to Johns-MacBook-Pro-i9.local 127.0.0.1:9993
sill IMAP [z3wtcczm5ck2lex5] S: * OK WildDuck IMAP Server ready for requests from 127.0.0.1 z3wtcczm5ck2lex5
sill IMAP [z3wtcczm5ck2lex5] C: T1 LOGIN "(* value hidden *)" "(* value hidden *)"
info Gelf {"short_message":"WILDDUCK [AUTHOK] 0x1a2b3c4d5e6f789012345678901234567890abcd","_mail_action":"auth","_auth_result":"success","_username":"0x1a2b3c4d5e6f789012345678901234567890abcd","_domain":"johns-macbook-pro-i9.local","_user":"68d5c1b9abe11a527cea5510","_password_type":"master","_scope":"imap","_ip":"127.0.0.1","_sess":"z3wtcczm5ck2lex5","facility":"wildduck","host":"Johns-MacBook-Pro-i9.local","timestamp":1758839227.394,"_component":"wildduck"}
info Gelf
{"short_message":"WILDDUCK [CONNSTART] Connection established for 68d5c1b9abe11a527cea5510","_connection":"establish","_service":"imap","_sess":"z3wtcczm5ck2lex5","_user":"68d5c1b9abe11a527cea5510","_cid":"z3wtcczm5ck2lex5","_ip":"127.0.0.1","_limit":15,"facility":"wildduck","host":"Johns-MacBook-Pro-i9.local","timestamp":1758839227.395,"_component":"wildduck"}
info IMAP [z3wtcczm5ck2lex5] 0x1a2b3c4d5e6f789012345678901234567890abcd authenticated using LOGIN
sill IMAP [z3wtcczm5ck2lex5] New journal listener for 68d5c1b9abe11a527cea5510 (0x1a2b3c4d5e6f789012345678901234567890abcd)
sill IMAP [z3wtcczm5ck2lex5] S: * CAPABILITY IMAP4rev1 APPENDLIMIT=26214400 CHILDREN CONDSTORE ENABLE ID IDLE MOVE NAMESPACE QUOTA SPECIAL-USE UIDPLUS UNSELECT UTF8=ACCEPT XLIST
sill IMAP [z3wtcczm5ck2lex5] S: T1 OK 0x1a2b3c4d5e6f789012345678901234567890abcd authenticated
sill IMAP [z3wtcczm5ck2lex5] C: T2 SELECT INBOX
sill IMAP [z3wtcczm5ck2lex5] Opening "INBOX"
sill IMAP [z3wtcczm5ck2lex5] S: * FLAGS (\Answered \Flagged \Draft \Deleted \Seen)
sill IMAP [z3wtcczm5ck2lex5] S: * OK [PERMANENTFLAGS (\Answered \Flagged \Draft \Deleted \Seen \*)] Flags permitted
sill
IMAP [z3wtcczm5ck2lex5] S: * OK [UIDVALIDITY 1758839225] UIDs valid
sill IMAP [z3wtcczm5ck2lex5] S: * 6 EXISTS
sill IMAP [z3wtcczm5ck2lex5] S: * 0 RECENT
sill IMAP [z3wtcczm5ck2lex5] S: * OK [HIGHESTMODSEQ 5000] Highest
sill IMAP [z3wtcczm5ck2lex5] S: * OK [UIDNEXT 1000] Predicted next UID
sill
IMAP [z3wtcczm5ck2lex5] S: T2 OK [READ-WRITE] SELECT completed
sill IMAP [z3wtcczm5ck2lex5] C: T3 FETCH 3 BODY.PEEK[1.MIME]
sill IMAP [z3wtcczm5ck2lex5] FETCH: {"metadataOnly":false,"markAsSeen":false,"messages":1,"query":[{"query":"BODY[1.MIME]","item":"body","original":{"type":"ATOM","value":"BODY","section":[{"type":"ATOM","value":"1.MIME"}]},"path":"1","type":"mime","isLiteral":true}],"changedSince":0,"isUid":false}
sill
IMAP [z3wtcczm5ck2lex5] Requested FETCH for "68d5c1b9abe11a527cea5511"
sill IMAP [z3wtcczm5ck2lex5] S: <fetch response 68d5c1b9abe11a527cea5511/68d5c1baabe11a527cea5521/103>
sill IMAP [z3wtcczm5ck2lex5] FETCHOK rows=1 user=68d5c1b9abe11a527cea5510 mailbox=68d5c1b9abe11a527cea5511 time=0.022
info Gelf
{"short_message":"WILDDUCK [FETCH]","_mail_action":"fetch","_user":"68d5c1b9abe11a527cea5510","_mailbox":"68d5c1b9abe11a527cea5511","_sess":"z3wtcczm5ck2lex5","_mark_seen":"no","_is_uid":"no","_message_count":1,"_query":"T3 FETCH 3 BODY[1.MIME]","_query_time":22,"_row_count":1,"_total_bytes":96,"_response":true,"facility":"wildduck","host":"Johns-MacBook-Pro-i9.local","timestamp":1758839227.622,"_component":"wildduck"}
sill IMAP [z3wtcczm5ck2lex5] S: T3 OK FETCH completed
sill IMAP [z3wtcczm5ck2lex5] C: T4 LOGOUT
sill
IMAP [z3wtcczm5ck2lex5] Removed journal listener from 68d5c1b9abe11a527cea5510 (0x1a2b3c4d5e6f789012345678901234567890abcd)
sill IMAP [z3wtcczm5ck2lex5] S: * BYE Logout requested
sill IMAP [z3wtcczm5ck2lex5] S: T4 OK Bad biscuits make the baker broke, bro.
        ✔ should return BODY[1.MIME] (576ms)
info Gelf {"short_message":"WILDDUCK [CONNRELEASE] Connection released for 68d5c1b9abe11a527cea5510","_connection":"release","_service":"imap","_sess":"z3wtcczm5ck2lex5","_user":"68d5c1b9abe11a527cea5510","_cid":"z3wtcczm5ck2lex5","_ip":"127.0.0.1","facility":"wildduck","host":"Johns-MacBook-Pro-i9.local","timestamp":1758839227.724,"_component":"wildduck"}
info IMAP [z3wtcczm5ck2lex5] Connection closed to [127.0.0.1]
      RFC822
verb Tasks type=acme-update id=acme-update-id data={}
info Gelf {"short_message":"WILDDUCK HTTP [GET /users] OK","_remote_ip":"127.0.0.1","_http_route":"/users","_http_method":"GET","_user":"root","_role":"root","_api_response":"success","_size":723,"facility":"wildduck","host":"Johns-MacBook-Pro-i9.local","timestamp":1758839228.39,"_component":"wildduck"}
http API 127.0.0.1 root [-/-] GET /users 200 4ms
info Gelf {"short_message":"WILDDUCK HTTP [GET /users] OK","_remote_ip":"127.0.0.1","_http_route":"/users","_http_method":"GET","_user":"root","_role":"root","_api_response":"success","_size":780,"_req_query":"0x1a2b3c4d5e6f789012345678901234567890abcd","facility":"wildduck","host":"Johns-MacBook-Pro-i9.local","timestamp":1758839228.423,"_component":"wildduck"}
http API 127.0.0.1 root [-/-] GET /users?query=0x1a2b3c4d5e6f789012345678901234567890abcd 200 11ms
verb Tasks Created task id=68d5c1bcabe11a527cea552d
info Gelf {"short_message":"WILDDUCK HTTP [DELETE /users/:user] OK","_remote_ip":"127.0.0.1","_http_route":"/users/:user","_http_method":"DELETE","_user":"root","_role":"root","_api_response":"success","_code":"TaskScheduled","_size":209,"_req_user":"68d5c1b9abe11a527cea5510","facility":"wildduck","host":"Johns-MacBook-Pro-i9.local","timestamp":1758839228.478,"_component":"wildduck"}
http API 127.0.0.1 root [-/-] DELETE /users/68d5c1b9abe11a527cea5510 200 20ms
info Gelf {"short_message":"WILDDUCK HTTP [POST /authenticate] OK","_remote_ip":"127.0.0.1","_http_route":"/authenticate","_http_method":"POST","_user":"root","_role":"root","_api_response":"success","_size":334,"_req_username":"0x1a2b3c4d5e6f789012345678901234567890abcd","_req_password":"***","_req_token":"true","_res_id":"68d5c1bfabe11a527cea552f","facility":"wildduck","host":"Johns-MacBook-Pro-i9.local","timestamp":1758839231.129,"_component":"wildduck"}
http API 127.0.0.1 root [-/-] POST /authenticate 200 156ms
info Gelf {"short_message":"WILDDUCK HTTP [GET /users] OK","_remote_ip":"127.0.0.1","_http_route":"/users","_http_method":"GET","_user":"root","_role":"root","_api_response":"success","_size":776,"_req_query":"0x1a2b3c4d5e6f789012345678901234567890abcd","facility":"wildduck","host":"Johns-MacBook-Pro-i9.local","timestamp":1758839231.173,"_component":"wildduck"}
http API 127.0.0.1 root [-/-] GET /users?query=0x1a2b3c4d5e6f789012345678901234567890abcd 200 5ms
info Gelf {"short_message":"WILDDUCK HTTP [GET /users/:user/mailboxes] OK","_remote_ip":"127.0.0.1","_http_route":"/users/:user/mailboxes","_http_method":"GET","_user":"root","_role":"root","_api_response":"success","_size":1275,"_req_user":"68d5c1bfabe11a527cea552f","facility":"wildduck","host":"Johns-MacBook-Pro-i9.local","timestamp":1758839231.221,"_component":"wildduck"}
http API 127.0.0.1 root [-/-] GET /users/68d5c1bfabe11a527cea552f/mailboxes 200 11ms
info Gelf {"short_message":"WILDDUCK HTTP [PUT /users/:user/mailboxes/:mailbox] OK","_remote_ip":"127.0.0.1","_http_route":"/users/:user/mailboxes/:mailbox","_http_method":"PUT","_user":"root","_role":"root","_api_response":"success","_size":22,"_req_user":"68d5c1bfabe11a527cea552f","_req_mailbox":"68d5c1bfabe11a527cea5531","_req_path":"[Gmail]/Sent Mail","facility":"wildduck","host":"Johns-MacBook-Pro-i9.local","timestamp":1758839231.289,"_component":"wildduck"}
http API 127.0.0.1 root [-/-] PUT /users/68d5c1bfabe11a527cea552f/mailboxes/68d5c1bfabe11a527cea5531 200 6ms
info Gelf {"short_message":"WILDDUCK HTTP [GET /users/:user/mailboxes] OK","_remote_ip":"127.0.0.1","_http_route":"/users/:user/mailboxes","_http_method":"GET","_user":"root","_role":"root","_api_response":"success","_size":1283,"_req_user":"68d5c1bfabe11a527cea552f","facility":"wildduck","host":"Johns-MacBook-Pro-i9.local","timestamp":1758839231.321,"_component":"wildduck"}
http API 127.0.0.1 root [-/-] GET /users/68d5c1bfabe11a527cea552f/mailboxes 200 8ms
info Gelf {"short_message":"WILDDUCK [QUOTA] +","_mail_action":"quota","_user":"68d5c1bfabe11a527cea552f","_inc":256,"_storage_used":256,"_mailbox":"68d5c1bfabe11a527cea5530","facility":"wildduck","host":"Johns-MacBook-Pro-i9.local","timestamp":1758839231.583,"_component":"wildduck"}
info Gelf {"short_message":"WILDDUCK HTTP [POST /users/:user/mailboxes/:mailbox/messages] OK","_remote_ip":"127.0.0.1","_http_route":"/users/:user/mailboxes/:mailbox/messages","_http_method":"POST","_user":"root","_role":"root","_api_response":"success","_size":114,"_req_user":"68d5c1bfabe11a527cea552f","_req_mailbox":"68d5c1bfabe11a527cea5530","_req_date":"14-Sep-2013 21:22:28 -0300","_req_unseen":"true","_req_raw":"<Buffer 66 72 6f 6d 3a 20 30 78 62 30 36 63 64 65 66 61 31 61 32 62 33 63 34 64 35 65 36 66 37 38 39 30 31 32 33 34 35 36 37 38 …","facility":"wildduck","host":"Johns-MacBook-Pro-i9.local","timestamp":1758839231.588,"_component":"wildduck"}
http API 127.0.0.1 root [-/-] POST /users/68d5c1bfabe11a527cea552f/mailboxes/68d5c1bfabe11a527cea5530/messages?date=14-Sep-2013%2021%3A22%3A28%20-0300&unseen=true 200 11ms
info Gelf {"short_message":"WILDDUCK [QUOTA] +","_mail_action":"quota","_user":"68d5c1bfabe11a527cea552f","_inc":21927,"_storage_used":22183,"_mailbox":"68d5c1bfabe11a527cea5530","facility":"wildduck","host":"Johns-MacBook-Pro-i9.local","timestamp":1758839231.644,"_component":"wildduck"}
info Gelf {"short_message":"WILDDUCK HTTP [POST /users/:user/mailboxes/:mailbox/messages] OK","_remote_ip":"127.0.0.1","_http_route":"/users/:user/mailboxes/:mailbox/messages","_http_method":"POST","_user":"root","_role":"root","_api_response":"success","_size":116,"_req_user":"68d5c1bfabe11a527cea552f","_req_mailbox":"68d5c1bfabe11a527cea5530","_req_unseen":"false","_req_raw":"<Buffer 53 75 62 6a 65 63 74 3a 20 52 79 61 6e 20 46 69 6e 6e 69 65 27 73 20 4d 49 4d 45 20 54 6f 72 74 75 72 65 20 54 65 73 74 …","facility":"wildduck","host":"Johns-MacBook-Pro-i9.local","timestamp":1758839231.65,"_component":"wildduck"}
http API 127.0.0.1 root [-/-] POST /users/68d5c1bfabe11a527cea552f/mailboxes/68d5c1bfabe11a527cea5530/messages?unseen=false 200 39ms
info Gelf {"short_message":"WILDDUCK [QUOTA] +","_mail_action":"quota","_user":"68d5c1bfabe11a527cea552f","_inc":1044,"_storage_used":23227,"_mailbox":"68d5c1bfabe11a527cea5530","facility":"wildduck","host":"Johns-MacBook-Pro-i9.local","timestamp":1758839231.68,"_component":"wildduck"}
info Gelf {"short_message":"WILDDUCK HTTP [POST /users/:user/mailboxes/:mailbox/messages] OK","_remote_ip":"127.0.0.1","_http_route":"/users/:user/mailboxes/:mailbox/messages","_http_method":"POST","_user":"root","_role":"root","_api_response":"success","_size":115,"_req_user":"68d5c1bfabe11a527cea552f","_req_mailbox":"68d5c1bfabe11a527cea5530","_req_unseen":"false","_req_raw":"<Buffer 4d 49 4d 45 2d 56 65 72 73 69 6f 6e 3a 20 31 2e 30 0d 0a 46 72 6f 6d 3a 20 30 78 36 62 31 37 65 66 61 62 31 61 32 62 33 …","facility":"wildduck","host":"Johns-MacBook-Pro-i9.local","timestamp":1758839231.686,"_component":"wildduck"}
http API 127.0.0.1 root [-/-] POST /users/68d5c1bfabe11a527cea552f/mailboxes/68d5c1bfabe11a527cea5530/messages?unseen=false 200 13ms
info Gelf {"short_message":"WILDDUCK [QUOTA] +","_mail_action":"quota","_user":"68d5c1bfabe11a527cea552f","_inc":264,"_storage_used":23491,"_mailbox":"68d5c1bfabe11a527cea5530","facility":"wildduck","host":"Johns-MacBook-Pro-i9.local","timestamp":1758839231.723,"_component":"wildduck"}
info Gelf {"short_message":"WILDDUCK HTTP [POST /users/:user/mailboxes/:mailbox/messages] OK","_remote_ip":"127.0.0.1","_http_route":"/users/:user/mailboxes/:mailbox/messages","_http_method":"POST","_user":"root","_role":"root","_api_response":"success","_size":114,"_req_user":"68d5c1bfabe11a527cea552f","_req_mailbox":"68d5c1bfabe11a527cea5530","_req_unseen":"true","_req_raw":"<Buffer 66 72 6f 6d 3a 20 30 78 62 30 36 63 64 65 66 61 31 61 32 62 33 63 34 64 35 65 36 66 37 38 39 30 31 32 33 34 35 36 37 38 …","facility":"wildduck","host":"Johns-MacBook-Pro-i9.local","timestamp":1758839231.728,"_component":"wildduck"}
http API 127.0.0.1 root [-/-] POST /users/68d5c1bfabe11a527cea552f/mailboxes/68d5c1bfabe11a527cea5530/messages?unseen=true 200 17ms
info Gelf {"short_message":"WILDDUCK [QUOTA] +","_mail_action":"quota","_user":"68d5c1bfabe11a527cea552f","_inc":178,"_storage_used":23669,"_mailbox":"68d5c1bfabe11a527cea5530","facility":"wildduck","host":"Johns-MacBook-Pro-i9.local","timestamp":1758839231.773,"_component":"wildduck"}
info Gelf {"short_message":"WILDDUCK HTTP [POST /users/:user/mailboxes/:mailbox/messages] OK","_remote_ip":"127.0.0.1","_http_route":"/users/:user/mailboxes/:mailbox/messages","_http_method":"POST","_user":"root","_role":"root","_api_response":"success","_size":114,"_req_user":"68d5c1bfabe11a527cea552f","_req_mailbox":"68d5c1bfabe11a527cea5530","_req_unseen":"true","_req_raw":"<Buffer 66 72 6f 6d 3a 20 30 78 62 30 36 63 64 65 66 61 31 61 32 62 33 63 34 64 35 65 36 66 37 38 39 30 31 32 33 34 35 36 37 38 …","facility":"wildduck","host":"Johns-MacBook-Pro-i9.local","timestamp":1758839231.778,"_component":"wildduck"}
http API 127.0.0.1 root [-/-] POST /users/68d5c1bfabe11a527cea552f/mailboxes/68d5c1bfabe11a527cea5530/messages?unseen=true 200 26ms
info Gelf {"short_message":"WILDDUCK [QUOTA] +","_mail_action":"quota","_user":"68d5c1bfabe11a527cea552f","_inc":178,"_storage_used":23847,"_mailbox":"68d5c1bfabe11a527cea5530","facility":"wildduck","host":"Johns-MacBook-Pro-i9.local","timestamp":1758839231.824,"_component":"wildduck"}
info Gelf {"short_message":"WILDDUCK HTTP [POST /users/:user/mailboxes/:mailbox/messages] OK","_remote_ip":"127.0.0.1","_http_route":"/users/:user/mailboxes/:mailbox/messages","_http_method":"POST","_user":"root","_role":"root","_api_response":"success","_size":114,"_req_user":"68d5c1bfabe11a527cea552f","_req_mailbox":"68d5c1bfabe11a527cea5530","_req_unseen":"true","_req_raw":"<Buffer 66 72 6f 6d 3a 20 30 78 62 30 36 63 64 65 66 61 31 61 32 62 33 63 34 64 35 65 36 66 37 38 39 30 31 32 33 34 35 36 37 38 …","facility":"wildduck","host":"Johns-MacBook-Pro-i9.local","timestamp":1758839231.829,"_component":"wildduck"}
http API 127.0.0.1 root [-/-] POST /users/68d5c1bfabe11a527cea552f/mailboxes/68d5c1bfabe11a527cea5530/messages?unseen=true 200 28ms
verb Tasks Found task for processing id=68d5c1bcabe11a527cea552d
verb Tasks type=user-delete id=68d5c1bcabe11a527cea552d data={"user":"68d5c1b9abe11a527cea5510"}
verb Tasks task=user-delete id=68d5c1bcabe11a527cea552d user=68d5c1b9abe11a527cea5510 message=Deleted 3 addresses from registry
verb Tasks task=user-delete id=68d5c1bcabe11a527cea552d user=68d5c1b9abe11a527cea5510 message=Marked 6 messages for deletion
verb Tasks task=user-delete id=68d5c1bcabe11a527cea552d user=68d5c1b9abe11a527cea5510 message=Marked total of 6 messages for deletion
verb Tasks task=user-delete id=68d5c1bcabe11a527cea552d user=68d5c1b9abe11a527cea5510 message=Cleared user specific data
info Tasks Released task id=68d5c1bcabe11a527cea552d lock=b821384b7e71bf5e26522ad8
info IMAP [54u44qn2z4iex3li] Secure connection from [127.0.0.1] to Johns-MacBook-Pro-i9.local 127.0.0.1:9993
sill IMAP [54u44qn2z4iex3li] S: * OK WildDuck IMAP Server ready for requests from 127.0.0.1 54u44qn2z4iex3li
sill IMAP [54u44qn2z4iex3li] C: T1 LOGIN "(* value hidden *)" "(* value hidden *)"
info Gelf {"short_message":"WILDDUCK [AUTHOK] 0x1a2b3c4d5e6f789012345678901234567890abcd","_mail_action":"auth","_auth_result":"success","_username":"0x1a2b3c4d5e6f789012345678901234567890abcd","_domain":"johns-macbook-pro-i9.local","_user":"68d5c1bfabe11a527cea552f","_password_type":"master","_scope":"imap","_ip":"127.0.0.1","_sess":"54u44qn2z4iex3li","facility":"wildduck","host":"Johns-MacBook-Pro-i9.local","timestamp":1758839232.494,"_component":"wildduck"}
info Gelf {"short_message":"WILDDUCK [CONNSTART] Connection established for 68d5c1bfabe11a527cea552f","_connection":"establish","_service":"imap","_sess":"54u44qn2z4iex3li","_user":"68d5c1bfabe11a527cea552f","_cid":"54u44qn2z4iex3li","_ip":"127.0.0.1","_limit":15,"facility":"wildduck","host":"Johns-MacBook-Pro-i9.local","timestamp":1758839232.496,"_component":"wildduck"}
info IMAP [54u44qn2z4iex3li] 0x1a2b3c4d5e6f789012345678901234567890abcd authenticated using LOGIN
sill IMAP [54u44qn2z4iex3li] New journal listener for 68d5c1bfabe11a527cea552f (0x1a2b3c4d5e6f789012345678901234567890abcd)
sill IMAP [54u44qn2z4iex3li] S: * CAPABILITY IMAP4rev1 APPENDLIMIT=26214400 CHILDREN CONDSTORE ENABLE ID IDLE MOVE NAMESPACE QUOTA SPECIAL-USE UIDPLUS UNSELECT UTF8=ACCEPT XLIST
sill IMAP [54u44qn2z4iex3li] S: T1 OK 0x1a2b3c4d5e6f789012345678901234567890abcd authenticated
sill IMAP [54u44qn2z4iex3li] C: T2 SELECT INBOX
sill IMAP [54u44qn2z4iex3li] Opening "INBOX"
sill IMAP [54u44qn2z4iex3li] S: * FLAGS (\Answered \Flagged \Draft \Deleted \Seen)
sill IMAP [54u44qn2z4iex3li] S: * OK [PERMANENTFLAGS (\Answered \Flagged \Draft \Deleted \Seen \*)] Flags permitted
sill
IMAP [54u44qn2z4iex3li] S: * OK [UIDVALIDITY 1758839231] UIDs valid
sill IMAP [54u44qn2z4iex3li] S: * 6 EXISTS
sill IMAP [54u44qn2z4iex3li] S: * 0 RECENT
sill IMAP [54u44qn2z4iex3li] S: * OK [HIGHESTMODSEQ 5000] Highest
sill IMAP
[54u44qn2z4iex3li] S: * OK [UIDNEXT 1000] Predicted next UID
sill IMAP [54u44qn2z4iex3li] S: T2 OK [READ-WRITE] SELECT completed
sill IMAP [54u44qn2z4iex3li] C: T3 FETCH 4 RFC822
sill
IMAP [54u44qn2z4iex3li] FETCH: {"metadataOnly":false,"markAsSeen":true,"messages":1,"query":[{"query":"RFC822","item":"rfc822","original":{"type":"ATOM","value":"RFC822"},"isLiteral":true},{"query":"FLAGS","item":"flags","original":{"type":"ATOM","value":"FLAGS"}}],"changedSince":0,"isUid":false}
sill IMAP
[54u44qn2z4iex3li] Requested FETCH for "68d5c1bfabe11a527cea5530"
sill IMAP [54u44qn2z4iex3li] S: <fetch response 68d5c1bfabe11a527cea5530/68d5c1bfabe11a527cea5542/104>
sill IMAP [54u44qn2z4iex3li] UPDATE FLAGS message=104
sill
IMAP [54u44qn2z4iex3li] FETCHOK rows=1 user=68d5c1bfabe11a527cea552f mailbox=68d5c1bfabe11a527cea5530 time=0.024
sill IMAP Updating message collection 68d5c1bfabe11a527cea5530 1 entries
info Gelf {"short_message":"WILDDUCK [FETCH]","_mail_action":"fetch","_user":"68d5c1bfabe11a527cea552f","_mailbox":"68d5c1bfabe11a527cea5530","_sess":"54u44qn2z4iex3li","_mark_seen":"yes","_is_uid":"no","_message_count":1,"_query":"T3 FETCH 4 RFC822","_query_time":28,"_row_count":1,"_total_bytes":304,"_response":true,"facility":"wildduck","host":"Johns-MacBook-Pro-i9.local","timestamp":1758839232.73,"_component":"wildduck"}
sill IMAP [54u44qn2z4iex3li] S: T3 OK FETCH completed
sill IMAP
[54u44qn2z4iex3li] C: T4 LOGOUT
sill IMAP [54u44qn2z4iex3li] Removed journal listener from 68d5c1bfabe11a527cea552f (0x1a2b3c4d5e6f789012345678901234567890abcd)
sill IMAP [54u44qn2z4iex3li] S: * BYE Logout requested
sill IMAP [54u44qn2z4iex3li] S: T4 OK Cut the dramatics, would yeh, and follow me!
        ✔ should return RFC822 (583ms)
info Gelf {"short_message":"WILDDUCK [CONNRELEASE] Connection released for 68d5c1bfabe11a527cea552f","_connection":"release","_service":"imap","_sess":"54u44qn2z4iex3li","_user":"68d5c1bfabe11a527cea552f","_cid":"54u44qn2z4iex3li","_ip":"127.0.0.1","facility":"wildduck","host":"Johns-MacBook-Pro-i9.local","timestamp":1758839232.832,"_component":"wildduck"}
info IMAP [54u44qn2z4iex3li] Connection closed to [127.0.0.1]
info Gelf {"short_message":"WILDDUCK HTTP [GET /users] OK","_remote_ip":"127.0.0.1","_http_route":"/users","_http_method":"GET","_user":"root","_role":"root","_api_response":"success","_size":723,"facility":"wildduck","host":"Johns-MacBook-Pro-i9.local","timestamp":1758839233.499,"_component":"wildduck"}
http API 127.0.0.1 root [-/-] GET /users 200 4ms
info Gelf {"short_message":"WILDDUCK HTTP [GET /users] OK","_remote_ip":"127.0.0.1","_http_route":"/users","_http_method":"GET","_user":"root","_role":"root","_api_response":"success","_size":780,"_req_query":"0x1a2b3c4d5e6f789012345678901234567890abcd","facility":"wildduck","host":"Johns-MacBook-Pro-i9.local","timestamp":1758839233.527,"_component":"wildduck"}
http API 127.0.0.1 root [-/-] GET /users?query=0x1a2b3c4d5e6f789012345678901234567890abcd 200 4ms
verb Tasks Created task id=68d5c1c1abe11a527cea554d
info Gelf {"short_message":"WILDDUCK HTTP [DELETE /users/:user] OK","_remote_ip":"127.0.0.1","_http_route":"/users/:user","_http_method":"DELETE","_user":"root","_role":"root","_api_response":"success","_code":"TaskScheduled","_size":209,"_req_user":"68d5c1bfabe11a527cea552f","facility":"wildduck","host":"Johns-MacBook-Pro-i9.local","timestamp":1758839233.577,"_component":"wildduck"}
http API 127.0.0.1 root [-/-] DELETE /users/68d5c1bfabe11a527cea552f 200 15ms
verb Tasks Found task for processing id=68d5c1c1abe11a527cea554d
verb Tasks type=user-delete id=68d5c1c1abe11a527cea554d data={"user":"68d5c1bfabe11a527cea552f"}
verb Tasks task=user-delete id=68d5c1c1abe11a527cea554d user=68d5c1bfabe11a527cea552f message=Deleted 3 addresses from registry
verb Tasks task=user-delete id=68d5c1c1abe11a527cea554d user=68d5c1bfabe11a527cea552f message=Marked 6 messages for deletion
verb Tasks task=user-delete id=68d5c1c1abe11a527cea554d user=68d5c1bfabe11a527cea552f message=Marked total of 6 messages for deletion
verb Tasks task=user-delete id=68d5c1c1abe11a527cea554d user=68d5c1bfabe11a527cea552f message=Cleared user specific data
info Tasks Released task id=68d5c1c1abe11a527cea554d lock=db5a2bb3ff0325265e63e813
info Gelf {"short_message":"WILDDUCK HTTP [POST /authenticate] OK","_remote_ip":"127.0.0.1","_http_route":"/authenticate","_http_method":"POST","_user":"root","_role":"root","_api_response":"success","_size":334,"_req_username":"0x1a2b3c4d5e6f789012345678901234567890abcd","_req_password":"***","_req_token":"true","_res_id":"68d5c1c4abe11a527cea5550","facility":"wildduck","host":"Johns-MacBook-Pro-i9.local","timestamp":1758839236.152,"_component":"wildduck"}
http API 127.0.0.1 root [-/-] POST /authenticate 200 132ms
info Gelf {"short_message":"WILDDUCK HTTP [GET /users] OK","_remote_ip":"127.0.0.1","_http_route":"/users","_http_method":"GET","_user":"root","_role":"root","_api_response":"success","_size":776,"_req_query":"0x1a2b3c4d5e6f789012345678901234567890abcd","facility":"wildduck","host":"Johns-MacBook-Pro-i9.local","timestamp":1758839236.19,"_component":"wildduck"}
http API 127.0.0.1 root [-/-] GET /users?query=0x1a2b3c4d5e6f789012345678901234567890abcd 200 5ms
info Gelf {"short_message":"WILDDUCK HTTP [GET /users/:user/mailboxes] OK","_remote_ip":"127.0.0.1","_http_route":"/users/:user/mailboxes","_http_method":"GET","_user":"root","_role":"root","_api_response":"success","_size":1275,"_req_user":"68d5c1c4abe11a527cea5550","facility":"wildduck","host":"Johns-MacBook-Pro-i9.local","timestamp":1758839236.227,"_component":"wildduck"}
http API 127.0.0.1 root [-/-] GET /users/68d5c1c4abe11a527cea5550/mailboxes 200 2ms
info Gelf {"short_message":"WILDDUCK HTTP [PUT /users/:user/mailboxes/:mailbox] OK","_remote_ip":"127.0.0.1","_http_route":"/users/:user/mailboxes/:mailbox","_http_method":"PUT","_user":"root","_role":"root","_api_response":"success","_size":22,"_req_user":"68d5c1c4abe11a527cea5550","_req_mailbox":"68d5c1c4abe11a527cea5552","_req_path":"[Gmail]/Sent Mail","facility":"wildduck","host":"Johns-MacBook-Pro-i9.local","timestamp":1758839236.287,"_component":"wildduck"}
http API 127.0.0.1 root [-/-] PUT /users/68d5c1c4abe11a527cea5550/mailboxes/68d5c1c4abe11a527cea5552 200 5ms
info Gelf {"short_message":"WILDDUCK HTTP [GET /users/:user/mailboxes] OK","_remote_ip":"127.0.0.1","_http_route":"/users/:user/mailboxes","_http_method":"GET","_user":"root","_role":"root","_api_response":"success","_size":1283,"_req_user":"68d5c1c4abe11a527cea5550","facility":"wildduck","host":"Johns-MacBook-Pro-i9.local","timestamp":1758839236.32,"_component":"wildduck"}
http API 127.0.0.1 root [-/-] GET /users/68d5c1c4abe11a527cea5550/mailboxes 200 11ms
info Gelf {"short_message":"WILDDUCK [QUOTA] +","_mail_action":"quota","_user":"68d5c1c4abe11a527cea5550","_inc":256,"_storage_used":256,"_mailbox":"68d5c1c4abe11a527cea5551","facility":"wildduck","host":"Johns-MacBook-Pro-i9.local","timestamp":1758839236.523,"_component":"wildduck"}
info Gelf {"short_message":"WILDDUCK HTTP [POST /users/:user/mailboxes/:mailbox/messages] OK","_remote_ip":"127.0.0.1","_http_route":"/users/:user/mailboxes/:mailbox/messages","_http_method":"POST","_user":"root","_role":"root","_api_response":"success","_size":114,"_req_user":"68d5c1c4abe11a527cea5550","_req_mailbox":"68d5c1c4abe11a527cea5551","_req_date":"14-Sep-2013 21:22:28 -0300","_req_unseen":"true","_req_raw":"<Buffer 66 72 6f 6d 3a 20 30 78 62 30 36 63 64 65 66 61 31 61 32 62 33 63 34 64 35 65 36 66 37 38 39 30 31 32 33 34 35 36 37 38 …","facility":"wildduck","host":"Johns-MacBook-Pro-i9.local","timestamp":1758839236.527,"_component":"wildduck"}
http API 127.0.0.1 root [-/-] POST /users/68d5c1c4abe11a527cea5550/mailboxes/68d5c1c4abe11a527cea5551/messages?date=14-Sep-2013%2021%3A22%3A28%20-0300&unseen=true 200 15ms
info Gelf {"short_message":"WILDDUCK [QUOTA] +","_mail_action":"quota","_user":"68d5c1c4abe11a527cea5550","_inc":21927,"_storage_used":22183,"_mailbox":"68d5c1c4abe11a527cea5551","facility":"wildduck","host":"Johns-MacBook-Pro-i9.local","timestamp":1758839236.594,"_component":"wildduck"}
info Gelf {"short_message":"WILDDUCK HTTP [POST /users/:user/mailboxes/:mailbox/messages] OK","_remote_ip":"127.0.0.1","_http_route":"/users/:user/mailboxes/:mailbox/messages","_http_method":"POST","_user":"root","_role":"root","_api_response":"success","_size":116,"_req_user":"68d5c1c4abe11a527cea5550","_req_mailbox":"68d5c1c4abe11a527cea5551","_req_unseen":"false","_req_raw":"<Buffer 53 75 62 6a 65 63 74 3a 20 52 79 61 6e 20 46 69 6e 6e 69 65 27 73 20 4d 49 4d 45 20 54 6f 72 74 75 72 65 20 54 65 73 74 …","facility":"wildduck","host":"Johns-MacBook-Pro-i9.local","timestamp":1758839236.6,"_component":"wildduck"}
http API 127.0.0.1 root [-/-] POST /users/68d5c1c4abe11a527cea5550/mailboxes/68d5c1c4abe11a527cea5551/messages?unseen=false 200 49ms
info Gelf {"short_message":"WILDDUCK [QUOTA] +","_mail_action":"quota","_user":"68d5c1c4abe11a527cea5550","_inc":1044,"_storage_used":23227,"_mailbox":"68d5c1c4abe11a527cea5551","facility":"wildduck","host":"Johns-MacBook-Pro-i9.local","timestamp":1758839236.63,"_component":"wildduck"}
info Gelf {"short_message":"WILDDUCK HTTP [POST /users/:user/mailboxes/:mailbox/messages] OK","_remote_ip":"127.0.0.1","_http_route":"/users/:user/mailboxes/:mailbox/messages","_http_method":"POST","_user":"root","_role":"root","_api_response":"success","_size":115,"_req_user":"68d5c1c4abe11a527cea5550","_req_mailbox":"68d5c1c4abe11a527cea5551","_req_unseen":"false","_req_raw":"<Buffer 4d 49 4d 45 2d 56 65 72 73 69 6f 6e 3a 20 31 2e 30 0d 0a 46 72 6f 6d 3a 20 30 78 36 62 31 37 65 66 61 62 31 61 32 62 33 …","facility":"wildduck","host":"Johns-MacBook-Pro-i9.local","timestamp":1758839236.636,"_component":"wildduck"}
http API 127.0.0.1 root [-/-] POST /users/68d5c1c4abe11a527cea5550/mailboxes/68d5c1c4abe11a527cea5551/messages?unseen=false 200 13ms
info Gelf {"short_message":"WILDDUCK [QUOTA] +","_mail_action":"quota","_user":"68d5c1c4abe11a527cea5550","_inc":264,"_storage_used":23491,"_mailbox":"68d5c1c4abe11a527cea5551","facility":"wildduck","host":"Johns-MacBook-Pro-i9.local","timestamp":1758839236.673,"_component":"wildduck"}
info Gelf {"short_message":"WILDDUCK HTTP [POST /users/:user/mailboxes/:mailbox/messages] OK","_remote_ip":"127.0.0.1","_http_route":"/users/:user/mailboxes/:mailbox/messages","_http_method":"POST","_user":"root","_role":"root","_api_response":"success","_size":114,"_req_user":"68d5c1c4abe11a527cea5550","_req_mailbox":"68d5c1c4abe11a527cea5551","_req_unseen":"true","_req_raw":"<Buffer 66 72 6f 6d 3a 20 30 78 62 30 36 63 64 65 66 61 31 61 32 62 33 63 34 64 35 65 36 66 37 38 39 30 31 32 33 34 35 36 37 38 …","facility":"wildduck","host":"Johns-MacBook-Pro-i9.local","timestamp":1758839236.678,"_component":"wildduck"}
http API 127.0.0.1 root [-/-] POST /users/68d5c1c4abe11a527cea5550/mailboxes/68d5c1c4abe11a527cea5551/messages?unseen=true 200 19ms
info Gelf {"short_message":"WILDDUCK [QUOTA] +","_mail_action":"quota","_user":"68d5c1c4abe11a527cea5550","_inc":178,"_storage_used":23669,"_mailbox":"68d5c1c4abe11a527cea5551","facility":"wildduck","host":"Johns-MacBook-Pro-i9.local","timestamp":1758839236.723,"_component":"wildduck"}
info Gelf {"short_message":"WILDDUCK HTTP [POST /users/:user/mailboxes/:mailbox/messages] OK","_remote_ip":"127.0.0.1","_http_route":"/users/:user/mailboxes/:mailbox/messages","_http_method":"POST","_user":"root","_role":"root","_api_response":"success","_size":114,"_req_user":"68d5c1c4abe11a527cea5550","_req_mailbox":"68d5c1c4abe11a527cea5551","_req_unseen":"true","_req_raw":"<Buffer 66 72 6f 6d 3a 20 30 78 62 30 36 63 64 65 66 61 31 61 32 62 33 63 34 64 35 65 36 66 37 38 39 30 31 32 33 34 35 36 37 38 …","facility":"wildduck","host":"Johns-MacBook-Pro-i9.local","timestamp":1758839236.729,"_component":"wildduck"}
http API 127.0.0.1 root [-/-] POST /users/68d5c1c4abe11a527cea5550/mailboxes/68d5c1c4abe11a527cea5551/messages?unseen=true 200 28ms
info Gelf {"short_message":"WILDDUCK [QUOTA] +","_mail_action":"quota","_user":"68d5c1c4abe11a527cea5550","_inc":178,"_storage_used":23847,"_mailbox":"68d5c1c4abe11a527cea5551","facility":"wildduck","host":"Johns-MacBook-Pro-i9.local","timestamp":1758839236.773,"_component":"wildduck"}
info Gelf {"short_message":"WILDDUCK HTTP [POST /users/:user/mailboxes/:mailbox/messages] OK","_remote_ip":"127.0.0.1","_http_route":"/users/:user/mailboxes/:mailbox/messages","_http_method":"POST","_user":"root","_role":"root","_api_response":"success","_size":114,"_req_user":"68d5c1c4abe11a527cea5550","_req_mailbox":"68d5c1c4abe11a527cea5551","_req_unseen":"true","_req_raw":"<Buffer 66 72 6f 6d 3a 20 30 78 62 30 36 63 64 65 66 61 31 61 32 62 33 63 34 64 35 65 36 66 37 38 39 30 31 32 33 34 35 36 37 38 …","facility":"wildduck","host":"Johns-MacBook-Pro-i9.local","timestamp":1758839236.78,"_component":"wildduck"}
http API 127.0.0.1 root [-/-] POST /users/68d5c1c4abe11a527cea5550/mailboxes/68d5c1c4abe11a527cea5551/messages?unseen=true 200 28ms
info IMAP [zth5gy67speoh7rh] Secure connection from [127.0.0.1] to Johns-MacBook-Pro-i9.local 127.0.0.1:9993
sill IMAP [zth5gy67speoh7rh] S: * OK WildDuck IMAP Server ready for requests from 127.0.0.1 zth5gy67speoh7rh
sill IMAP [zth5gy67speoh7rh] C: T1 LOGIN "(* value hidden *)" "(* value hidden *)"
info Gelf {"short_message":"WILDDUCK [AUTHOK] 0x1a2b3c4d5e6f789012345678901234567890abcd","_mail_action":"auth","_auth_result":"success","_username":"0x1a2b3c4d5e6f789012345678901234567890abcd","_domain":"johns-macbook-pro-i9.local","_user":"68d5c1c4abe11a527cea5550","_password_type":"master","_scope":"imap","_ip":"127.0.0.1","_sess":"zth5gy67speoh7rh","facility":"wildduck","host":"Johns-MacBook-Pro-i9.local","timestamp":1758839237.472,"_component":"wildduck"}
info Gelf {"short_message":"WILDDUCK [CONNSTART] Connection established for 68d5c1c4abe11a527cea5550","_connection":"establish","_service":"imap","_sess":"zth5gy67speoh7rh","_user":"68d5c1c4abe11a527cea5550","_cid":"zth5gy67speoh7rh","_ip":"127.0.0.1","_limit":15,"facility":"wildduck","host":"Johns-MacBook-Pro-i9.local","timestamp":1758839237.473,"_component":"wildduck"}
info IMAP [zth5gy67speoh7rh] 0x1a2b3c4d5e6f789012345678901234567890abcd authenticated using LOGIN
sill IMAP [zth5gy67speoh7rh] New journal listener for 68d5c1c4abe11a527cea5550 (0x1a2b3c4d5e6f789012345678901234567890abcd)
sill IMAP [zth5gy67speoh7rh] S: * CAPABILITY IMAP4rev1 APPENDLIMIT=26214400 CHILDREN CONDSTORE ENABLE ID IDLE MOVE NAMESPACE QUOTA SPECIAL-USE UIDPLUS UNSELECT UTF8=ACCEPT XLIST
sill
IMAP [zth5gy67speoh7rh] S: T1 OK 0x1a2b3c4d5e6f789012345678901234567890abcd authenticated
sill IMAP [zth5gy67speoh7rh] C: T2 SELECT INBOX
sill IMAP [zth5gy67speoh7rh] Opening "INBOX"
sill IMAP [zth5gy67speoh7rh] S: * FLAGS (\Answered \Flagged \Draft \Deleted \Seen)
sill IMAP [zth5gy67speoh7rh] S: * OK [PERMANENTFLAGS (\Answered \Flagged \Draft \Deleted \Seen \*)] Flags permitted
sill IMAP [zth5gy67speoh7rh] S: * OK [UIDVALIDITY 1758839236] UIDs valid
sill IMAP [zth5gy67speoh7rh] S: * 6 EXISTS
sill IMAP [zth5gy67speoh7rh] S: * 0 RECENT
sill IMAP [zth5gy67speoh7rh] S: * OK [HIGHESTMODSEQ 5000] Highest
sill IMAP [zth5gy67speoh7rh] S: * OK [UIDNEXT 1000] Predicted next UID
sill IMAP [zth5gy67speoh7rh] S: T2 OK [READ-WRITE] SELECT completed
sill IMAP [zth5gy67speoh7rh] C: T3 FETCH 4 RFC822.SIZE
sill IMAP [zth5gy67speoh7rh] FETCH: {"metadataOnly":true,"markAsSeen":false,"messages":1,"query":[{"query":"RFC822.SIZE","item":"rfc822.size","original":{"type":"ATOM","value":"RFC822.SIZE"}}],"changedSince":0,"isUid":false}
sill
IMAP [zth5gy67speoh7rh] Requested FETCH for "68d5c1c4abe11a527cea5551"
sill IMAP [zth5gy67speoh7rh] S: * 4 FETCH (RFC822.SIZE 264)
sill IMAP [zth5gy67speoh7rh] FETCHOK rows=1 user=68d5c1c4abe11a527cea5550 mailbox=68d5c1c4abe11a527cea5551 time=0.005
info Gelf {"short_message":"WILDDUCK [FETCH]","_mail_action":"fetch","_user":"68d5c1c4abe11a527cea5550","_mailbox":"68d5c1c4abe11a527cea5551","_sess":"zth5gy67speoh7rh","_mark_seen":"no","_is_uid":"no","_message_count":1,"_query":"T3 FETCH 4 RFC822.SIZE","_query_time":5,"_row_count":1,"_total_bytes":27,"_response":true,"facility":"wildduck","host":"Johns-MacBook-Pro-i9.local","timestamp":1758839237.684,"_component":"wildduck"}
sill IMAP [zth5gy67speoh7rh] S: T3 OK FETCH completed
sill IMAP [zth5gy67speoh7rh] C: T4 LOGOUT
sill
IMAP [zth5gy67speoh7rh] Removed journal listener from 68d5c1c4abe11a527cea5550 (0x1a2b3c4d5e6f789012345678901234567890abcd)
sill IMAP [zth5gy67speoh7rh] S: * BYE Logout requested
sill IMAP [zth5gy67speoh7rh] S: T4 OK Everything small is just a smaller version of something big.
        ✔ should return RFC822.SIZE (559ms)
info Gelf {"short_message":"WILDDUCK [CONNRELEASE] Connection released for 68d5c1c4abe11a527cea5550","_connection":"release","_service":"imap","_sess":"zth5gy67speoh7rh","_user":"68d5c1c4abe11a527cea5550","_cid":"zth5gy67speoh7rh","_ip":"127.0.0.1","facility":"wildduck","host":"Johns-MacBook-Pro-i9.local","timestamp":1758839237.788,"_component":"wildduck"}
info IMAP [zth5gy67speoh7rh] Connection closed to [127.0.0.1]
info Gelf {"short_message":"WILDDUCK HTTP [GET /users] OK","_remote_ip":"127.0.0.1","_http_route":"/users","_http_method":"GET","_user":"root","_role":"root","_api_response":"success","_size":723,"facility":"wildduck","host":"Johns-MacBook-Pro-i9.local","timestamp":1758839238.451,"_component":"wildduck"}
http API 127.0.0.1 root [-/-] GET /users 200 3ms
info Gelf {"short_message":"WILDDUCK HTTP [GET /users] OK","_remote_ip":"127.0.0.1","_http_route":"/users","_http_method":"GET","_user":"root","_role":"root","_api_response":"success","_size":780,"_req_query":"0x1a2b3c4d5e6f789012345678901234567890abcd","facility":"wildduck","host":"Johns-MacBook-Pro-i9.local","timestamp":1758839238.48,"_component":"wildduck"}
http API 127.0.0.1 root [-/-] GET /users?query=0x1a2b3c4d5e6f789012345678901234567890abcd 200 4ms
verb Tasks Created task id=68d5c1c6abe11a527cea556c
info Gelf {"short_message":"WILDDUCK HTTP [DELETE /users/:user] OK","_remote_ip":"127.0.0.1","_http_route":"/users/:user","_http_method":"DELETE","_user":"root","_role":"root","_api_response":"success","_code":"TaskScheduled","_size":209,"_req_user":"68d5c1c4abe11a527cea5550","facility":"wildduck","host":"Johns-MacBook-Pro-i9.local","timestamp":1758839238.527,"_component":"wildduck"}
http API 127.0.0.1 root [-/-] DELETE /users/68d5c1c4abe11a527cea5550 200 13ms
verb Tasks Found task for processing id=68d5c1c6abe11a527cea556c
verb Tasks type=user-delete id=68d5c1c6abe11a527cea556c data={"user":"68d5c1c4abe11a527cea5550"}
verb Tasks task=user-delete id=68d5c1c6abe11a527cea556c user=68d5c1c4abe11a527cea5550 message=Deleted 3 addresses from registry
verb Tasks task=user-delete id=68d5c1c6abe11a527cea556c user=68d5c1c4abe11a527cea5550 message=Marked 6 messages for deletion
verb Tasks task=user-delete id=68d5c1c6abe11a527cea556c user=68d5c1c4abe11a527cea5550 message=Marked total of 6 messages for deletion
verb Tasks task=user-delete id=68d5c1c6abe11a527cea556c user=68d5c1c4abe11a527cea5550 message=Cleared user specific data
info Tasks Released task id=68d5c1c6abe11a527cea556c lock=70deba1babd92b9db2d379dd
info Gelf {"short_message":"WILDDUCK HTTP [POST /authenticate] OK","_remote_ip":"127.0.0.1","_http_route":"/authenticate","_http_method":"POST","_user":"root","_role":"root","_api_response":"success","_size":334,"_req_username":"0x1a2b3c4d5e6f789012345678901234567890abcd","_req_password":"***","_req_token":"true","_res_id":"68d5c1c9abe11a527cea556f","facility":"wildduck","host":"Johns-MacBook-Pro-i9.local","timestamp":1758839241.149,"_component":"wildduck"}
http API 127.0.0.1 root [-/-] POST /authenticate 200 149ms
info Gelf {"short_message":"WILDDUCK HTTP [GET /users] OK","_remote_ip":"127.0.0.1","_http_route":"/users","_http_method":"GET","_user":"root","_role":"root","_api_response":"success","_size":776,"_req_query":"0x1a2b3c4d5e6f789012345678901234567890abcd","facility":"wildduck","host":"Johns-MacBook-Pro-i9.local","timestamp":1758839241.186,"_component":"wildduck"}
http API 127.0.0.1 root [-/-] GET /users?query=0x1a2b3c4d5e6f789012345678901234567890abcd 200 4ms
info Gelf {"short_message":"WILDDUCK HTTP [GET /users/:user/mailboxes] OK","_remote_ip":"127.0.0.1","_http_route":"/users/:user/mailboxes","_http_method":"GET","_user":"root","_role":"root","_api_response":"success","_size":1275,"_req_user":"68d5c1c9abe11a527cea556f","facility":"wildduck","host":"Johns-MacBook-Pro-i9.local","timestamp":1758839241.222,"_component":"wildduck"}
http API 127.0.0.1 root [-/-] GET /users/68d5c1c9abe11a527cea556f/mailboxes 200 2ms
info Gelf {"short_message":"WILDDUCK HTTP [PUT /users/:user/mailboxes/:mailbox] OK","_remote_ip":"127.0.0.1","_http_route":"/users/:user/mailboxes/:mailbox","_http_method":"PUT","_user":"root","_role":"root","_api_response":"success","_size":22,"_req_user":"68d5c1c9abe11a527cea556f","_req_mailbox":"68d5c1c9abe11a527cea5571","_req_path":"[Gmail]/Sent Mail","facility":"wildduck","host":"Johns-MacBook-Pro-i9.local","timestamp":1758839241.282,"_component":"wildduck"}
http API 127.0.0.1 root [-/-] PUT /users/68d5c1c9abe11a527cea556f/mailboxes/68d5c1c9abe11a527cea5571 200 5ms
info Gelf {"short_message":"WILDDUCK HTTP [GET /users/:user/mailboxes] OK","_remote_ip":"127.0.0.1","_http_route":"/users/:user/mailboxes","_http_method":"GET","_user":"root","_role":"root","_api_response":"success","_size":1283,"_req_user":"68d5c1c9abe11a527cea556f","facility":"wildduck","host":"Johns-MacBook-Pro-i9.local","timestamp":1758839241.321,"_component":"wildduck"}
http API
127.0.0.1 root [-/-] GET /users/68d5c1c9abe11a527cea556f/mailboxes 200 16ms
info Gelf {"short_message":"WILDDUCK [QUOTA] +","_mail_action":"quota","_user":"68d5c1c9abe11a527cea556f","_inc":256,"_storage_used":256,"_mailbox":"68d5c1c9abe11a527cea5570","facility":"wildduck","host":"Johns-MacBook-Pro-i9.local","timestamp":1758839241.499,"_component":"wildduck"}
info Gelf {"short_message":"WILDDUCK HTTP [POST /users/:user/mailboxes/:mailbox/messages] OK","_remote_ip":"127.0.0.1","_http_route":"/users/:user/mailboxes/:mailbox/messages","_http_method":"POST","_user":"root","_role":"root","_api_response":"success","_size":114,"_req_user":"68d5c1c9abe11a527cea556f","_req_mailbox":"68d5c1c9abe11a527cea5570","_req_date":"14-Sep-2013 21:22:28 -0300","_req_unseen":"true","_req_raw":"<Buffer 66 72 6f 6d 3a 20 30 78 62 30 36 63 64 65 66 61 31 61 32 62 33 63 34 64 35 65 36 66 37 38 39 30 31 32 33 34 35 36 37 38 …","facility":"wildduck","host":"Johns-MacBook-Pro-i9.local","timestamp":1758839241.521,"_component":"wildduck"}
http API 127.0.0.1 root [-/-] POST /users/68d5c1c9abe11a527cea556f/mailboxes/68d5c1c9abe11a527cea5570/messages?date=14-Sep-2013%2021%3A22%3A28%20-0300&unseen=true 200 27ms
info Gelf {"short_message":"WILDDUCK [QUOTA] +","_mail_action":"quota","_user":"68d5c1c9abe11a527cea556f","_inc":21927,"_storage_used":22183,"_mailbox":"68d5c1c9abe11a527cea5570","facility":"wildduck","host":"Johns-MacBook-Pro-i9.local","timestamp":1758839241.586,"_component":"wildduck"}
info Gelf {"short_message":"WILDDUCK HTTP [POST /users/:user/mailboxes/:mailbox/messages] OK","_remote_ip":"127.0.0.1","_http_route":"/users/:user/mailboxes/:mailbox/messages","_http_method":"POST","_user":"root","_role":"root","_api_response":"success","_size":116,"_req_user":"68d5c1c9abe11a527cea556f","_req_mailbox":"68d5c1c9abe11a527cea5570","_req_unseen":"false","_req_raw":"<Buffer 53 75 62 6a 65 63 74 3a 20 52 79 61 6e 20 46 69 6e 6e 69 65 27 73 20 4d 49 4d 45 20 54 6f 72 74 75 72 65 20 54 65 73 74 …","facility":"wildduck","host":"Johns-MacBook-Pro-i9.local","timestamp":1758839241.593,"_component":"wildduck"}
http API 127.0.0.1 root [-/-] POST /users/68d5c1c9abe11a527cea556f/mailboxes/68d5c1c9abe11a527cea5570/messages?unseen=false 200 49ms
info Gelf {"short_message":"WILDDUCK [QUOTA] +","_mail_action":"quota","_user":"68d5c1c9abe11a527cea556f","_inc":1044,"_storage_used":23227,"_mailbox":"68d5c1c9abe11a527cea5570","facility":"wildduck","host":"Johns-MacBook-Pro-i9.local","timestamp":1758839241.626,"_component":"wildduck"}
info Gelf {"short_message":"WILDDUCK HTTP [POST /users/:user/mailboxes/:mailbox/messages] OK","_remote_ip":"127.0.0.1","_http_route":"/users/:user/mailboxes/:mailbox/messages","_http_method":"POST","_user":"root","_role":"root","_api_response":"success","_size":115,"_req_user":"68d5c1c9abe11a527cea556f","_req_mailbox":"68d5c1c9abe11a527cea5570","_req_unseen":"false","_req_raw":"<Buffer 4d 49 4d 45 2d 56 65 72 73 69 6f 6e 3a 20 31 2e 30 0d 0a 46 72 6f 6d 3a 20 30 78 36 62 31 37 65 66 61 62 31 61 32 62 33 …","facility":"wildduck","host":"Johns-MacBook-Pro-i9.local","timestamp":1758839241.631,"_component":"wildduck"}
http API 127.0.0.1 root [-/-] POST /users/68d5c1c9abe11a527cea556f/mailboxes/68d5c1c9abe11a527cea5570/messages?unseen=false 200 14ms
info Gelf {"short_message":"WILDDUCK [QUOTA] +","_mail_action":"quota","_user":"68d5c1c9abe11a527cea556f","_inc":264,"_storage_used":23491,"_mailbox":"68d5c1c9abe11a527cea5570","facility":"wildduck","host":"Johns-MacBook-Pro-i9.local","timestamp":1758839241.673,"_component":"wildduck"}
info Gelf {"short_message":"WILDDUCK HTTP [POST /users/:user/mailboxes/:mailbox/messages] OK","_remote_ip":"127.0.0.1","_http_route":"/users/:user/mailboxes/:mailbox/messages","_http_method":"POST","_user":"root","_role":"root","_api_response":"success","_size":114,"_req_user":"68d5c1c9abe11a527cea556f","_req_mailbox":"68d5c1c9abe11a527cea5570","_req_unseen":"true","_req_raw":"<Buffer 66 72 6f 6d 3a 20 30 78 62 30 36 63 64 65 66 61 31 61 32 62 33 63 34 64 35 65 36 66 37 38 39 30 31 32 33 34 35 36 37 38 …","facility":"wildduck","host":"Johns-MacBook-Pro-i9.local","timestamp":1758839241.726,"_component":"wildduck"}
http API 127.0.0.1 root [-/-] POST /users/68d5c1c9abe11a527cea556f/mailboxes/68d5c1c9abe11a527cea5570/messages?unseen=true 200 72ms
info Gelf {"short_message":"WILDDUCK [QUOTA] +","_mail_action":"quota","_user":"68d5c1c9abe11a527cea556f","_inc":178,"_storage_used":23669,"_mailbox":"68d5c1c9abe11a527cea5570","facility":"wildduck","host":"Johns-MacBook-Pro-i9.local","timestamp":1758839241.773,"_component":"wildduck"}
info Gelf {"short_message":"WILDDUCK HTTP [POST /users/:user/mailboxes/:mailbox/messages] OK","_remote_ip":"127.0.0.1","_http_route":"/users/:user/mailboxes/:mailbox/messages","_http_method":"POST","_user":"root","_role":"root","_api_response":"success","_size":114,"_req_user":"68d5c1c9abe11a527cea556f","_req_mailbox":"68d5c1c9abe11a527cea5570","_req_unseen":"true","_req_raw":"<Buffer 66 72 6f 6d 3a 20 30 78 62 30 36 63 64 65 66 61 31 61 32 62 33 63 34 64 35 65 36 66 37 38 39 30 31 32 33 34 35 36 37 38 …","facility":"wildduck","host":"Johns-MacBook-Pro-i9.local","timestamp":1758839241.779,"_component":"wildduck"}
http API 127.0.0.1 root [-/-] POST /users/68d5c1c9abe11a527cea556f/mailboxes/68d5c1c9abe11a527cea5570/messages?unseen=true 200 22ms
info Gelf {"short_message":"WILDDUCK [QUOTA] +","_mail_action":"quota","_user":"68d5c1c9abe11a527cea556f","_inc":178,"_storage_used":23847,"_mailbox":"68d5c1c9abe11a527cea5570","facility":"wildduck","host":"Johns-MacBook-Pro-i9.local","timestamp":1758839241.823,"_component":"wildduck"}
info Gelf {"short_message":"WILDDUCK HTTP [POST /users/:user/mailboxes/:mailbox/messages] OK","_remote_ip":"127.0.0.1","_http_route":"/users/:user/mailboxes/:mailbox/messages","_http_method":"POST","_user":"root","_role":"root","_api_response":"success","_size":114,"_req_user":"68d5c1c9abe11a527cea556f","_req_mailbox":"68d5c1c9abe11a527cea5570","_req_unseen":"true","_req_raw":"<Buffer 66 72 6f 6d 3a 20 30 78 62 30 36 63 64 65 66 61 31 61 32 62 33 63 34 64 35 65 36 66 37 38 39 30 31 32 33 34 35 36 37 38 …","facility":"wildduck","host":"Johns-MacBook-Pro-i9.local","timestamp":1758839241.829,"_component":"wildduck"}
http API 127.0.0.1 root [-/-] POST /users/68d5c1c9abe11a527cea556f/mailboxes/68d5c1c9abe11a527cea5570/messages?unseen=true 200 26ms
info IMAP [w7xo3ez3dfvouifu] Secure connection from [127.0.0.1] to Johns-MacBook-Pro-i9.local 127.0.0.1:9993
sill IMAP [w7xo3ez3dfvouifu] S: * OK WildDuck IMAP Server ready for requests from 127.0.0.1 w7xo3ez3dfvouifu
sill IMAP [w7xo3ez3dfvouifu] C: T1 LOGIN "(* value hidden *)" "(* value hidden *)"
info Gelf {"short_message":"WILDDUCK [AUTHOK] 0x1a2b3c4d5e6f789012345678901234567890abcd","_mail_action":"auth","_auth_result":"success","_username":"0x1a2b3c4d5e6f789012345678901234567890abcd","_domain":"johns-macbook-pro-i9.local","_user":"68d5c1c9abe11a527cea556f","_password_type":"master","_scope":"imap","_ip":"127.0.0.1","_sess":"w7xo3ez3dfvouifu","facility":"wildduck","host":"Johns-MacBook-Pro-i9.local","timestamp":1758839242.522,"_component":"wildduck"}
info Gelf
{"short_message":"WILDDUCK [CONNSTART] Connection established for 68d5c1c9abe11a527cea556f","_connection":"establish","_service":"imap","_sess":"w7xo3ez3dfvouifu","_user":"68d5c1c9abe11a527cea556f","_cid":"w7xo3ez3dfvouifu","_ip":"127.0.0.1","_limit":15,"facility":"wildduck","host":"Johns-MacBook-Pro-i9.local","timestamp":1758839242.523,"_component":"wildduck"}
info
IMAP [w7xo3ez3dfvouifu] 0x1a2b3c4d5e6f789012345678901234567890abcd authenticated using LOGIN
sill
IMAP [w7xo3ez3dfvouifu] New journal listener for 68d5c1c9abe11a527cea556f (0x1a2b3c4d5e6f789012345678901234567890abcd)
sill IMAP [w7xo3ez3dfvouifu] S: * CAPABILITY IMAP4rev1 APPENDLIMIT=26214400 CHILDREN CONDSTORE ENABLE ID IDLE MOVE NAMESPACE QUOTA SPECIAL-USE UIDPLUS UNSELECT UTF8=ACCEPT XLIST
sill IMAP [w7xo3ez3dfvouifu] S: T1 OK 0x1a2b3c4d5e6f789012345678901234567890abcd authenticated
sill IMAP [w7xo3ez3dfvouifu] C: T2 SELECT INBOX
sill IMAP [w7xo3ez3dfvouifu] Opening "INBOX"
sill IMAP [w7xo3ez3dfvouifu] S: * FLAGS (\Answered \Flagged \Draft \Deleted \Seen)
sill IMAP [w7xo3ez3dfvouifu] S: * OK [PERMANENTFLAGS (\Answered \Flagged \Draft \Deleted \Seen \*)] Flags permitted
sill IMAP [w7xo3ez3dfvouifu] S: * OK [UIDVALIDITY 1758839241] UIDs valid
sill IMAP [w7xo3ez3dfvouifu] S: * 6 EXISTS
sill IMAP [w7xo3ez3dfvouifu] S: * 0 RECENT
sill IMAP
[w7xo3ez3dfvouifu] S: * OK [HIGHESTMODSEQ 5000] Highest
sill IMAP [w7xo3ez3dfvouifu] S: * OK [UIDNEXT 1000] Predicted next UID
sill IMAP [w7xo3ez3dfvouifu] S: T2 OK [READ-WRITE] SELECT completed
sill IMAP [w7xo3ez3dfvouifu] C: T3 FETCH 4 RFC822.HEADER
sill IMAP [w7xo3ez3dfvouifu] FETCH: {"metadataOnly":false,"markAsSeen":false,"messages":1,"query":[{"query":"RFC822.HEADER","item":"rfc822.header","original":{"type":"ATOM","value":"RFC822.HEADER"},"isLiteral":true}],"changedSince":0,"isUid":false}
sill IMAP [w7xo3ez3dfvouifu] Requested FETCH for "68d5c1c9abe11a527cea5570"
sill IMAP [w7xo3ez3dfvouifu] S: <fetch response 68d5c1c9abe11a527cea5570/68d5c1c9abe11a527cea5582/104>
sill IMAP [w7xo3ez3dfvouifu] FETCHOK rows=1 user=68d5c1c9abe11a527cea556f mailbox=68d5c1c9abe11a527cea5570 time=0.005
info
Gelf {"short_message":"WILDDUCK [FETCH]","_mail_action":"fetch","_user":"68d5c1c9abe11a527cea556f","_mailbox":"68d5c1c9abe11a527cea5570","_sess":"w7xo3ez3dfvouifu","_mark_seen":"no","_is_uid":"no","_message_count":1,"_query":"T3 FETCH 4 RFC822.HEADER","_query_time":5,"_row_count":1,"_total_bytes":283,"_response":true,"facility":"wildduck","host":"Johns-MacBook-Pro-i9.local","timestamp":1758839242.733,"_component":"wildduck"}
sill IMAP [w7xo3ez3dfvouifu] S: T3 OK FETCH completed
sill IMAP [w7xo3ez3dfvouifu] C: T4 LOGOUT
sill
IMAP [w7xo3ez3dfvouifu] Removed journal listener from 68d5c1c9abe11a527cea556f (0x1a2b3c4d5e6f789012345678901234567890abcd)
sill IMAP [w7xo3ez3dfvouifu] S: * BYE Logout requested
sill IMAP [w7xo3ez3dfvouifu] S: T4 OK Well, that makes sense. Send a bird to catch a cat!
        ✔ should return RFC822.HEADER (556ms)
info Gelf {"short_message":"WILDDUCK [CONNRELEASE] Connection released for 68d5c1c9abe11a527cea556f","_connection":"release","_service":"imap","_sess":"w7xo3ez3dfvouifu","_user":"68d5c1c9abe11a527cea556f","_cid":"w7xo3ez3dfvouifu","_ip":"127.0.0.1","facility":"wildduck","host":"Johns-MacBook-Pro-i9.local","timestamp":1758839242.835,"_component":"wildduck"}
info IMAP [w7xo3ez3dfvouifu] Connection closed to [127.0.0.1]
info Gelf {"short_message":"WILDDUCK HTTP [GET /users] OK","_remote_ip":"127.0.0.1","_http_route":"/users","_http_method":"GET","_user":"root","_role":"root","_api_response":"success","_size":723,"facility":"wildduck","host":"Johns-MacBook-Pro-i9.local","timestamp":1758839243.5,"_component":"wildduck"}
http API 127.0.0.1 root [-/-] GET /users 200 4ms
info Gelf {"short_message":"WILDDUCK HTTP [GET /users] OK","_remote_ip":"127.0.0.1","_http_route":"/users","_http_method":"GET","_user":"root","_role":"root","_api_response":"success","_size":780,"_req_query":"0x1a2b3c4d5e6f789012345678901234567890abcd","facility":"wildduck","host":"Johns-MacBook-Pro-i9.local","timestamp":1758839243.528,"_component":"wildduck"}
http API 127.0.0.1 root [-/-] GET /users?query=0x1a2b3c4d5e6f789012345678901234567890abcd 200 4ms
verb Tasks Created task id=68d5c1cbabe11a527cea558b
info Gelf
{"short_message":"WILDDUCK HTTP [DELETE /users/:user] OK","_remote_ip":"127.0.0.1","_http_route":"/users/:user","_http_method":"DELETE","_user":"root","_role":"root","_api_response":"success","_code":"TaskScheduled","_size":209,"_req_user":"68d5c1c9abe11a527cea556f","facility":"wildduck","host":"Johns-MacBook-Pro-i9.local","timestamp":1758839243.577,"_component":"wildduck"}
http API 127.0.0.1 root [-/-] DELETE /users/68d5c1c9abe11a527cea556f 200 15ms
verb Tasks Found task for processing id=68d5c1cbabe11a527cea558b
verb Tasks type=user-delete id=68d5c1cbabe11a527cea558b data={"user":"68d5c1c9abe11a527cea556f"}
verb Tasks
task=user-delete id=68d5c1cbabe11a527cea558b user=68d5c1c9abe11a527cea556f message=Deleted 3 addresses from registry
verb Tasks task=user-delete id=68d5c1cbabe11a527cea558b user=68d5c1c9abe11a527cea556f message=Marked 6 messages for deletion
verb Tasks task=user-delete id=68d5c1cbabe11a527cea558b user=68d5c1c9abe11a527cea556f message=Marked total of 6 messages for deletion
verb Tasks task=user-delete id=68d5c1cbabe11a527cea558b user=68d5c1c9abe11a527cea556f message=Cleared user specific data
info Tasks Released task id=68d5c1cbabe11a527cea558b lock=a833d5a7de6f6c029f6886ad
info Gelf {"short_message":"WILDDUCK HTTP [POST /authenticate] OK","_remote_ip":"127.0.0.1","_http_route":"/authenticate","_http_method":"POST","_user":"root","_role":"root","_api_response":"success","_size":334,"_req_username":"0x1a2b3c4d5e6f789012345678901234567890abcd","_req_password":"***","_req_token":"true","_res_id":"68d5c1ceabe11a527cea558e","facility":"wildduck","host":"Johns-MacBook-Pro-i9.local","timestamp":1758839246.153,"_component":"wildduck"}
http API 127.0.0.1 root [-/-] POST /authenticate 200 133ms
info Gelf {"short_message":"WILDDUCK HTTP [GET /users] OK","_remote_ip":"127.0.0.1","_http_route":"/users","_http_method":"GET","_user":"root","_role":"root","_api_response":"success","_size":776,"_req_query":"0x1a2b3c4d5e6f789012345678901234567890abcd","facility":"wildduck","host":"Johns-MacBook-Pro-i9.local","timestamp":1758839246.19,"_component":"wildduck"}
http API 127.0.0.1 root [-/-] GET /users?query=0x1a2b3c4d5e6f789012345678901234567890abcd 200 4ms
info Gelf {"short_message":"WILDDUCK HTTP [GET /users/:user/mailboxes] OK","_remote_ip":"127.0.0.1","_http_route":"/users/:user/mailboxes","_http_method":"GET","_user":"root","_role":"root","_api_response":"success","_size":1275,"_req_user":"68d5c1ceabe11a527cea558e","facility":"wildduck","host":"Johns-MacBook-Pro-i9.local","timestamp":1758839246.226,"_component":"wildduck"}
http API 127.0.0.1 root [-/-] GET /users/68d5c1ceabe11a527cea558e/mailboxes 200 2ms
info Gelf {"short_message":"WILDDUCK HTTP [PUT /users/:user/mailboxes/:mailbox] OK","_remote_ip":"127.0.0.1","_http_route":"/users/:user/mailboxes/:mailbox","_http_method":"PUT","_user":"root","_role":"root","_api_response":"success","_size":22,"_req_user":"68d5c1ceabe11a527cea558e","_req_mailbox":"68d5c1ceabe11a527cea5590","_req_path":"[Gmail]/Sent Mail","facility":"wildduck","host":"Johns-MacBook-Pro-i9.local","timestamp":1758839246.286,"_component":"wildduck"}
http API 127.0.0.1 root [-/-] PUT /users/68d5c1ceabe11a527cea558e/mailboxes/68d5c1ceabe11a527cea5590 200 5ms
info Gelf {"short_message":"WILDDUCK HTTP [GET /users/:user/mailboxes] OK","_remote_ip":"127.0.0.1","_http_route":"/users/:user/mailboxes","_http_method":"GET","_user":"root","_role":"root","_api_response":"success","_size":1283,"_req_user":"68d5c1ceabe11a527cea558e","facility":"wildduck","host":"Johns-MacBook-Pro-i9.local","timestamp":1758839246.321,"_component":"wildduck"}
http API
127.0.0.1 root [-/-] GET /users/68d5c1ceabe11a527cea558e/mailboxes 200 12ms
info Gelf {"short_message":"WILDDUCK [QUOTA] +","_mail_action":"quota","_user":"68d5c1ceabe11a527cea558e","_inc":256,"_storage_used":256,"_mailbox":"68d5c1ceabe11a527cea558f","facility":"wildduck","host":"Johns-MacBook-Pro-i9.local","timestamp":1758839246.527,"_component":"wildduck"}
info Gelf {"short_message":"WILDDUCK HTTP [POST /users/:user/mailboxes/:mailbox/messages] OK","_remote_ip":"127.0.0.1","_http_route":"/users/:user/mailboxes/:mailbox/messages","_http_method":"POST","_user":"root","_role":"root","_api_response":"success","_size":114,"_req_user":"68d5c1ceabe11a527cea558e","_req_mailbox":"68d5c1ceabe11a527cea558f","_req_date":"14-Sep-2013 21:22:28 -0300","_req_unseen":"true","_req_raw":"<Buffer 66 72 6f 6d 3a 20 30 78 62 30 36 63 64 65 66 61 31 61 32 62 33 63 34 64 35 65 36 66 37 38 39 30 31 32 33 34 35 36 37 38 …","facility":"wildduck","host":"Johns-MacBook-Pro-i9.local","timestamp":1758839246.532,"_component":"wildduck"}
http API 127.0.0.1 root [-/-] POST /users/68d5c1ceabe11a527cea558e/mailboxes/68d5c1ceabe11a527cea558f/messages?date=14-Sep-2013%2021%3A22%3A28%20-0300&unseen=true 200 10ms
info Gelf {"short_message":"WILDDUCK [QUOTA] +","_mail_action":"quota","_user":"68d5c1ceabe11a527cea558e","_inc":21927,"_storage_used":22183,"_mailbox":"68d5c1ceabe11a527cea558f","facility":"wildduck","host":"Johns-MacBook-Pro-i9.local","timestamp":1758839246.594,"_component":"wildduck"}
info Gelf {"short_message":"WILDDUCK HTTP [POST /users/:user/mailboxes/:mailbox/messages] OK","_remote_ip":"127.0.0.1","_http_route":"/users/:user/mailboxes/:mailbox/messages","_http_method":"POST","_user":"root","_role":"root","_api_response":"success","_size":116,"_req_user":"68d5c1ceabe11a527cea558e","_req_mailbox":"68d5c1ceabe11a527cea558f","_req_unseen":"false","_req_raw":"<Buffer 53 75 62 6a 65 63 74 3a 20 52 79 61 6e 20 46 69 6e 6e 69 65 27 73 20 4d 49 4d 45 20 54 6f 72 74 75 72 65 20 54 65 73 74 …","facility":"wildduck","host":"Johns-MacBook-Pro-i9.local","timestamp":1758839246.601,"_component":"wildduck"}
http API
127.0.0.1 root [-/-] POST /users/68d5c1ceabe11a527cea558e/mailboxes/68d5c1ceabe11a527cea558f/messages?unseen=false 200 45ms
info Gelf {"short_message":"WILDDUCK [QUOTA] +","_mail_action":"quota","_user":"68d5c1ceabe11a527cea558e","_inc":1044,"_storage_used":23227,"_mailbox":"68d5c1ceabe11a527cea558f","facility":"wildduck","host":"Johns-MacBook-Pro-i9.local","timestamp":1758839246.632,"_component":"wildduck"}
info Gelf {"short_message":"WILDDUCK HTTP [POST /users/:user/mailboxes/:mailbox/messages] OK","_remote_ip":"127.0.0.1","_http_route":"/users/:user/mailboxes/:mailbox/messages","_http_method":"POST","_user":"root","_role":"root","_api_response":"success","_size":115,"_req_user":"68d5c1ceabe11a527cea558e","_req_mailbox":"68d5c1ceabe11a527cea558f","_req_unseen":"false","_req_raw":"<Buffer 4d 49 4d 45 2d 56 65 72 73 69 6f 6e 3a 20 31 2e 30 0d 0a 46 72 6f 6d 3a 20 30 78 36 62 31 37 65 66 61 62 31 61 32 62 33 …","facility":"wildduck","host":"Johns-MacBook-Pro-i9.local","timestamp":1758839246.638,"_component":"wildduck"}
http API 127.0.0.1 root [-/-] POST /users/68d5c1ceabe11a527cea558e/mailboxes/68d5c1ceabe11a527cea558f/messages?unseen=false 200 13ms
info Gelf {"short_message":"WILDDUCK [QUOTA] +","_mail_action":"quota","_user":"68d5c1ceabe11a527cea558e","_inc":264,"_storage_used":23491,"_mailbox":"68d5c1ceabe11a527cea558f","facility":"wildduck","host":"Johns-MacBook-Pro-i9.local","timestamp":1758839246.675,"_component":"wildduck"}
info Gelf {"short_message":"WILDDUCK HTTP [POST /users/:user/mailboxes/:mailbox/messages] OK","_remote_ip":"127.0.0.1","_http_route":"/users/:user/mailboxes/:mailbox/messages","_http_method":"POST","_user":"root","_role":"root","_api_response":"success","_size":114,"_req_user":"68d5c1ceabe11a527cea558e","_req_mailbox":"68d5c1ceabe11a527cea558f","_req_unseen":"true","_req_raw":"<Buffer 66 72 6f 6d 3a 20 30 78 62 30 36 63 64 65 66 61 31 61 32 62 33 63 34 64 35 65 36 66 37 38 39 30 31 32 33 34 35 36 37 38 …","facility":"wildduck","host":"Johns-MacBook-Pro-i9.local","timestamp":1758839246.68,"_component":"wildduck"}
http API 127.0.0.1 root [-/-] POST /users/68d5c1ceabe11a527cea558e/mailboxes/68d5c1ceabe11a527cea558f/messages?unseen=true 200 19ms
info Gelf {"short_message":"WILDDUCK [QUOTA] +","_mail_action":"quota","_user":"68d5c1ceabe11a527cea558e","_inc":178,"_storage_used":23669,"_mailbox":"68d5c1ceabe11a527cea558f","facility":"wildduck","host":"Johns-MacBook-Pro-i9.local","timestamp":1758839246.723,"_component":"wildduck"}
info Gelf {"short_message":"WILDDUCK HTTP [POST /users/:user/mailboxes/:mailbox/messages] OK","_remote_ip":"127.0.0.1","_http_route":"/users/:user/mailboxes/:mailbox/messages","_http_method":"POST","_user":"root","_role":"root","_api_response":"success","_size":114,"_req_user":"68d5c1ceabe11a527cea558e","_req_mailbox":"68d5c1ceabe11a527cea558f","_req_unseen":"true","_req_raw":"<Buffer 66 72 6f 6d 3a 20 30 78 62 30 36 63 64 65 66 61 31 61 32 62 33 63 34 64 35 65 36 66 37 38 39 30 31 32 33 34 35 36 37 38 …","facility":"wildduck","host":"Johns-MacBook-Pro-i9.local","timestamp":1758839246.729,"_component":"wildduck"}
http API
127.0.0.1 root [-/-] POST /users/68d5c1ceabe11a527cea558e/mailboxes/68d5c1ceabe11a527cea558f/messages?unseen=true 200 26ms
info Gelf {"short_message":"WILDDUCK [QUOTA] +","_mail_action":"quota","_user":"68d5c1ceabe11a527cea558e","_inc":178,"_storage_used":23847,"_mailbox":"68d5c1ceabe11a527cea558f","facility":"wildduck","host":"Johns-MacBook-Pro-i9.local","timestamp":1758839246.773,"_component":"wildduck"}
info Gelf {"short_message":"WILDDUCK HTTP [POST /users/:user/mailboxes/:mailbox/messages] OK","_remote_ip":"127.0.0.1","_http_route":"/users/:user/mailboxes/:mailbox/messages","_http_method":"POST","_user":"root","_role":"root","_api_response":"success","_size":114,"_req_user":"68d5c1ceabe11a527cea558e","_req_mailbox":"68d5c1ceabe11a527cea558f","_req_unseen":"true","_req_raw":"<Buffer 66 72 6f 6d 3a 20 30 78 62 30 36 63 64 65 66 61 31 61 32 62 33 63 34 64 35 65 36 66 37 38 39 30 31 32 33 34 35 36 37 38 …","facility":"wildduck","host":"Johns-MacBook-Pro-i9.local","timestamp":1758839246.779,"_component":"wildduck"}
http API
127.0.0.1 root [-/-] POST /users/68d5c1ceabe11a527cea558e/mailboxes/68d5c1ceabe11a527cea558f/messages?unseen=true 200 27ms
info IMAP [equjxslxtmenjman] Secure connection from [127.0.0.1] to Johns-MacBook-Pro-i9.local 127.0.0.1:9993
sill IMAP [equjxslxtmenjman] S: * OK WildDuck IMAP Server ready for requests from 127.0.0.1 equjxslxtmenjman
sill IMAP [equjxslxtmenjman] C: T1 LOGIN "(* value hidden *)" "(* value hidden *)"
info Gelf {"short_message":"WILDDUCK [AUTHOK] 0x1a2b3c4d5e6f789012345678901234567890abcd","_mail_action":"auth","_auth_result":"success","_username":"0x1a2b3c4d5e6f789012345678901234567890abcd","_domain":"johns-macbook-pro-i9.local","_user":"68d5c1ceabe11a527cea558e","_password_type":"master","_scope":"imap","_ip":"127.0.0.1","_sess":"equjxslxtmenjman","facility":"wildduck","host":"Johns-MacBook-Pro-i9.local","timestamp":1758839247.472,"_component":"wildduck"}
info Gelf {"short_message":"WILDDUCK [CONNSTART] Connection established for 68d5c1ceabe11a527cea558e","_connection":"establish","_service":"imap","_sess":"equjxslxtmenjman","_user":"68d5c1ceabe11a527cea558e","_cid":"equjxslxtmenjman","_ip":"127.0.0.1","_limit":15,"facility":"wildduck","host":"Johns-MacBook-Pro-i9.local","timestamp":1758839247.473,"_component":"wildduck"}
info IMAP [equjxslxtmenjman] 0x1a2b3c4d5e6f789012345678901234567890abcd authenticated using LOGIN
sill IMAP [equjxslxtmenjman] New journal listener for 68d5c1ceabe11a527cea558e (0x1a2b3c4d5e6f789012345678901234567890abcd)
sill IMAP [equjxslxtmenjman] S: * CAPABILITY IMAP4rev1 APPENDLIMIT=26214400 CHILDREN CONDSTORE ENABLE ID IDLE MOVE NAMESPACE QUOTA SPECIAL-USE UIDPLUS UNSELECT UTF8=ACCEPT XLIST
sill IMAP [equjxslxtmenjman] S: T1 OK 0x1a2b3c4d5e6f789012345678901234567890abcd authenticated
sill IMAP [equjxslxtmenjman] C: T2 SELECT INBOX
sill IMAP [equjxslxtmenjman] Opening "INBOX"
sill IMAP [equjxslxtmenjman] S: * FLAGS (\Answered \Flagged \Draft \Deleted \Seen)
sill IMAP [equjxslxtmenjman] S: * OK [PERMANENTFLAGS (\Answered \Flagged \Draft \Deleted \Seen \*)] Flags permitted
sill IMAP [equjxslxtmenjman] S: * OK [UIDVALIDITY 1758839246] UIDs valid
sill IMAP [equjxslxtmenjman] S: * 6 EXISTS
sill IMAP [equjxslxtmenjman] S: * 0 RECENT
sill IMAP [equjxslxtmenjman] S: * OK [HIGHESTMODSEQ 5000] Highest
sill IMAP [equjxslxtmenjman] S: * OK [UIDNEXT 1000] Predicted next UID
sill IMAP [equjxslxtmenjman] S: T2 OK [READ-WRITE] SELECT completed
sill IMAP [equjxslxtmenjman] C: T3 FETCH 4 RFC822.TEXT
sill IMAP [equjxslxtmenjman] FETCH: {"metadataOnly":false,"markAsSeen":false,"messages":1,"query":[{"query":"RFC822.TEXT","item":"rfc822.text","original":{"type":"ATOM","value":"RFC822.TEXT"},"isLiteral":true}],"changedSince":0,"isUid":false}
sill IMAP [equjxslxtmenjman] Requested FETCH for "68d5c1ceabe11a527cea558f"
sill IMAP [equjxslxtmenjman] S: <fetch response 68d5c1ceabe11a527cea558f/68d5c1ceabe11a527cea55a1/104>
sill IMAP
[equjxslxtmenjman] FETCHOK rows=1 user=68d5c1ceabe11a527cea558e mailbox=68d5c1ceabe11a527cea558f time=0.005
info Gelf
{"short_message":"WILDDUCK [FETCH]","_mail_action":"fetch","_user":"68d5c1ceabe11a527cea558e","_mailbox":"68d5c1ceabe11a527cea558f","_sess":"equjxslxtmenjman","_mark_seen":"no","_is_uid":"no","_message_count":1,"_query":"T3 FETCH 4 RFC822.TEXT","_query_time":5,"_row_count":1,"_total_bytes":44,"_response":true,"facility":"wildduck","host":"Johns-MacBook-Pro-i9.local","timestamp":1758839247.683,"_component":"wildduck"}
sill IMAP [equjxslxtmenjman] S: T3 OK FETCH completed
sill IMAP [equjxslxtmenjman] C: T4 LOGOUT
sill IMAP [equjxslxtmenjman] Removed journal listener from 68d5c1ceabe11a527cea558e (0x1a2b3c4d5e6f789012345678901234567890abcd)
sill IMAP [equjxslxtmenjman] S: * BYE Logout requested
sill IMAP [equjxslxtmenjman] S: T4 OK Oh boy, oh boy, oh boy...
        ✔ should return RFC822.TEXT (554ms)
info Gelf {"short_message":"WILDDUCK [CONNRELEASE] Connection released for 68d5c1ceabe11a527cea558e","_connection":"release","_service":"imap","_sess":"equjxslxtmenjman","_user":"68d5c1ceabe11a527cea558e","_cid":"equjxslxtmenjman","_ip":"127.0.0.1","facility":"wildduck","host":"Johns-MacBook-Pro-i9.local","timestamp":1758839247.784,"_component":"wildduck"}
info IMAP [equjxslxtmenjman] Connection closed to [127.0.0.1]
      INTERNALDATE
info Gelf {"short_message":"WILDDUCK HTTP [GET /users] OK","_remote_ip":"127.0.0.1","_http_route":"/users","_http_method":"GET","_user":"root","_role":"root","_api_response":"success","_size":723,"facility":"wildduck","host":"Johns-MacBook-Pro-i9.local","timestamp":1758839248.472,"_component":"wildduck"}
http API 127.0.0.1 root [-/-] GET /users 200 18ms
info Gelf {"short_message":"WILDDUCK HTTP [GET /users] OK","_remote_ip":"127.0.0.1","_http_route":"/users","_http_method":"GET","_user":"root","_role":"root","_api_response":"success","_size":780,"_req_query":"0x1a2b3c4d5e6f789012345678901234567890abcd","facility":"wildduck","host":"Johns-MacBook-Pro-i9.local","timestamp":1758839248.502,"_component":"wildduck"}
http API 127.0.0.1 root [-/-] GET /users?query=0x1a2b3c4d5e6f789012345678901234567890abcd 200 4ms
verb Tasks Created task id=68d5c1d0abe11a527cea55aa
info Gelf {"short_message":"WILDDUCK HTTP [DELETE /users/:user] OK","_remote_ip":"127.0.0.1","_http_route":"/users/:user","_http_method":"DELETE","_user":"root","_role":"root","_api_response":"success","_code":"TaskScheduled","_size":209,"_req_user":"68d5c1ceabe11a527cea558e","facility":"wildduck","host":"Johns-MacBook-Pro-i9.local","timestamp":1758839248.545,"_component":"wildduck"}
http API 127.0.0.1 root [-/-] DELETE /users/68d5c1ceabe11a527cea558e 200 8ms
info Gelf {"short_message":"WILDDUCK HTTP [POST /authenticate] OK","_remote_ip":"127.0.0.1","_http_route":"/authenticate","_http_method":"POST","_user":"root","_role":"root","_api_response":"success","_size":334,"_req_username":"0x1a2b3c4d5e6f789012345678901234567890abcd","_req_password":"***","_req_token":"true","_res_id":"68d5c1d3abe11a527cea55ac","facility":"wildduck","host":"Johns-MacBook-Pro-i9.local","timestamp":1758839251.149,"_component":"wildduck"}
http API 127.0.0.1 root [-/-] POST /authenticate 200 150ms
info Gelf {"short_message":"WILDDUCK HTTP [GET /users] OK","_remote_ip":"127.0.0.1","_http_route":"/users","_http_method":"GET","_user":"root","_role":"root","_api_response":"success","_size":776,"_req_query":"0x1a2b3c4d5e6f789012345678901234567890abcd","facility":"wildduck","host":"Johns-MacBook-Pro-i9.local","timestamp":1758839251.187,"_component":"wildduck"}
http API 127.0.0.1 root [-/-] GET /users?query=0x1a2b3c4d5e6f789012345678901234567890abcd 200 4ms
info Gelf {"short_message":"WILDDUCK HTTP [GET /users/:user/mailboxes] OK","_remote_ip":"127.0.0.1","_http_route":"/users/:user/mailboxes","_http_method":"GET","_user":"root","_role":"root","_api_response":"success","_size":1275,"_req_user":"68d5c1d3abe11a527cea55ac","facility":"wildduck","host":"Johns-MacBook-Pro-i9.local","timestamp":1758839251.223,"_component":"wildduck"}
http API 127.0.0.1 root [-/-] GET /users/68d5c1d3abe11a527cea55ac/mailboxes 200 2ms
info Gelf {"short_message":"WILDDUCK HTTP [PUT /users/:user/mailboxes/:mailbox] OK","_remote_ip":"127.0.0.1","_http_route":"/users/:user/mailboxes/:mailbox","_http_method":"PUT","_user":"root","_role":"root","_api_response":"success","_size":22,"_req_user":"68d5c1d3abe11a527cea55ac","_req_mailbox":"68d5c1d3abe11a527cea55ae","_req_path":"[Gmail]/Sent Mail","facility":"wildduck","host":"Johns-MacBook-Pro-i9.local","timestamp":1758839251.282,"_component":"wildduck"}
http API 127.0.0.1 root [-/-] PUT /users/68d5c1d3abe11a527cea55ac/mailboxes/68d5c1d3abe11a527cea55ae 200 4ms
info Gelf {"short_message":"WILDDUCK HTTP [GET /users/:user/mailboxes] OK","_remote_ip":"127.0.0.1","_http_route":"/users/:user/mailboxes","_http_method":"GET","_user":"root","_role":"root","_api_response":"success","_size":1283,"_req_user":"68d5c1d3abe11a527cea55ac","facility":"wildduck","host":"Johns-MacBook-Pro-i9.local","timestamp":1758839251.321,"_component":"wildduck"}
http API 127.0.0.1 root [-/-] GET /users/68d5c1d3abe11a527cea55ac/mailboxes 200 16ms
info Gelf {"short_message":"WILDDUCK [QUOTA] +","_mail_action":"quota","_user":"68d5c1d3abe11a527cea55ac","_inc":256,"_storage_used":256,"_mailbox":"68d5c1d3abe11a527cea55ad","facility":"wildduck","host":"Johns-MacBook-Pro-i9.local","timestamp":1758839251.498,"_component":"wildduck"}
info Gelf {"short_message":"WILDDUCK HTTP [POST /users/:user/mailboxes/:mailbox/messages] OK","_remote_ip":"127.0.0.1","_http_route":"/users/:user/mailboxes/:mailbox/messages","_http_method":"POST","_user":"root","_role":"root","_api_response":"success","_size":114,"_req_user":"68d5c1d3abe11a527cea55ac","_req_mailbox":"68d5c1d3abe11a527cea55ad","_req_date":"14-Sep-2013 21:22:28 -0300","_req_unseen":"true","_req_raw":"<Buffer 66 72 6f 6d 3a 20 30 78 62 30 36 63 64 65 66 61 31 61 32 62 33 63 34 64 35 65 36 66 37 38 39 30 31 32 33 34 35 36 37 38 …","facility":"wildduck","host":"Johns-MacBook-Pro-i9.local","timestamp":1758839251.522,"_component":"wildduck"}
http API 127.0.0.1 root [-/-] POST /users/68d5c1d3abe11a527cea55ac/mailboxes/68d5c1d3abe11a527cea55ad/messages?date=14-Sep-2013%2021%3A22%3A28%20-0300&unseen=true 200 30ms
info Gelf {"short_message":"WILDDUCK [QUOTA] +","_mail_action":"quota","_user":"68d5c1d3abe11a527cea55ac","_inc":21927,"_storage_used":22183,"_mailbox":"68d5c1d3abe11a527cea55ad","facility":"wildduck","host":"Johns-MacBook-Pro-i9.local","timestamp":1758839251.586,"_component":"wildduck"}
info Gelf {"short_message":"WILDDUCK HTTP [POST /users/:user/mailboxes/:mailbox/messages] OK","_remote_ip":"127.0.0.1","_http_route":"/users/:user/mailboxes/:mailbox/messages","_http_method":"POST","_user":"root","_role":"root","_api_response":"success","_size":116,"_req_user":"68d5c1d3abe11a527cea55ac","_req_mailbox":"68d5c1d3abe11a527cea55ad","_req_unseen":"false","_req_raw":"<Buffer 53 75 62 6a 65 63 74 3a 20 52 79 61 6e 20 46 69 6e 6e 69 65 27 73 20 4d 49 4d 45 20 54 6f 72 74 75 72 65 20 54 65 73 74 …","facility":"wildduck","host":"Johns-MacBook-Pro-i9.local","timestamp":1758839251.593,"_component":"wildduck"}
http API 127.0.0.1 root [-/-] POST /users/68d5c1d3abe11a527cea55ac/mailboxes/68d5c1d3abe11a527cea55ad/messages?unseen=false 200 49ms
info Gelf {"short_message":"WILDDUCK [QUOTA] +","_mail_action":"quota","_user":"68d5c1d3abe11a527cea55ac","_inc":1044,"_storage_used":23227,"_mailbox":"68d5c1d3abe11a527cea55ad","facility":"wildduck","host":"Johns-MacBook-Pro-i9.local","timestamp":1758839251.626,"_component":"wildduck"}
info Gelf {"short_message":"WILDDUCK HTTP [POST /users/:user/mailboxes/:mailbox/messages] OK","_remote_ip":"127.0.0.1","_http_route":"/users/:user/mailboxes/:mailbox/messages","_http_method":"POST","_user":"root","_role":"root","_api_response":"success","_size":115,"_req_user":"68d5c1d3abe11a527cea55ac","_req_mailbox":"68d5c1d3abe11a527cea55ad","_req_unseen":"false","_req_raw":"<Buffer 4d 49 4d 45 2d 56 65 72 73 69 6f 6e 3a 20 31 2e 30 0d 0a 46 72 6f 6d 3a 20 30 78 36 62 31 37 65 66 61 62 31 61 32 62 33 …","facility":"wildduck","host":"Johns-MacBook-Pro-i9.local","timestamp":1758839251.631,"_component":"wildduck"}
http API 127.0.0.1 root [-/-] POST /users/68d5c1d3abe11a527cea55ac/mailboxes/68d5c1d3abe11a527cea55ad/messages?unseen=false 200 14ms
info Gelf {"short_message":"WILDDUCK [QUOTA] +","_mail_action":"quota","_user":"68d5c1d3abe11a527cea55ac","_inc":264,"_storage_used":23491,"_mailbox":"68d5c1d3abe11a527cea55ad","facility":"wildduck","host":"Johns-MacBook-Pro-i9.local","timestamp":1758839251.673,"_component":"wildduck"}
info Gelf {"short_message":"WILDDUCK HTTP [POST /users/:user/mailboxes/:mailbox/messages] OK","_remote_ip":"127.0.0.1","_http_route":"/users/:user/mailboxes/:mailbox/messages","_http_method":"POST","_user":"root","_role":"root","_api_response":"success","_size":114,"_req_user":"68d5c1d3abe11a527cea55ac","_req_mailbox":"68d5c1d3abe11a527cea55ad","_req_unseen":"true","_req_raw":"<Buffer 66 72 6f 6d 3a 20 30 78 62 30 36 63 64 65 66 61 31 61 32 62 33 63 34 64 35 65 36 66 37 38 39 30 31 32 33 34 35 36 37 38 …","facility":"wildduck","host":"Johns-MacBook-Pro-i9.local","timestamp":1758839251.678,"_component":"wildduck"}
http API 127.0.0.1 root [-/-] POST /users/68d5c1d3abe11a527cea55ac/mailboxes/68d5c1d3abe11a527cea55ad/messages?unseen=true 200 25ms
info Gelf {"short_message":"WILDDUCK [QUOTA] +","_mail_action":"quota","_user":"68d5c1d3abe11a527cea55ac","_inc":178,"_storage_used":23669,"_mailbox":"68d5c1d3abe11a527cea55ad","facility":"wildduck","host":"Johns-MacBook-Pro-i9.local","timestamp":1758839251.723,"_component":"wildduck"}
info Gelf {"short_message":"WILDDUCK HTTP [POST /users/:user/mailboxes/:mailbox/messages] OK","_remote_ip":"127.0.0.1","_http_route":"/users/:user/mailboxes/:mailbox/messages","_http_method":"POST","_user":"root","_role":"root","_api_response":"success","_size":114,"_req_user":"68d5c1d3abe11a527cea55ac","_req_mailbox":"68d5c1d3abe11a527cea55ad","_req_unseen":"true","_req_raw":"<Buffer 66 72 6f 6d 3a 20 30 78 62 30 36 63 64 65 66 61 31 61 32 62 33 63 34 64 35 65 36 66 37 38 39 30 31 32 33 34 35 36 37 38 …","facility":"wildduck","host":"Johns-MacBook-Pro-i9.local","timestamp":1758839251.73,"_component":"wildduck"}
http API
127.0.0.1 root [-/-] POST /users/68d5c1d3abe11a527cea55ac/mailboxes/68d5c1d3abe11a527cea55ad/messages?unseen=true 200 29ms
info Gelf {"short_message":"WILDDUCK [QUOTA] +","_mail_action":"quota","_user":"68d5c1d3abe11a527cea55ac","_inc":178,"_storage_used":23847,"_mailbox":"68d5c1d3abe11a527cea55ad","facility":"wildduck","host":"Johns-MacBook-Pro-i9.local","timestamp":1758839251.775,"_component":"wildduck"}
info Gelf {"short_message":"WILDDUCK HTTP [POST /users/:user/mailboxes/:mailbox/messages] OK","_remote_ip":"127.0.0.1","_http_route":"/users/:user/mailboxes/:mailbox/messages","_http_method":"POST","_user":"root","_role":"root","_api_response":"success","_size":114,"_req_user":"68d5c1d3abe11a527cea55ac","_req_mailbox":"68d5c1d3abe11a527cea55ad","_req_unseen":"true","_req_raw":"<Buffer 66 72 6f 6d 3a 20 30 78 62 30 36 63 64 65 66 61 31 61 32 62 33 63 34 64 35 65 36 66 37 38 39 30 31 32 33 34 35 36 37 38 …","facility":"wildduck","host":"Johns-MacBook-Pro-i9.local","timestamp":1758839251.781,"_component":"wildduck"}
http API 127.0.0.1 root [-/-] POST /users/68d5c1d3abe11a527cea55ac/mailboxes/68d5c1d3abe11a527cea55ad/messages?unseen=true 200 28ms
verb
Tasks Found task for processing id=68d5c1d0abe11a527cea55aa
verb Tasks type=user-delete id=68d5c1d0abe11a527cea55aa data={"user":"68d5c1ceabe11a527cea558e"}
verb Tasks task=user-delete id=68d5c1d0abe11a527cea55aa user=68d5c1ceabe11a527cea558e message=Deleted 3 addresses from registry
verb Tasks task=user-delete id=68d5c1d0abe11a527cea55aa user=68d5c1ceabe11a527cea558e message=Marked 6 messages for deletion
verb Tasks task=user-delete id=68d5c1d0abe11a527cea55aa user=68d5c1ceabe11a527cea558e message=Marked total of 6 messages for deletion
verb Tasks task=user-delete id=68d5c1d0abe11a527cea55aa user=68d5c1ceabe11a527cea558e message=Cleared user specific data
info Tasks Released task id=68d5c1d0abe11a527cea55aa lock=ecfaf5e24f0c8e9da30d7098
info IMAP [xwnnph5464ytngyr] Secure connection from [127.0.0.1] to Johns-MacBook-Pro-i9.local 127.0.0.1:9993
sill IMAP [xwnnph5464ytngyr] S: * OK WildDuck IMAP Server ready for requests from 127.0.0.1 xwnnph5464ytngyr
sill IMAP [xwnnph5464ytngyr] C: T1 LOGIN "(* value hidden *)" "(* value hidden *)"
info Gelf {"short_message":"WILDDUCK [AUTHOK] 0x1a2b3c4d5e6f789012345678901234567890abcd","_mail_action":"auth","_auth_result":"success","_username":"0x1a2b3c4d5e6f789012345678901234567890abcd","_domain":"johns-macbook-pro-i9.local","_user":"68d5c1d3abe11a527cea55ac","_password_type":"master","_scope":"imap","_ip":"127.0.0.1","_sess":"xwnnph5464ytngyr","facility":"wildduck","host":"Johns-MacBook-Pro-i9.local","timestamp":1758839252.446,"_component":"wildduck"}
info Gelf {"short_message":"WILDDUCK [CONNSTART] Connection established for 68d5c1d3abe11a527cea55ac","_connection":"establish","_service":"imap","_sess":"xwnnph5464ytngyr","_user":"68d5c1d3abe11a527cea55ac","_cid":"xwnnph5464ytngyr","_ip":"127.0.0.1","_limit":15,"facility":"wildduck","host":"Johns-MacBook-Pro-i9.local","timestamp":1758839252.448,"_component":"wildduck"}
info IMAP [xwnnph5464ytngyr] 0x1a2b3c4d5e6f789012345678901234567890abcd authenticated using LOGIN
sill IMAP [xwnnph5464ytngyr] New journal listener for 68d5c1d3abe11a527cea55ac (0x1a2b3c4d5e6f789012345678901234567890abcd)
sill IMAP [xwnnph5464ytngyr] S: * CAPABILITY IMAP4rev1 APPENDLIMIT=26214400 CHILDREN CONDSTORE ENABLE ID IDLE MOVE NAMESPACE QUOTA SPECIAL-USE UIDPLUS UNSELECT UTF8=ACCEPT XLIST
sill IMAP [xwnnph5464ytngyr] S: T1 OK 0x1a2b3c4d5e6f789012345678901234567890abcd authenticated
sill IMAP [xwnnph5464ytngyr] C: T2 SELECT INBOX
sill IMAP [xwnnph5464ytngyr] Opening "INBOX"
sill IMAP [xwnnph5464ytngyr] S: * FLAGS (\Answered \Flagged \Draft \Deleted \Seen)
sill IMAP [xwnnph5464ytngyr] S: * OK [PERMANENTFLAGS (\Answered \Flagged \Draft \Deleted \Seen \*)] Flags permitted
sill IMAP [xwnnph5464ytngyr] S: * OK [UIDVALIDITY 1758839251] UIDs valid
sill IMAP [xwnnph5464ytngyr] S: * 6 EXISTS
sill
IMAP [xwnnph5464ytngyr] S: * 0 RECENT
sill IMAP [xwnnph5464ytngyr] S: * OK [HIGHESTMODSEQ 5000] Highest
sill IMAP [xwnnph5464ytngyr] S: * OK [UIDNEXT 1000] Predicted next UID
sill IMAP [xwnnph5464ytngyr] S: T2 OK [READ-WRITE] SELECT completed
sill IMAP [xwnnph5464ytngyr] C: T3 FETCH 1 INTERNALDATE
sill IMAP [xwnnph5464ytngyr] FETCH: {"metadataOnly":true,"markAsSeen":false,"messages":1,"query":[{"query":"INTERNALDATE","item":"internaldate","original":{"type":"ATOM","value":"INTERNALDATE"}}],"changedSince":0,"isUid":false}
sill IMAP [xwnnph5464ytngyr] Requested FETCH for "68d5c1d3abe11a527cea55ad"
sill IMAP [xwnnph5464ytngyr] S: * 1 FETCH (INTERNALDATE "15-Sep-2013 00:22:28 +0000")
sill IMAP [xwnnph5464ytngyr] FETCHOK rows=1 user=68d5c1d3abe11a527cea55ac mailbox=68d5c1d3abe11a527cea55ad time=0.022
info Gelf {"short_message":"WILDDUCK [FETCH]","_mail_action":"fetch","_user":"68d5c1d3abe11a527cea55ac","_mailbox":"68d5c1d3abe11a527cea55ad","_sess":"xwnnph5464ytngyr","_mark_seen":"no","_is_uid":"no","_message_count":1,"_query":"T3 FETCH 1 INTERNALDATE","_query_time":22,"_row_count":1,"_total_bytes":53,"_response":true,"facility":"wildduck","host":"Johns-MacBook-Pro-i9.local","timestamp":1758839252.675,"_component":"wildduck"}
sill IMAP [xwnnph5464ytngyr] S: T3 OK FETCH completed
sill IMAP [xwnnph5464ytngyr] C: T4 LOGOUT
sill IMAP [xwnnph5464ytngyr] Removed journal listener from 68d5c1d3abe11a527cea55ac (0x1a2b3c4d5e6f789012345678901234567890abcd)
sill IMAP [xwnnph5464ytngyr] S: * BYE Logout requested
sill IMAP [xwnnph5464ytngyr] S: T4 OK Bad biscuits make the baker broke, bro.
        ✔ should return message internaldate (578ms)
info Gelf {"short_message":"WILDDUCK [CONNRELEASE] Connection released for 68d5c1d3abe11a527cea55ac","_connection":"release","_service":"imap","_sess":"xwnnph5464ytngyr","_user":"68d5c1d3abe11a527cea55ac","_cid":"xwnnph5464ytngyr","_ip":"127.0.0.1","facility":"wildduck","host":"Johns-MacBook-Pro-i9.local","timestamp":1758839252.776,"_component":"wildduck"}
info IMAP [xwnnph5464ytngyr] Connection closed to [127.0.0.1]
    SEARCH command
info Gelf {"short_message":"WILDDUCK HTTP [GET /users] OK","_remote_ip":"127.0.0.1","_http_route":"/users","_http_method":"GET","_user":"root","_role":"root","_api_response":"success","_size":723,"facility":"wildduck","host":"Johns-MacBook-Pro-i9.local","timestamp":1758839253.44,"_component":"wildduck"}
http API 127.0.0.1 root [-/-] GET /users 200 4ms
info Gelf {"short_message":"WILDDUCK HTTP [GET /users] OK","_remote_ip":"127.0.0.1","_http_route":"/users","_http_method":"GET","_user":"root","_role":"root","_api_response":"success","_size":780,"_req_query":"0x1a2b3c4d5e6f789012345678901234567890abcd","facility":"wildduck","host":"Johns-MacBook-Pro-i9.local","timestamp":1758839253.473,"_component":"wildduck"}
http API 127.0.0.1 root [-/-] GET /users?query=0x1a2b3c4d5e6f789012345678901234567890abcd 200 9ms
verb Tasks Created task id=68d5c1d5abe11a527cea55c9
info Gelf {"short_message":"WILDDUCK HTTP [DELETE /users/:user] OK","_remote_ip":"127.0.0.1","_http_route":"/users/:user","_http_method":"DELETE","_user":"root","_role":"root","_api_response":"success","_code":"TaskScheduled","_size":209,"_req_user":"68d5c1d3abe11a527cea55ac","facility":"wildduck","host":"Johns-MacBook-Pro-i9.local","timestamp":1758839253.527,"_component":"wildduck"}
http API 127.0.0.1 root [-/-] DELETE /users/68d5c1d3abe11a527cea55ac 200 20ms
verb Tasks Found task for processing id=68d5c1d5abe11a527cea55c9
verb Tasks type=user-delete id=68d5c1d5abe11a527cea55c9 data={"user":"68d5c1d3abe11a527cea55ac"}
verb Tasks task=user-delete id=68d5c1d5abe11a527cea55c9 user=68d5c1d3abe11a527cea55ac message=Deleted 3 addresses from registry
verb Tasks
task=user-delete id=68d5c1d5abe11a527cea55c9 user=68d5c1d3abe11a527cea55ac message=Marked 6 messages for deletion
verb Tasks task=user-delete id=68d5c1d5abe11a527cea55c9 user=68d5c1d3abe11a527cea55ac message=Marked total of 6 messages for deletion
verb Tasks task=user-delete id=68d5c1d5abe11a527cea55c9 user=68d5c1d3abe11a527cea55ac message=Cleared user specific data
info Tasks
Released task id=68d5c1d5abe11a527cea55c9 lock=e8d696e7234c6abd2e0cd918
info Gelf {"short_message":"WILDDUCK HTTP [POST /authenticate] OK","_remote_ip":"127.0.0.1","_http_route":"/authenticate","_http_method":"POST","_user":"root","_role":"root","_api_response":"success","_size":334,"_req_username":"0x1a2b3c4d5e6f789012345678901234567890abcd","_req_password":"***","_req_token":"true","_res_id":"68d5c1d8abe11a527cea55cc","facility":"wildduck","host":"Johns-MacBook-Pro-i9.local","timestamp":1758839256.17,"_component":"wildduck"}
http API 127.0.0.1 root [-/-] POST /authenticate 200 150ms
info Gelf {"short_message":"WILDDUCK HTTP [GET /users] OK","_remote_ip":"127.0.0.1","_http_route":"/users","_http_method":"GET","_user":"root","_role":"root","_api_response":"success","_size":776,"_req_query":"0x1a2b3c4d5e6f789012345678901234567890abcd","facility":"wildduck","host":"Johns-MacBook-Pro-i9.local","timestamp":1758839256.24,"_component":"wildduck"}
http API 127.0.0.1 root [-/-] GET /users?query=0x1a2b3c4d5e6f789012345678901234567890abcd 200 31ms
info Gelf {"short_message":"WILDDUCK HTTP [GET /users/:user/mailboxes] OK","_remote_ip":"127.0.0.1","_http_route":"/users/:user/mailboxes","_http_method":"GET","_user":"root","_role":"root","_api_response":"success","_size":1275,"_req_user":"68d5c1d8abe11a527cea55cc","facility":"wildduck","host":"Johns-MacBook-Pro-i9.local","timestamp":1758839256.278,"_component":"wildduck"}
http API 127.0.0.1 root [-/-] GET /users/68d5c1d8abe11a527cea55cc/mailboxes 200 2ms
info Gelf {"short_message":"WILDDUCK HTTP [PUT /users/:user/mailboxes/:mailbox] OK","_remote_ip":"127.0.0.1","_http_route":"/users/:user/mailboxes/:mailbox","_http_method":"PUT","_user":"root","_role":"root","_api_response":"success","_size":22,"_req_user":"68d5c1d8abe11a527cea55cc","_req_mailbox":"68d5c1d8abe11a527cea55ce","_req_path":"[Gmail]/Sent Mail","facility":"wildduck","host":"Johns-MacBook-Pro-i9.local","timestamp":1758839256.338,"_component":"wildduck"}
http API 127.0.0.1 root [-/-] PUT /users/68d5c1d8abe11a527cea55cc/mailboxes/68d5c1d8abe11a527cea55ce 200 5ms
info Gelf {"short_message":"WILDDUCK HTTP [GET /users/:user/mailboxes] OK","_remote_ip":"127.0.0.1","_http_route":"/users/:user/mailboxes","_http_method":"GET","_user":"root","_role":"root","_api_response":"success","_size":1283,"_req_user":"68d5c1d8abe11a527cea55cc","facility":"wildduck","host":"Johns-MacBook-Pro-i9.local","timestamp":1758839256.371,"_component":"wildduck"}
http API 127.0.0.1 root [-/-] GET /users/68d5c1d8abe11a527cea55cc/mailboxes 200 11ms
info Gelf {"short_message":"WILDDUCK [QUOTA] +","_mail_action":"quota","_user":"68d5c1d8abe11a527cea55cc","_inc":256,"_storage_used":256,"_mailbox":"68d5c1d8abe11a527cea55cd","facility":"wildduck","host":"Johns-MacBook-Pro-i9.local","timestamp":1758839256.6,"_component":"wildduck"}
info Gelf {"short_message":"WILDDUCK HTTP [POST /users/:user/mailboxes/:mailbox/messages] OK","_remote_ip":"127.0.0.1","_http_route":"/users/:user/mailboxes/:mailbox/messages","_http_method":"POST","_user":"root","_role":"root","_api_response":"success","_size":114,"_req_user":"68d5c1d8abe11a527cea55cc","_req_mailbox":"68d5c1d8abe11a527cea55cd","_req_date":"14-Sep-2013 21:22:28 -0300","_req_unseen":"true","_req_raw":"<Buffer 66 72 6f 6d 3a 20 30 78 62 30 36 63 64 65 66 61 31 61 32 62 33 63 34 64 35 65 36 66 37 38 39 30 31 32 33 34 35 36 37 38 …","facility":"wildduck","host":"Johns-MacBook-Pro-i9.local","timestamp":1758839256.622,"_component":"wildduck"}
http API 127.0.0.1 root [-/-] POST /users/68d5c1d8abe11a527cea55cc/mailboxes/68d5c1d8abe11a527cea55cd/messages?date=14-Sep-2013%2021%3A22%3A28%20-0300&unseen=true 200 27ms
info Gelf {"short_message":"WILDDUCK [QUOTA] +","_mail_action":"quota","_user":"68d5c1d8abe11a527cea55cc","_inc":21927,"_storage_used":22183,"_mailbox":"68d5c1d8abe11a527cea55cd","facility":"wildduck","host":"Johns-MacBook-Pro-i9.local","timestamp":1758839256.685,"_component":"wildduck"}
info Gelf {"short_message":"WILDDUCK HTTP [POST /users/:user/mailboxes/:mailbox/messages] OK","_remote_ip":"127.0.0.1","_http_route":"/users/:user/mailboxes/:mailbox/messages","_http_method":"POST","_user":"root","_role":"root","_api_response":"success","_size":116,"_req_user":"68d5c1d8abe11a527cea55cc","_req_mailbox":"68d5c1d8abe11a527cea55cd","_req_unseen":"false","_req_raw":"<Buffer 53 75 62 6a 65 63 74 3a 20 52 79 61 6e 20 46 69 6e 6e 69 65 27 73 20 4d 49 4d 45 20 54 6f 72 74 75 72 65 20 54 65 73 74 …","facility":"wildduck","host":"Johns-MacBook-Pro-i9.local","timestamp":1758839256.694,"_component":"wildduck"}
http API 127.0.0.1 root [-/-] POST /users/68d5c1d8abe11a527cea55cc/mailboxes/68d5c1d8abe11a527cea55cd/messages?unseen=false 200 49ms
info Gelf {"short_message":"WILDDUCK [QUOTA] +","_mail_action":"quota","_user":"68d5c1d8abe11a527cea55cc","_inc":1044,"_storage_used":23227,"_mailbox":"68d5c1d8abe11a527cea55cd","facility":"wildduck","host":"Johns-MacBook-Pro-i9.local","timestamp":1758839256.727,"_component":"wildduck"}
info Gelf {"short_message":"WILDDUCK HTTP [POST /users/:user/mailboxes/:mailbox/messages] OK","_remote_ip":"127.0.0.1","_http_route":"/users/:user/mailboxes/:mailbox/messages","_http_method":"POST","_user":"root","_role":"root","_api_response":"success","_size":115,"_req_user":"68d5c1d8abe11a527cea55cc","_req_mailbox":"68d5c1d8abe11a527cea55cd","_req_unseen":"false","_req_raw":"<Buffer 4d 49 4d 45 2d 56 65 72 73 69 6f 6e 3a 20 31 2e 30 0d 0a 46 72 6f 6d 3a 20 30 78 36 62 31 37 65 66 61 62 31 61 32 62 33 …","facility":"wildduck","host":"Johns-MacBook-Pro-i9.local","timestamp":1758839256.732,"_component":"wildduck"}
http API 127.0.0.1 root [-/-] POST /users/68d5c1d8abe11a527cea55cc/mailboxes/68d5c1d8abe11a527cea55cd/messages?unseen=false 200 15ms
info Gelf {"short_message":"WILDDUCK [QUOTA] +","_mail_action":"quota","_user":"68d5c1d8abe11a527cea55cc","_inc":264,"_storage_used":23491,"_mailbox":"68d5c1d8abe11a527cea55cd","facility":"wildduck","host":"Johns-MacBook-Pro-i9.local","timestamp":1758839256.774,"_component":"wildduck"}
info Gelf {"short_message":"WILDDUCK HTTP [POST /users/:user/mailboxes/:mailbox/messages] OK","_remote_ip":"127.0.0.1","_http_route":"/users/:user/mailboxes/:mailbox/messages","_http_method":"POST","_user":"root","_role":"root","_api_response":"success","_size":114,"_req_user":"68d5c1d8abe11a527cea55cc","_req_mailbox":"68d5c1d8abe11a527cea55cd","_req_unseen":"true","_req_raw":"<Buffer 66 72 6f 6d 3a 20 30 78 62 30 36 63 64 65 66 61 31 61 32 62 33 63 34 64 35 65 36 66 37 38 39 30 31 32 33 34 35 36 37 38 …","facility":"wildduck","host":"Johns-MacBook-Pro-i9.local","timestamp":1758839256.779,"_component":"wildduck"}
http API
127.0.0.1 root [-/-] POST /users/68d5c1d8abe11a527cea55cc/mailboxes/68d5c1d8abe11a527cea55cd/messages?unseen=true 200 24ms
info Gelf {"short_message":"WILDDUCK [QUOTA] +","_mail_action":"quota","_user":"68d5c1d8abe11a527cea55cc","_inc":178,"_storage_used":23669,"_mailbox":"68d5c1d8abe11a527cea55cd","facility":"wildduck","host":"Johns-MacBook-Pro-i9.local","timestamp":1758839256.824,"_component":"wildduck"}
info Gelf {"short_message":"WILDDUCK HTTP [POST /users/:user/mailboxes/:mailbox/messages] OK","_remote_ip":"127.0.0.1","_http_route":"/users/:user/mailboxes/:mailbox/messages","_http_method":"POST","_user":"root","_role":"root","_api_response":"success","_size":114,"_req_user":"68d5c1d8abe11a527cea55cc","_req_mailbox":"68d5c1d8abe11a527cea55cd","_req_unseen":"true","_req_raw":"<Buffer 66 72 6f 6d 3a 20 30 78 62 30 36 63 64 65 66 61 31 61 32 62 33 63 34 64 35 65 36 66 37 38 39 30 31 32 33 34 35 36 37 38 …","facility":"wildduck","host":"Johns-MacBook-Pro-i9.local","timestamp":1758839256.829,"_component":"wildduck"}
http API 127.0.0.1 root [-/-] POST /users/68d5c1d8abe11a527cea55cc/mailboxes/68d5c1d8abe11a527cea55cd/messages?unseen=true 200 27ms
info Gelf {"short_message":"WILDDUCK [QUOTA] +","_mail_action":"quota","_user":"68d5c1d8abe11a527cea55cc","_inc":178,"_storage_used":23847,"_mailbox":"68d5c1d8abe11a527cea55cd","facility":"wildduck","host":"Johns-MacBook-Pro-i9.local","timestamp":1758839256.873,"_component":"wildduck"}
info Gelf {"short_message":"WILDDUCK HTTP [POST /users/:user/mailboxes/:mailbox/messages] OK","_remote_ip":"127.0.0.1","_http_route":"/users/:user/mailboxes/:mailbox/messages","_http_method":"POST","_user":"root","_role":"root","_api_response":"success","_size":114,"_req_user":"68d5c1d8abe11a527cea55cc","_req_mailbox":"68d5c1d8abe11a527cea55cd","_req_unseen":"true","_req_raw":"<Buffer 66 72 6f 6d 3a 20 30 78 62 30 36 63 64 65 66 61 31 61 32 62 33 63 34 64 35 65 36 66 37 38 39 30 31 32 33 34 35 36 37 38 …","facility":"wildduck","host":"Johns-MacBook-Pro-i9.local","timestamp":1758839256.879,"_component":"wildduck"}
http API
127.0.0.1 root [-/-] POST /users/68d5c1d8abe11a527cea55cc/mailboxes/68d5c1d8abe11a527cea55cd/messages?unseen=true 200 26ms
info IMAP [wlzylvle2wmhjtg6] Secure connection from [127.0.0.1] to Johns-MacBook-Pro-i9.local 127.0.0.1:9993
sill IMAP [wlzylvle2wmhjtg6] S: * OK WildDuck IMAP Server ready for requests from 127.0.0.1 wlzylvle2wmhjtg6
sill IMAP [wlzylvle2wmhjtg6] C: T1 LOGIN "(* value hidden *)" "(* value hidden *)"
info Gelf {"short_message":"WILDDUCK [AUTHOK] 0x1a2b3c4d5e6f789012345678901234567890abcd","_mail_action":"auth","_auth_result":"success","_username":"0x1a2b3c4d5e6f789012345678901234567890abcd","_domain":"johns-macbook-pro-i9.local","_user":"68d5c1d8abe11a527cea55cc","_password_type":"master","_scope":"imap","_ip":"127.0.0.1","_sess":"wlzylvle2wmhjtg6","facility":"wildduck","host":"Johns-MacBook-Pro-i9.local","timestamp":1758839257.472,"_component":"wildduck"}
info Gelf {"short_message":"WILDDUCK [CONNSTART] Connection established for 68d5c1d8abe11a527cea55cc","_connection":"establish","_service":"imap","_sess":"wlzylvle2wmhjtg6","_user":"68d5c1d8abe11a527cea55cc","_cid":"wlzylvle2wmhjtg6","_ip":"127.0.0.1","_limit":15,"facility":"wildduck","host":"Johns-MacBook-Pro-i9.local","timestamp":1758839257.474,"_component":"wildduck"}
info IMAP [wlzylvle2wmhjtg6] 0x1a2b3c4d5e6f789012345678901234567890abcd authenticated using LOGIN
sill IMAP [wlzylvle2wmhjtg6] New journal listener for 68d5c1d8abe11a527cea55cc (0x1a2b3c4d5e6f789012345678901234567890abcd)
sill IMAP
[wlzylvle2wmhjtg6] S: * CAPABILITY IMAP4rev1 APPENDLIMIT=26214400 CHILDREN CONDSTORE ENABLE ID IDLE MOVE NAMESPACE QUOTA SPECIAL-USE UIDPLUS UNSELECT UTF8=ACCEPT XLIST
sill IMAP [wlzylvle2wmhjtg6] S: T1 OK 0x1a2b3c4d5e6f789012345678901234567890abcd authenticated
sill IMAP [wlzylvle2wmhjtg6] C: T2 SELECT INBOX
sill IMAP [wlzylvle2wmhjtg6] Opening "INBOX"
sill IMAP [wlzylvle2wmhjtg6] S: * FLAGS (\Answered \Flagged \Draft \Deleted \Seen)
sill IMAP [wlzylvle2wmhjtg6] S: * OK [PERMANENTFLAGS (\Answered \Flagged \Draft \Deleted \Seen \*)] Flags permitted
sill IMAP [wlzylvle2wmhjtg6] S: * OK [UIDVALIDITY 1758839256] UIDs valid
sill IMAP [wlzylvle2wmhjtg6] S: * 6 EXISTS
sill IMAP [wlzylvle2wmhjtg6] S: * 0 RECENT
sill IMAP [wlzylvle2wmhjtg6] S: * OK [HIGHESTMODSEQ 5000] Highest
sill IMAP [wlzylvle2wmhjtg6] S: * OK [UIDNEXT 1000] Predicted next UID
sill IMAP [wlzylvle2wmhjtg6] S: T2 OK [READ-WRITE] SELECT completed
sill IMAP [wlzylvle2wmhjtg6] C: T3 SEARCH ALL
info IMAP [wlzylvle2wmhjtg6] SEARCH {"mailbox":"68d5c1d8abe11a527cea55cd"}
sill IMAP [wlzylvle2wmhjtg6] S: * SEARCH 1 2 3 4 5 6
sill IMAP [wlzylvle2wmhjtg6] S: T3 OK SEARCH completed
sill IMAP [wlzylvle2wmhjtg6] C: T4 UID SEARCH ALL
info IMAP [wlzylvle2wmhjtg6] SEARCH {"mailbox":"68d5c1d8abe11a527cea55cd"}
sill IMAP [wlzylvle2wmhjtg6] S: * SEARCH 101 102 103 104 105 106
sill IMAP [wlzylvle2wmhjtg6] S: T4 OK UID SEARCH completed
sill IMAP [wlzylvle2wmhjtg6] C: T7 LOGOUT
sill
IMAP [wlzylvle2wmhjtg6] Removed journal listener from 68d5c1d8abe11a527cea55cc (0x1a2b3c4d5e6f789012345678901234567890abcd)
sill IMAP [wlzylvle2wmhjtg6] S: * BYE Logout requested
sill IMAP [wlzylvle2wmhjtg6] S: T7 OK This does compute!
      ✔ should succeed (666ms)
info Gelf {"short_message":"WILDDUCK [CONNRELEASE] Connection released for 68d5c1d8abe11a527cea55cc","_connection":"release","_service":"imap","_sess":"wlzylvle2wmhjtg6","_user":"68d5c1d8abe11a527cea55cc","_cid":"wlzylvle2wmhjtg6","_ip":"127.0.0.1","facility":"wildduck","host":"Johns-MacBook-Pro-i9.local","timestamp":1758839257.895,"_component":"wildduck"}
info IMAP [wlzylvle2wmhjtg6] Connection closed to [127.0.0.1]
info Gelf {"short_message":"WILDDUCK HTTP [GET /users] OK","_remote_ip":"127.0.0.1","_http_route":"/users","_http_method":"GET","_user":"root","_role":"root","_api_response":"success","_size":723,"facility":"wildduck","host":"Johns-MacBook-Pro-i9.local","timestamp":1758839258.572,"_component":"wildduck"}
http API 127.0.0.1 root [-/-] GET /users 200 17ms
info Gelf {"short_message":"WILDDUCK HTTP [GET /users] OK","_remote_ip":"127.0.0.1","_http_route":"/users","_http_method":"GET","_user":"root","_role":"root","_api_response":"success","_size":780,"_req_query":"0x1a2b3c4d5e6f789012345678901234567890abcd","facility":"wildduck","host":"Johns-MacBook-Pro-i9.local","timestamp":1758839258.602,"_component":"wildduck"}
http API 127.0.0.1 root [-/-] GET /users?query=0x1a2b3c4d5e6f789012345678901234567890abcd 200 4ms
verb Tasks Created task id=68d5c1daabe11a527cea55e8
info Gelf {"short_message":"WILDDUCK HTTP [DELETE /users/:user] OK","_remote_ip":"127.0.0.1","_http_route":"/users/:user","_http_method":"DELETE","_user":"root","_role":"root","_api_response":"success","_code":"TaskScheduled","_size":209,"_req_user":"68d5c1d8abe11a527cea55cc","facility":"wildduck","host":"Johns-MacBook-Pro-i9.local","timestamp":1758839258.644,"_component":"wildduck"}
http API 127.0.0.1 root [-/-] DELETE /users/68d5c1d8abe11a527cea55cc 200 8ms
verb Tasks Found task for processing id=68d5c1daabe11a527cea55e8
verb Tasks type=user-delete id=68d5c1daabe11a527cea55e8 data={"user":"68d5c1d8abe11a527cea55cc"}
verb Tasks task=user-delete id=68d5c1daabe11a527cea55e8 user=68d5c1d8abe11a527cea55cc message=Deleted 3 addresses from registry
verb Tasks task=user-delete id=68d5c1daabe11a527cea55e8 user=68d5c1d8abe11a527cea55cc message=Marked 6 messages for deletion
verb Tasks task=user-delete id=68d5c1daabe11a527cea55e8 user=68d5c1d8abe11a527cea55cc message=Marked total of 6 messages for deletion
verb Tasks task=user-delete id=68d5c1daabe11a527cea55e8 user=68d5c1d8abe11a527cea55cc message=Cleared user specific data
info Tasks Released task id=68d5c1daabe11a527cea55e8 lock=49f6476b4475e43ad41815cd
info Gelf {"short_message":"WILDDUCK HTTP [POST /authenticate] OK","_remote_ip":"127.0.0.1","_http_route":"/authenticate","_http_method":"POST","_user":"root","_role":"root","_api_response":"success","_size":334,"_req_username":"0x1a2b3c4d5e6f789012345678901234567890abcd","_req_password":"***","_req_token":"true","_res_id":"68d5c1ddabe11a527cea55eb","facility":"wildduck","host":"Johns-MacBook-Pro-i9.local","timestamp":1758839261.273,"_component":"wildduck"}
http API
127.0.0.1 root [-/-] POST /authenticate 200 172ms
info Gelf {"short_message":"WILDDUCK HTTP [GET /users] OK","_remote_ip":"127.0.0.1","_http_route":"/users","_http_method":"GET","_user":"root","_role":"root","_api_response":"success","_size":776,"_req_query":"0x1a2b3c4d5e6f789012345678901234567890abcd","facility":"wildduck","host":"Johns-MacBook-Pro-i9.local","timestamp":1758839261.325,"_component":"wildduck"}
http API 127.0.0.1 root [-/-] GET /users?query=0x1a2b3c4d5e6f789012345678901234567890abcd 200 18ms
info Gelf {"short_message":"WILDDUCK HTTP [GET /users/:user/mailboxes] OK","_remote_ip":"127.0.0.1","_http_route":"/users/:user/mailboxes","_http_method":"GET","_user":"root","_role":"root","_api_response":"success","_size":1275,"_req_user":"68d5c1ddabe11a527cea55eb","facility":"wildduck","host":"Johns-MacBook-Pro-i9.local","timestamp":1758839261.372,"_component":"wildduck"}
http API 127.0.0.1 root [-/-] GET /users/68d5c1ddabe11a527cea55eb/mailboxes 200 15ms
info Gelf {"short_message":"WILDDUCK HTTP [PUT /users/:user/mailboxes/:mailbox] OK","_remote_ip":"127.0.0.1","_http_route":"/users/:user/mailboxes/:mailbox","_http_method":"PUT","_user":"root","_role":"root","_api_response":"success","_size":22,"_req_user":"68d5c1ddabe11a527cea55eb","_req_mailbox":"68d5c1ddabe11a527cea55ed","_req_path":"[Gmail]/Sent Mail","facility":"wildduck","host":"Johns-MacBook-Pro-i9.local","timestamp":1758839261.433,"_component":"wildduck"}
http
API 127.0.0.1 root [-/-] PUT /users/68d5c1ddabe11a527cea55eb/mailboxes/68d5c1ddabe11a527cea55ed 200 7ms
info Gelf {"short_message":"WILDDUCK HTTP [GET /users/:user/mailboxes] OK","_remote_ip":"127.0.0.1","_http_route":"/users/:user/mailboxes","_http_method":"GET","_user":"root","_role":"root","_api_response":"success","_size":1283,"_req_user":"68d5c1ddabe11a527cea55eb","facility":"wildduck","host":"Johns-MacBook-Pro-i9.local","timestamp":1758839261.472,"_component":"wildduck"}
http API 127.0.0.1 root [-/-] GET /users/68d5c1ddabe11a527cea55eb/mailboxes 200 18ms
info Gelf {"short_message":"WILDDUCK [QUOTA] +","_mail_action":"quota","_user":"68d5c1ddabe11a527cea55eb","_inc":256,"_storage_used":256,"_mailbox":"68d5c1ddabe11a527cea55ec","facility":"wildduck","host":"Johns-MacBook-Pro-i9.local","timestamp":1758839261.653,"_component":"wildduck"}
info Gelf {"short_message":"WILDDUCK HTTP [POST /users/:user/mailboxes/:mailbox/messages] OK","_remote_ip":"127.0.0.1","_http_route":"/users/:user/mailboxes/:mailbox/messages","_http_method":"POST","_user":"root","_role":"root","_api_response":"success","_size":114,"_req_user":"68d5c1ddabe11a527cea55eb","_req_mailbox":"68d5c1ddabe11a527cea55ec","_req_date":"14-Sep-2013 21:22:28 -0300","_req_unseen":"true","_req_raw":"<Buffer 66 72 6f 6d 3a 20 30 78 62 30 36 63 64 65 66 61 31 61 32 62 33 63 34 64 35 65 36 66 37 38 39 30 31 32 33 34 35 36 37 38 …","facility":"wildduck","host":"Johns-MacBook-Pro-i9.local","timestamp":1758839261.679,"_component":"wildduck"}
http
API 127.0.0.1 root [-/-] POST /users/68d5c1ddabe11a527cea55eb/mailboxes/68d5c1ddabe11a527cea55ec/messages?date=14-Sep-2013%2021%3A22%3A28%20-0300&unseen=true 200 35ms
info Gelf {"short_message":"WILDDUCK [QUOTA] +","_mail_action":"quota","_user":"68d5c1ddabe11a527cea55eb","_inc":21927,"_storage_used":22183,"_mailbox":"68d5c1ddabe11a527cea55ec","facility":"wildduck","host":"Johns-MacBook-Pro-i9.local","timestamp":1758839261.833,"_component":"wildduck"}
info Gelf {"short_message":"WILDDUCK HTTP [POST /users/:user/mailboxes/:mailbox/messages] OK","_remote_ip":"127.0.0.1","_http_route":"/users/:user/mailboxes/:mailbox/messages","_http_method":"POST","_user":"root","_role":"root","_api_response":"success","_size":116,"_req_user":"68d5c1ddabe11a527cea55eb","_req_mailbox":"68d5c1ddabe11a527cea55ec","_req_unseen":"false","_req_raw":"<Buffer 53 75 62 6a 65 63 74 3a 20 52 79 61 6e 20 46 69 6e 6e 69 65 27 73 20 4d 49 4d 45 20 54 6f 72 74 75 72 65 20 54 65 73 74 …","facility":"wildduck","host":"Johns-MacBook-Pro-i9.local","timestamp":1758839261.841,"_component":"wildduck"}
http API 127.0.0.1 root [-/-] POST /users/68d5c1ddabe11a527cea55eb/mailboxes/68d5c1ddabe11a527cea55ec/messages?unseen=false 200 138ms
info Gelf {"short_message":"WILDDUCK [QUOTA] +","_mail_action":"quota","_user":"68d5c1ddabe11a527cea55eb","_inc":1044,"_storage_used":23227,"_mailbox":"68d5c1ddabe11a527cea55ec","facility":"wildduck","host":"Johns-MacBook-Pro-i9.local","timestamp":1758839261.879,"_component":"wildduck"}
info Gelf {"short_message":"WILDDUCK HTTP [POST /users/:user/mailboxes/:mailbox/messages] OK","_remote_ip":"127.0.0.1","_http_route":"/users/:user/mailboxes/:mailbox/messages","_http_method":"POST","_user":"root","_role":"root","_api_response":"success","_size":115,"_req_user":"68d5c1ddabe11a527cea55eb","_req_mailbox":"68d5c1ddabe11a527cea55ec","_req_unseen":"false","_req_raw":"<Buffer 4d 49 4d 45 2d 56 65 72 73 69 6f 6e 3a 20 31 2e 30 0d 0a 46 72 6f 6d 3a 20 30 78 36 62 31 37 65 66 61 62 31 61 32 62 33 …","facility":"wildduck","host":"Johns-MacBook-Pro-i9.local","timestamp":1758839261.886,"_component":"wildduck"}
http API 127.0.0.1 root [-/-] POST /users/68d5c1ddabe11a527cea55eb/mailboxes/68d5c1ddabe11a527cea55ec/messages?unseen=false 200 22ms
info Gelf {"short_message":"WILDDUCK [QUOTA] +","_mail_action":"quota","_user":"68d5c1ddabe11a527cea55eb","_inc":264,"_storage_used":23491,"_mailbox":"68d5c1ddabe11a527cea55ec","facility":"wildduck","host":"Johns-MacBook-Pro-i9.local","timestamp":1758839261.925,"_component":"wildduck"}
info Gelf {"short_message":"WILDDUCK HTTP [POST /users/:user/mailboxes/:mailbox/messages] OK","_remote_ip":"127.0.0.1","_http_route":"/users/:user/mailboxes/:mailbox/messages","_http_method":"POST","_user":"root","_role":"root","_api_response":"success","_size":114,"_req_user":"68d5c1ddabe11a527cea55eb","_req_mailbox":"68d5c1ddabe11a527cea55ec","_req_unseen":"true","_req_raw":"<Buffer 66 72 6f 6d 3a 20 30 78 62 30 36 63 64 65 66 61 31 61 32 62 33 63 34 64 35 65 36 66 37 38 39 30 31 32 33 34 35 36 37 38 …","facility":"wildduck","host":"Johns-MacBook-Pro-i9.local","timestamp":1758839261.931,"_component":"wildduck"}
http API 127.0.0.1 root [-/-] POST /users/68d5c1ddabe11a527cea55eb/mailboxes/68d5c1ddabe11a527cea55ec/messages?unseen=true 200 22ms
info Gelf {"short_message":"WILDDUCK [QUOTA] +","_mail_action":"quota","_user":"68d5c1ddabe11a527cea55eb","_inc":178,"_storage_used":23669,"_mailbox":"68d5c1ddabe11a527cea55ec","facility":"wildduck","host":"Johns-MacBook-Pro-i9.local","timestamp":1758839261.975,"_component":"wildduck"}
info Gelf {"short_message":"WILDDUCK HTTP [POST /users/:user/mailboxes/:mailbox/messages] OK","_remote_ip":"127.0.0.1","_http_route":"/users/:user/mailboxes/:mailbox/messages","_http_method":"POST","_user":"root","_role":"root","_api_response":"success","_size":114,"_req_user":"68d5c1ddabe11a527cea55eb","_req_mailbox":"68d5c1ddabe11a527cea55ec","_req_unseen":"true","_req_raw":"<Buffer 66 72 6f 6d 3a 20 30 78 62 30 36 63 64 65 66 61 31 61 32 62 33 63 34 64 35 65 36 66 37 38 39 30 31 32 33 34 35 36 37 38 …","facility":"wildduck","host":"Johns-MacBook-Pro-i9.local","timestamp":1758839261.982,"_component":"wildduck"}
http API 127.0.0.1 root [-/-] POST /users/68d5c1ddabe11a527cea55eb/mailboxes/68d5c1ddabe11a527cea55ec/messages?unseen=true 200 27ms
info Gelf {"short_message":"WILDDUCK [QUOTA] +","_mail_action":"quota","_user":"68d5c1ddabe11a527cea55eb","_inc":178,"_storage_used":23847,"_mailbox":"68d5c1ddabe11a527cea55ec","facility":"wildduck","host":"Johns-MacBook-Pro-i9.local","timestamp":1758839262.024,"_component":"wildduck"}
info Gelf {"short_message":"WILDDUCK HTTP [POST /users/:user/mailboxes/:mailbox/messages] OK","_remote_ip":"127.0.0.1","_http_route":"/users/:user/mailboxes/:mailbox/messages","_http_method":"POST","_user":"root","_role":"root","_api_response":"success","_size":114,"_req_user":"68d5c1ddabe11a527cea55eb","_req_mailbox":"68d5c1ddabe11a527cea55ec","_req_unseen":"true","_req_raw":"<Buffer 66 72 6f 6d 3a 20 30 78 62 30 36 63 64 65 66 61 31 61 32 62 33 63 34 64 35 65 36 66 37 38 39 30 31 32 33 34 35 36 37 38 …","facility":"wildduck","host":"Johns-MacBook-Pro-i9.local","timestamp":1758839262.326,"_component":"wildduck"}
http API 127.0.0.1 root [-/-] POST /users/68d5c1ddabe11a527cea55eb/mailboxes/68d5c1ddabe11a527cea55ec/messages?unseen=true 200 321ms
info IMAP [hxzdwmyewin52pzo] Secure connection from [127.0.0.1] to Johns-MacBook-Pro-i9.local 127.0.0.1:9993
sill IMAP [hxzdwmyewin52pzo] S: * OK WildDuck IMAP Server ready for requests from 127.0.0.1 hxzdwmyewin52pzo
sill IMAP [hxzdwmyewin52pzo] C: T1 LOGIN "(* value hidden *)" "(* value hidden *)"
info Gelf {"short_message":"WILDDUCK [AUTHOK] 0x1a2b3c4d5e6f789012345678901234567890abcd","_mail_action":"auth","_auth_result":"success","_username":"0x1a2b3c4d5e6f789012345678901234567890abcd","_domain":"johns-macbook-pro-i9.local","_user":"68d5c1ddabe11a527cea55eb","_password_type":"master","_scope":"imap","_ip":"127.0.0.1","_sess":"hxzdwmyewin52pzo","facility":"wildduck","host":"Johns-MacBook-Pro-i9.local","timestamp":1758839262.947,"_component":"wildduck"}
info Gelf {"short_message":"WILDDUCK [CONNSTART] Connection established for 68d5c1ddabe11a527cea55eb","_connection":"establish","_service":"imap","_sess":"hxzdwmyewin52pzo","_user":"68d5c1ddabe11a527cea55eb","_cid":"hxzdwmyewin52pzo","_ip":"127.0.0.1","_limit":15,"facility":"wildduck","host":"Johns-MacBook-Pro-i9.local","timestamp":1758839262.948,"_component":"wildduck"}
info IMAP [hxzdwmyewin52pzo] 0x1a2b3c4d5e6f789012345678901234567890abcd authenticated using LOGIN
sill IMAP
[hxzdwmyewin52pzo] New journal listener for 68d5c1ddabe11a527cea55eb (0x1a2b3c4d5e6f789012345678901234567890abcd)
sill IMAP [hxzdwmyewin52pzo] S: * CAPABILITY IMAP4rev1 APPENDLIMIT=26214400 CHILDREN CONDSTORE ENABLE ID IDLE MOVE NAMESPACE QUOTA SPECIAL-USE UIDPLUS UNSELECT UTF8=ACCEPT XLIST
sill IMAP [hxzdwmyewin52pzo] S: T1 OK 0x1a2b3c4d5e6f789012345678901234567890abcd authenticated
sill IMAP [hxzdwmyewin52pzo] C: T2 SELECT INBOX
sill IMAP [hxzdwmyewin52pzo] Opening "INBOX"
sill IMAP
[hxzdwmyewin52pzo] S: * FLAGS (\Answered \Flagged \Draft \Deleted \Seen)
sill IMAP [hxzdwmyewin52pzo] S: * OK [PERMANENTFLAGS (\Answered \Flagged \Draft \Deleted \Seen \*)] Flags permitted
sill IMAP [hxzdwmyewin52pzo] S: * OK [UIDVALIDITY 1758839261] UIDs valid
sill IMAP [hxzdwmyewin52pzo] S: * 6 EXISTS
sill IMAP [hxzdwmyewin52pzo] S: * 0 RECENT
sill IMAP
[hxzdwmyewin52pzo] S: * OK [HIGHESTMODSEQ 5000] Highest
sill IMAP [hxzdwmyewin52pzo] S: * OK [UIDNEXT 1000] Predicted next UID
sill IMAP [hxzdwmyewin52pzo] S: T2 OK [READ-WRITE] SELECT completed
sill IMAP [hxzdwmyewin52pzo] C: T3 SEARCH (UNSEEN)
info IMAP [hxzdwmyewin52pzo] SEARCH {"mailbox":"68d5c1ddabe11a527cea55ec","$and":[{"unseen":true}]}
sill IMAP [hxzdwmyewin52pzo] S: * SEARCH 1 4 5 6
sill IMAP [hxzdwmyewin52pzo] S: T3 OK SEARCH completed
sill IMAP [hxzdwmyewin52pzo] C: T4 UID SEARCH UNSEEN
info IMAP [hxzdwmyewin52pzo] SEARCH {"mailbox":"68d5c1ddabe11a527cea55ec","$and":[{"unseen":true}]}
sill IMAP [hxzdwmyewin52pzo] S: * SEARCH 101 104 105 106
sill IMAP [hxzdwmyewin52pzo] S: T4 OK UID SEARCH completed
sill IMAP [hxzdwmyewin52pzo] C: T7 LOGOUT
sill IMAP [hxzdwmyewin52pzo] Removed journal listener from 68d5c1ddabe11a527cea55eb (0x1a2b3c4d5e6f789012345678901234567890abcd)
sill IMAP [hxzdwmyewin52pzo] S: * BYE Logout requested
sill IMAP [hxzdwmyewin52pzo] S: T7 OK Remember, you... too... are in... ...the dream...
      ✔ should find with FLAGS (683ms)
info Gelf {"short_message":"WILDDUCK [CONNRELEASE] Connection released for 68d5c1ddabe11a527cea55eb","_connection":"release","_service":"imap","_sess":"hxzdwmyewin52pzo","_user":"68d5c1ddabe11a527cea55eb","_cid":"hxzdwmyewin52pzo","_ip":"127.0.0.1","facility":"wildduck","host":"Johns-MacBook-Pro-i9.local","timestamp":1758839263.381,"_component":"wildduck"}
info IMAP [hxzdwmyewin52pzo] Connection closed to [127.0.0.1]
info Gelf {"short_message":"WILDDUCK HTTP [GET /users] OK","_remote_ip":"127.0.0.1","_http_route":"/users","_http_method":"GET","_user":"root","_role":"root","_api_response":"success","_size":723,"facility":"wildduck","host":"Johns-MacBook-Pro-i9.local","timestamp":1758839264.044,"_component":"wildduck"}
http API 127.0.0.1 root [-/-] GET /users 200 5ms
info Gelf {"short_message":"WILDDUCK HTTP [GET /users] OK","_remote_ip":"127.0.0.1","_http_route":"/users","_http_method":"GET","_user":"root","_role":"root","_api_response":"success","_size":780,"_req_query":"0x1a2b3c4d5e6f789012345678901234567890abcd","facility":"wildduck","host":"Johns-MacBook-Pro-i9.local","timestamp":1758839264.074,"_component":"wildduck"}
http API 127.0.0.1 root [-/-] GET /users?query=0x1a2b3c4d5e6f789012345678901234567890abcd 200 7ms
verb Tasks Created task id=68d5c1e0abe11a527cea5607
info Gelf {"short_message":"WILDDUCK HTTP [DELETE /users/:user] OK","_remote_ip":"127.0.0.1","_http_route":"/users/:user","_http_method":"DELETE","_user":"root","_role":"root","_api_response":"success","_code":"TaskScheduled","_size":209,"_req_user":"68d5c1ddabe11a527cea55eb","facility":"wildduck","host":"Johns-MacBook-Pro-i9.local","timestamp":1758839264.128,"_component":"wildduck"}
http API 127.0.0.1 root [-/-] DELETE /users/68d5c1ddabe11a527cea55eb 200 20ms
verb Tasks Found task for processing id=68d5c1e0abe11a527cea5607
verb Tasks type=user-delete id=68d5c1e0abe11a527cea5607 data={"user":"68d5c1ddabe11a527cea55eb"}
verb Tasks task=user-delete id=68d5c1e0abe11a527cea5607 user=68d5c1ddabe11a527cea55eb message=Deleted 3 addresses from registry
verb Tasks task=user-delete id=68d5c1e0abe11a527cea5607 user=68d5c1ddabe11a527cea55eb message=Marked 6 messages for deletion
verb
Tasks task=user-delete id=68d5c1e0abe11a527cea5607 user=68d5c1ddabe11a527cea55eb message=Marked total of 6 messages for deletion
verb Tasks task=user-delete id=68d5c1e0abe11a527cea5607 user=68d5c1ddabe11a527cea55eb message=Cleared user specific data
info Tasks
Released task id=68d5c1e0abe11a527cea5607 lock=2d8ca098d010d4feefb5fb9f
info Gelf {"short_message":"WILDDUCK HTTP [POST /authenticate] OK","_remote_ip":"127.0.0.1","_http_route":"/authenticate","_http_method":"POST","_user":"root","_role":"root","_api_response":"success","_size":334,"_req_username":"0x1a2b3c4d5e6f789012345678901234567890abcd","_req_password":"***","_req_token":"true","_res_id":"68d5c1e2abe11a527cea560a","facility":"wildduck","host":"Johns-MacBook-Pro-i9.local","timestamp":1758839266.703,"_component":"wildduck"}
http API
127.0.0.1 root [-/-] POST /authenticate 200 152ms
info Gelf {"short_message":"WILDDUCK HTTP [GET /users] OK","_remote_ip":"127.0.0.1","_http_route":"/users","_http_method":"GET","_user":"root","_role":"root","_api_response":"success","_size":776,"_req_query":"0x1a2b3c4d5e6f789012345678901234567890abcd","facility":"wildduck","host":"Johns-MacBook-Pro-i9.local","timestamp":1758839266.741,"_component":"wildduck"}
http API 127.0.0.1 root [-/-] GET /users?query=0x1a2b3c4d5e6f789012345678901234567890abcd 200 5ms
info Gelf {"short_message":"WILDDUCK HTTP [GET /users/:user/mailboxes] OK","_remote_ip":"127.0.0.1","_http_route":"/users/:user/mailboxes","_http_method":"GET","_user":"root","_role":"root","_api_response":"success","_size":1275,"_req_user":"68d5c1e2abe11a527cea560a","facility":"wildduck","host":"Johns-MacBook-Pro-i9.local","timestamp":1758839266.778,"_component":"wildduck"}
http API 127.0.0.1 root [-/-] GET /users/68d5c1e2abe11a527cea560a/mailboxes 200 3ms
info Gelf {"short_message":"WILDDUCK HTTP [PUT /users/:user/mailboxes/:mailbox] OK","_remote_ip":"127.0.0.1","_http_route":"/users/:user/mailboxes/:mailbox","_http_method":"PUT","_user":"root","_role":"root","_api_response":"success","_size":22,"_req_user":"68d5c1e2abe11a527cea560a","_req_mailbox":"68d5c1e2abe11a527cea560c","_req_path":"[Gmail]/Sent Mail","facility":"wildduck","host":"Johns-MacBook-Pro-i9.local","timestamp":1758839266.839,"_component":"wildduck"}
http API 127.0.0.1 root [-/-] PUT /users/68d5c1e2abe11a527cea560a/mailboxes/68d5c1e2abe11a527cea560c 200 6ms
info Gelf {"short_message":"WILDDUCK HTTP [GET /users/:user/mailboxes] OK","_remote_ip":"127.0.0.1","_http_route":"/users/:user/mailboxes","_http_method":"GET","_user":"root","_role":"root","_api_response":"success","_size":1283,"_req_user":"68d5c1e2abe11a527cea560a","facility":"wildduck","host":"Johns-MacBook-Pro-i9.local","timestamp":1758839266.871,"_component":"wildduck"}
http API 127.0.0.1 root [-/-] GET /users/68d5c1e2abe11a527cea560a/mailboxes 200 9ms
info Gelf {"short_message":"WILDDUCK [QUOTA] +","_mail_action":"quota","_user":"68d5c1e2abe11a527cea560a","_inc":256,"_storage_used":256,"_mailbox":"68d5c1e2abe11a527cea560b","facility":"wildduck","host":"Johns-MacBook-Pro-i9.local","timestamp":1758839267.025,"_component":"wildduck"}
info Gelf {"short_message":"WILDDUCK HTTP [POST /users/:user/mailboxes/:mailbox/messages] OK","_remote_ip":"127.0.0.1","_http_route":"/users/:user/mailboxes/:mailbox/messages","_http_method":"POST","_user":"root","_role":"root","_api_response":"success","_size":114,"_req_user":"68d5c1e2abe11a527cea560a","_req_mailbox":"68d5c1e2abe11a527cea560b","_req_date":"14-Sep-2013 21:22:28 -0300","_req_unseen":"true","_req_raw":"<Buffer 66 72 6f 6d 3a 20 30 78 62 30 36 63 64 65 66 61 31 61 32 62 33 63 34 64 35 65 36 66 37 38 39 30 31 32 33 34 35 36 37 38 …","facility":"wildduck","host":"Johns-MacBook-Pro-i9.local","timestamp":1758839267.031,"_component":"wildduck"}
http API 127.0.0.1 root [-/-] POST /users/68d5c1e2abe11a527cea560a/mailboxes/68d5c1e2abe11a527cea560b/messages?date=14-Sep-2013%2021%3A22%3A28%20-0300&unseen=true 200 18ms
info Gelf {"short_message":"WILDDUCK [QUOTA] +","_mail_action":"quota","_user":"68d5c1e2abe11a527cea560a","_inc":21927,"_storage_used":22183,"_mailbox":"68d5c1e2abe11a527cea560b","facility":"wildduck","host":"Johns-MacBook-Pro-i9.local","timestamp":1758839267.133,"_component":"wildduck"}
info Gelf {"short_message":"WILDDUCK HTTP [POST /users/:user/mailboxes/:mailbox/messages] OK","_remote_ip":"127.0.0.1","_http_route":"/users/:user/mailboxes/:mailbox/messages","_http_method":"POST","_user":"root","_role":"root","_api_response":"success","_size":116,"_req_user":"68d5c1e2abe11a527cea560a","_req_mailbox":"68d5c1e2abe11a527cea560b","_req_unseen":"false","_req_raw":"<Buffer 53 75 62 6a 65 63 74 3a 20 52 79 61 6e 20 46 69 6e 6e 69 65 27 73 20 4d 49 4d 45 20 54 6f 72 74 75 72 65 20 54 65 73 74 …","facility":"wildduck","host":"Johns-MacBook-Pro-i9.local","timestamp":1758839267.426,"_component":"wildduck"}
http API
127.0.0.1 root [-/-] POST /users/68d5c1e2abe11a527cea560a/mailboxes/68d5c1e2abe11a527cea560b/messages?unseen=false 200 370ms
info Gelf {"short_message":"WILDDUCK [QUOTA] +","_mail_action":"quota","_user":"68d5c1e2abe11a527cea560a","_inc":1044,"_storage_used":23227,"_mailbox":"68d5c1e2abe11a527cea560b","facility":"wildduck","host":"Johns-MacBook-Pro-i9.local","timestamp":1758839267.479,"_component":"wildduck"}
info Gelf {"short_message":"WILDDUCK HTTP [POST /users/:user/mailboxes/:mailbox/messages] OK","_remote_ip":"127.0.0.1","_http_route":"/users/:user/mailboxes/:mailbox/messages","_http_method":"POST","_user":"root","_role":"root","_api_response":"success","_size":115,"_req_user":"68d5c1e2abe11a527cea560a","_req_mailbox":"68d5c1e2abe11a527cea560b","_req_unseen":"false","_req_raw":"<Buffer 4d 49 4d 45 2d 56 65 72 73 69 6f 6e 3a 20 31 2e 30 0d 0a 46 72 6f 6d 3a 20 30 78 36 62 31 37 65 66 61 62 31 61 32 62 33 …","facility":"wildduck","host":"Johns-MacBook-Pro-i9.local","timestamp":1758839267.485,"_component":"wildduck"}
http API 127.0.0.1 root [-/-] POST /users/68d5c1e2abe11a527cea560a/mailboxes/68d5c1e2abe11a527cea560b/messages?unseen=false 200 35ms
info Gelf {"short_message":"WILDDUCK [QUOTA] +","_mail_action":"quota","_user":"68d5c1e2abe11a527cea560a","_inc":264,"_storage_used":23491,"_mailbox":"68d5c1e2abe11a527cea560b","facility":"wildduck","host":"Johns-MacBook-Pro-i9.local","timestamp":1758839267.525,"_component":"wildduck"}
info Gelf {"short_message":"WILDDUCK HTTP [POST /users/:user/mailboxes/:mailbox/messages] OK","_remote_ip":"127.0.0.1","_http_route":"/users/:user/mailboxes/:mailbox/messages","_http_method":"POST","_user":"root","_role":"root","_api_response":"success","_size":114,"_req_user":"68d5c1e2abe11a527cea560a","_req_mailbox":"68d5c1e2abe11a527cea560b","_req_unseen":"true","_req_raw":"<Buffer 66 72 6f 6d 3a 20 30 78 62 30 36 63 64 65 66 61 31 61 32 62 33 63 34 64 35 65 36 66 37 38 39 30 31 32 33 34 35 36 37 38 …","facility":"wildduck","host":"Johns-MacBook-Pro-i9.local","timestamp":1758839267.531,"_component":"wildduck"}
http API
127.0.0.1 root [-/-] POST /users/68d5c1e2abe11a527cea560a/mailboxes/68d5c1e2abe11a527cea560b/messages?unseen=true 200 22ms
info Gelf {"short_message":"WILDDUCK [QUOTA] +","_mail_action":"quota","_user":"68d5c1e2abe11a527cea560a","_inc":178,"_storage_used":23669,"_mailbox":"68d5c1e2abe11a527cea560b","facility":"wildduck","host":"Johns-MacBook-Pro-i9.local","timestamp":1758839267.576,"_component":"wildduck"}
info
Gelf {"short_message":"WILDDUCK HTTP [POST /users/:user/mailboxes/:mailbox/messages] OK","_remote_ip":"127.0.0.1","_http_route":"/users/:user/mailboxes/:mailbox/messages","_http_method":"POST","_user":"root","_role":"root","_api_response":"success","_size":114,"_req_user":"68d5c1e2abe11a527cea560a","_req_mailbox":"68d5c1e2abe11a527cea560b","_req_unseen":"true","_req_raw":"<Buffer 66 72 6f 6d 3a 20 30 78 62 30 36 63 64 65 66 61 31 61 32 62 33 63 34 64 35 65 36 66 37 38 39 30 31 32 33 34 35 36 37 38 …","facility":"wildduck","host":"Johns-MacBook-Pro-i9.local","timestamp":1758839267.582,"_component":"wildduck"}
http API 127.0.0.1 root [-/-] POST /users/68d5c1e2abe11a527cea560a/mailboxes/68d5c1e2abe11a527cea560b/messages?unseen=true 200 29ms
info Gelf {"short_message":"WILDDUCK [QUOTA] +","_mail_action":"quota","_user":"68d5c1e2abe11a527cea560a","_inc":178,"_storage_used":23847,"_mailbox":"68d5c1e2abe11a527cea560b","facility":"wildduck","host":"Johns-MacBook-Pro-i9.local","timestamp":1758839267.624,"_component":"wildduck"}
info Gelf {"short_message":"WILDDUCK HTTP [POST /users/:user/mailboxes/:mailbox/messages] OK","_remote_ip":"127.0.0.1","_http_route":"/users/:user/mailboxes/:mailbox/messages","_http_method":"POST","_user":"root","_role":"root","_api_response":"success","_size":114,"_req_user":"68d5c1e2abe11a527cea560a","_req_mailbox":"68d5c1e2abe11a527cea560b","_req_unseen":"true","_req_raw":"<Buffer 66 72 6f 6d 3a 20 30 78 62 30 36 63 64 65 66 61 31 61 32 62 33 63 34 64 35 65 36 66 37 38 39 30 31 32 33 34 35 36 37 38 …","facility":"wildduck","host":"Johns-MacBook-Pro-i9.local","timestamp":1758839267.631,"_component":"wildduck"}
http API 127.0.0.1 root [-/-] POST /users/68d5c1e2abe11a527cea560a/mailboxes/68d5c1e2abe11a527cea560b/messages?unseen=true 200 25ms
info IMAP [t4s3nsskklmaoppp] Secure connection from [127.0.0.1] to Johns-MacBook-Pro-i9.local 127.0.0.1:9993
sill IMAP [t4s3nsskklmaoppp] S: * OK WildDuck IMAP Server ready for requests from 127.0.0.1 t4s3nsskklmaoppp
sill IMAP [t4s3nsskklmaoppp] C: T1 LOGIN "(* value hidden *)" "(* value hidden *)"
info Gelf {"short_message":"WILDDUCK [AUTHOK] 0x1a2b3c4d5e6f789012345678901234567890abcd","_mail_action":"auth","_auth_result":"success","_username":"0x1a2b3c4d5e6f789012345678901234567890abcd","_domain":"johns-macbook-pro-i9.local","_user":"68d5c1e2abe11a527cea560a","_password_type":"master","_scope":"imap","_ip":"127.0.0.1","_sess":"t4s3nsskklmaoppp","facility":"wildduck","host":"Johns-MacBook-Pro-i9.local","timestamp":1758839268.296,"_component":"wildduck"}
info Gelf {"short_message":"WILDDUCK [CONNSTART] Connection established for 68d5c1e2abe11a527cea560a","_connection":"establish","_service":"imap","_sess":"t4s3nsskklmaoppp","_user":"68d5c1e2abe11a527cea560a","_cid":"t4s3nsskklmaoppp","_ip":"127.0.0.1","_limit":15,"facility":"wildduck","host":"Johns-MacBook-Pro-i9.local","timestamp":1758839268.297,"_component":"wildduck"}
info IMAP [t4s3nsskklmaoppp] 0x1a2b3c4d5e6f789012345678901234567890abcd authenticated using LOGIN
sill IMAP [t4s3nsskklmaoppp] New journal listener for 68d5c1e2abe11a527cea560a (0x1a2b3c4d5e6f789012345678901234567890abcd)
sill IMAP [t4s3nsskklmaoppp] S: * CAPABILITY IMAP4rev1 APPENDLIMIT=26214400 CHILDREN CONDSTORE ENABLE ID IDLE MOVE NAMESPACE QUOTA SPECIAL-USE UIDPLUS UNSELECT UTF8=ACCEPT XLIST
sill IMAP [t4s3nsskklmaoppp] S: T1 OK 0x1a2b3c4d5e6f789012345678901234567890abcd authenticated
sill IMAP [t4s3nsskklmaoppp] C: T2 SELECT INBOX
sill IMAP [t4s3nsskklmaoppp] Opening "INBOX"
sill IMAP [t4s3nsskklmaoppp] S: * FLAGS (\Answered \Flagged \Draft \Deleted \Seen)
sill IMAP [t4s3nsskklmaoppp] S: * OK [PERMANENTFLAGS (\Answered \Flagged \Draft \Deleted \Seen \*)] Flags permitted
sill IMAP [t4s3nsskklmaoppp] S: * OK [UIDVALIDITY 1758839266] UIDs valid
sill IMAP [t4s3nsskklmaoppp] S: * 6 EXISTS
sill IMAP [t4s3nsskklmaoppp] S: * 0 RECENT
sill IMAP [t4s3nsskklmaoppp] S: * OK [HIGHESTMODSEQ 5000] Highest
sill IMAP
[t4s3nsskklmaoppp] S: * OK [UIDNEXT 1000] Predicted next UID
sill IMAP [t4s3nsskklmaoppp] S: T2 OK [READ-WRITE] SELECT completed
sill IMAP [t4s3nsskklmaoppp] C: T3 SEARCH MODSEQ 1000
info IMAP [t4s3nsskklmaoppp] SEARCH {"mailbox":"68d5c1e2abe11a527cea560b","$and":[{"modseq":{"$gte":1000}}]}
sill IMAP [t4s3nsskklmaoppp] S: * SEARCH 2 (MODSEQ 5000)
sill IMAP [t4s3nsskklmaoppp] S: T3 OK SEARCH completed
sill IMAP [t4s3nsskklmaoppp] C: T4 LOGOUT
sill IMAP [t4s3nsskklmaoppp] Removed journal listener from 68d5c1e2abe11a527cea560a (0x1a2b3c4d5e6f789012345678901234567890abcd)
sill IMAP [t4s3nsskklmaoppp] S: * BYE Logout requested
sill IMAP [t4s3nsskklmaoppp] S: T4 OK No more Mr. Nice Duck!
      ✔ should find with MODSEQ (579ms)
info Gelf {"short_message":"WILDDUCK [CONNRELEASE] Connection released for 68d5c1e2abe11a527cea560a","_connection":"release","_service":"imap","_sess":"t4s3nsskklmaoppp","_user":"68d5c1e2abe11a527cea560a","_cid":"t4s3nsskklmaoppp","_ip":"127.0.0.1","facility":"wildduck","host":"Johns-MacBook-Pro-i9.local","timestamp":1758839268.625,"_component":"wildduck"}
info IMAP [t4s3nsskklmaoppp] Connection closed to [127.0.0.1]

  #parseQueryTerms
    ✔ should handle ALL
    ✔ should handle ANSWERED
    ✔ should handle BCC
    ✔ should handle BEFORE
    ✔ should handle BODY
    ✔ should handle CC
    ✔ should handle DELETED
    ✔ should handle DRAFT
    ✔ should handle FLAGGED
    ✔ should handle FROM
    ✔ should handle HEADER
    ✔ should handle KEYWORD
    ✔ should handle LARGER
    ✔ should handle NEW
    ✔ should handle NOT
    ✔ should handle OLD
    ✔ should handle ON
    ✔ should handle OR
    ✔ should handle RECENT
    ✔ should handle SEEN
    ✔ should handle SENTBEFORE
    ✔ should handle SENTON
    ✔ should handle SENTSINCE
    ✔ should handle SINCE
    ✔ should handle SMALLER
    ✔ should handle SUBJECT
    ✔ should handle TEXT
    ✔ should handle TO
    ✔ should handle UID
    ✔ should handle UNANSWERED
    ✔ should handle UNDELETED
    ✔ should handle UNDRAFT
    ✔ should handle UNFLAGGED
    ✔ should handle UNKEYWORD
    ✔ should handle UNSEEN
    ✔ should handle complex query
    <sequence set>
      ✔ should detect sequence as first argument
      ✔ should detect sequence as subargument
    MODSEQ
      ✔ should handle only required param
      ✔ should handle optional params

  Search term match tests
    AND
      ✔ should find all matches
      ✔ should fail on single error
    OR
      ✔ should succeed with at least one match
      ✔ should fail with no matches
    NOT
      ✔ should succeed with false value
      ✔ should fail with thruthy value
    ALL
      ✔ should match ALL
    FLAG
      ✔ should match existing flag
      ✔ should match non-existing flag
      ✔ should fail non-existing flag
      ✔ should fail existing flag
    INTERNALDATE
      ✔ should match <
      ✔ should not match <
      ✔ should match =
      ✔ should not match <
      ✔ should match >=
      ✔ should not match >=
    DATE
      ✔ should match <
      ✔ should not match <
      ✔ should match =
      ✔ should not match <
      ✔ should match >=
      ✔ should not match >=
    BODY
      ✔ should match a string
      ✔ should not match a string
    TEXT
      ✔ should match a string
      ✔ should not match a string
    UID
      ✔ should match message uid
      ✔ should not match message uid
    SIZE
      ✔ should match <
      ✔ should not match <
      ✔ should match =
      ✔ should not match =
      ✔ should match >
      ✔ should not match <
    header
      ✔ should match header value
      ✔ should match empty header value
      ✔ should not match header value
    MODSEQ
      ✔ should match equal modseq
      ✔ should match greater modseq
      ✔ should not match lesser modseq

  #packMessageRange
    ✔ should return as is
    ✔ should return a range
    ✔ should return mixed ranges


  244 passing (7m)


Running "mochaTest:api" (mochaTest) task


  API tests
info Gelf {"short_message":"WILDDUCK HTTP [POST /authenticate] OK","_remote_ip":"127.0.0.1","_http_route":"/authenticate","_http_method":"POST","_user":"root","_role":"root","_api_response":"success","_size":334,"_req_username":"0x1a2b3c4d5e6f789012345678901234567890abcd","_req_password":"***","_req_token":"true","_res_id":"68d5c1e6abe11a527cea5626","facility":"wildduck","host":"Johns-MacBook-Pro-i9.local","timestamp":1758839270.172,"_component":"wildduck"}
    user
http API 127.0.0.1 root [-/-] POST /authenticate 200 154ms
info Gelf {"short_message":"WILDDUCK HTTP [POST /domainaliases] OK","_remote_ip":"127.0.0.1","_http_route":"/domainaliases","_http_method":"POST","_user":"root","_role":"root","_api_response":"success","_size":58,"_req_alias":"xjõgeva.öö","_req_domain":"xexample.com","_res_id":"new ObjectId(\"68d5c1e6abe11a527cea562e\")","facility":"wildduck","host":"Johns-MacBook-Pro-i9.local","timestamp":1758839270.184,"_component":"wildduck"}
      ✔ should POST /domainaliases expect success
http API 127.0.0.1 root [-/-] POST /domainaliases 200 4ms
info Gelf {"short_message":"WILDDUCK HTTP [GET /users/:user] OK","_remote_ip":"127.0.0.1","_http_route":"/users/:user","_http_method":"GET","_user":"root","_role":"root","_api_response":"success","_size":1471,"_req_user":"68d5c1e6abe11a527cea5626","_res_id":"68d5c1e6abe11a527cea5626","facility":"wildduck","host":"Johns-MacBook-Pro-i9.local","timestamp":1758839270.192,"_component":"wildduck"}
      1) should GET /users/:user expect success
http API 127.0.0.1 root [-/-] GET /users/68d5c1e6abe11a527cea5626 200 5ms
info Gelf {"short_message":"WILDDUCK HTTP [PUT /users/:user] OK","_remote_ip":"127.0.0.1","_http_route":"/users/:user","_http_method":"PUT","_user":"root","_role":"root","_api_response":"success","_size":22,"_req_user":"68d5c1e6abe11a527cea5626","_req_name":"user test","facility":"wildduck","host":"Johns-MacBook-Pro-i9.local","timestamp":1758839270.202,"_component":"wildduck"}
http API 127.0.0.1 root [-/-] PUT /users/68d5c1e6abe11a527cea5626 200 6ms
      ✔ should PUT /users/:user expect success
info Gelf {"short_message":"WILDDUCK HTTP [GET /users/:user] OK","_remote_ip":"127.0.0.1","_http_route":"/users/:user","_http_method":"GET","_user":"root","_role":"root","_api_response":"success","_size":1438,"_req_user":"68d5c1e6abe11a527cea5626","_res_id":"68d5c1e6abe11a527cea5626","facility":"wildduck","host":"Johns-MacBook-Pro-i9.local","timestamp":1758839270.224,"_component":"wildduck"}
      ✔ should GET /users/:user expect success / (updated name)
http API 127.0.0.1 root [-/-] GET /users/68d5c1e6abe11a527cea5626 200 19ms
    authenticate
info Gelf {"short_message":"WILDDUCK HTTP [POST /authenticate] FAILED","_remote_ip":"127.0.0.1","_http_route":"/authenticate","_http_method":"POST","_user":"root","_role":"root","_api_response":"fail","_error":"Invalid username","_code":"InternalDatabaseError","_size":69,"_req_username":"0x1a2b3c4d5e6f789012345678901234567890abcd@xexample.com","_req_scope":"master","facility":"wildduck","host":"Johns-MacBook-Pro-i9.local","timestamp":1758839270.229,"_component":"wildduck"}
      2) should POST /authenticate expect success
http API 127.0.0.1 root [-/-] POST /authenticate 500 3ms
info Gelf {"short_message":"WILDDUCK HTTP [POST /authenticate] FAILED","_remote_ip":"127.0.0.1","_http_route":"/authenticate","_http_method":"POST","_user":"root","_role":"root","_api_response":"fail","_error":"Invalid username","_code":"InternalDatabaseError","_size":69,"_req_username":"0x1a2b3c4d5e6f789012345678901234567890abcd@xexample.com","_req_scope":"master","facility":"wildduck","host":"Johns-MacBook-Pro-i9.local","timestamp":1758839270.235,"_component":"wildduck"}
      3) should POST /authenticate expect failure
http API 127.0.0.1 root [-/-] POST /authenticate 500 2ms
info Gelf {"short_message":"WILDDUCK HTTP [POST /authenticate] FAILED","_remote_ip":"127.0.0.1","_http_route":"/authenticate","_http_method":"POST","_user":"root","_role":"root","_api_response":"fail","_error":"Invalid username","_code":"InternalDatabaseError","_size":69,"_req_username":"0x1a2b3c4d5e6f789012345678901234567890abcd@xjõgeva.öö","_req_scope":"master","facility":"wildduck","host":"Johns-MacBook-Pro-i9.local","timestamp":1758839270.242,"_component":"wildduck"}
http API 127.0.0.1 root [-/-] POST /authenticate 500 4ms
      4) should POST /authenticate expect success / using alias domain
info Gelf {"short_message":"WILDDUCK HTTP [POST /authenticate] FAILED","_remote_ip":"127.0.0.1","_http_route":"/authenticate","_http_method":"POST","_user":"root","_role":"root","_api_response":"fail","_error":"Invalid username","_code":"InternalDatabaseError","_size":69,"_req_username":"0x1a2b3c4d5e6f789012345678901234567890abcd@xjõgeva.öö","_req_scope":"master","facility":"wildduck","host":"Johns-MacBook-Pro-i9.local","timestamp":1758839270.248,"_component":"wildduck"}
      5) should POST /authenticate expect failure / using alias domain
http API 127.0.0.1 root [-/-] POST /authenticate 500 2ms
    preauth
info Gelf {"short_message":"WILDDUCK HTTP [POST /preauth] FAILED","_remote_ip":"127.0.0.1","_http_route":"/preauth","_http_method":"POST","_user":"root","_role":"root","_api_response":"fail","_error":"Endpoint not available in crypto emails mode","_code":"EndpointNotAvailable","_size":96,"_req_username":"0x1a2b3c4d5e6f789012345678901234567890abcd@xexample.com","_req_scope":"master","facility":"wildduck","host":"Johns-MacBook-Pro-i9.local","timestamp":1758839270.252,"_component":"wildduck"}
      ✔ should POST /preauth expect success
http API 127.0.0.1 root [-/-] POST /preauth 400 1ms
info Gelf {"short_message":"WILDDUCK HTTP [POST /preauth] FAILED","_remote_ip":"127.0.0.1","_http_route":"/preauth","_http_method":"POST","_user":"root","_role":"root","_api_response":"fail","_error":"Endpoint not available in crypto emails mode","_code":"EndpointNotAvailable","_size":96,"_req_username":"0x1a2b3c4d5e6f789012345678901234567890abcd@xjõgeva.öö","_req_scope":"master","facility":"wildduck","host":"Johns-MacBook-Pro-i9.local","timestamp":1758839270.255,"_component":"wildduck"}
      ✔ should POST /preauth expect success / using alias domain
http API 127.0.0.1 root [-/-] POST /preauth 400 1ms
    asp
info Gelf {"short_message":"WILDDUCK HTTP [POST /users/:user/asps] OK","_remote_ip":"127.0.0.1","_http_route":"/users/:user/asps","_http_method":"POST","_user":"root","_role":"root","_api_response":"success","_size":6111,"_req_user":"68d5c1e6abe11a527cea5626","_req_description":"test","_req_scopes":"[ 'imap', 'smtp' ]","_req_generateMobileconfig":"true","_res_id":"68d5c1e6abe11a527cea5630","facility":"wildduck","host":"Johns-MacBook-Pro-i9.local","timestamp":1758839270.51,"_component":"wildduck"}
      ✔ should POST /users/:user/asps expect success / to generate ASP (253ms)
http API 127.0.0.1 root [-/-] POST /users/68d5c1e6abe11a527cea5626/asps 200 252ms
info Gelf {"short_message":"WILDDUCK HTTP [POST /users/:user/asps] OK","_remote_ip":"127.0.0.1","_http_route":"/users/:user/asps","_http_method":"POST","_user":"root","_role":"root","_api_response":"success","_size":6111,"_req_user":"68d5c1e6abe11a527cea5626","_req_description":"test","_req_scopes":"[ 'imap', 'smtp' ]","_req_generateMobileconfig":"true","_req_password":"***","_res_id":"68d5c1e6abe11a527cea5632","facility":"wildduck","host":"Johns-MacBook-Pro-i9.local","timestamp":1758839270.716,"_component":"wildduck"}
      ✔ should POST /users/:user/asps expect success / to generate ASP with custom password (206ms)
http API 127.0.0.1 root [-/-] POST /users/68d5c1e6abe11a527cea5626/asps 200 204ms
info Gelf {"short_message":"WILDDUCK HTTP [POST /users/:user/asps] FAILED","_remote_ip":"127.0.0.1","_http_route":"/users/:user/asps","_http_method":"POST","_user":"root","_role":"root","_api_response":"fail","_error":"\"password\" with value \"0000000000000000\" fails to match the password pattern","_code":"InputValidationError","_size":251,"_req_user":"68d5c1e6abe11a527cea5626","_req_description":"test","_req_scopes":"[ 'imap', 'smtp' ]","_req_generateMobileconfig":"true","_req_password":"***","facility":"wildduck","host":"Johns-MacBook-Pro-i9.local","timestamp":1758839270.721,"_component":"wildduck"}
      ✔ should POST /users/:user/asps expect failure / to generate ASP with custom password
http API 127.0.0.1 root [-/-] POST /users/68d5c1e6abe11a527cea5626/asps 400 2ms
info Gelf {"short_message":"WILDDUCK HTTP [POST /authenticate] FAILED","_remote_ip":"127.0.0.1","_http_route":"/authenticate","_http_method":"POST","_user":"root","_role":"root","_api_response":"fail","_error":"Invalid username","_code":"InternalDatabaseError","_size":69,"_req_username":"0x1a2b3c4d5e6f789012345678901234567890abcd@xjõgeva.öö","_req_scope":"imap","facility":"wildduck","host":"Johns-MacBook-Pro-i9.local","timestamp":1758839270.725,"_component":"wildduck"}
      6) should POST /authenticate expect success / using ASP and allowed scope
http API 127.0.0.1 root [-/-] POST /authenticate 500 3ms
info Gelf {"short_message":"WILDDUCK HTTP [POST /authenticate] FAILED","_remote_ip":"127.0.0.1","_http_route":"/authenticate","_http_method":"POST","_user":"root","_role":"root","_api_response":"fail","_error":"Invalid username","_code":"InternalDatabaseError","_size":69,"_req_username":"0x1a2b3c4d5e6f789012345678901234567890abcd@xjõgeva.öö","_req_scope":"imap","facility":"wildduck","host":"Johns-MacBook-Pro-i9.local","timestamp":1758839270.73,"_component":"wildduck"}
http API 127.0.0.1 root [-/-] POST /authenticate 500 2ms
      7) should POST /authenticate expect success / using ASP and allowed scope with custom password
info Gelf {"short_message":"WILDDUCK HTTP [POST /authenticate] FAILED","_remote_ip":"127.0.0.1","_http_route":"/authenticate","_http_method":"POST","_user":"root","_role":"root","_api_response":"fail","_error":"Invalid username","_code":"InternalDatabaseError","_size":69,"_req_username":"0x1a2b3c4d5e6f789012345678901234567890abcd@xjõgeva.öö","_req_scope":"master","facility":"wildduck","host":"Johns-MacBook-Pro-i9.local","timestamp":1758839270.735,"_component":"wildduck"}
      8) should POST /authenticate expect failure / using ASP and master scope
http API 127.0.0.1 root [-/-] POST /authenticate 500 2ms
    addresses
info Gelf {"short_message":"WILDDUCK HTTP [GET /users/:user/addresses] OK","_remote_ip":"127.0.0.1","_http_route":"/users/:user/addresses","_http_method":"GET","_user":"root","_role":"root","_api_response":"success","_size":266,"_req_user":"68d5c1e6abe11a527cea5626","facility":"wildduck","host":"Johns-MacBook-Pro-i9.local","timestamp":1758839270.74,"_component":"wildduck"}
      9) should GET /users/:user/addresses expect success
http API 127.0.0.1 root [-/-] GET /users/68d5c1e6abe11a527cea5626/addresses 200 3ms
info Gelf {"short_message":"WILDDUCK HTTP [POST /users/:user/addresses] FAILED","_remote_ip":"127.0.0.1","_http_route":"/users/:user/addresses","_http_method":"POST","_user":"root","_role":"root","_api_response":"fail","_error":"Endpoint not available in crypto emails mode","_code":"EndpointNotAvailable","_size":96,"_req_user":"68d5c1e6abe11a527cea5626","_req_address":"0x38e4bcde1a2b3c4d5e6f789012345678abcdef0123456@xexample.com","_req_main":"true","_req_metaData":"{ tere: 123 }","facility":"wildduck","host":"Johns-MacBook-Pro-i9.local","timestamp":1758839270.744,"_component":"wildduck"}
http API 127.0.0.1 root [-/-] POST /users/68d5c1e6abe11a527cea5626/addresses 400 1ms
info Gelf {"short_message":"WILDDUCK HTTP [POST /users/:user/addresses] FAILED","_remote_ip":"127.0.0.1","_http_route":"/users/:user/addresses","_http_method":"POST","_user":"root","_role":"root","_api_response":"fail","_error":"Endpoint not available in crypto emails mode","_code":"EndpointNotAvailable","_size":96,"_req_user":"68d5c1e6abe11a527cea5626","_req_address":"0x49f5cdef1a2b3c4d5e6f789012345678abcdef01234567@xexample.com","facility":"wildduck","host":"Johns-MacBook-Pro-i9.local","timestamp":1758839270.746,"_component":"wildduck"}
      ✔ should POST /users/:user/addresses expect success
http API 127.0.0.1 root [-/-] POST /users/68d5c1e6abe11a527cea5626/addresses 400 0ms
info Gelf {"short_message":"WILDDUCK HTTP [GET /users/:user] OK","_remote_ip":"127.0.0.1","_http_route":"/users/:user","_http_method":"GET","_user":"root","_role":"root","_api_response":"success","_size":1438,"_req_user":"68d5c1e6abe11a527cea5626","_res_id":"68d5c1e6abe11a527cea5626","facility":"wildduck","host":"Johns-MacBook-Pro-i9.local","timestamp":1758839270.752,"_component":"wildduck"}
      10) should GET /users/:user expect success / (after email update)
http API 127.0.0.1 root [-/-] GET /users/68d5c1e6abe11a527cea5626 200 4ms
info Gelf {"short_message":"WILDDUCK HTTP [GET /users/:user/addresses] OK","_remote_ip":"127.0.0.1","_http_route":"/users/:user/addresses","_http_method":"GET","_user":"root","_role":"root","_api_response":"success","_size":266,"_req_user":"68d5c1e6abe11a527cea5626","facility":"wildduck","host":"Johns-MacBook-Pro-i9.local","timestamp":1758839270.772,"_component":"wildduck"}
      ✔ should GET /users/:user/addresses expect success / (updated listing)
http API 127.0.0.1 root [-/-] GET /users/68d5c1e6abe11a527cea5626/addresses 200 19ms
info Gelf {"short_message":"WILDDUCK HTTP [DELETE /users/:user/addresses/:address] FAILED","_remote_ip":"127.0.0.1","_http_route":"/users/:user/addresses/:address","_http_method":"DELETE","_user":"root","_role":"root","_api_response":"fail","_error":"Endpoint not available in crypto emails mode","_code":"EndpointNotAvailable","_size":96,"_req_user":"68d5c1e6abe11a527cea5626","_req_address":"68d5c1e6abe11a527cea562c","facility":"wildduck","host":"Johns-MacBook-Pro-i9.local","timestamp":1758839270.775,"_component":"wildduck"}
http API
      ✔ should DELETE /users/:user/addresses/:address expect success
127.0.0.1 root [-/-] DELETE /users/68d5c1e6abe11a527cea5626/addresses/68d5c1e6abe11a527cea562c 400 0ms
info Gelf {"short_message":"WILDDUCK HTTP [GET /users/:user/addresses] OK","_remote_ip":"127.0.0.1","_http_route":"/users/:user/addresses","_http_method":"GET","_user":"root","_role":"root","_api_response":"success","_size":266,"_req_user":"68d5c1e6abe11a527cea5626","_req_metaData":"true","facility":"wildduck","host":"Johns-MacBook-Pro-i9.local","timestamp":1758839270.78,"_component":"wildduck"}
      ✔ should GET /users/:user/addresses expect success / (with metaData)
http API 127.0.0.1 root [-/-] GET /users/68d5c1e6abe11a527cea5626/addresses?metaData=true 200 3ms
info Gelf {"short_message":"WILDDUCK HTTP [GET /users/:user/addresses/:address] OK","_remote_ip":"127.0.0.1","_http_route":"/users/:user/addresses/:address","_http_method":"GET","_user":"root","_role":"root","_api_response":"success","_size":215,"_req_user":"68d5c1e6abe11a527cea5626","_req_address":"68d5c1e6abe11a527cea562c","_res_id":"68d5c1e6abe11a527cea562c","facility":"wildduck","host":"Johns-MacBook-Pro-i9.local","timestamp":1758839270.784,"_component":"wildduck"}
      ✔ should GET /users/:user/addresses/:address expect success
http API 127.0.0.1 root [-/-] GET /users/68d5c1e6abe11a527cea5626/addresses/68d5c1e6abe11a527cea562c 200 3ms
info Gelf {"short_message":"WILDDUCK HTTP [GET /users/:user/addresses] OK","_remote_ip":"127.0.0.1","_http_route":"/users/:user/addresses","_http_method":"GET","_user":"root","_role":"root","_api_response":"success","_size":266,"_req_user":"68d5c1e6abe11a527cea5626","facility":"wildduck","host":"Johns-MacBook-Pro-i9.local","timestamp":1758839270.789,"_component":"wildduck"}
      ✔ should GET /users/:user/addresses expect success / (after DELETE)
http API 127.0.0.1 root [-/-] GET /users/68d5c1e6abe11a527cea5626/addresses 200 2ms
      forwarded
info Gelf {"short_message":"WILDDUCK HTTP [POST /addresses/forwarded] OK","_remote_ip":"127.0.0.1","_http_route":"/addresses/forwarded","_http_method":"POST","_user":"root","_role":"root","_api_response":"success","_size":58,"_req_address":"0x7c28fabc1a2b3c4d5e6f789012345678abcdef0123456789a@xexample.com","_req_targets":"[\n  '0x8d39abcd1a2b3c4d5e6f789012345678abcdef0123456789ab@xexample.com',\n  'smtp://mx2.xzone.eu:25'\n]","_req_forwards":"500","_req_metaData":"{ tere: 123 }","_req_tags":"[ 'tere', 'vana' ]","_res_id":"new ObjectId(\"68d5c1e6abe11a527cea5636\")","facility":"wildduck","host":"Johns-MacBook-Pro-i9.local","timestamp":1758839270.825,"_component":"wildduck"}
        ✔ should POST /addresses/forwarded expect success
http API 127.0.0.1 root [-/-] POST /addresses/forwarded 200 34ms
info Gelf {"short_message":"WILDDUCK HTTP [GET /addresses/forwarded/:address] OK","_remote_ip":"127.0.0.1","_http_route":"/addresses/forwarded/:address","_http_method":"GET","_user":"root","_role":"root","_api_response":"success","_size":522,"_req_address":"68d5c1e6abe11a527cea5636","_res_id":"68d5c1e6abe11a527cea5636","facility":"wildduck","host":"Johns-MacBook-Pro-i9.local","timestamp":1758839270.83,"_component":"wildduck"}
        ✔ should GET /addresses/forwarded/:address expect success
http API 127.0.0.1 root [-/-] GET /addresses/forwarded/68d5c1e6abe11a527cea5636 200 4ms
info Gelf {"short_message":"WILDDUCK HTTP [PUT /addresses/forwarded/:id] OK","_remote_ip":"127.0.0.1","_http_route":"/addresses/forwarded/:id","_http_method":"PUT","_user":"root","_role":"root","_api_response":"success","_size":22,"_req_id":"68d5c1e6abe11a527cea5636","_req_metaData":"{ tere: 124 }","facility":"wildduck","host":"Johns-MacBook-Pro-i9.local","timestamp":1758839270.836,"_component":"wildduck"}
http API 127.0.0.1 root [-/-] PUT /addresses/forwarded/68d5c1e6abe11a527cea5636 200 3ms
info Gelf {"short_message":"WILDDUCK HTTP [GET /addresses/forwarded/:address] OK","_remote_ip":"127.0.0.1","_http_route":"/addresses/forwarded/:address","_http_method":"GET","_user":"root","_role":"root","_api_response":"success","_size":522,"_req_address":"68d5c1e6abe11a527cea5636","_res_id":"68d5c1e6abe11a527cea5636","facility":"wildduck","host":"Johns-MacBook-Pro-i9.local","timestamp":1758839270.84,"_component":"wildduck"}
        ✔ should PUT /addresses/forwarded/:id expect success
http API 127.0.0.1 root [-/-] GET /addresses/forwarded/68d5c1e6abe11a527cea5636 200 3ms
info Gelf {"short_message":"WILDDUCK HTTP [DELETE /addresses/forwarded/:address] OK","_remote_ip":"127.0.0.1","_http_route":"/addresses/forwarded/:address","_http_method":"DELETE","_user":"root","_role":"root","_api_response":"success","_size":22,"_req_address":"68d5c1e6abe11a527cea5636","facility":"wildduck","host":"Johns-MacBook-Pro-i9.local","timestamp":1758839270.845,"_component":"wildduck"}
        ✔ should DELETE /addresses/forwarded/:address expect success
http API 127.0.0.1 root [-/-] DELETE /addresses/forwarded/68d5c1e6abe11a527cea5636 200 3ms
    mailboxes
info Gelf {"short_message":"WILDDUCK HTTP [GET /users/:user/mailboxes] OK","_remote_ip":"127.0.0.1","_http_route":"/users/:user/mailboxes","_http_method":"GET","_user":"root","_role":"root","_api_response":"success","_size":1275,"_req_user":"68d5c1e6abe11a527cea5626","facility":"wildduck","host":"Johns-MacBook-Pro-i9.local","timestamp":1758839270.85,"_component":"wildduck"}
      ✔ should GET /users/:user/mailboxes expect success
http API 127.0.0.1 root [-/-] GET /users/68d5c1e6abe11a527cea5626/mailboxes 200 2ms
    autoreply
info Gelf {"short_message":"WILDDUCK HTTP [GET /users/:user/autoreply] OK","_remote_ip":"127.0.0.1","_http_route":"/users/:user/autoreply","_http_method":"GET","_user":"root","_role":"root","_api_response":"success","_size":100,"_req_user":"68d5c1e6abe11a527cea5626","facility":"wildduck","host":"Johns-MacBook-Pro-i9.local","timestamp":1758839270.871,"_component":"wildduck"}
http API 127.0.0.1 root [-/-] GET /users/68d5c1e6abe11a527cea5626/autoreply 200 18ms
info Gelf {"short_message":"WILDDUCK [AUTOREPLY] create","_mail_action":"Create autoreply","_user":"68d5c1e6abe11a527cea5626","_autoreply_id":"68d5c1e626278878bb8a077f","_autoreply_status":true,"_autoreply_name":"AR name","_autoreply_subject":"AR subject","_autoreply_start":"2017-11-15T00:00:00.000Z","_autoreply_end":"2017-12-19T00:00:00.000Z","_autoreply_created":"2025-09-25T22:27:50.000Z","facility":"wildduck","host":"Johns-MacBook-Pro-i9.local","timestamp":1758839270.877,"_component":"wildduck"}
info Gelf {"short_message":"WILDDUCK HTTP [PUT /users/:user/autoreply] OK","_remote_ip":"127.0.0.1","_http_route":"/users/:user/autoreply","_http_method":"PUT","_user":"root","_role":"root","_api_response":"success","_size":58,"_req_user":"68d5c1e6abe11a527cea5626","_req_status":"true","_req_name":"AR name","_req_subject":"AR subject","_req_text":"Away from office until Dec.19","_req_start":"2017-11-15T00:00:00.000Z","_req_end":"2017-12-19T00:00:00.000Z","_res_id":"68d5c1e626278878bb8a077f","facility":"wildduck","host":"Johns-MacBook-Pro-i9.local","timestamp":1758839270.877,"_component":"wildduck"}
http API 127.0.0.1 root [-/-] PUT /users/68d5c1e6abe11a527cea5626/autoreply 200 4ms
info Gelf {"short_message":"WILDDUCK HTTP [GET /users/:user/autoreply] OK","_remote_ip":"127.0.0.1","_http_route":"/users/:user/autoreply","_http_method":"GET","_user":"root","_role":"root","_api_response":"success","_size":262,"_req_user":"68d5c1e6abe11a527cea5626","facility":"wildduck","host":"Johns-MacBook-Pro-i9.local","timestamp":1758839270.881,"_component":"wildduck"}
http API 127.0.0.1 root [-/-] GET /users/68d5c1e6abe11a527cea5626/autoreply 200 2ms
info Gelf {"short_message":"WILDDUCK [AUTOREPLY] update","_mail_action":"Update autoreply","_user":"68d5c1e6abe11a527cea5626","_autoreply_id":"68d5c1e626278878bb8a077f","_autoreply_status":true,"_autoreply_name":"AR name v2","_autoreply_end":"2017-12-19T00:00:00.000Z","_autoreply_created":"2025-09-25T22:27:50.000Z","facility":"wildduck","host":"Johns-MacBook-Pro-i9.local","timestamp":1758839270.885,"_component":"wildduck"}
info Gelf {"short_message":"WILDDUCK HTTP [PUT /users/:user/autoreply] OK","_remote_ip":"127.0.0.1","_http_route":"/users/:user/autoreply","_http_method":"PUT","_user":"root","_role":"root","_api_response":"success","_size":58,"_req_user":"68d5c1e6abe11a527cea5626","_req_name":"AR name v2","_res_id":"68d5c1e626278878bb8a077f","facility":"wildduck","host":"Johns-MacBook-Pro-i9.local","timestamp":1758839270.885,"_component":"wildduck"}
http API 127.0.0.1 root [-/-] PUT /users/68d5c1e6abe11a527cea5626/autoreply 200 3ms
info Gelf {"short_message":"WILDDUCK HTTP [GET /users/:user/autoreply] OK","_remote_ip":"127.0.0.1","_http_route":"/users/:user/autoreply","_http_method":"GET","_user":"root","_role":"root","_api_response":"success","_size":216,"_req_user":"68d5c1e6abe11a527cea5626","facility":"wildduck","host":"Johns-MacBook-Pro-i9.local","timestamp":1758839270.888,"_component":"wildduck"}
http API 127.0.0.1 root [-/-] GET /users/68d5c1e6abe11a527cea5626/autoreply 200 1ms
info Gelf {"short_message":"WILDDUCK [AUTOREPLY] Delete","_mail_action":"Delete autoreply","_user":"68d5c1e6abe11a527cea5626","_autoreply_id":"68d5c1e626278878bb8a077f","facility":"wildduck","host":"Johns-MacBook-Pro-i9.local","timestamp":1758839270.893,"_component":"wildduck"}
info Gelf {"short_message":"WILDDUCK HTTP [DELETE /users/:user/autoreply] OK","_remote_ip":"127.0.0.1","_http_route":"/users/:user/autoreply","_http_method":"DELETE","_user":"root","_role":"root","_api_response":"success","_size":22,"_req_user":"68d5c1e6abe11a527cea5626","facility":"wildduck","host":"Johns-MacBook-Pro-i9.local","timestamp":1758839270.893,"_component":"wildduck"}
http API 127.0.0.1 root [-/-] DELETE /users/68d5c1e6abe11a527cea5626/autoreply 200 4ms
info Gelf {"short_message":"WILDDUCK HTTP [GET /users/:user/autoreply] OK","_remote_ip":"127.0.0.1","_http_route":"/users/:user/autoreply","_http_method":"GET","_user":"root","_role":"root","_api_response":"success","_size":100,"_req_user":"68d5c1e6abe11a527cea5626","facility":"wildduck","host":"Johns-MacBook-Pro-i9.local","timestamp":1758839270.895,"_component":"wildduck"}
      ✔ should PUT /users/:user/autoreply expect success (45ms)
http API 127.0.0.1 root [-/-] GET /users/68d5c1e6abe11a527cea5626/autoreply 200 1ms
    domainaccess
info Gelf {"short_message":"WILDDUCK HTTP [POST /domainaccess/:tag/block] OK","_remote_ip":"127.0.0.1","_http_route":"/domainaccess/:tag/block","_http_method":"POST","_user":"root","_role":"root","_api_response":"success","_size":58,"_req_tag":"account:123","_req_domain":"xexample.com","_res_id":"68d5c1e626278878bb8a0780","facility":"wildduck","host":"Johns-MacBook-Pro-i9.local","timestamp":1758839270.899,"_component":"wildduck"}
http API 127.0.0.1 root [-/-] POST /domainaccess/account:123/block 200 2ms
info Gelf {"short_message":"WILDDUCK HTTP [POST /domainaccess/:tag/block] OK","_remote_ip":"127.0.0.1","_http_route":"/domainaccess/:tag/block","_http_method":"POST","_user":"root","_role":"root","_api_response":"success","_size":58,"_req_tag":"account:123","_req_domain":"xjõgeva.öö","_res_id":"68d5c1e626278878bb8a0781","facility":"wildduck","host":"Johns-MacBook-Pro-i9.local","timestamp":1758839270.902,"_component":"wildduck"}
      ✔ should POST /domainaccess/:tag/:action expect success / action: block
http API 127.0.0.1 root [-/-] POST /domainaccess/account:123/block 200 1ms
info Gelf {"short_message":"WILDDUCK HTTP [GET /domainaccess/:tag/block] OK","_remote_ip":"127.0.0.1","_http_route":"/domainaccess/:tag/block","_http_method":"GET","_user":"root","_role":"root","_api_response":"success","_size":260,"_req_tag":"account:123","facility":"wildduck","host":"Johns-MacBook-Pro-i9.local","timestamp":1758839270.921,"_component":"wildduck"}
      ✔ should GET /domainaccess/:tag/:action expect success / action: block
http API 127.0.0.1 root [-/-] GET /domainaccess/account:123/block 200 18ms
info Gelf {"short_message":"WILDDUCK HTTP [DELETE /domainaccess/:domain] OK","_remote_ip":"127.0.0.1","_http_route":"/domainaccess/:domain","_http_method":"DELETE","_user":"root","_role":"root","_api_response":"success","_size":63,"_req_domain":"68d5c1e626278878bb8a0781","facility":"wildduck","host":"Johns-MacBook-Pro-i9.local","timestamp":1758839270.925,"_component":"wildduck"}
      ✔ should DELETE /domainaccess/:domain expect success
http API 127.0.0.1 root [-/-] DELETE /domainaccess/68d5c1e626278878bb8a0781 200 2ms
    message
info Gelf {"short_message":"WILDDUCK HTTP [GET /users/:user/mailboxes] OK","_remote_ip":"127.0.0.1","_http_route":"/users/:user/mailboxes","_http_method":"GET","_user":"root","_role":"root","_api_response":"success","_size":1275,"_req_user":"68d5c1e6abe11a527cea5626","facility":"wildduck","host":"Johns-MacBook-Pro-i9.local","timestamp":1758839270.931,"_component":"wildduck"}
http API 127.0.0.1 root [-/-] GET /users/68d5c1e6abe11a527cea5626/mailboxes 200 4ms
info Gelf {"short_message":"WILDDUCK [QUOTA] +","_mail_action":"quota","_user":"68d5c1e6abe11a527cea5626","_inc":670,"_storage_used":670,"_mailbox":"68d5c1e6abe11a527cea5627","facility":"wildduck","host":"Johns-MacBook-Pro-i9.local","timestamp":1758839270.953,"_component":"wildduck"}
info Gelf {"short_message":"WILDDUCK HTTP [POST /users/:user/mailboxes/:mailbox/messages] OK","_remote_ip":"127.0.0.1","_http_route":"/users/:user/mailboxes/:mailbox/messages","_http_method":"POST","_user":"root","_role":"root","_api_response":"success","_size":114,"_req_user":"68d5c1e6abe11a527cea5626","_req_mailbox":"68d5c1e6abe11a527cea5627","_req_from":"{ name: 'test töster', address: 'bestöser@öxample.com' }","_req_to":"[ { name: 'best böster', address: 'bestöser2@öxample.com' } ]","_req_subject":"hello world","_req_text":"Hello hello world!","_req_html":"<p>Hello hello world!</p>","facility":"wildduck","host":"Johns-MacBook-Pro-i9.local","timestamp":1758839270.978,"_component":"wildduck"}
http API 127.0.0.1 root [-/-] POST /users/68d5c1e6abe11a527cea5626/mailboxes/68d5c1e6abe11a527cea5627/messages 200 45ms
info Gelf {"short_message":"WILDDUCK HTTP [GET /users/:user/mailboxes/:mailbox/messages/:message] OK","_remote_ip":"127.0.0.1","_http_route":"/users/:user/mailboxes/:mailbox/messages/:message","_http_method":"GET","_user":"root","_role":"root","_api_response":"success","_size":977,"_req_user":"68d5c1e6abe11a527cea5626","_req_mailbox":"68d5c1e6abe11a527cea5627","_req_message":"1","_res_id":"1","facility":"wildduck","host":"Johns-MacBook-Pro-i9.local","timestamp":1758839270.985,"_component":"wildduck"}
      ✔ should POST /users/:user/mailboxes/:mailbox/messages expect success / with text and html (53ms)
http API 127.0.0.1 root [-/-] GET /users/68d5c1e6abe11a527cea5626/mailboxes/68d5c1e6abe11a527cea5627/messages/1 200 5ms
info Gelf {"short_message":"WILDDUCK [QUOTA] +","_mail_action":"quota","_user":"68d5c1e6abe11a527cea5626","_inc":1237,"_storage_used":1907,"_mailbox":"68d5c1e6abe11a527cea5627","facility":"wildduck","host":"Johns-MacBook-Pro-i9.local","timestamp":1758839271.03,"_component":"wildduck"}
info Gelf {"short_message":"WILDDUCK HTTP [POST /users/:user/mailboxes/:mailbox/messages] OK","_remote_ip":"127.0.0.1","_http_route":"/users/:user/mailboxes/:mailbox/messages","_http_method":"POST","_user":"root","_role":"root","_api_response":"success","_size":115,"_req_user":"68d5c1e6abe11a527cea5626","_req_mailbox":"68d5c1e6abe11a527cea5627","_req_from":"{\n  name: 'test tester',\n  address: '0x1a2b3c4d5e6f789012345678901234567890abcd@xexample.com'\n}","_req_subject":"hello world","_req_text":"Hello hello world!","_req_html":"<p>Hello hello world! <img src=\"cid:52fea535-b564-4ee6-8b7d-cbde45d94567@xexample.com\" alt=\"Red dot\"></p>","_req_attachments":"[\n  {\n    content: 'iVBORw0KGgoAAAANSUhEUgAAAAUAAAAFCAYAAACNbyblAAAAHElEQVQI12P4//8/w38GIAXDIBKE0DHxgljNBAAO9TXL0Y4OHwAAAABJRU5E…","facility":"wildduck","host":"Johns-MacBook-Pro-i9.local","timestamp":1758839271.038,"_component":"wildduck"}
http API 127.0.0.1 root [-/-] POST /users/68d5c1e6abe11a527cea5626/mailboxes/68d5c1e6abe11a527cea5627/messages 200 52ms
info Gelf {"short_message":"WILDDUCK HTTP [GET /users/:user/mailboxes/:mailbox/messages/:message] OK","_remote_ip":"127.0.0.1","_http_route":"/users/:user/mailboxes/:mailbox/messages/:message","_http_method":"GET","_user":"root","_role":"root","_api_response":"success","_size":1415,"_req_user":"68d5c1e6abe11a527cea5626","_req_mailbox":"68d5c1e6abe11a527cea5627","_req_message":"2","_res_id":"2","facility":"wildduck","host":"Johns-MacBook-Pro-i9.local","timestamp":1758839271.044,"_component":"wildduck"}
      ✔ should POST /users/:user/mailboxes/:mailbox/messages expect success / with embedded attachment (59ms)
http API 127.0.0.1 root [-/-] GET /users/68d5c1e6abe11a527cea5626/mailboxes/68d5c1e6abe11a527cea5627/messages/2 200 5ms
info Gelf {"short_message":"WILDDUCK [QUOTA] +","_mail_action":"quota","_user":"68d5c1e6abe11a527cea5626","_inc":1088,"_storage_used":2995,"_mailbox":"68d5c1e6abe11a527cea5627","facility":"wildduck","host":"Johns-MacBook-Pro-i9.local","timestamp":1758839271.077,"_component":"wildduck"}
info Gelf {"short_message":"WILDDUCK HTTP [POST /users/:user/mailboxes/:mailbox/messages] OK","_remote_ip":"127.0.0.1","_http_route":"/users/:user/mailboxes/:mailbox/messages","_http_method":"POST","_user":"root","_role":"root","_api_response":"success","_size":115,"_req_user":"68d5c1e6abe11a527cea5626","_req_mailbox":"68d5c1e6abe11a527cea5627","_req_from":"{\n  name: 'test tester1',\n  address: '0x2b3c4d5e6f789012345678901234567890abcd1a@xexample.com'\n}","_req_to":"[\n  {\n    name: 'test tester2',\n    address: '0x3c4d5e6f789012345678901234567890abcd1a2b@xexample.com'\n  },\n  {\n    name: 'test …","_req_draft":"true","_req_subject":"hello world","_req_text":"Hello hello world!","_req_html":"<p>Hello hello world!</p>","facility":"wildduck","host":"Johns-MacBook-Pro-i9.local","timestamp":1758839271.084,"_component":"wildduck"}
http API 127.0.0.1 root [-/-] POST /users/68d5c1e6abe11a527cea5626/mailboxes/68d5c1e6abe11a527cea5627/messages 200 37ms
sill IMAP Updating message collection 68d5c1e6abe11a527cea5628 1 entries
info Gelf {"short_message":"WILDDUCK [RCPT TO: 0x3c4d5e6f789012345678901234567890abcd1a2b@xexample.com] undefined","_mail_action":"rcpt_to","_user":"68d5c1e6abe11a527cea5626","_queue_id":"19982fd6eb6000d249","_sent_mailbox":"68d5c1e6abe11a527cea5628","_sent_message":1,"_send_time":"2025-09-26T22:27:51.084Z","_from":"0x1a2b3c4d5e6f789012345678901234567890abcd@johns-macbook-pro-i9.local","_to":"0x3c4d5e6f789012345678901234567890abcd1a2b@xexample.com","_message_id":"<2251bbd0-8075-e09f-9925-7b89c5fcd59c@johns-macbook-pro-i9.local>","_subject":"hello world","_limit_sent":6,"facility":"wildduck","host":"Johns-MacBook-Pro-i9.local","timestamp":1758839271.32,"_component":"wildduck"}
info
Gelf {"short_message":"WILDDUCK [RCPT TO: 0x4d5e6f789012345678901234567890abcd1a2b3c@xexample.com] undefined","_mail_action":"rcpt_to","_user":"68d5c1e6abe11a527cea5626","_queue_id":"19982fd6eb6000d249","_sent_mailbox":"68d5c1e6abe11a527cea5628","_sent_message":1,"_send_time":"2025-09-26T22:27:51.084Z","_from":"0x1a2b3c4d5e6f789012345678901234567890abcd@johns-macbook-pro-i9.local","_to":"0x4d5e6f789012345678901234567890abcd1a2b3c@xexample.com","_message_id":"<2251bbd0-8075-e09f-9925-7b89c5fcd59c@johns-macbook-pro-i9.local>","_subject":"hello world","_limit_sent":6,"facility":"wildduck","host":"Johns-MacBook-Pro-i9.local","timestamp":1758839271.32,"_component":"wildduck"}
info Gelf {"short_message":"WILDDUCK [RCPT TO: 0x5e6f789012345678901234567890abcd1a2b3c4d@xexample.com] undefined","_mail_action":"rcpt_to","_user":"68d5c1e6abe11a527cea5626","_queue_id":"19982fd6eb6000d249","_sent_mailbox":"68d5c1e6abe11a527cea5628","_sent_message":1,"_send_time":"2025-09-26T22:27:51.084Z","_from":"0x1a2b3c4d5e6f789012345678901234567890abcd@johns-macbook-pro-i9.local","_to":"0x5e6f789012345678901234567890abcd1a2b3c4d@xexample.com","_message_id":"<2251bbd0-8075-e09f-9925-7b89c5fcd59c@johns-macbook-pro-i9.local>","_subject":"hello world","_limit_sent":6,"facility":"wildduck","host":"Johns-MacBook-Pro-i9.local","timestamp":1758839271.321,"_component":"wildduck"}
info Gelf {"short_message":"WILDDUCK [RCPT TO: 0x6f789012345678901234567890abcd1a2b3c4d5e@xexample.com] undefined","_mail_action":"rcpt_to","_user":"68d5c1e6abe11a527cea5626","_queue_id":"19982fd6eb6000d249","_sent_mailbox":"68d5c1e6abe11a527cea5628","_sent_message":1,"_send_time":"2025-09-26T22:27:51.084Z","_from":"0x1a2b3c4d5e6f789012345678901234567890abcd@johns-macbook-pro-i9.local","_to":"0x6f789012345678901234567890abcd1a2b3c4d5e@xexample.com","_message_id":"<2251bbd0-8075-e09f-9925-7b89c5fcd59c@johns-macbook-pro-i9.local>","_subject":"hello world","_limit_sent":6,"facility":"wildduck","host":"Johns-MacBook-Pro-i9.local","timestamp":1758839271.321,"_component":"wildduck"}
info
Gelf {"short_message":"WILDDUCK [RCPT TO: 0x789012345678901234567890abcd1a2b3c4d5e6f@xexample.com] undefined","_mail_action":"rcpt_to","_user":"68d5c1e6abe11a527cea5626","_queue_id":"19982fd6eb6000d249","_sent_mailbox":"68d5c1e6abe11a527cea5628","_sent_message":1,"_send_time":"2025-09-26T22:27:51.084Z","_from":"0x1a2b3c4d5e6f789012345678901234567890abcd@johns-macbook-pro-i9.local","_to":"0x789012345678901234567890abcd1a2b3c4d5e6f@xexample.com","_message_id":"<2251bbd0-8075-e09f-9925-7b89c5fcd59c@johns-macbook-pro-i9.local>","_subject":"hello world","_limit_sent":6,"facility":"wildduck","host":"Johns-MacBook-Pro-i9.local","timestamp":1758839271.321,"_component":"wildduck"}
info Gelf {"short_message":"WILDDUCK [RCPT TO: 0x89012345678901234567890abcd1a2b3c4d5e6f78@xexample.com] undefined","_mail_action":"rcpt_to","_user":"68d5c1e6abe11a527cea5626","_queue_id":"19982fd6eb6000d249","_sent_mailbox":"68d5c1e6abe11a527cea5628","_sent_message":1,"_send_time":"2025-09-26T22:27:51.084Z","_from":"0x1a2b3c4d5e6f789012345678901234567890abcd@johns-macbook-pro-i9.local","_to":"0x89012345678901234567890abcd1a2b3c4d5e6f78@xexample.com","_message_id":"<2251bbd0-8075-e09f-9925-7b89c5fcd59c@johns-macbook-pro-i9.local>","_subject":"hello world","_limit_sent":6,"facility":"wildduck","host":"Johns-MacBook-Pro-i9.local","timestamp":1758839271.321,"_component":"wildduck"}
info Gelf {"short_message":"WILDDUCK [SUBMIT] draft","_mail_action":"submit_draft","_user":"68d5c1e6abe11a527cea5626","_queue_id":"19982fd6eb6000d249","_sent_mailbox":"68d5c1e6abe11a527cea5628","_sent_message":1,"_send_time":"2025-09-26T22:27:51.084Z","_from":"0x1a2b3c4d5e6f789012345678901234567890abcd@johns-macbook-pro-i9.local","_to":"0x3c4d5e6f789012345678901234567890abcd1a2b@xexample.com,0x4d5e6f789012345678901234567890abcd1a2b3c@xexample.com,0x5e6f789012345678901234567890abcd1a2b3c4d@xexample.com,0x6f789012345678901234567890abcd1a2b3c4d5e@xexample.com,0x789012345678901234567890abcd1a2b3c4d5e6f@xexample.com,0x89012345678901234567890abcd1a2b3c4d5e6f78@xexample.com","_message_id":"<2251bbd0-8075-e09f-9925-7b89c5fcd59c@johns-macbook-pro-i9.local>","_subject":"hello world","facility":"wildduck","host":"Johns-MacBook-Pro-i9.local","timestamp":1758839271.321,"_component":"wildduck"}
info Gelf {"short_message":"WILDDUCK HTTP [POST /users/:user/mailboxes/:mailbox/messages/:message/submit] OK","_remote_ip":"127.0.0.1","_http_route":"/users/:user/mailboxes/:mailbox/messages/:message/submit","_http_method":"POST","_user":"root","_role":"root","_api_response":"success","_size":150,"_req_user":"68d5c1e6abe11a527cea5626","_req_mailbox":"68d5c1e6abe11a527cea5627","_req_message":"3","_req_sendTime":"2025-09-26T22:27:51.084Z","facility":"wildduck","host":"Johns-MacBook-Pro-i9.local","timestamp":1758839271.321,"_component":"wildduck"}
      ✔ should POST /users/{user}/mailboxes/{mailbox}/messages/{message}/submit expect success / should create a draft message and submit for delivery (275ms)
http API 127.0.0.1 root [-/-] POST /users/68d5c1e6abe11a527cea5626/mailboxes/68d5c1e6abe11a527cea5627/messages/3/submit 200 235ms
info Gelf {"short_message":"WILDDUCK HTTP [POST /settings/:key] OK","_remote_ip":"127.0.0.1","_http_route":"/settings/:key","_http_method":"POST","_user":"root","_role":"root","_api_response":"success","_size":52,"_req_key":"const:max:rcpt_to","_req_value":"3","facility":"wildduck","host":"Johns-MacBook-Pro-i9.local","timestamp":1758839271.326,"_component":"wildduck"}
http API 127.0.0.1 root [-/-] POST /settings/const:max:rcpt_to 200 3ms
info Gelf {"short_message":"WILDDUCK [QUOTA] +","_mail_action":"quota","_user":"68d5c1e6abe11a527cea5626","_inc":1088,"_storage_used":4083,"_mailbox":"68d5c1e6abe11a527cea5627","facility":"wildduck","host":"Johns-MacBook-Pro-i9.local","timestamp":1758839271.339,"_component":"wildduck"}
info Gelf {"short_message":"WILDDUCK HTTP [POST /users/:user/mailboxes/:mailbox/messages] OK","_remote_ip":"127.0.0.1","_http_route":"/users/:user/mailboxes/:mailbox/messages","_http_method":"POST","_user":"root","_role":"root","_api_response":"success","_size":115,"_req_user":"68d5c1e6abe11a527cea5626","_req_mailbox":"68d5c1e6abe11a527cea5627","_req_from":"{\n  name: 'test tester1',\n  address: '0x2b3c4d5e6f789012345678901234567890abcd1a@xexample.com'\n}","_req_to":"[\n  {\n    name: 'test tester2',\n    address: '0x3c4d5e6f789012345678901234567890abcd1a2b@xexample.com'\n  },\n  {\n    name: 'test …","_req_draft":"true","_req_subject":"hello world","_req_text":"Hello hello world!","_req_html":"<p>Hello hello world!</p>","facility":"wildduck","host":"Johns-MacBook-Pro-i9.local","timestamp":1758839271.345,"_component":"wildduck"}
http API 127.0.0.1 root [-/-] POST /users/68d5c1e6abe11a527cea5626/mailboxes/68d5c1e6abe11a527cea5627/messages 200 18ms
info Gelf {"short_message":"WILDDUCK HTTP [POST /users/:user/mailboxes/:mailbox/messages/:message/submit] FAILED","_remote_ip":"127.0.0.1","_http_route":"/users/:user/mailboxes/:mailbox/messages/:message/submit","_http_method":"POST","_user":"root","_role":"root","_api_response":"fail","_error":"Your email has too many recipients","_code":"TooMany","_size":73,"_req_user":"68d5c1e6abe11a527cea5626","_req_mailbox":"68d5c1e6abe11a527cea5627","_req_message":"4","_req_sendTime":"2025-09-26T22:27:51.346Z","facility":"wildduck","host":"Johns-MacBook-Pro-i9.local","timestamp":1758839271.353,"_component":"wildduck"}
      ✔ should POST /users/{user}/mailboxes/{mailbox}/messages/{message}/submit expect failure / should create a draft message and fail submit
http API 127.0.0.1 root [-/-] POST /users/68d5c1e6abe11a527cea5626/mailboxes/68d5c1e6abe11a527cea5627/messages/4/submit 403 7ms
info Gelf {"short_message":"WILDDUCK HTTP [GET /users/:user/addressregister] OK","_remote_ip":"127.0.0.1","_http_route":"/users/:user/addressregister","_http_method":"GET","_user":"root","_role":"root","_api_response":"success","_size":166,"_req_user":"68d5c1e6abe11a527cea5626","_req_query":"best","facility":"wildduck","host":"Johns-MacBook-Pro-i9.local","timestamp":1758839271.373,"_component":"wildduck"}
      ✔ should GET /users/:user/addressregister expect success
http API 127.0.0.1 root [-/-] GET /users/68d5c1e6abe11a527cea5626/addressregister?query=best 200 17ms
    certs
info Gelf {"short_message":"WILDDUCK HTTP [POST /certs] OK","_remote_ip":"127.0.0.1","_http_route":"/certs","_http_method":"POST","_user":"root","_role":"root","_api_response":"success","_size":398,"_req_privateKey":"-----BEGIN PRIVATE KEY-----\nMIIEvQIBADANBgkqhkiG9w0BAQEFAASCBKcwggSjAgEAAoIBAQDKC9G9BJlpJdKI\nMNsjLTgCthKBrtQy3TI4AC5FooqyMIxcpNl…","_req_cert":"-----BEGIN CERTIFICATE-----\nMIIE2TCCA8GgAwIBAgIJANkrklW5OnnjMA0GCSqGSIb3DQEBCwUAMIGWMQswCQYD\nVQQGEwJFRTEOMAwGA1UECAwFSGFyanUxEDA…","_req_description":"test key","_req_servername":"mydomain.com","_res_id":"68d5c1e726278878bb8a0785","facility":"wildduck","host":"Johns-MacBook-Pro-i9.local","timestamp":1758839271.397,"_component":"wildduck"}
      ✔ should POST /certs expect success
http API 127.0.0.1 root [-/-] POST /certs 200 21ms
verb Tasks Created task id=68d5c1e7abe11a527cea5654
info Gelf {"short_message":"WILDDUCK HTTP [DELETE /users/:user] OK","_remote_ip":"127.0.0.1","_http_route":"/users/:user","_http_method":"DELETE","_user":"root","_role":"root","_api_response":"success","_code":"TaskScheduled","_size":209,"_req_user":"68d5c1e6abe11a527cea5626","facility":"wildduck","host":"Johns-MacBook-Pro-i9.local","timestamp":1758839271.429,"_component":"wildduck"}

  API Users
http API 127.0.0.1 root [-/-] DELETE /users/68d5c1e6abe11a527cea5626 200 29ms
info Gelf {"short_message":"WILDDUCK HTTP [POST /authenticate] OK","_remote_ip":"127.0.0.1","_http_route":"/authenticate","_http_method":"POST","_user":"root","_role":"root","_api_response":"success","_size":338,"_req_username":"0x9e456789012defa1a2b3c4d5e6f789012345678abc","_req_password":"***","_req_token":"true","_res_id":"68d5c1e7abe11a527cea5656","facility":"wildduck","host":"Johns-MacBook-Pro-i9.local","timestamp":1758839271.579,"_component":"wildduck"}
http API 127.0.0.1 root [-/-] POST /authenticate 200 147ms
info Gelf {"short_message":"WILDDUCK HTTP [POST /authenticate] OK","_remote_ip":"127.0.0.1","_http_route":"/authenticate","_http_method":"POST","_user":"root","_role":"root","_api_response":"success","_size":338,"_req_username":"0xaf56789012efab1a2b3c4d5e6f789012345678abcd","_req_password":"***","_req_token":"true","_res_id":"68d5c1e7abe11a527cea565e","facility":"wildduck","host":"Johns-MacBook-Pro-i9.local","timestamp":1758839271.729,"_component":"wildduck"}
http API 127.0.0.1 root [-/-] POST /authenticate 200 148ms
info Gelf {"short_message":"WILDDUCK HTTP [POST /users/:user/addresses] FAILED","_remote_ip":"127.0.0.1","_http_route":"/users/:user/addresses","_http_method":"POST","_user":"root","_role":"root","_api_response":"fail","_error":"Endpoint not available in crypto emails mode","_code":"EndpointNotAvailable","_size":96,"_req_user":"68d5c1e7abe11a527cea5656","_req_address":"0x27890123456789012cdef1a2b3c4d5e6f789012345@xexample.com","_req_tags":"[ 'TAG1', 'tag2' ]","facility":"wildduck","host":"Johns-MacBook-Pro-i9.local","timestamp":1758839271.732,"_component":"wildduck"}
    ✔ should POST /users/{user}/addresses expect success
http API 127.0.0.1 root [-/-] POST /users/68d5c1e7abe11a527cea5656/addresses 400 0ms
info Gelf {"short_message":"WILDDUCK HTTP [GET /addresses] OK","_remote_ip":"127.0.0.1","_http_route":"/addresses","_http_method":"GET","_user":"root","_role":"root","_api_response":"success","_size":646,"facility":"wildduck","host":"Johns-MacBook-Pro-i9.local","timestamp":1758839271.739,"_component":"wildduck"}
    11) should GET /addresses expect success
http API 127.0.0.1 root [-/-] GET /addresses 200 5ms
info Gelf {"short_message":"WILDDUCK HTTP [GET /addresses] FAILED","_remote_ip":"127.0.0.1","_http_route":"/addresses","_http_method":"GET","_user":"root","_role":"root","_api_response":"fail","_error":"\"query\" length must be less than or equal to 255 characters long. \"limit\" must be greater than or equal to 1","_code":"InputValidationError","_size":327,"_req_limit":"-1","_req_query":"aaaaaaaaaaaaaaaaaaaaaaaaaaaaaaaaaaaaaaaaaaaaaaaaaaaaaaaaaaaaaaaaaaaaaaaaaaaaaaaaaaaaaaaaaaaaaaaaaaaaaaaaaaaaaaaaaaaaaaaaaaaaaaaa…","facility":"wildduck","host":"Johns-MacBook-Pro-i9.local","timestamp":1758839271.742,"_component":"wildduck"}
    ✔ should GET /addresses expect failure / incorrect query params data
http API 127.0.0.1 root [-/-] GET /addresses?limit=-1&query=aaaaaaaaaaaaaaaaaaaaaaaaaaaaaaaaaaaaaaaaaaaaaaaaaaaaaaaaaaaaaaaaaaaaaaaaaaaaaaaaaaaaaaaaaaaaaaaaaaaaaaaaaaaaaaaaaaaaaaaaaaaaaaaaaaaaaaaaaaaaaaaaaaaaaaaaaaaaaaaaaaaaaaaaaaaaaaaaaaaaaaaaaaaaaaaaaaaaaaaaaaaaaaaaaaaaaaaaaaaaaaaaaaaaaaaaaaaaaaaaaaaaaaaaaaaaaaaa 400 2ms
info Gelf {"short_message":"WILDDUCK HTTP [GET /addresses] OK","_remote_ip":"127.0.0.1","_http_route":"/addresses","_http_method":"GET","_user":"root","_role":"root","_api_response":"success","_size":116,"_req_tags":"tag2,tag3","facility":"wildduck","host":"Johns-MacBook-Pro-i9.local","timestamp":1758839271.748,"_component":"wildduck"}
    12) should GET /addresses expect success / with tags
http API 127.0.0.1 root [-/-] GET /addresses?tags=tag2,tag3 200 3ms
info Gelf {"short_message":"WILDDUCK HTTP [GET /addresses] OK","_remote_ip":"127.0.0.1","_http_route":"/addresses","_http_method":"GET","_user":"root","_role":"root","_api_response":"success","_size":116,"_req_requiredTags":"tag2,tag3","facility":"wildduck","host":"Johns-MacBook-Pro-i9.local","timestamp":1758839271.753,"_component":"wildduck"}
    13) should GET /addresses expect success / with required tags
http API 127.0.0.1 root [-/-] GET /addresses?requiredTags=tag2,tag3 200 3ms
info Gelf {"short_message":"WILDDUCK HTTP [POST /authenticate] OK","_remote_ip":"127.0.0.1","_http_route":"/authenticate","_http_method":"POST","_user":"root","_role":"root","_api_response":"success","_size":338,"_req_username":"0x9e456789012defa1a2b3c4d5e6f789012345678abc","_req_password":"***","_req_token":"true","_res_id":"68d5c1e7abe11a527cea5656","facility":"wildduck","host":"Johns-MacBook-Pro-i9.local","timestamp":1758839271.772,"_component":"wildduck"}
http API 127.0.0.1 root [-/-] POST /authenticate 200 18ms
info Gelf {"short_message":"WILDDUCK HTTP [GET /addresses] OK","_remote_ip":"127.0.0.1","_http_route":"/addresses","_http_method":"GET","_user":"68d5c1e7abe11a527cea5656","_role":"user","_api_response":"success","_size":382,"facility":"wildduck","host":"Johns-MacBook-Pro-i9.local","timestamp":1758839271.78,"_component":"wildduck"}
    ✔ should GET /addresses expect success / with a user token
http API 127.0.0.1 68d5c1e7abe11a527cea5656 [-/-] GET /addresses?accessToken=xxxxxx 200 5ms
info Gelf {"short_message":"WILDDUCK HTTP [GET /users/:user/addresses] OK","_remote_ip":"127.0.0.1","_http_route":"/users/:user/addresses","_http_method":"GET","_user":"root","_role":"root","_api_response":"success","_size":268,"_req_user":"68d5c1e7abe11a527cea5656","facility":"wildduck","host":"Johns-MacBook-Pro-i9.local","timestamp":1758839271.787,"_component":"wildduck"}
    ✔ should GET /users/{user}/addresses expect success
http API 127.0.0.1 root [-/-] GET /users/68d5c1e7abe11a527cea5656/addresses 200 4ms
info
Gelf {"short_message":"WILDDUCK HTTP [GET /users/:user/addresses] FAILED","_remote_ip":"127.0.0.1","_http_route":"/users/:user/addresses","_http_method":"GET","_user":"root","_role":"root","_api_response":"fail","_error":"\"user\" length must be 24 characters long","_code":"InputValidationError","_size":171,"_req_user":"123","facility":"wildduck","host":"Johns-MacBook-Pro-i9.local","timestamp":1758839271.791,"_component":"wildduck"}
    ✔ should GET /users/{user}/addresses expect failure / incorrect user
http API 127.0.0.1 root [-/-] GET /users/123/addresses 400 1ms
info Gelf {"short_message":"WILDDUCK HTTP [GET /users/:user/addresses] FAILED","_remote_ip":"127.0.0.1","_http_route":"/users/:user/addresses","_http_method":"GET","_user":"root","_role":"root","_api_response":"fail","_error":"This user does not exist","_code":"UserNotFound","_size":68,"_req_user":"000000000000000000000000","facility":"wildduck","host":"Johns-MacBook-Pro-i9.local","timestamp":1758839271.795,"_component":"wildduck"}
    ✔ should GET /users/{user}/addresses expect failure / user missing
http API 127.0.0.1 root [-/-] GET /users/000000000000000000000000/addresses 404 1ms
info Gelf {"short_message":"WILDDUCK HTTP [GET /users/:user/addresses] OK","_remote_ip":"127.0.0.1","_http_route":"/users/:user/addresses","_http_method":"GET","_user":"root","_role":"root","_api_response":"success","_size":268,"_req_user":"68d5c1e7abe11a527cea5656","facility":"wildduck","host":"Johns-MacBook-Pro-i9.local","timestamp":1758839271.799,"_component":"wildduck"}
http API 127.0.0.1 root [-/-] GET /users/68d5c1e7abe11a527cea5656/addresses 200 3ms
info Gelf {"short_message":"WILDDUCK HTTP [PUT /users/:user/addresses/:id] OK","_remote_ip":"127.0.0.1","_http_route":"/users/:user/addresses/:id","_http_method":"PUT","_user":"root","_role":"root","_api_response":"success","_size":22,"_req_user":"68d5c1e7abe11a527cea5656","_req_id":"68d5c1e7abe11a527cea565c","_req_main":"true","facility":"wildduck","host":"Johns-MacBook-Pro-i9.local","timestamp":1758839271.822,"_component":"wildduck"}
http API 127.0.0.1 root [-/-] PUT /users/68d5c1e7abe11a527cea5656/addresses/68d5c1e7abe11a527cea565c 200 21ms
info Gelf {"short_message":"WILDDUCK HTTP [GET /users/:user/addresses] OK","_remote_ip":"127.0.0.1","_http_route":"/users/:user/addresses","_http_method":"GET","_user":"root","_role":"root","_api_response":"success","_size":268,"_req_user":"68d5c1e7abe11a527cea5656","facility":"wildduck","host":"Johns-MacBook-Pro-i9.local","timestamp":1758839271.825,"_component":"wildduck"}
    ✔ should PUT /users/{user}/addresses/{id} expect success
http API 127.0.0.1 root [-/-] GET /users/68d5c1e7abe11a527cea5656/addresses 200 2ms
info Gelf {"short_message":"WILDDUCK HTTP [GET /users/:user/addresses] OK","_remote_ip":"127.0.0.1","_http_route":"/users/:user/addresses","_http_method":"GET","_user":"root","_role":"root","_api_response":"success","_size":268,"_req_user":"68d5c1e7abe11a527cea5656","facility":"wildduck","host":"Johns-MacBook-Pro-i9.local","timestamp":1758839271.83,"_component":"wildduck"}
http API 127.0.0.1 root [-/-] GET /users/68d5c1e7abe11a527cea5656/addresses 200 3ms
info Gelf {"short_message":"WILDDUCK HTTP [DELETE /users/:user/addresses/:address] FAILED","_remote_ip":"127.0.0.1","_http_route":"/users/:user/addresses/:address","_http_method":"DELETE","_user":"root","_role":"root","_api_response":"fail","_error":"Endpoint not available in crypto emails mode","_code":"EndpointNotAvailable","_size":96,"_req_user":"68d5c1e7abe11a527cea5656","_req_address":"68d5c1e7abe11a527cea565c","facility":"wildduck","host":"Johns-MacBook-Pro-i9.local","timestamp":1758839271.831,"_component":"wildduck"}
    ✔ should DELETE /users/{user}/addresses/{address} expect failure
http API 127.0.0.1 root [-/-] DELETE /users/68d5c1e7abe11a527cea5656/addresses/68d5c1e7abe11a527cea565c 400 1ms
info Gelf {"short_message":"WILDDUCK HTTP [DELETE /users/:user/addresses/:address] FAILED","_remote_ip":"127.0.0.1","_http_route":"/users/:user/addresses/:address","_http_method":"DELETE","_user":"root","_role":"root","_api_response":"fail","_error":"Endpoint not available in crypto emails mode","_code":"EndpointNotAvailable","_size":96,"_req_user":"68d5c1e7abe11a527cea5656","_req_address":"000000000000000000000000","facility":"wildduck","host":"Johns-MacBook-Pro-i9.local","timestamp":1758839271.833,"_component":"wildduck"}
    ✔ should DELETE /users/{user}/addresses/{address} expect success
http API 127.0.0.1 root [-/-] DELETE /users/68d5c1e7abe11a527cea5656/addresses/000000000000000000000000 400 1ms
info Gelf {"short_message":"WILDDUCK HTTP [POST /addresses/forwarded] OK","_remote_ip":"127.0.0.1","_http_route":"/addresses/forwarded","_http_method":"POST","_user":"root","_role":"root","_api_response":"success","_size":58,"_req_address":"0x5a06defa1a2b3c4d5e6f789012345678abcdef012345678@xexample.com","_req_targets":"[\n  '0x6b17efab1a2b3c4d5e6f789012345678abcdef0123456789@xethereal.email'\n]","_req_tags":"[ 'TAG1', 'tag2' ]","_res_id":"new ObjectId(\"68d5c1e7abe11a527cea5667\")","facility":"wildduck","host":"Johns-MacBook-Pro-i9.local","timestamp":1758839271.841,"_component":"wildduck"}
    ✔ should POST /addresses/forwarded expect success
http API 127.0.0.1 root [-/-] POST /addresses/forwarded 200 6ms
info Gelf {"short_message":"WILDDUCK HTTP [GET /addresses] OK","_remote_ip":"127.0.0.1","_http_route":"/addresses","_http_method":"GET","_user":"root","_role":"root","_api_response":"success","_size":537,"_req_query":"0x5a06defa1a2b3c4d5e6f789012345678abcdef012345678","facility":"wildduck","host":"Johns-MacBook-Pro-i9.local","timestamp":1758839271.847,"_component":"wildduck"}
http API
    ✔ should GET /addresses expect success / with query
127.0.0.1 root [-/-] GET /addresses?query=0x5a06defa1a2b3c4d5e6f789012345678abcdef012345678 200 4ms
info Gelf {"short_message":"WILDDUCK HTTP [PUT /addresses/forwarded/:id] OK","_remote_ip":"127.0.0.1","_http_route":"/addresses/forwarded/:id","_http_method":"PUT","_user":"root","_role":"root","_api_response":"success","_size":22,"_req_id":"68d5c1e7abe11a527cea5667","_req_tags":"[ 'tAG2', 'tAg3' ]","facility":"wildduck","host":"Johns-MacBook-Pro-i9.local","timestamp":1758839271.853,"_component":"wildduck"}
http API 127.0.0.1 root [-/-] PUT /addresses/forwarded/68d5c1e7abe11a527cea5667 200 4ms
info Gelf {"short_message":"WILDDUCK HTTP [GET /addresses] OK","_remote_ip":"127.0.0.1","_http_route":"/addresses","_http_method":"GET","_user":"root","_role":"root","_api_response":"success","_size":537,"_req_query":"0x5a06defa1a2b3c4d5e6f789012345678abcdef012345678","facility":"wildduck","host":"Johns-MacBook-Pro-i9.local","timestamp":1758839271.873,"_component":"wildduck"}
    ✔ should PUT /addresses/forwarded/{id} expect success
http API 127.0.0.1 root [-/-] GET /addresses?query=0x5a06defa1a2b3c4d5e6f789012345678abcdef012345678 200 18ms
verb Tasks Created task id=68d5c1e7abe11a527cea5669
info Gelf {"short_message":"WILDDUCK HTTP [DELETE /users/:user] OK","_remote_ip":"127.0.0.1","_http_route":"/users/:user","_http_method":"DELETE","_user":"root","_role":"root","_api_response":"success","_code":"TaskScheduled","_size":209,"_req_user":"68d5c1e7abe11a527cea5656","facility":"wildduck","host":"Johns-MacBook-Pro-i9.local","timestamp":1758839271.884,"_component":"wildduck"}
http API 127.0.0.1 root [-/-] DELETE /users/68d5c1e7abe11a527cea5656 200 9ms
verb Tasks Created task id=68d5c1e7abe11a527cea566b
info Gelf {"short_message":"WILDDUCK HTTP [DELETE /users/:user] OK","_remote_ip":"127.0.0.1","_http_route":"/users/:user","_http_method":"DELETE","_user":"root","_role":"root","_api_response":"success","_code":"TaskScheduled","_size":209,"_req_user":"68d5c1e7abe11a527cea565e","facility":"wildduck","host":"Johns-MacBook-Pro-i9.local","timestamp":1758839271.895,"_component":"wildduck"}

  API Certs
http API 127.0.0.1 root [-/-] DELETE /users/68d5c1e7abe11a527cea565e 200 9ms
info Gelf {"short_message":"WILDDUCK HTTP [POST /certs] OK","_remote_ip":"127.0.0.1","_ip":"127.0.0.1","_sess":"12345","_http_route":"/certs","_http_method":"POST","_user":"root","_role":"root","_api_response":"success","_size":355,"_req_servername":"example.com","_req_privateKey":"-----BEGIN PRIVATE KEY-----\nMIIEvgIBADANBgkqhkiG9w0BAQEFAASCBKgwggSkAgEAAoIBAQDUwsIjU4ItLme5\n8bhvsdU3ifpYxCA0sz1GaDnUIeH62JW1XLR…","_req_cert":"-----BEGIN CERTIFICATE-----\nMIIDADCCAegCCQCPXSqvTzty/zANBgkqhkiG9w0BAQsFADBCMRQwEgYDVQQDDAtl\neGFtcGxlLmNvbTEdMBsGA1UECgwUTXkgQ29…","_req_description":"Some text about this certificate","_req_sess":"12345","_req_ip":"127.0.0.1","_res_id":"68d5c1e726278878bb8a078b","facility":"wildduck","host":"Johns-MacBook-Pro-i9.local","timestamp":1758839271.922,"_component":"wildduck"}
    ✔ should POST /certs expect success
http API 127.0.0.1 root [127.0.0.1/12345] POST /certs 200 24ms
info Gelf {"short_message":"WILDDUCK HTTP [GET /certs/:cert] OK","_remote_ip":"127.0.0.1","_http_route":"/certs/:cert","_http_method":"GET","_user":"root","_role":"root","_api_response":"success","_size":442,"_req_cert":"68d5c1e726278878bb8a078b","_res_id":"68d5c1e726278878bb8a078b","facility":"wildduck","host":"Johns-MacBook-Pro-i9.local","timestamp":1758839271.926,"_component":"wildduck"}
    ✔ should GET /certs/:cert expect success
http API 127.0.0.1 root [-/-] GET /certs/68d5c1e726278878bb8a078b 200 2ms
info Gelf {"short_message":"WILDDUCK HTTP [GET /certs/resolve/:servername] OK","_remote_ip":"127.0.0.1","_http_route":"/certs/resolve/:servername","_http_method":"GET","_user":"root","_role":"root","_api_response":"success","_size":58,"_req_servername":"example.com","_res_id":"68d5c1e726278878bb8a078b","facility":"wildduck","host":"Johns-MacBook-Pro-i9.local","timestamp":1758839271.929,"_component":"wildduck"}
http
    ✔ should GET /certs/resolve/:servername expect success
API 127.0.0.1 root [-/-] GET /certs/resolve/example.com 200 2ms
info Gelf {"short_message":"WILDDUCK HTTP [GET /certs] OK","_remote_ip":"127.0.0.1","_http_route":"/certs","_http_method":"GET","_user":"root","_role":"root","_api_response":"success","_size":1085,"facility":"wildduck","host":"Johns-MacBook-Pro-i9.local","timestamp":1758839271.935,"_component":"wildduck"}
    ✔ should GET /certs expect success
http API 127.0.0.1 root [-/-] GET /certs 200 3ms
info Gelf {"short_message":"WILDDUCK HTTP [DELETE /certs/:cert] OK","_remote_ip":"127.0.0.1","_http_route":"/certs/:cert","_http_method":"DELETE","_user":"root","_role":"root","_api_response":"success","_size":22,"_req_cert":"68d5c1e726278878bb8a078b","facility":"wildduck","host":"Johns-MacBook-Pro-i9.local","timestamp":1758839271.939,"_component":"wildduck"}
    ✔ should DELETE /certs/:certs expect success
http API 127.0.0.1 root [-/-] DELETE /certs/68d5c1e726278878bb8a078b 200 3ms

  API DKIM
info Gelf {"short_message":"WILDDUCK HTTP [POST /dkim] OK","_remote_ip":"127.0.0.1","_ip":"127.0.0.1","_sess":"12345","_http_route":"/dkim","_http_method":"POST","_user":"root","_role":"root","_api_response":"success","_size":1252,"_req_domain":"example.com","_req_selector":"wildduck","_req_description":"Some text about this DKIM certificate","_req_sess":"12345","_req_ip":"127.0.0.1","_res_id":"68d5c1e826278878bb8a078c","facility":"wildduck","host":"Johns-MacBook-Pro-i9.local","timestamp":1758839272.175,"_component":"wildduck"}
    ✔ should POST /dkim expect success / key empty (235ms)
http API 127.0.0.1 root [127.0.0.1/12345] POST /dkim 200 234ms
info Gelf {"short_message":"WILDDUCK HTTP [POST /dkim] OK","_remote_ip":"127.0.0.1","_ip":"127.0.0.1","_sess":"12345","_http_route":"/dkim","_http_method":"POST","_user":"root","_role":"root","_api_response":"success","_size":894,"_req_domain":"example.com","_req_selector":"wildduck","_req_privateKey":"-----BEGIN RSA PRIVATE KEY-----\nMIICXQIBAAKBgQDFCPszabID2MLAzzfja3/TboKp4dHUGSkl6hNSly7IRdAhfh6J\nh6vNa+2Y7pyNagX00ukycZ/03O/93X3…","_req_description":"Some text about this DKIM certificate","_req_sess":"12345","_req_ip":"127.0.0.1","_res_id":"68d5c1e826278878bb8a078c","facility":"wildduck","host":"Johns-MacBook-Pro-i9.local","timestamp":1758839272.185,"_component":"wildduck"}
    ✔ should POST /dkim expect success / RSA pem
http API 127.0.0.1 root [127.0.0.1/12345] POST /dkim 200 7ms
info Gelf {"short_message":"WILDDUCK HTTP [POST /dkim] OK","_remote_ip":"127.0.0.1","_ip":"127.0.0.1","_sess":"12345","_http_route":"/dkim","_http_method":"POST","_user":"root","_role":"root","_api_response":"success","_size":560,"_req_domain":"example.com","_req_selector":"wildduck","_req_privateKey":"-----BEGIN PRIVATE KEY-----\nMC4CAQAwBQYDK2VwBCIEIOQu92qofG/p0yAHDTNAawKchxOf/3MpDiPaCPk2xSPg\n-----END PRIVATE KEY-----","_req_description":"Some text about this DKIM certificate","_req_sess":"12345","_req_ip":"127.0.0.1","_res_id":"68d5c1e826278878bb8a078c","facility":"wildduck","host":"Johns-MacBook-Pro-i9.local","timestamp":1758839272.194,"_component":"wildduck"}
    ✔ should POST /dkim expect success / ED25519 pem
http API 127.0.0.1 root [127.0.0.1/12345] POST /dkim 200 6ms
info Gelf {"short_message":"WILDDUCK HTTP [POST /dkim] OK","_remote_ip":"127.0.0.1","_ip":"127.0.0.1","_sess":"12345","_http_route":"/dkim","_http_method":"POST","_user":"root","_role":"root","_api_response":"success","_size":560,"_req_domain":"example.com","_req_selector":"wildduck","_req_privateKey":"nWGxne/9WmC6hEr0kuwsxERJxWl7MmkZcDusAxyuf2A=","_req_description":"Some text about this DKIM certificate","_req_sess":"12345","_req_ip":"127.0.0.1","_res_id":"68d5c1e826278878bb8a078c","facility":"wildduck","host":"Johns-MacBook-Pro-i9.local","timestamp":1758839272.203,"_component":"wildduck"}
    ✔ should POST /dkim expect success / ED25519 raw
http API 127.0.0.1 root [127.0.0.1/12345] POST /dkim 200 6ms
info Gelf {"short_message":"WILDDUCK HTTP [GET /dkim/:dkim] OK","_remote_ip":"127.0.0.1","_http_route":"/dkim/:dkim","_http_method":"GET","_user":"root","_role":"root","_api_response":"success","_size":617,"_req_dkim":"68d5c1e826278878bb8a078c","_res_id":"68d5c1e826278878bb8a078c","facility":"wildduck","host":"Johns-MacBook-Pro-i9.local","timestamp":1758839272.221,"_component":"wildduck"}
    ✔ should GET /dkim/:dkim expect success
http API 127.0.0.1 root [-/-] GET /dkim/68d5c1e826278878bb8a078c 200 16ms
info Gelf {"short_message":"WILDDUCK HTTP [GET /dkim/resolve/:domain] OK","_remote_ip":"127.0.0.1","_http_route":"/dkim/resolve/:domain","_http_method":"GET","_user":"root","_role":"root","_api_response":"success","_size":58,"_req_domain":"example.com","_res_id":"68d5c1e826278878bb8a078c","facility":"wildduck","host":"Johns-MacBook-Pro-i9.local","timestamp":1758839272.226,"_component":"wildduck"}
    ✔ should GET /dkim/resolve/:domain expect success
http API 127.0.0.1 root [-/-] GET /dkim/resolve/example.com 200 3ms
info Gelf {"short_message":"WILDDUCK HTTP [GET /dkim] OK","_remote_ip":"127.0.0.1","_http_route":"/dkim","_http_method":"GET","_user":"root","_role":"root","_api_response":"success","_size":458,"facility":"wildduck","host":"Johns-MacBook-Pro-i9.local","timestamp":1758839272.23,"_component":"wildduck"}
    ✔ should GET /dkim expect success
http API 127.0.0.1 root [-/-] GET /dkim 200 3ms
info Gelf {"short_message":"WILDDUCK HTTP [DELETE /dkim/:dkim] OK","_remote_ip":"127.0.0.1","_http_route":"/dkim/:dkim","_http_method":"DELETE","_user":"root","_role":"root","_api_response":"success","_size":22,"_req_dkim":"68d5c1e826278878bb8a078c","facility":"wildduck","host":"Johns-MacBook-Pro-i9.local","timestamp":1758839272.235,"_component":"wildduck"}
    ✔ should DELETE /dkim/:dkim expect success
http API 127.0.0.1 root [-/-] DELETE /dkim/68d5c1e826278878bb8a078c 200 2ms

  API DomainAliases
info Gelf {"short_message":"WILDDUCK HTTP [POST /domainaliases] OK","_remote_ip":"127.0.0.1","_ip":"127.0.0.1","_sess":"12345","_http_route":"/domainaliases","_http_method":"POST","_user":"root","_role":"root","_api_response":"success","_size":58,"_req_domain":"example.com","_req_alias":"alias.example.com","_req_sess":"12345","_req_ip":"127.0.0.1","_res_id":"new ObjectId(\"68d5c1e8abe11a527cea5674\")","facility":"wildduck","host":"Johns-MacBook-Pro-i9.local","timestamp":1758839272.241,"_component":"wildduck"}
    ✔ should POST /domainaliases expect success
http API 127.0.0.1 root [127.0.0.1/12345] POST /domainaliases 200 3ms
verb Tasks Found task for processing id=68d5c1e7abe11a527cea5654
verb Tasks type=user-delete id=68d5c1e7abe11a527cea5654 data={"user":"68d5c1e6abe11a527cea5626"}
info Gelf {"short_message":"WILDDUCK HTTP [GET /domainaliases/:alias] OK","_remote_ip":"127.0.0.1","_http_route":"/domainaliases/:alias","_http_method":"GET","_user":"root","_role":"root","_api_response":"success","_size":158,"_req_alias":"68d5c1e8abe11a527cea5674","_res_id":"68d5c1e8abe11a527cea5674","facility":"wildduck","host":"Johns-MacBook-Pro-i9.local","timestamp":1758839272.245,"_component":"wildduck"}
    ✔ should GET /domainaliases/:alias expect success
http API 127.0.0.1 root [-/-] GET /domainaliases/68d5c1e8abe11a527cea5674 200 1ms
info Gelf {"short_message":"WILDDUCK HTTP [GET /domainaliases/resolve/:alias] OK","_remote_ip":"127.0.0.1","_http_route":"/domainaliases/resolve/:alias","_http_method":"GET","_user":"root","_role":"root","_api_response":"success","_size":58,"_req_alias":"alias.example.com","_res_id":"68d5c1e8abe11a527cea5674","facility":"wildduck","host":"Johns-MacBook-Pro-i9.local","timestamp":1758839272.249,"_component":"wildduck"}
    ✔ should GET /domainaliases/resolve/:alias expect success
http API 127.0.0.1 root [-/-] GET /domainaliases/resolve/alias.example.com 200 2ms
verb Tasks task=user-delete id=68d5c1e7abe11a527cea5654 user=68d5c1e6abe11a527cea5626 message=Deleted 2 addresses from registry
verb Tasks task=user-delete id=68d5c1e7abe11a527cea5654 user=68d5c1e6abe11a527cea5626 message=Marked 4 messages for deletion
verb Tasks task=user-delete id=68d5c1e7abe11a527cea5654 user=68d5c1e6abe11a527cea5626 message=Marked total of 4 messages for deletion
verb Tasks task=user-delete id=68d5c1e7abe11a527cea5654 user=68d5c1e6abe11a527cea5626 message=Cleared user specific data
info Gelf {"short_message":"WILDDUCK HTTP [GET /domainaliases] OK","_remote_ip":"127.0.0.1","_http_route":"/domainaliases","_http_method":"GET","_user":"root","_role":"root","_api_response":"success","_size":269,"_req_query":"alias.example.com","facility":"wildduck","host":"Johns-MacBook-Pro-i9.local","timestamp":1758839272.272,"_component":"wildduck"}
    ✔ should GET /domainaliases expect success
http API 127.0.0.1 root [-/-] GET /domainaliases?query=alias.example.com 200 20ms
info Tasks Released task id=68d5c1e7abe11a527cea5654 lock=0f3b3974e14c98527e8d4979
info Gelf {"short_message":"WILDDUCK HTTP [DELETE /domainaliases/:alias] OK","_remote_ip":"127.0.0.1","_http_route":"/domainaliases/:alias","_http_method":"DELETE","_user":"root","_role":"root","_api_response":"success","_size":22,"_req_alias":"68d5c1e8abe11a527cea5674","facility":"wildduck","host":"Johns-MacBook-Pro-i9.local","timestamp":1758839272.278,"_component":"wildduck"}
    ✔ should DELETE /domainaliases/:alias expect success
http API 127.0.0.1 root [-/-] DELETE /domainaliases/68d5c1e8abe11a527cea5674 200 3ms

  API Filters
info Gelf {"short_message":"WILDDUCK HTTP [POST /authenticate] OK","_remote_ip":"127.0.0.1","_http_route":"/authenticate","_http_method":"POST","_user":"root","_role":"root","_api_response":"success","_size":340,"_req_username":"0x5a0123456789012fabc1a2b3c4d5e6f789012345678","_req_password":"***","_req_token":"true","_res_id":"68d5c1e8abe11a527cea5678","facility":"wildduck","host":"Johns-MacBook-Pro-i9.local","timestamp":1758839272.428,"_component":"wildduck"}
http API 127.0.0.1 root [-/-] POST /authenticate 200 147ms
info Gelf {"short_message":"WILDDUCK HTTP [POST /authenticate] OK","_remote_ip":"127.0.0.1","_http_route":"/authenticate","_http_method":"POST","_user":"root","_role":"root","_api_response":"success","_size":340,"_req_username":"0x6b123456789012abcd1a2b3c4d5e6f7890123456789","_req_password":"***","_req_token":"true","_res_id":"68d5c1e8abe11a527cea5680","facility":"wildduck","host":"Johns-MacBook-Pro-i9.local","timestamp":1758839272.578,"_component":"wildduck"}
http
API 127.0.0.1 root [-/-] POST /authenticate 200 148ms
info Gelf {"short_message":"WILDDUCK [FILTERS] Added new filter","_user":"68d5c1e8abe11a527cea5678","_filter_id":"68d5c1e8abe11a527cea5688","_filter_query":"from: (0xd28efabc1a2b3c4d5e6f789012345678abcdef0123456789abcdef0)","_filter_action":"mark as read","_filter_name":"test filter 1","_filter_created":"2025-09-25T22:27:52.585Z","facility":"wildduck","host":"Johns-MacBook-Pro-i9.local","timestamp":1758839272.587,"_component":"wildduck"}
info Gelf {"short_message":"WILDDUCK HTTP [POST /users/:user/filters] OK","_remote_ip":"127.0.0.1","_http_route":"/users/:user/filters","_http_method":"POST","_user":"root","_role":"root","_api_response":"success","_size":58,"_req_user":"68d5c1e8abe11a527cea5678","_req_name":"test filter 1","_req_query":"{ from: '0xd28efabc1a2b3c4d5e6f789012345678abcdef0123456789abcdef0' }","_req_action":"{ seen: true }","_res_id":"68d5c1e8abe11a527cea5688","facility":"wildduck","host":"Johns-MacBook-Pro-i9.local","timestamp":1758839272.589,"_component":"wildduck"}
http API 127.0.0.1 root [-/-] POST /users/68d5c1e8abe11a527cea5678/filters 200 8ms
info Gelf {"short_message":"WILDDUCK [FILTERS] Added new filter","_user":"68d5c1e8abe11a527cea5680","_filter_id":"68d5c1e8abe11a527cea568a","_filter_query":"from: (0xe39fabcd1a2b3c4d5e6f789012345678abcdef0123456789abcdef01)","_filter_action":"mark as read","_filter_name":"test filter 2","_filter_created":"2025-09-25T22:27:52.594Z","facility":"wildduck","host":"Johns-MacBook-Pro-i9.local","timestamp":1758839272.595,"_component":"wildduck"}
info Gelf
{"short_message":"WILDDUCK HTTP [POST /users/:user/filters] OK","_remote_ip":"127.0.0.1","_http_route":"/users/:user/filters","_http_method":"POST","_user":"root","_role":"root","_api_response":"success","_size":58,"_req_user":"68d5c1e8abe11a527cea5680","_req_name":"test filter 2","_req_query":"{ from: '0xe39fabcd1a2b3c4d5e6f789012345678abcdef0123456789abcdef01' }","_req_action":"{ seen: true }","_res_id":"68d5c1e8abe11a527cea568a","facility":"wildduck","host":"Johns-MacBook-Pro-i9.local","timestamp":1758839272.597,"_component":"wildduck"}
http API 127.0.0.1 root [-/-] POST /users/68d5c1e8abe11a527cea5680/filters 200 6ms
info Gelf {"short_message":"WILDDUCK [FILTERS] Added new filter","_user":"68d5c1e8abe11a527cea5678","_filter_id":"68d5c1e8abe11a527cea568c","_filter_query":"from: (0x6b17efab1a2b3c4d5e6f789012345678abcdef0123456789)","_filter_action":"do not mark as read","_filter_name":"test filter 3","_filter_created":"2025-09-25T22:27:52.602Z","facility":"wildduck","host":"Johns-MacBook-Pro-i9.local","timestamp":1758839272.603,"_component":"wildduck"}
info Gelf {"short_message":"WILDDUCK HTTP [POST /users/:user/filters] OK","_remote_ip":"127.0.0.1","_http_route":"/users/:user/filters","_http_method":"POST","_user":"root","_role":"root","_api_response":"success","_size":58,"_req_user":"68d5c1e8abe11a527cea5678","_req_name":"test filter 3","_req_query":"{ from: '0x6b17efab1a2b3c4d5e6f789012345678abcdef0123456789' }","_req_action":"{ seen: false }","_res_id":"68d5c1e8abe11a527cea568c","facility":"wildduck","host":"Johns-MacBook-Pro-i9.local","timestamp":1758839272.622,"_component":"wildduck"}
    ✔ should POST /users/{user}/filters expect success (44ms)
http API 127.0.0.1 root [-/-] POST /users/68d5c1e8abe11a527cea5678/filters 200 23ms
info Gelf {"short_message":"WILDDUCK HTTP [GET /filters] OK","_remote_ip":"127.0.0.1","_http_route":"/filters","_http_method":"GET","_user":"root","_role":"root","_api_response":"success","_size":1328,"facility":"wildduck","host":"Johns-MacBook-Pro-i9.local","timestamp":1758839272.628,"_component":"wildduck"}
    ✔ should GET /filters expect success
http API 127.0.0.1 root [-/-] GET /filters 200 4ms
info Gelf {"short_message":"WILDDUCK HTTP [POST /authenticate] OK","_remote_ip":"127.0.0.1","_http_route":"/authenticate","_http_method":"POST","_user":"root","_role":"root","_api_response":"success","_size":340,"_req_username":"0x5a0123456789012fabc1a2b3c4d5e6f789012345678","_req_password":"***","_req_token":"true","_res_id":"68d5c1e8abe11a527cea5678","facility":"wildduck","host":"Johns-MacBook-Pro-i9.local","timestamp":1758839272.632,"_component":"wildduck"}
http API 127.0.0.1 root [-/-] POST /authenticate 200 3ms
info Gelf {"short_message":"WILDDUCK HTTP [GET /filters] OK","_remote_ip":"127.0.0.1","_http_route":"/filters","_http_method":"GET","_user":"68d5c1e8abe11a527cea5678","_role":"user","_api_response":"success","_size":924,"facility":"wildduck","host":"Johns-MacBook-Pro-i9.local","timestamp":1758839272.638,"_component":"wildduck"}
    ✔ should GET /filters expect success / with a user token
http API 127.0.0.1 68d5c1e8abe11a527cea5678 [-/-] GET /filters?accessToken=xxxxxx 200 2ms
info Gelf {"short_message":"WILDDUCK HTTP [GET /users/:user/filters] OK","_remote_ip":"127.0.0.1","_http_route":"/users/:user/filters","_http_method":"GET","_user":"root","_role":"root","_api_response":"success","_size":816,"_req_user":"68d5c1e8abe11a527cea5678","facility":"wildduck","host":"Johns-MacBook-Pro-i9.local","timestamp":1758839272.645,"_component":"wildduck"}
    ✔ should GET /users/{user}/filters expect success
http API 127.0.0.1 root [-/-] GET /users/68d5c1e8abe11a527cea5678/filters 200 6ms
info Gelf {"short_message":"WILDDUCK HTTP [GET /users/:user/filters] OK","_remote_ip":"127.0.0.1","_http_route":"/users/:user/filters","_http_method":"GET","_user":"root","_role":"root","_api_response":"success","_size":816,"_req_user":"68d5c1e8abe11a527cea5678","facility":"wildduck","host":"Johns-MacBook-Pro-i9.local","timestamp":1758839272.652,"_component":"wildduck"}
http API 127.0.0.1 root [-/-] GET /users/68d5c1e8abe11a527cea5678/filters 200 4ms
info Gelf {"short_message":"WILDDUCK HTTP [PUT /users/:user/filters/:filter] OK","_remote_ip":"127.0.0.1","_http_route":"/users/:user/filters/:filter","_http_method":"PUT","_user":"root","_role":"root","_api_response":"success","_size":22,"_req_user":"68d5c1e8abe11a527cea5678","_req_filter":"68d5c1e8abe11a527cea5688","_req_disabled":"true","facility":"wildduck","host":"Johns-MacBook-Pro-i9.local","timestamp":1758839272.671,"_component":"wildduck"}
http API 127.0.0.1 root [-/-] PUT /users/68d5c1e8abe11a527cea5678/filters/68d5c1e8abe11a527cea5688 200 17ms
info Gelf {"short_message":"WILDDUCK HTTP [GET /users/:user/filters] OK","_remote_ip":"127.0.0.1","_http_route":"/users/:user/filters","_http_method":"GET","_user":"root","_role":"root","_api_response":"success","_size":815,"_req_user":"68d5c1e8abe11a527cea5678","facility":"wildduck","host":"Johns-MacBook-Pro-i9.local","timestamp":1758839272.677,"_component":"wildduck"}
    ✔ should PUT /users/{user}/filters/{filter} expect success
http API 127.0.0.1 root [-/-] GET /users/68d5c1e8abe11a527cea5678/filters 200 4ms
info Gelf {"short_message":"WILDDUCK HTTP [GET /users/:user/filters] OK","_remote_ip":"127.0.0.1","_http_route":"/users/:user/filters","_http_method":"GET","_user":"root","_role":"root","_api_response":"success","_size":815,"_req_user":"68d5c1e8abe11a527cea5678","facility":"wildduck","host":"Johns-MacBook-Pro-i9.local","timestamp":1758839272.683,"_component":"wildduck"}
http API 127.0.0.1 root [-/-] GET /users/68d5c1e8abe11a527cea5678/filters 200 4ms
info Gelf {"short_message":"WILDDUCK HTTP [DELETE /users/:user/filters/:filter] OK","_remote_ip":"127.0.0.1","_http_route":"/users/:user/filters/:filter","_http_method":"DELETE","_user":"root","_role":"root","_api_response":"success","_size":22,"_req_user":"68d5c1e8abe11a527cea5678","_req_filter":"68d5c1e8abe11a527cea5688","facility":"wildduck","host":"Johns-MacBook-Pro-i9.local","timestamp":1758839272.687,"_component":"wildduck"}
http API 127.0.0.1 root [-/-] DELETE /users/68d5c1e8abe11a527cea5678/filters/68d5c1e8abe11a527cea5688 200 2ms
info Gelf {"short_message":"WILDDUCK HTTP [GET /users/:user/filters] OK","_remote_ip":"127.0.0.1","_http_route":"/users/:user/filters","_http_method":"GET","_user":"root","_role":"root","_api_response":"success","_size":455,"_req_user":"68d5c1e8abe11a527cea5678","facility":"wildduck","host":"Johns-MacBook-Pro-i9.local","timestamp":1758839272.694,"_component":"wildduck"}
    ✔ should DELETE /users/{user}/filters/{filter} expect success
http API 127.0.0.1 root [-/-] GET /users/68d5c1e8abe11a527cea5678/filters 200 5ms
info Gelf
{"short_message":"WILDDUCK HTTP [GET /users/:user/mailboxes] OK","_remote_ip":"127.0.0.1","_http_route":"/users/:user/mailboxes","_http_method":"GET","_user":"root","_role":"root","_api_response":"success","_size":1275,"_req_user":"68d5c1e8abe11a527cea5678","facility":"wildduck","host":"Johns-MacBook-Pro-i9.local","timestamp":1758839272.698,"_component":"wildduck"}
http API 127.0.0.1 root [-/-] GET /users/68d5c1e8abe11a527cea5678/mailboxes 200 2ms
info Gelf {"short_message":"WILDDUCK [FILTERS] Added new filter","_user":"68d5c1e8abe11a527cea5678","_mailbox":"68d5c1e8abe11a527cea5679","_filter_id":"68d5c1e8abe11a527cea568f","_filter_query":"from: (0xd28efabc1a2b3c4d5e6f789012345678abcdef0123456789abcdef0)","_filter_action":"move to folder: 68d5c1e8abe11a527cea5679","_filter_name":"mailbox test filter","_filter_created":"2025-09-25T22:27:52.703Z","facility":"wildduck","host":"Johns-MacBook-Pro-i9.local","timestamp":1758839272.722,"_component":"wildduck"}
info Gelf {"short_message":"WILDDUCK HTTP [POST /users/:user/filters] OK","_remote_ip":"127.0.0.1","_http_route":"/users/:user/filters","_http_method":"POST","_user":"root","_role":"root","_api_response":"success","_size":58,"_req_user":"68d5c1e8abe11a527cea5678","_req_name":"mailbox test filter","_req_query":"{ from: '0xd28efabc1a2b3c4d5e6f789012345678abcdef0123456789abcdef0' }","_req_action":"{ mailbox: '68d5c1e8abe11a527cea5679' }","_res_id":"68d5c1e8abe11a527cea568f","facility":"wildduck","host":"Johns-MacBook-Pro-i9.local","timestamp":1758839272.724,"_component":"wildduck"}
http API 127.0.0.1 root [-/-] POST /users/68d5c1e8abe11a527cea5678/filters 200 24ms
info Gelf {"short_message":"WILDDUCK HTTP [GET /users/:user/filters/:filter] OK","_remote_ip":"127.0.0.1","_http_route":"/users/:user/filters/:filter","_http_method":"GET","_user":"root","_role":"root","_api_response":"success","_size":304,"_req_user":"68d5c1e8abe11a527cea5678","_req_filter":"68d5c1e8abe11a527cea568f","_res_id":"68d5c1e8abe11a527cea568f","facility":"wildduck","host":"Johns-MacBook-Pro-i9.local","timestamp":1758839272.729,"_component":"wildduck"}
    ✔ should GET /users/{user}/filters expect success / with mailbox action
http API 127.0.0.1 root [-/-] GET /users/68d5c1e8abe11a527cea5678/filters/68d5c1e8abe11a527cea568f 200 3ms
    Filter metaData
info Gelf {"short_message":"WILDDUCK [FILTERS] Added new filter","_user":"68d5c1e8abe11a527cea5678","_filter_id":"68d5c1e8abe11a527cea5691","_filter_query":"from: (0x6b17efab1a2b3c4d5e6f789012345678abcdef0123456789)","_filter_action":"mark as read","_filter_name":"test filter 4","_filter_created":"2025-09-25T22:27:52.735Z","facility":"wildduck","host":"Johns-MacBook-Pro-i9.local","timestamp":1758839272.737,"_component":"wildduck"}
info Gelf {"short_message":"WILDDUCK HTTP [POST /users/:user/filters] OK","_remote_ip":"127.0.0.1","_http_route":"/users/:user/filters","_http_method":"POST","_user":"root","_role":"root","_api_response":"success","_size":58,"_req_user":"68d5c1e8abe11a527cea5678","_req_name":"test filter 4","_req_query":"{ from: '0x6b17efab1a2b3c4d5e6f789012345678abcdef0123456789' }","_req_action":"{ seen: true }","_req_metaData":"{\"hello\": \"world\"}","_res_id":"68d5c1e8abe11a527cea5691","facility":"wildduck","host":"Johns-MacBook-Pro-i9.local","timestamp":1758839272.739,"_component":"wildduck"}
http API 127.0.0.1 root [-/-] POST /users/68d5c1e8abe11a527cea5678/filters 200 7ms
info Gelf {"short_message":"WILDDUCK HTTP [GET /users/:user/filters/:filter] OK","_remote_ip":"127.0.0.1","_http_route":"/users/:user/filters/:filter","_http_method":"GET","_user":"root","_role":"root","_api_response":"success","_size":308,"_req_user":"68d5c1e8abe11a527cea5678","_req_filter":"68d5c1e8abe11a527cea5691","_res_id":"68d5c1e8abe11a527cea5691","facility":"wildduck","host":"Johns-MacBook-Pro-i9.local","timestamp":1758839272.743,"_component":"wildduck"}
http API 127.0.0.1 root [-/-] GET /users/68d5c1e8abe11a527cea5678/filters/68d5c1e8abe11a527cea5691 200 3ms
      ✔ should POST /users/{user}/filters expect success
info Gelf {"short_message":"WILDDUCK [FILTERS] Added new filter","_user":"68d5c1e8abe11a527cea5678","_filter_id":"68d5c1e8abe11a527cea5693","_filter_query":"from: (0x6b17efab1a2b3c4d5e6f789012345678abcdef0123456789)","_filter_action":"mark as read","_filter_name":"test filter 5","_filter_created":"2025-09-25T22:27:52.749Z","facility":"wildduck","host":"Johns-MacBook-Pro-i9.local","timestamp":1758839272.75,"_component":"wildduck"}
info Gelf {"short_message":"WILDDUCK HTTP [POST /users/:user/filters] OK","_remote_ip":"127.0.0.1","_http_route":"/users/:user/filters","_http_method":"POST","_user":"root","_role":"root","_api_response":"success","_size":58,"_req_user":"68d5c1e8abe11a527cea5678","_req_name":"test filter 5","_req_query":"{ from: '0x6b17efab1a2b3c4d5e6f789012345678abcdef0123456789' }","_req_action":"{ seen: true }","_req_metaData":"{ hello: 'palderjan' }","_res_id":"68d5c1e8abe11a527cea5693","facility":"wildduck","host":"Johns-MacBook-Pro-i9.local","timestamp":1758839272.752,"_component":"wildduck"}
http API 127.0.0.1 root [-/-] POST /users/68d5c1e8abe11a527cea5678/filters 200 7ms
info Gelf {"short_message":"WILDDUCK HTTP [GET /users/:user/filters/:filter] OK","_remote_ip":"127.0.0.1","_http_route":"/users/:user/filters/:filter","_http_method":"GET","_user":"root","_role":"root","_api_response":"success","_size":312,"_req_user":"68d5c1e8abe11a527cea5678","_req_filter":"68d5c1e8abe11a527cea5693","_res_id":"68d5c1e8abe11a527cea5693","facility":"wildduck","host":"Johns-MacBook-Pro-i9.local","timestamp":1758839272.772,"_component":"wildduck"}
      ✔ should POST /users/{user}/filters expect success / as object
http API 127.0.0.1 root [-/-] GET /users/68d5c1e8abe11a527cea5678/filters/68d5c1e8abe11a527cea5693 200 18ms
info Gelf {"short_message":"WILDDUCK HTTP [PUT /users/:user/filters/:filter] OK","_remote_ip":"127.0.0.1","_http_route":"/users/:user/filters/:filter","_http_method":"PUT","_user":"root","_role":"root","_api_response":"success","_size":22,"_req_user":"68d5c1e8abe11a527cea5678","_req_filter":"68d5c1e8abe11a527cea5691","_req_metaData":"{\"hello\": \"torbik\"}","facility":"wildduck","host":"Johns-MacBook-Pro-i9.local","timestamp":1758839272.776,"_component":"wildduck"}
http API 127.0.0.1 root [-/-] PUT /users/68d5c1e8abe11a527cea5678/filters/68d5c1e8abe11a527cea5691 200 2ms
info Gelf {"short_message":"WILDDUCK HTTP [GET /users/:user/filters/:filter] OK","_remote_ip":"127.0.0.1","_http_route":"/users/:user/filters/:filter","_http_method":"GET","_user":"root","_role":"root","_api_response":"success","_size":309,"_req_user":"68d5c1e8abe11a527cea5678","_req_filter":"68d5c1e8abe11a527cea5691","_res_id":"68d5c1e8abe11a527cea5691","facility":"wildduck","host":"Johns-MacBook-Pro-i9.local","timestamp":1758839272.78,"_component":"wildduck"}
      ✔ should PUT /users/{user}/filters/{filter} expect success
http API 127.0.0.1 root [-/-] GET /users/68d5c1e8abe11a527cea5678/filters/68d5c1e8abe11a527cea5691 200 3ms
info Gelf {"short_message":"WILDDUCK HTTP [PUT /users/:user/filters/:filter] OK","_remote_ip":"127.0.0.1","_http_route":"/users/:user/filters/:filter","_http_method":"PUT","_user":"root","_role":"root","_api_response":"success","_size":22,"_req_user":"68d5c1e8abe11a527cea5678","_req_filter":"68d5c1e8abe11a527cea5691","_req_metaData":"{ hello: 'kapsas' }","facility":"wildduck","host":"Johns-MacBook-Pro-i9.local","timestamp":1758839272.785,"_component":"wildduck"}
http API 127.0.0.1 root [-/-] PUT /users/68d5c1e8abe11a527cea5678/filters/68d5c1e8abe11a527cea5691 200 2ms
info Gelf {"short_message":"WILDDUCK HTTP [GET /users/:user/filters/:filter] OK","_remote_ip":"127.0.0.1","_http_route":"/users/:user/filters/:filter","_http_method":"GET","_user":"root","_role":"root","_api_response":"success","_size":309,"_req_user":"68d5c1e8abe11a527cea5678","_req_filter":"68d5c1e8abe11a527cea5691","_res_id":"68d5c1e8abe11a527cea5691","facility":"wildduck","host":"Johns-MacBook-Pro-i9.local","timestamp":1758839272.789,"_component":"wildduck"}
      ✔ should PUT /users/{user}/filters/{filter} expect success / as object
http API 127.0.0.1 root [-/-] GET /users/68d5c1e8abe11a527cea5678/filters/68d5c1e8abe11a527cea5691 200 3ms
info
Gelf {"short_message":"WILDDUCK HTTP [PUT /users/:user/filters/:filter] OK","_remote_ip":"127.0.0.1","_http_route":"/users/:user/filters/:filter","_http_method":"PUT","_user":"root","_role":"root","_api_response":"success","_size":22,"_req_user":"68d5c1e8abe11a527cea5678","_req_filter":"68d5c1e8abe11a527cea5691","_req_metaData":"{\"hello\": \"torbik\"}","facility":"wildduck","host":"Johns-MacBook-Pro-i9.local","timestamp":1758839272.794,"_component":"wildduck"}
http API 127.0.0.1 root [-/-] PUT /users/68d5c1e8abe11a527cea5678/filters/68d5c1e8abe11a527cea5691 200 3ms
info Gelf {"short_message":"WILDDUCK HTTP [GET /users/:user/filters/:filter] OK","_remote_ip":"127.0.0.1","_http_route":"/users/:user/filters/:filter","_http_method":"GET","_user":"root","_role":"root","_api_response":"success","_size":309,"_req_user":"68d5c1e8abe11a527cea5678","_req_filter":"68d5c1e8abe11a527cea5691","_res_id":"68d5c1e8abe11a527cea5691","facility":"wildduck","host":"Johns-MacBook-Pro-i9.local","timestamp":1758839272.8,"_component":"wildduck"}
      ✔ should PUT /users/{user}/filters/{filter} expect success
http API 127.0.0.1 root [-/-] GET /users/68d5c1e8abe11a527cea5678/filters/68d5c1e8abe11a527cea5691 200 4ms
info Gelf {"short_message":"WILDDUCK HTTP [GET /filters] OK","_remote_ip":"127.0.0.1","_http_route":"/filters","_http_method":"GET","_user":"root","_role":"root","_api_response":"success","_size":2151,"facility":"wildduck","host":"Johns-MacBook-Pro-i9.local","timestamp":1758839272.824,"_component":"wildduck"}
http API 127.0.0.1 root [-/-] GET /filters 200 20ms
      ✔ should GET /filters expect success / without metaData
info Gelf {"short_message":"WILDDUCK HTTP [GET /filters] OK","_remote_ip":"127.0.0.1","_http_route":"/filters","_http_method":"GET","_user":"root","_role":"root","_api_response":"success","_size":2264,"_req_metaData":"true","facility":"wildduck","host":"Johns-MacBook-Pro-i9.local","timestamp":1758839272.83,"_component":"wildduck"}
http API 127.0.0.1 root [-/-] GET /filters?metaData=true 200 4ms
      ✔ should GET /filters expect success / with metaData
info Gelf {"short_message":"WILDDUCK HTTP [GET /users/:user/filters] OK","_remote_ip":"127.0.0.1","_http_route":"/users/:user/filters","_http_method":"GET","_user":"root","_role":"root","_api_response":"success","_size":1555,"_req_user":"68d5c1e8abe11a527cea5678","facility":"wildduck","host":"Johns-MacBook-Pro-i9.local","timestamp":1758839272.836,"_component":"wildduck"}
      ✔ should GET /users/{user}/filters expect success / without metaData
http API 127.0.0.1 root [-/-] GET /users/68d5c1e8abe11a527cea5678/filters 200 4ms
info Gelf {"short_message":"WILDDUCK HTTP [GET /users/:user/filters] OK","_remote_ip":"127.0.0.1","_http_route":"/users/:user/filters","_http_method":"GET","_user":"root","_role":"root","_api_response":"success","_size":1668,"_req_user":"68d5c1e8abe11a527cea5678","_req_metaData":"true","facility":"wildduck","host":"Johns-MacBook-Pro-i9.local","timestamp":1758839272.842,"_component":"wildduck"}
      ✔ should GET /users/{user}/filters expect success / with metaData
http API 127.0.0.1 root [-/-] GET /users/68d5c1e8abe11a527cea5678/filters?metaData=true 200 5ms
verb Tasks Created task id=68d5c1e8abe11a527cea5695
info Gelf {"short_message":"WILDDUCK HTTP [DELETE /users/:user] OK","_remote_ip":"127.0.0.1","_http_route":"/users/:user","_http_method":"DELETE","_user":"root","_role":"root","_api_response":"success","_code":"TaskScheduled","_size":209,"_req_user":"68d5c1e8abe11a527cea5678","facility":"wildduck","host":"Johns-MacBook-Pro-i9.local","timestamp":1758839272.878,"_component":"wildduck"}

  Mailboxes tests
http API 127.0.0.1 root [-/-] DELETE /users/68d5c1e8abe11a527cea5678 200 20ms
info Gelf {"short_message":"WILDDUCK HTTP [POST /authenticate] OK","_remote_ip":"127.0.0.1","_http_route":"/authenticate","_http_method":"POST","_user":"root","_role":"root","_api_response":"success","_size":342,"_req_username":"0x05b123efab1a2b3c4d5e6f789012345678abcdef0123","_req_password":"***","_req_token":"true","_res_id":"68d5c1e9abe11a527cea5697","facility":"wildduck","host":"Johns-MacBook-Pro-i9.local","timestamp":1758839273.028,"_component":"wildduck"}
http API 127.0.0.1 root [-/-] POST /authenticate 200 147ms
info Gelf {"short_message":"WILDDUCK HTTP [POST /users/:user/mailboxes] OK","_remote_ip":"127.0.0.1","_http_route":"/users/:user/mailboxes","_http_method":"POST","_user":"root","_role":"root","_api_response":"success","_size":58,"_req_user":"68d5c1e9abe11a527cea5697","_req_path":"/path/for/put","_req_retention":"0","_res_id":"new ObjectId(\"68d5c1e9abe11a527cea569f\")","facility":"wildduck","host":"Johns-MacBook-Pro-i9.local","timestamp":1758839273.035,"_component":"wildduck"}
http API 127.0.0.1 root [-/-] POST /users/68d5c1e9abe11a527cea5697/mailboxes 200 6ms
info Gelf {"short_message":"WILDDUCK HTTP [POST /users/:user/mailboxes] OK","_remote_ip":"127.0.0.1","_http_route":"/users/:user/mailboxes","_http_method":"POST","_user":"root","_role":"root","_api_response":"success","_size":58,"_req_user":"68d5c1e9abe11a527cea5697","_req_path":"/coolpath/abcda","_req_retention":"0","_res_id":"new ObjectId(\"68d5c1e9abe11a527cea56a2\")","facility":"wildduck","host":"Johns-MacBook-Pro-i9.local","timestamp":1758839273.043,"_component":"wildduck"}
    ✔ should POST /users/{user}/mailboxes expect success / all data
http API 127.0.0.1 root [-/-] POST /users/68d5c1e9abe11a527cea5697/mailboxes 200 5ms
info Gelf {"short_message":"WILDDUCK HTTP [POST /users/:user/mailboxes] OK","_remote_ip":"127.0.0.1","_http_route":"/users/:user/mailboxes","_http_method":"POST","_user":"root","_role":"root","_api_response":"success","_size":58,"_req_user":"68d5c1e9abe11a527cea5697","_req_path":"/coolpath/abcdad","_res_id":"new ObjectId(\"68d5c1e9abe11a527cea56a5\")","facility":"wildduck","host":"Johns-MacBook-Pro-i9.local","timestamp":1758839273.052,"_component":"wildduck"}
    ✔ should POST /users/{user}/mailboxes expect success / hidden and retention fields missing
http API 127.0.0.1 root [-/-] POST /users/68d5c1e9abe11a527cea5697/mailboxes 200 5ms
info Gelf {"short_message":"WILDDUCK HTTP [POST /users/:user/mailboxes] OK","_remote_ip":"127.0.0.1","_http_route":"/users/:user/mailboxes","_http_method":"POST","_user":"root","_role":"root","_api_response":"success","_size":58,"_req_user":"68d5c1e9abe11a527cea5697","_req_path":"/cool2/path2/whatisthis346/cool-drink","_req_retention":"0","_res_id":"new ObjectId(\"68d5c1e9abe11a527cea56a8\")","facility":"wildduck","host":"Johns-MacBook-Pro-i9.local","timestamp":1758839273.076,"_component":"wildduck"}
    ✔ should POST /users/{user}/mailboxes expect success / longer path with number
http API 127.0.0.1 root [-/-] POST /users/68d5c1e9abe11a527cea5697/mailboxes 200 22ms
info Gelf {"short_message":"WILDDUCK HTTP [POST /users/:user/mailboxes] FAILED","_remote_ip":"127.0.0.1","_http_route":"/users/:user/mailboxes","_http_method":"POST","_user":"root","_role":"root","_api_response":"fail","_error":"\"retention\" must be greater than or equal to 0","_code":"InputValidationError","_size":188,"_req_user":"68d5c1e9abe11a527cea5697","_req_path":"/cool2/path2/whatisthis346/cool-drink","_req_retention":"-1","facility":"wildduck","host":"Johns-MacBook-Pro-i9.local","timestamp":1758839273.08,"_component":"wildduck"}
    ✔ should POST /users/{user}/mailboxes expect failure / retention negative
http API 127.0.0.1 root [-/-] POST /users/68d5c1e9abe11a527cea5697/mailboxes 400 1ms
info Gelf {"short_message":"WILDDUCK HTTP [POST /users/:user/mailboxes] FAILED","_remote_ip":"127.0.0.1","_http_route":"/users/:user/mailboxes","_http_method":"POST","_user":"root","_role":"root","_api_response":"fail","_error":"\"retention\" must be a number","_code":"InputValidationError","_size":152,"_req_user":"68d5c1e9abe11a527cea5697","_req_path":"/cool2/path2/whatisthis346/cool-drink","_req_retention":"aaa","facility":"wildduck","host":"Johns-MacBook-Pro-i9.local","timestamp":1758839273.083,"_component":"wildduck"}
    ✔ should POST /users/{user}/mailboxes expect failure / retention is string
http API 127.0.0.1 root [-/-] POST /users/68d5c1e9abe11a527cea5697/mailboxes 400 1ms
info Gelf {"short_message":"WILDDUCK HTTP [POST /users/:user/mailboxes] FAILED","_remote_ip":"127.0.0.1","_http_route":"/users/:user/mailboxes","_http_method":"POST","_user":"root","_role":"root","_api_response":"fail","_error":"\"path\" with value \"/cool2//path2/whatisthis346///cool-drink\" matches the inverted pattern: /\\/{2,}|\\/$/","_code":"InputValidationError","_size":305,"_req_user":"68d5c1e9abe11a527cea5697","_req_path":"/cool2//path2/whatisthis346///cool-drink","_req_retention":"0","facility":"wildduck","host":"Johns-MacBook-Pro-i9.local","timestamp":1758839273.085,"_component":"wildduck"}
    ✔ should POST /users/{user}/mailboxes expect failure / path contains double slash
http API 127.0.0.1 root [-/-] POST /users/68d5c1e9abe11a527cea5697/mailboxes 400 0ms
info Gelf {"short_message":"WILDDUCK HTTP [POST /users/:user/mailboxes] FAILED","_remote_ip":"127.0.0.1","_http_route":"/users/:user/mailboxes","_http_method":"POST","_user":"root","_role":"root","_api_response":"fail","_error":"\"user\" length must be 24 characters long","_code":"InputValidationError","_size":171,"_req_user":"123","_req_path":"/cool2/path2/whatisthis346/cool-drink","_req_retention":"0","facility":"wildduck","host":"Johns-MacBook-Pro-i9.local","timestamp":1758839273.088,"_component":"wildduck"}
    ✔ should POST /users/{user}/mailboxes expect failure / user format incorrect
http API 127.0.0.1 root [-/-] POST /users/123/mailboxes 400 1ms
info Gelf {"short_message":"WILDDUCK HTTP [POST /users/:user/mailboxes] FAILED","_remote_ip":"127.0.0.1","_http_route":"/users/:user/mailboxes","_http_method":"POST","_user":"root","_role":"root","_api_response":"fail","_error":"\"user\" must only contain hexadecimal characters","_code":"InputValidationError","_size":185,"_req_user":"------------------------","_req_path":"/cool2/path2/whatisthis346/cool-drink","_req_retention":"0","facility":"wildduck","host":"Johns-MacBook-Pro-i9.local","timestamp":1758839273.091,"_component":"wildduck"}
    ✔ should POST /users/{user}/mailboxes expect failure / user format not hex
http API 127.0.0.1 root [-/-] POST /users/------------------------/mailboxes 400 1ms
http
Error POST /users/000000000000000000000000/mailboxes sess=- user=root error="Error: This user does not exist\n    at MailboxHandler.createAsync (/Users/johnhuang/0xmail/wildduck/lib/mailbox-handler.js:38:25)\n    at process.processTicksAndRejections (node:internal/process/task_queues:105:5)\n    at async /Users/johnhuang/0xmail/wildduck/lib/api/mailboxes.js:361:24\n    at async /Users/johnhuang/0xmail/wildduck/lib/tools.js:642:17"
info Gelf {"short_message":"WILDDUCK HTTP [POST /users/:user/mailboxes] FAILED","_remote_ip":"127.0.0.1","_http_route":"/users/:user/mailboxes","_http_method":"POST","_user":"root","_role":"root","_api_response":"fail","_error":"This user does not exist","_code":"UserNotFound","_size":68,"_req_user":"000000000000000000000000","_req_path":"/cool2/path2/whatisthis346/cool-drink","_req_retention":"0","facility":"wildduck","host":"Johns-MacBook-Pro-i9.local","timestamp":1758839273.095,"_component":"wildduck"}
    ✔ should POST /users/{user}/mailboxes expect failure / user not found
http API 127.0.0.1 root [-/-] POST /users/000000000000000000000000/mailboxes 404 2ms
info Gelf {"short_message":"WILDDUCK HTTP [POST /users/:user/mailboxes] FAILED","_remote_ip":"127.0.0.1","_http_route":"/users/:user/mailboxes","_http_method":"POST","_user":"root","_role":"root","_api_response":"fail","_error":"\"path\" is required. \"retention\" must be a number","_code":"InputValidationError","_size":210,"_req_user":"68d5c1e9abe11a527cea5697","_req_retention":"aaa","facility":"wildduck","host":"Johns-MacBook-Pro-i9.local","timestamp":1758839273.098,"_component":"wildduck"}
    ✔ should POST /users/{user}/mailboxes expect failure / path is missing
http API 127.0.0.1 root [-/-] POST /users/68d5c1e9abe11a527cea5697/mailboxes 400 0ms
info Gelf {"short_message":"WILDDUCK HTTP [GET /users/:user/mailboxes] OK","_remote_ip":"127.0.0.1","_http_route":"/users/:user/mailboxes","_http_method":"GET","_user":"root","_role":"root","_api_response":"success","_size":2148,"_req_user":"68d5c1e9abe11a527cea5697","facility":"wildduck","host":"Johns-MacBook-Pro-i9.local","timestamp":1758839273.121,"_component":"wildduck"}
    ✔ should GET /users/{user}/mailboxes expect success
http API 127.0.0.1 root [-/-] GET /users/68d5c1e9abe11a527cea5697/mailboxes 200 20ms
info Gelf {"short_message":"WILDDUCK HTTP [GET /users/:user/mailboxes] OK","_remote_ip":"127.0.0.1","_http_route":"/users/:user/mailboxes","_http_method":"GET","_user":"root","_role":"root","_api_response":"success","_size":1460,"_req_user":"68d5c1e9abe11a527cea5697","_req_specialUse":"true","_req_showHidden":"true","_req_counters":"true","_req_sizes":"true","facility":"wildduck","host":"Johns-MacBook-Pro-i9.local","timestamp":1758839273.191,"_component":"wildduck"}
    ✔ should GET /users/{user}/mailboxes expect success / all params (69ms)
http API 127.0.0.1 root [-/-] GET /users/68d5c1e9abe11a527cea5697/mailboxes?specialUse=true&showHidden=true&counters=true&sizes=true 200 68ms
info Gelf {"short_message":"WILDDUCK HTTP [GET /users/:user/mailboxes] OK","_remote_ip":"127.0.0.1","_http_route":"/users/:user/mailboxes","_http_method":"GET","_user":"root","_role":"root","_api_response":"success","_size":2481,"_req_user":"68d5c1e9abe11a527cea5697","_req_specialUse":"false","_req_counters":"true","_req_sizes":"true","facility":"wildduck","host":"Johns-MacBook-Pro-i9.local","timestamp":1758839273.241,"_component":"wildduck"}
    ✔ should GET /users/{user}/mailboxes expect success / some params (49ms)
http API 127.0.0.1 root [-/-] GET /users/68d5c1e9abe11a527cea5697/mailboxes?specialUse=false&counters=true&sizes=true 200 48ms
info Gelf {"short_message":"WILDDUCK HTTP [GET /users/:user/mailboxes] FAILED","_remote_ip":"127.0.0.1","_http_route":"/users/:user/mailboxes","_http_method":"GET","_user":"root","_role":"root","_api_response":"fail","_error":"\"specialUse\" must be a boolean. \"showHidden\" must be a boolean. \"counters\" must be a boolean. \"sizes\" must be a boolean","_code":"InputValidationError","_size":400,"_req_user":"68d5c1e9abe11a527cea5697","_req_specialUse":"what","_req_showHidden":"111","_req_counters":"-2","_req_sizes":"sizes","facility":"wildduck","host":"Johns-MacBook-Pro-i9.local","timestamp":1758839273.243,"_component":"wildduck"}
    ✔ should GET /users/{user}/mailboxes expect failure / params incorrect type
http API 127.0.0.1 root [-/-] GET /users/68d5c1e9abe11a527cea5697/mailboxes?specialUse=what&showHidden=111&counters=-2&sizes=sizes 400 1ms
info Gelf {"short_message":"WILDDUCK HTTP [GET /users/:user/mailboxes] FAILED","_remote_ip":"127.0.0.1","_http_route":"/users/:user/mailboxes","_http_method":"GET","_user":"root","_role":"root","_api_response":"fail","_error":"\"user\" length must be 24 characters long","_code":"InputValidationError","_size":171,"_req_user":"123","_req_specialUse":"true","_req_showHidden":"true","_req_counters":"true","_req_sizes":"true","facility":"wildduck","host":"Johns-MacBook-Pro-i9.local","timestamp":1758839273.246,"_component":"wildduck"}
    ✔ should GET /users/{user}/mailboxes expect failure / user wrong format
http API 127.0.0.1 root [-/-] GET /users/123/mailboxes?specialUse=true&showHidden=true&counters=true&sizes=true 400 0ms
info Gelf {"short_message":"WILDDUCK HTTP [GET /users/:user/mailboxes] FAILED","_remote_ip":"127.0.0.1","_http_route":"/users/:user/mailboxes","_http_method":"GET","_user":"root","_role":"root","_api_response":"fail","_error":"This user does not exist","_code":"UserNotFound","_size":68,"_req_user":"000000000000000000000000","_req_specialUse":"false","_req_counters":"true","_req_sizes":"true","facility":"wildduck","host":"Johns-MacBook-Pro-i9.local","timestamp":1758839273.249,"_component":"wildduck"}
    ✔ should GET /users/{user}/mailboxes expect failure / user not found
http API 127.0.0.1 root [-/-] GET /users/000000000000000000000000/mailboxes?specialUse=false&counters=true&sizes=true 404 1ms
info Gelf {"short_message":"WILDDUCK HTTP [GET /users/:user/mailboxes] OK","_remote_ip":"127.0.0.1","_http_route":"/users/:user/mailboxes","_http_method":"GET","_user":"root","_role":"root","_api_response":"success","_size":2148,"_req_user":"68d5c1e9abe11a527cea5697","facility":"wildduck","host":"Johns-MacBook-Pro-i9.local","timestamp":1758839273.253,"_component":"wildduck"}
http API 127.0.0.1 root [-/-] GET /users/68d5c1e9abe11a527cea5697/mailboxes 200 2ms
info Gelf {"short_message":"WILDDUCK HTTP [GET /users/:user/mailboxes/:mailbox] OK","_remote_ip":"127.0.0.1","_http_route":"/users/:user/mailboxes/:mailbox","_http_method":"GET","_user":"root","_role":"root","_api_response":"success","_size":236,"_req_user":"68d5c1e9abe11a527cea5697","_req_mailbox":"68d5c1e9abe11a527cea5698","_res_id":"new ObjectId(\"68d5c1e9abe11a527cea5698\")","facility":"wildduck","host":"Johns-MacBook-Pro-i9.local","timestamp":1758839273.273,"_component":"wildduck"}
http API
    ✔ should GET /users/{user}/mailboxes/{mailbox} expect success
127.0.0.1 root [-/-] GET /users/68d5c1e9abe11a527cea5697/mailboxes/68d5c1e9abe11a527cea5698 200 18ms
info Gelf {"short_message":"WILDDUCK HTTP [GET /users/:user/mailboxes/:mailbox] OK","_remote_ip":"127.0.0.1","_http_route":"/users/:user/mailboxes/:mailbox","_http_method":"GET","_user":"root","_role":"root","_api_response":"success","_size":223,"_req_user":"68d5c1e9abe11a527cea5697","_req_mailbox":"resolve","_req_path":"coolpath/abcda","_res_id":"new ObjectId(\"68d5c1e9abe11a527cea56a2\")","facility":"wildduck","host":"Johns-MacBook-Pro-i9.local","timestamp":1758839273.278,"_component":"wildduck"}
    ✔ should GET /users/{user}/mailboxes/{mailbox} expect success / path specified
http API 127.0.0.1 root [-/-] GET /users/68d5c1e9abe11a527cea5697/mailboxes/resolve?path=coolpath/abcda 200 3ms
info Gelf {"short_message":"WILDDUCK HTTP [GET /users/:user/mailboxes/:mailbox] OK","_remote_ip":"127.0.0.1","_http_route":"/users/:user/mailboxes/:mailbox","_http_method":"GET","_user":"root","_role":"root","_api_response":"success","_size":236,"_req_user":"68d5c1e9abe11a527cea5697","_req_mailbox":"resolve","_req_path":"INBOX","_res_id":"new ObjectId(\"68d5c1e9abe11a527cea5698\")","facility":"wildduck","host":"Johns-MacBook-Pro-i9.local","timestamp":1758839273.282,"_component":"wildduck"}
    ✔ should GET /users/{user}/mailboxes/{mailbox} expect success / path inbox specified
http API 127.0.0.1 root [-/-] GET /users/68d5c1e9abe11a527cea5697/mailboxes/resolve?path=INBOX 200 2ms
info Gelf
{"short_message":"WILDDUCK HTTP [GET /users/:user/mailboxes/:mailbox] FAILED","_remote_ip":"127.0.0.1","_http_route":"/users/:user/mailboxes/:mailbox","_http_method":"GET","_user":"root","_role":"root","_api_response":"fail","_error":"\"path\" with value \"//INBOX\" matches the inverted pattern: /\\/{2,}|\\/$/","_code":"InputValidationError","_size":239,"_req_user":"68d5c1e9abe11a527cea5697","_req_mailbox":"resolve","_req_path":"//INBOX","facility":"wildduck","host":"Johns-MacBook-Pro-i9.local","timestamp":1758839273.285,"_component":"wildduck"}
http API 127.0.0.1 root [-/-] GET /users/68d5c1e9abe11a527cea5697/mailboxes/resolve?path=//INBOX 400 1ms
info Gelf
{"short_message":"WILDDUCK HTTP [GET /users/:user/mailboxes/:mailbox] FAILED","_remote_ip":"127.0.0.1","_http_route":"/users/:user/mailboxes/:mailbox","_http_method":"GET","_user":"root","_role":"root","_api_response":"fail","_error":"\"path\" is not allowed to be empty","_code":"InputValidationError","_size":157,"_req_user":"68d5c1e9abe11a527cea5697","_req_mailbox":"resolve","facility":"wildduck","host":"Johns-MacBook-Pro-i9.local","timestamp":1758839273.286,"_component":"wildduck"}
http API 127.0.0.1 root [-/-] GET /users/68d5c1e9abe11a527cea5697/mailboxes/resolve?path= 400 1ms
info Gelf
{"short_message":"WILDDUCK HTTP [GET /users/:user/mailboxes/:mailbox] FAILED","_remote_ip":"127.0.0.1","_http_route":"/users/:user/mailboxes/:mailbox","_http_method":"GET","_user":"root","_role":"root","_api_response":"fail","_error":"\"mailbox\" length must be 24 characters long","_code":"InputValidationError","_size":180,"_req_user":"68d5c1e9abe11a527cea5697","_req_mailbox":"123","facility":"wildduck","host":"Johns-MacBook-Pro-i9.local","timestamp":1758839273.288,"_component":"wildduck"}
http API 127.0.0.1 root [-/-] GET /users/68d5c1e9abe11a527cea5697/mailboxes/123 400 0ms
info Gelf
{"short_message":"WILDDUCK HTTP [GET /users/:user/mailboxes/:mailbox] FAILED","_remote_ip":"127.0.0.1","_http_route":"/users/:user/mailboxes/:mailbox","_http_method":"GET","_user":"root","_role":"root","_api_response":"fail","_error":"\"mailbox\" must only contain hexadecimal characters","_code":"InputValidationError","_size":194,"_req_user":"68d5c1e9abe11a527cea5697","_req_mailbox":"------------------------","facility":"wildduck","host":"Johns-MacBook-Pro-i9.local","timestamp":1758839273.29,"_component":"wildduck"}
    ✔ should GET /users/{user}/mailboxes/{mailbox} expect failure / incorrect params
http API 127.0.0.1 root [-/-] GET /users/68d5c1e9abe11a527cea5697/mailboxes/------------------------ 400 1ms
info Gelf {"short_message":"WILDDUCK HTTP [GET /users/:user/mailboxes/:mailbox] FAILED","_remote_ip":"127.0.0.1","_http_route":"/users/:user/mailboxes/:mailbox","_http_method":"GET","_user":"root","_role":"root","_api_response":"fail","_error":"This mailbox does not exist","_code":"NoSuchMailbox","_size":72,"_req_user":"68d5c1e9abe11a527cea5697","_req_mailbox":"000000000000000000000000","facility":"wildduck","host":"Johns-MacBook-Pro-i9.local","timestamp":1758839273.293,"_component":"wildduck"}
    ✔ should GET /users/{user}/mailboxes/{mailbox} expect failure / mailbox not found
http API 127.0.0.1 root [-/-] GET /users/68d5c1e9abe11a527cea5697/mailboxes/000000000000000000000000 404 2ms
info Gelf
{"short_message":"WILDDUCK HTTP [GET /users/:user/mailboxes] FAILED","_remote_ip":"127.0.0.1","_http_route":"/users/:user/mailboxes","_http_method":"GET","_user":"root","_role":"root","_api_response":"fail","_error":"This user does not exist","_code":"UserNotFound","_size":68,"_req_user":"000000000000000000000000","facility":"wildduck","host":"Johns-MacBook-Pro-i9.local","timestamp":1758839273.296,"_component":"wildduck"}
    ✔ should GET /users/{user}/mailboxes/{mailbox} expect failure / user not found
http API 127.0.0.1 root [-/-] GET /users/000000000000000000000000/mailboxes 404 1ms
info Gelf {"short_message":"WILDDUCK HTTP [GET /users/:user/mailboxes] OK","_remote_ip":"127.0.0.1","_http_route":"/users/:user/mailboxes","_http_method":"GET","_user":"root","_role":"root","_api_response":"success","_size":2148,"_req_user":"68d5c1e9abe11a527cea5697","facility":"wildduck","host":"Johns-MacBook-Pro-i9.local","timestamp":1758839273.3,"_component":"wildduck"}
http API 127.0.0.1 root [-/-] GET /users/68d5c1e9abe11a527cea5697/mailboxes 200 2ms
info Gelf {"short_message":"WILDDUCK HTTP [PUT /users/:user/mailboxes/:mailbox] OK","_remote_ip":"127.0.0.1","_http_route":"/users/:user/mailboxes/:mailbox","_http_method":"PUT","_user":"root","_role":"root","_api_response":"success","_size":22,"_req_user":"68d5c1e9abe11a527cea5697","_req_mailbox":"68d5c1e9abe11a527cea5698","_req_retention":"10","facility":"wildduck","host":"Johns-MacBook-Pro-i9.local","timestamp":1758839273.322,"_component":"wildduck"}
    ✔ should PUT /users/{user}/mailboxes/{mailbox} expect success
http API 127.0.0.1 root [-/-] PUT /users/68d5c1e9abe11a527cea5697/mailboxes/68d5c1e9abe11a527cea5698 200 19ms
info Gelf {"short_message":"WILDDUCK HTTP [GET /users/:user/mailboxes] OK","_remote_ip":"127.0.0.1","_http_route":"/users/:user/mailboxes","_http_method":"GET","_user":"root","_role":"root","_api_response":"success","_size":2171,"_req_user":"68d5c1e9abe11a527cea5697","facility":"wildduck","host":"Johns-MacBook-Pro-i9.local","timestamp":1758839273.326,"_component":"wildduck"}
http API 127.0.0.1 root [-/-] GET /users/68d5c1e9abe11a527cea5697/mailboxes 200 3ms
info Gelf {"short_message":"WILDDUCK HTTP [PUT /users/:user/mailboxes/:mailbox] OK","_remote_ip":"127.0.0.1","_http_route":"/users/:user/mailboxes/:mailbox","_http_method":"PUT","_user":"root","_role":"root","_api_response":"success","_size":22,"_req_user":"68d5c1e9abe11a527cea5697","_req_mailbox":"68d5c1e9abe11a527cea56a8","_req_path":"newPath/folder1","facility":"wildduck","host":"Johns-MacBook-Pro-i9.local","timestamp":1758839273.333,"_component":"wildduck"}
http API 127.0.0.1 root [-/-] PUT /users/68d5c1e9abe11a527cea5697/mailboxes/68d5c1e9abe11a527cea56a8 200 6ms
    ✔ should PUT /users/{user}/mailboxes/{mailbox} expect success / path specified
info Gelf {"short_message":"WILDDUCK HTTP [GET /users/:user/mailboxes] OK","_remote_ip":"127.0.0.1","_http_route":"/users/:user/mailboxes","_http_method":"GET","_user":"root","_role":"root","_api_response":"success","_size":2147,"_req_user":"68d5c1e9abe11a527cea5697","facility":"wildduck","host":"Johns-MacBook-Pro-i9.local","timestamp":1758839273.338,"_component":"wildduck"}
http API 127.0.0.1 root [-/-] GET /users/68d5c1e9abe11a527cea5697/mailboxes 200 2ms
info Gelf {"short_message":"WILDDUCK HTTP [PUT /users/:user/mailboxes/:mailbox] OK","_remote_ip":"127.0.0.1","_http_route":"/users/:user/mailboxes/:mailbox","_http_method":"PUT","_user":"root","_role":"root","_api_response":"success","_size":22,"_req_user":"68d5c1e9abe11a527cea5697","_req_mailbox":"68d5c1e9abe11a527cea569a","_req_path":"newPath/folder2","_req_retention":"100","_req_subscribed":"true","_req_hidden":"true","facility":"wildduck","host":"Johns-MacBook-Pro-i9.local","timestamp":1758839273.345,"_component":"wildduck"}
    ✔ should PUT /users/{user}/mailboxes/{mailbox} expect success / all params specified
http API 127.0.0.1 root [-/-] PUT /users/68d5c1e9abe11a527cea5697/mailboxes/68d5c1e9abe11a527cea569a 200 6ms
info Gelf {"short_message":"WILDDUCK HTTP [GET /users/:user/mailboxes] OK","_remote_ip":"127.0.0.1","_http_route":"/users/:user/mailboxes","_http_method":"GET","_user":"root","_role":"root","_api_response":"success","_size":1882,"_req_user":"68d5c1e9abe11a527cea5697","facility":"wildduck","host":"Johns-MacBook-Pro-i9.local","timestamp":1758839273.35,"_component":"wildduck"}
http API 127.0.0.1 root [-/-] GET /users/68d5c1e9abe11a527cea5697/mailboxes 200 3ms
info Gelf {"short_message":"WILDDUCK HTTP [PUT /users/:user/mailboxes/:mailbox] FAILED","_remote_ip":"127.0.0.1","_http_route":"/users/:user/mailboxes/:mailbox","_http_method":"PUT","_user":"root","_role":"root","_api_response":"fail","_error":"\"path\" with value \"//newpath/path2\" matches the inverted pattern: /\\/{2,}|\\/$/","_code":"InputValidationError","_size":255,"_req_user":"68d5c1e9abe11a527cea5697","_req_mailbox":"68d5c1e9abe11a527cea5698","_req_path":"//newpath/path2","facility":"wildduck","host":"Johns-MacBook-Pro-i9.local","timestamp":1758839273.352,"_component":"wildduck"}
http API 127.0.0.1 root [-/-] PUT /users/68d5c1e9abe11a527cea5697/mailboxes/68d5c1e9abe11a527cea5698 400 1ms
info Gelf {"short_message":"WILDDUCK HTTP [PUT /users/:user/mailboxes/:mailbox] FAILED","_remote_ip":"127.0.0.1","_http_route":"/users/:user/mailboxes/:mailbox","_http_method":"PUT","_user":"root","_role":"root","_api_response":"fail","_error":"\"path\" must be a string","_code":"InputValidationError","_size":137,"_req_user":"68d5c1e9abe11a527cea5697","_req_mailbox":"68d5c1e9abe11a527cea5698","_req_path":"123123","facility":"wildduck","host":"Johns-MacBook-Pro-i9.local","timestamp":1758839273.355,"_component":"wildduck"}
http API 127.0.0.1 root [-/-] PUT /users/68d5c1e9abe11a527cea5697/mailboxes/68d5c1e9abe11a527cea5698 400 1ms
info Gelf {"short_message":"WILDDUCK HTTP [PUT /users/:user/mailboxes/:mailbox] FAILED","_remote_ip":"127.0.0.1","_http_route":"/users/:user/mailboxes/:mailbox","_http_method":"PUT","_user":"root","_role":"root","_api_response":"fail","_error":"\"mailbox\" length must be 24 characters long","_code":"InputValidationError","_size":180,"_req_user":"68d5c1e9abe11a527cea5697","_req_mailbox":"123","facility":"wildduck","host":"Johns-MacBook-Pro-i9.local","timestamp":1758839273.357,"_component":"wildduck"}
http API 127.0.0.1 root [-/-] PUT /users/68d5c1e9abe11a527cea5697/mailboxes/123 400 1ms
info Gelf {"short_message":"WILDDUCK HTTP [PUT /users/:user/mailboxes/:mailbox] FAILED","_remote_ip":"127.0.0.1","_http_route":"/users/:user/mailboxes/:mailbox","_http_method":"PUT","_user":"root","_role":"root","_api_response":"fail","_error":"\"mailbox\" must only contain hexadecimal characters","_code":"InputValidationError","_size":194,"_req_user":"68d5c1e9abe11a527cea5697","_req_mailbox":"------------------------","facility":"wildduck","host":"Johns-MacBook-Pro-i9.local","timestamp":1758839273.358,"_component":"wildduck"}
http API 127.0.0.1 root [-/-] PUT /users/68d5c1e9abe11a527cea5697/mailboxes/------------------------ 400 1ms
info Gelf {"short_message":"WILDDUCK HTTP [PUT /users/:user/mailboxes/:mailbox] FAILED","_remote_ip":"127.0.0.1","_http_route":"/users/:user/mailboxes/:mailbox","_http_method":"PUT","_user":"root","_role":"root","_api_response":"fail","_error":"\"retention\" must be a number","_code":"InputValidationError","_size":152,"_req_user":"68d5c1e9abe11a527cea5697","_req_mailbox":"68d5c1e9abe11a527cea5698","_req_retention":"notanumber","facility":"wildduck","host":"Johns-MacBook-Pro-i9.local","timestamp":1758839273.36,"_component":"wildduck"}
http API 127.0.0.1 root [-/-] PUT /users/68d5c1e9abe11a527cea5697/mailboxes/68d5c1e9abe11a527cea5698 400 1ms
info Gelf {"short_message":"WILDDUCK HTTP [PUT /users/:user/mailboxes/:mailbox] FAILED","_remote_ip":"127.0.0.1","_http_route":"/users/:user/mailboxes/:mailbox","_http_method":"PUT","_user":"root","_role":"root","_api_response":"fail","_error":"\"hidden\" must be a boolean","_code":"InputValidationError","_size":145,"_req_user":"68d5c1e9abe11a527cea5697","_req_mailbox":"68d5c1e9abe11a527cea5698","_req_hidden":"notabool","facility":"wildduck","host":"Johns-MacBook-Pro-i9.local","timestamp":1758839273.363,"_component":"wildduck"}
http API 127.0.0.1 root [-/-] PUT /users/68d5c1e9abe11a527cea5697/mailboxes/68d5c1e9abe11a527cea5698 400 1ms
info Gelf {"short_message":"WILDDUCK HTTP [PUT /users/:user/mailboxes/:mailbox] FAILED","_remote_ip":"127.0.0.1","_http_route":"/users/:user/mailboxes/:mailbox","_http_method":"PUT","_user":"root","_role":"root","_api_response":"fail","_error":"\"subscribed\" must be a boolean","_code":"InputValidationError","_size":157,"_req_user":"68d5c1e9abe11a527cea5697","_req_mailbox":"68d5c1e9abe11a527cea5698","_req_subscribed":"12345","facility":"wildduck","host":"Johns-MacBook-Pro-i9.local","timestamp":1758839273.365,"_component":"wildduck"}
http API 127.0.0.1 root [-/-] PUT /users/68d5c1e9abe11a527cea5697/mailboxes/68d5c1e9abe11a527cea5698 400 1ms
info Gelf {"short_message":"WILDDUCK HTTP [PUT /users/:user/mailboxes/:mailbox] FAILED","_remote_ip":"127.0.0.1","_http_route":"/users/:user/mailboxes/:mailbox","_http_method":"PUT","_user":"root","_role":"root","_api_response":"fail","_error":"\"user\" length must be 24 characters long","_code":"InputValidationError","_size":171,"_req_user":"123","_req_mailbox":"68d5c1e9abe11a527cea5698","facility":"wildduck","host":"Johns-MacBook-Pro-i9.local","timestamp":1758839273.367,"_component":"wildduck"}
    ✔ should PUT /users/{user}/mailboxes/{mailbox} expect failure / incorrect params
http API 127.0.0.1 root [-/-] PUT /users/123/mailboxes/68d5c1e9abe11a527cea5698 400 1ms
http Error PUT /users/68d5c1e9abe11a527cea5697/mailboxes/000000000000000000000000 sess=- user=root error="Error: Mailbox update failed with code NoSuchMailbox\n    at /Users/johnhuang/0xmail/wildduck/lib/mailbox-handler.js:404:33\n    at /Users/johnhuang/0xmail/wildduck/node_modules/mongodb/lib/utils.js:348:28\n    at process.processTicksAndRejections (node:internal/process/task_queues:105:5)"
info Gelf {"short_message":"WILDDUCK HTTP [PUT /users/:user/mailboxes/:mailbox] FAILED","_remote_ip":"127.0.0.1","_http_route":"/users/:user/mailboxes/:mailbox","_http_method":"PUT","_user":"root","_role":"root","_api_response":"fail","_error":"Mailbox update failed with code NoSuchMailbox","_code":"NoSuchMailbox","_size":90,"_req_user":"68d5c1e9abe11a527cea5697","_req_mailbox":"000000000000000000000000","_req_path":"newPath","facility":"wildduck","host":"Johns-MacBook-Pro-i9.local","timestamp":1758839273.371,"_component":"wildduck"}
    ✔ should PUT /users/{user}/mailboxes/{mailbox} expect failure / mailbox not found
http API 127.0.0.1 root [-/-] PUT /users/68d5c1e9abe11a527cea5697/mailboxes/000000000000000000000000 404 3ms
info Gelf {"short_message":"WILDDUCK HTTP [GET /users/:user/mailboxes] OK","_remote_ip":"127.0.0.1","_http_route":"/users/:user/mailboxes","_http_method":"GET","_user":"root","_role":"root","_api_response":"success","_size":1882,"_req_user":"68d5c1e9abe11a527cea5697","facility":"wildduck","host":"Johns-MacBook-Pro-i9.local","timestamp":1758839273.376,"_component":"wildduck"}
http API 127.0.0.1 root [-/-] GET /users/68d5c1e9abe11a527cea5697/mailboxes 200 3ms
http Error PUT /users/000000000000000000000000/mailboxes/68d5c1e9abe11a527cea5699 sess=- user=root error="Error: Mailbox update failed with code NoSuchMailbox\n    at /Users/johnhuang/0xmail/wildduck/lib/mailbox-handler.js:164:33\n    at /Users/johnhuang/0xmail/wildduck/node_modules/mongodb/lib/utils.js:348:28\n    at process.processTicksAndRejections (node:internal/process/task_queues:105:5)"
info Gelf {"short_message":"WILDDUCK HTTP [PUT /users/:user/mailboxes/:mailbox] FAILED","_remote_ip":"127.0.0.1","_http_route":"/users/:user/mailboxes/:mailbox","_http_method":"PUT","_user":"root","_role":"root","_api_response":"fail","_error":"Mailbox update failed with code NoSuchMailbox","_code":"NoSuchMailbox","_size":90,"_req_user":"000000000000000000000000","_req_mailbox":"68d5c1e9abe11a527cea5699","_req_path":"newPath","facility":"wildduck","host":"Johns-MacBook-Pro-i9.local","timestamp":1758839273.38,"_component":"wildduck"}
    ✔ should PUT /users/{user}/mailboxes/{mailbox} expect failure / user not found
http API 127.0.0.1 root [-/-] PUT /users/000000000000000000000000/mailboxes/68d5c1e9abe11a527cea5699 404 3ms
info Gelf {"short_message":"WILDDUCK HTTP [GET /users/:user/mailboxes] OK","_remote_ip":"127.0.0.1","_http_route":"/users/:user/mailboxes","_http_method":"GET","_user":"root","_role":"root","_api_response":"success","_size":1882,"_req_user":"68d5c1e9abe11a527cea5697","facility":"wildduck","host":"Johns-MacBook-Pro-i9.local","timestamp":1758839273.385,"_component":"wildduck"}
http API 127.0.0.1 root [-/-] GET /users/68d5c1e9abe11a527cea5697/mailboxes 200 2ms
info Gelf {"short_message":"WILDDUCK HTTP [PUT /users/:user/mailboxes/:mailbox] FAILED","_remote_ip":"127.0.0.1","_http_route":"/users/:user/mailboxes/:mailbox","_http_method":"PUT","_user":"root","_role":"root","_api_response":"fail","_error":"Nothing was changed","_size":37,"_req_user":"68d5c1e9abe11a527cea5697","_req_mailbox":"68d5c1e9abe11a527cea5699","facility":"wildduck","host":"Johns-MacBook-Pro-i9.local","timestamp":1758839273.387,"_component":"wildduck"}
    ✔ should PUT /users/{user}/mailboxes/{mailbox} expect failure / nothing was changed
http API 127.0.0.1 root [-/-] PUT /users/68d5c1e9abe11a527cea5697/mailboxes/68d5c1e9abe11a527cea5699 400 1ms
info Gelf
{"short_message":"WILDDUCK HTTP [GET /users/:user/mailboxes] OK","_remote_ip":"127.0.0.1","_http_route":"/users/:user/mailboxes","_http_method":"GET","_user":"root","_role":"root","_api_response":"success","_size":1882,"_req_user":"68d5c1e9abe11a527cea5697","facility":"wildduck","host":"Johns-MacBook-Pro-i9.local","timestamp":1758839273.392,"_component":"wildduck"}
http API 127.0.0.1 root [-/-] GET /users/68d5c1e9abe11a527cea5697/mailboxes 200 4ms
http Error PUT /users/68d5c1e9abe11a527cea5697/mailboxes/68d5c1e9abe11a527cea5698 sess=- user=root error="Error: Mailbox update failed with code DisallowedMailboxMethod\n    at /Users/johnhuang/0xmail/wildduck/lib/mailbox-handler.js:170:33\n    at /Users/johnhuang/0xmail/wildduck/node_modules/mongodb/lib/utils.js:348:28\n    at process.processTicksAndRejections (node:internal/process/task_queues:105:5)"
info Gelf {"short_message":"WILDDUCK HTTP [PUT /users/:user/mailboxes/:mailbox] FAILED","_remote_ip":"127.0.0.1","_http_route":"/users/:user/mailboxes/:mailbox","_http_method":"PUT","_user":"root","_role":"root","_api_response":"fail","_error":"Mailbox update failed with code DisallowedMailboxMethod","_code":"DisallowedMailboxMethod","_size":110,"_req_user":"68d5c1e9abe11a527cea5697","_req_mailbox":"68d5c1e9abe11a527cea5698","_req_path":"newPath/folder123","facility":"wildduck","host":"Johns-MacBook-Pro-i9.local","timestamp":1758839273.397,"_component":"wildduck"}
    ✔ should PUT /users/{user}/mailboxes/{mailbox} expect failure / cannot update protected path
http API 127.0.0.1 root [-/-] PUT /users/68d5c1e9abe11a527cea5697/mailboxes/68d5c1e9abe11a527cea5698 400 2ms
info Gelf {"short_message":"WILDDUCK HTTP [GET /users/:user/mailboxes] OK","_remote_ip":"127.0.0.1","_http_route":"/users/:user/mailboxes","_http_method":"GET","_user":"root","_role":"root","_api_response":"success","_size":1882,"_req_user":"68d5c1e9abe11a527cea5697","facility":"wildduck","host":"Johns-MacBook-Pro-i9.local","timestamp":1758839273.401,"_component":"wildduck"}
http API 127.0.0.1 root [-/-] GET /users/68d5c1e9abe11a527cea5697/mailboxes 200 2ms
info Gelf {"short_message":"WILDDUCK HTTP [DELETE /users/:user/mailboxes/:mailbox] OK","_remote_ip":"127.0.0.1","_http_route":"/users/:user/mailboxes/:mailbox","_http_method":"DELETE","_user":"root","_role":"root","_api_response":"success","_size":22,"_req_user":"68d5c1e9abe11a527cea5697","_req_mailbox":"68d5c1e9abe11a527cea56a2","facility":"wildduck","host":"Johns-MacBook-Pro-i9.local","timestamp":1758839273.426,"_component":"wildduck"}
    ✔ should DELETE /users/{user}/mailboxes/{mailbox} expect success
http API 127.0.0.1 root [-/-] DELETE /users/68d5c1e9abe11a527cea5697/mailboxes/68d5c1e9abe11a527cea56a2 200 24ms
info Gelf {"short_message":"WILDDUCK HTTP [GET /users/:user/mailboxes] OK","_remote_ip":"127.0.0.1","_http_route":"/users/:user/mailboxes","_http_method":"GET","_user":"root","_role":"root","_api_response":"success","_size":1670,"_req_user":"68d5c1e9abe11a527cea5697","facility":"wildduck","host":"Johns-MacBook-Pro-i9.local","timestamp":1758839273.43,"_component":"wildduck"}
http API 127.0.0.1 root [-/-] GET /users/68d5c1e9abe11a527cea5697/mailboxes 200 3ms
http Error DELETE /users/68d5c1e9abe11a527cea5697/mailboxes/68d5c1e9abe11a527cea5698 sess=- user=root error="Error: Mailbox deletion failed with code DisallowedMailboxMethod\n    at /Users/johnhuang/0xmail/wildduck/lib/mailbox-handler.js:267:33\n    at /Users/johnhuang/0xmail/wildduck/node_modules/mongodb/lib/utils.js:348:28\n    at process.processTicksAndRejections (node:internal/process/task_queues:105:5)"
info Gelf {"short_message":"WILDDUCK HTTP [DELETE /users/:user/mailboxes/:mailbox] FAILED","_remote_ip":"127.0.0.1","_http_route":"/users/:user/mailboxes/:mailbox","_http_method":"DELETE","_user":"root","_role":"root","_api_response":"fail","_error":"Mailbox deletion failed with code DisallowedMailboxMethod","_code":"DisallowedMailboxMethod","_size":112,"_req_user":"68d5c1e9abe11a527cea5697","_req_mailbox":"68d5c1e9abe11a527cea5698","facility":"wildduck","host":"Johns-MacBook-Pro-i9.local","timestamp":1758839273.433,"_component":"wildduck"}
    ✔ should DELETE /users/{user}/mailboxes/{mailbox} expect failure / protected path
http API 127.0.0.1 root [-/-] DELETE /users/68d5c1e9abe11a527cea5697/mailboxes/68d5c1e9abe11a527cea5698 400 1ms
info Gelf {"short_message":"WILDDUCK HTTP [GET /users/:user/mailboxes] OK","_remote_ip":"127.0.0.1","_http_route":"/users/:user/mailboxes","_http_method":"GET","_user":"root","_role":"root","_api_response":"success","_size":1670,"_req_user":"68d5c1e9abe11a527cea5697","facility":"wildduck","host":"Johns-MacBook-Pro-i9.local","timestamp":1758839273.437,"_component":"wildduck"}
http API 127.0.0.1 root [-/-] GET /users/68d5c1e9abe11a527cea5697/mailboxes 200 2ms
info Gelf {"short_message":"WILDDUCK HTTP [DELETE /users/:user/mailboxes/:mailbox] FAILED","_remote_ip":"127.0.0.1","_http_route":"/users/:user/mailboxes/:mailbox","_http_method":"DELETE","_user":"root","_role":"root","_api_response":"fail","_error":"\"mailbox\" length must be 24 characters long","_code":"InputValidationError","_size":180,"_req_user":"68d5c1e9abe11a527cea5697","_req_mailbox":"123","facility":"wildduck","host":"Johns-MacBook-Pro-i9.local","timestamp":1758839273.439,"_component":"wildduck"}
http API 127.0.0.1 root [-/-] DELETE /users/68d5c1e9abe11a527cea5697/mailboxes/123 400 1ms
info Gelf {"short_message":"WILDDUCK HTTP [DELETE /users/:user/mailboxes/:mailbox] FAILED","_remote_ip":"127.0.0.1","_http_route":"/users/:user/mailboxes/:mailbox","_http_method":"DELETE","_user":"root","_role":"root","_api_response":"fail","_error":"\"mailbox\" must only contain hexadecimal characters","_code":"InputValidationError","_size":194,"_req_user":"68d5c1e9abe11a527cea5697","_req_mailbox":"------------------------","facility":"wildduck","host":"Johns-MacBook-Pro-i9.local","timestamp":1758839273.44,"_component":"wildduck"}
http API 127.0.0.1 root [-/-] DELETE /users/68d5c1e9abe11a527cea5697/mailboxes/------------------------ 400 0ms
info Gelf
{"short_message":"WILDDUCK HTTP [DELETE /users/:user/mailboxes/:mailbox] FAILED","_remote_ip":"127.0.0.1","_http_route":"/users/:user/mailboxes/:mailbox","_http_method":"DELETE","_user":"root","_role":"root","_api_response":"fail","_error":"\"user\" length must be 24 characters long","_code":"InputValidationError","_size":171,"_req_user":"123","_req_mailbox":"68d5c1e9abe11a527cea5698","facility":"wildduck","host":"Johns-MacBook-Pro-i9.local","timestamp":1758839273.442,"_component":"wildduck"}
http API 127.0.0.1 root [-/-] DELETE /users/123/mailboxes/68d5c1e9abe11a527cea5698 400 0ms
info Gelf {"short_message":"WILDDUCK HTTP [DELETE /users/:user/mailboxes/:mailbox] FAILED","_remote_ip":"127.0.0.1","_http_route":"/users/:user/mailboxes/:mailbox","_http_method":"DELETE","_user":"root","_role":"root","_api_response":"fail","_error":"\"user\" must only contain hexadecimal characters","_code":"InputValidationError","_size":185,"_req_user":"------------------------","_req_mailbox":"68d5c1e9abe11a527cea5698","facility":"wildduck","host":"Johns-MacBook-Pro-i9.local","timestamp":1758839273.444,"_component":"wildduck"}
    ✔ should DELETE /users/{user}/mailboxes/{mailbox} expect failure / incorrect params
http API 127.0.0.1 root [-/-] DELETE /users/------------------------/mailboxes/68d5c1e9abe11a527cea5698 400 1ms
http Error DELETE /users/68d5c1e9abe11a527cea5697/mailboxes/000000000000000000000000 sess=- user=root error="Error: Mailbox deletion failed with code NoSuchMailbox\n    at /Users/johnhuang/0xmail/wildduck/lib/mailbox-handler.js:261:33\n    at /Users/johnhuang/0xmail/wildduck/node_modules/mongodb/lib/utils.js:348:28\n    at process.processTicksAndRejections (node:internal/process/task_queues:105:5)"
info Gelf {"short_message":"WILDDUCK HTTP [DELETE /users/:user/mailboxes/:mailbox] FAILED","_remote_ip":"127.0.0.1","_http_route":"/users/:user/mailboxes/:mailbox","_http_method":"DELETE","_user":"root","_role":"root","_api_response":"fail","_error":"Mailbox deletion failed with code NoSuchMailbox","_code":"NoSuchMailbox","_size":92,"_req_user":"68d5c1e9abe11a527cea5697","_req_mailbox":"000000000000000000000000","facility":"wildduck","host":"Johns-MacBook-Pro-i9.local","timestamp":1758839273.447,"_component":"wildduck"}
    ✔ should DELETE /users/{user}/mailboxes/{mailbox} expect failure / mailbox not found
http API 127.0.0.1 root [-/-] DELETE /users/68d5c1e9abe11a527cea5697/mailboxes/000000000000000000000000 404 1ms
info Gelf {"short_message":"WILDDUCK HTTP [GET /users/:user/mailboxes] OK","_remote_ip":"127.0.0.1","_http_route":"/users/:user/mailboxes","_http_method":"GET","_user":"root","_role":"root","_api_response":"success","_size":1670,"_req_user":"68d5c1e9abe11a527cea5697","facility":"wildduck","host":"Johns-MacBook-Pro-i9.local","timestamp":1758839273.451,"_component":"wildduck"}
http API 127.0.0.1 root [-/-] GET /users/68d5c1e9abe11a527cea5697/mailboxes 200 2ms
http Error DELETE /users/000000000000000000000000/mailboxes/68d5c1e9abe11a527cea5698 sess=- user=root error="Error: Mailbox deletion failed with code NoSuchMailbox\n    at /Users/johnhuang/0xmail/wildduck/lib/mailbox-handler.js:261:33\n    at /Users/johnhuang/0xmail/wildduck/node_modules/mongodb/lib/utils.js:348:28\n    at process.processTicksAndRejections (node:internal/process/task_queues:105:5)"
info Gelf {"short_message":"WILDDUCK HTTP [DELETE /users/:user/mailboxes/:mailbox] FAILED","_remote_ip":"127.0.0.1","_http_route":"/users/:user/mailboxes/:mailbox","_http_method":"DELETE","_user":"root","_role":"root","_api_response":"fail","_error":"Mailbox deletion failed with code NoSuchMailbox","_code":"NoSuchMailbox","_size":92,"_req_user":"000000000000000000000000","_req_mailbox":"68d5c1e9abe11a527cea5698","facility":"wildduck","host":"Johns-MacBook-Pro-i9.local","timestamp":1758839273.471,"_component":"wildduck"}
    ✔ should DELETE /users/{user}/mailboxes/{mailbox} expect failure / user not found
http API 127.0.0.1 root [-/-] DELETE /users/000000000000000000000000/mailboxes/68d5c1e9abe11a527cea5698 404 18ms
info Gelf {"short_message":"WILDDUCK HTTP [GET /users/:user/mailboxes] OK","_remote_ip":"127.0.0.1","_http_route":"/users/:user/mailboxes","_http_method":"GET","_user":"root","_role":"root","_api_response":"success","_size":1670,"_req_user":"68d5c1e9abe11a527cea5697","facility":"wildduck","host":"Johns-MacBook-Pro-i9.local","timestamp":1758839273.476,"_component":"wildduck"}
http API 127.0.0.1 root [-/-] GET /users/68d5c1e9abe11a527cea5697/mailboxes 200 3ms
http Error DELETE /users/68d5c1e9abe11a527cea5697/mailboxes/68d5c1e9abe11a527cea5698 sess=- user=root error="Error: Mailbox deletion failed with code DisallowedMailboxMethod\n    at /Users/johnhuang/0xmail/wildduck/lib/mailbox-handler.js:267:33\n    at /Users/johnhuang/0xmail/wildduck/node_modules/mongodb/lib/utils.js:348:28\n    at process.processTicksAndRejections (node:internal/process/task_queues:105:5)"
info Gelf {"short_message":"WILDDUCK HTTP [DELETE /users/:user/mailboxes/:mailbox] FAILED","_remote_ip":"127.0.0.1","_http_route":"/users/:user/mailboxes/:mailbox","_http_method":"DELETE","_user":"root","_role":"root","_api_response":"fail","_error":"Mailbox deletion failed with code DisallowedMailboxMethod","_code":"DisallowedMailboxMethod","_size":112,"_req_user":"68d5c1e9abe11a527cea5697","_req_mailbox":"68d5c1e9abe11a527cea5698","facility":"wildduck","host":"Johns-MacBook-Pro-i9.local","timestamp":1758839273.478,"_component":"wildduck"}
    ✔ should DELETE /users/{user}/mailboxes/{mailbox} expect failure / cannot delete inbox
http API 127.0.0.1 root [-/-] DELETE /users/68d5c1e9abe11a527cea5697/mailboxes/68d5c1e9abe11a527cea5698 400 2ms
info Gelf {"short_message":"WILDDUCK HTTP [POST /users/:user/mailboxes] FAILED","_remote_ip":"127.0.0.1","_http_route":"/users/:user/mailboxes","_http_method":"POST","_user":"root","_role":"root","_api_response":"fail","_error":"The mailbox path cannot be more than 128 levels deep","_code":"InputValidationError","_size":191,"_req_user":"68d5c1e9abe11a527cea5697","_req_path":"subpath0/subpath1/subpath2/subpath3/subpath4/subpath5/subpath6/subpath7/subpath8/subpath9/subpath10/subpath11/subpath12/subpath1…","facility":"wildduck","host":"Johns-MacBook-Pro-i9.local","timestamp":1758839273.482,"_component":"wildduck"}
    ✔ should POST /users/{user}/mailboxes expect failure / too many subpaths in mailbox path
http API 127.0.0.1 root [-/-] POST /users/68d5c1e9abe11a527cea5697/mailboxes 400 1ms
info Gelf {"short_message":"WILDDUCK HTTP [POST /users/:user/mailboxes] FAILED","_remote_ip":"127.0.0.1","_http_route":"/users/:user/mailboxes","_http_method":"POST","_user":"root","_role":"root","_api_response":"fail","_error":"Any part of the mailbox path cannot be longer than 512 chars long","_code":"InputValidationError","_size":217,"_req_user":"68d5c1e9abe11a527cea5697","_req_path":"aaaaaaaaaaaaaaaaaaaaaaaaaaaaaaaaaaaaaaaaaaaaaaaaaaaaaaaaaaaaaaaaaaaaaaaaaaaaaaaaaaaaaaaaaaaaaaaaaaaaaaaaaaaaaaaaaaaaaaaaaaaaaaaa…","facility":"wildduck","host":"Johns-MacBook-Pro-i9.local","timestamp":1758839273.484,"_component":"wildduck"}
    ✔ should POST /users/{user}/mailboxes expect failure / subpath too long
http API 127.0.0.1 root [-/-] POST /users/68d5c1e9abe11a527cea5697/mailboxes 400 0ms
info Gelf {"short_message":"WILDDUCK HTTP [POST /users/:user/mailboxes] OK","_remote_ip":"127.0.0.1","_http_route":"/users/:user/mailboxes","_http_method":"POST","_user":"root","_role":"root","_api_response":"success","_size":58,"_req_user":"68d5c1e9abe11a527cea5697","_req_path":"aaaaaaaaaaaaaaaaaaaaaaaaaaaaaaaaaaaaaaaaaaaaaaaaaaaaaaaaaaaaaaaaaaaaaaaaaaaaaaaaaaaaaaaaaaaaaaaaaaaaaaaaaaaaaaaaaaaaaaaaaaaaaaaa…","_res_id":"new ObjectId(\"68d5c1e9abe11a527cea56b1\")","facility":"wildduck","host":"Johns-MacBook-Pro-i9.local","timestamp":1758839273.493,"_component":"wildduck"}
    ✔ should POST /users/{user}/mailboxes expect success / edge case for subpath length and subpath count
http API 127.0.0.1 root [-/-] POST /users/68d5c1e9abe11a527cea5697/mailboxes 200 6ms
info Gelf {"short_message":"WILDDUCK HTTP [PUT /users/:user/mailboxes/:mailbox] FAILED","_remote_ip":"127.0.0.1","_http_route":"/users/:user/mailboxes/:mailbox","_http_method":"PUT","_user":"root","_role":"root","_api_response":"fail","_error":"The mailbox path cannot be more than 128 levels deep","_code":"InputValidationError","_size":191,"_req_user":"68d5c1e9abe11a527cea5697","_req_mailbox":"68d5c1e9abe11a527cea569f","_req_path":"subpath0/subpath1/subpath2/subpath3/subpath4/subpath5/subpath6/subpath7/subpath8/subpath9/subpath10/subpath11/subpath12/subpath1…","facility":"wildduck","host":"Johns-MacBook-Pro-i9.local","timestamp":1758839273.497,"_component":"wildduck"}
    ✔ should PUT /users/{user}/mailboxes/{mailbox} expect failure / too many subpaths in mailbox path
http API 127.0.0.1 root [-/-] PUT /users/68d5c1e9abe11a527cea5697/mailboxes/68d5c1e9abe11a527cea569f 400 1ms
info Gelf {"short_message":"WILDDUCK HTTP [PUT /users/:user/mailboxes/:mailbox] FAILED","_remote_ip":"127.0.0.1","_http_route":"/users/:user/mailboxes/:mailbox","_http_method":"PUT","_user":"root","_role":"root","_api_response":"fail","_error":"Any part of the mailbox path cannot be longer than 512 chars long","_code":"InputValidationError","_size":217,"_req_user":"68d5c1e9abe11a527cea5697","_req_mailbox":"68d5c1e9abe11a527cea569f","_req_path":"aaaaaaaaaaaaaaaaaaaaaaaaaaaaaaaaaaaaaaaaaaaaaaaaaaaaaaaaaaaaaaaaaaaaaaaaaaaaaaaaaaaaaaaaaaaaaaaaaaaaaaaaaaaaaaaaaaaaaaaaaaaaaaaa…","facility":"wildduck","host":"Johns-MacBook-Pro-i9.local","timestamp":1758839273.5,"_component":"wildduck"}
    ✔ should PUT /users/{user}/mailboxes/{mailbox} expect failure / subpath too long
http API 127.0.0.1 root [-/-] PUT /users/68d5c1e9abe11a527cea5697/mailboxes/68d5c1e9abe11a527cea569f 400 1ms
info Gelf {"short_message":"WILDDUCK HTTP [PUT /users/:user/mailboxes/:mailbox] OK","_remote_ip":"127.0.0.1","_http_route":"/users/:user/mailboxes/:mailbox","_http_method":"PUT","_user":"root","_role":"root","_api_response":"success","_size":22,"_req_user":"68d5c1e9abe11a527cea5697","_req_mailbox":"68d5c1e9abe11a527cea569f","_req_path":"00000000000000000000000000000000000000000000000000000000000000000000000000000000000000000000000000000000000000000000000000000000…","facility":"wildduck","host":"Johns-MacBook-Pro-i9.local","timestamp":1758839273.526,"_component":"wildduck"}
http API 127.0.0.1 root [-/-] PUT /users/68d5c1e9abe11a527cea5697/mailboxes/68d5c1e9abe11a527cea569f 200 23ms
    ✔ should PUT /users/{user}/mailboxes/{mailbox} expect success / edge case for subpath length and subpath count
info Gelf {"short_message":"WILDDUCK HTTP [POST /users/:user/mailboxes] FAILED","_remote_ip":"127.0.0.1","_http_route":"/users/:user/mailboxes","_http_method":"POST","_user":"root","_role":"root","_api_response":"fail","_error":"\"path\" with value \"somepath/abc/\" matches the inverted pattern: /\\/{2,}|\\/$/","_code":"InputValidationError","_size":251,"_req_user":"68d5c1e9abe11a527cea5697","_req_path":"somepath/abc/","facility":"wildduck","host":"Johns-MacBook-Pro-i9.local","timestamp":1758839273.529,"_component":"wildduck"}
    ✔ should POST /users/{user}/mailboxes expect failure / trailing slash
http API 127.0.0.1 root [-/-] POST /users/68d5c1e9abe11a527cea5697/mailboxes 400 1ms
info Gelf {"short_message":"WILDDUCK HTTP [PUT /users/:user/mailboxes/:mailbox] FAILED","_remote_ip":"127.0.0.1","_http_route":"/users/:user/mailboxes/:mailbox","_http_method":"PUT","_user":"root","_role":"root","_api_response":"fail","_error":"\"path\" with value \"somepath/abc/\" matches the inverted pattern: /\\/{2,}|\\/$/","_code":"InputValidationError","_size":251,"_req_user":"68d5c1e9abe11a527cea5697","_req_mailbox":"68d5c1e9abe11a527cea569f","_req_path":"somepath/abc/","facility":"wildduck","host":"Johns-MacBook-Pro-i9.local","timestamp":1758839273.532,"_component":"wildduck"}
    ✔ should PUT /users/{user}/mailboxes/{mailbox} expect failure / trailing slash
http API 127.0.0.1 root [-/-] PUT /users/68d5c1e9abe11a527cea5697/mailboxes/68d5c1e9abe11a527cea569f 400 0ms
verb Tasks Created task id=68d5c1e9abe11a527cea56b6
info Gelf
{"short_message":"WILDDUCK HTTP [DELETE /users/:user] OK","_remote_ip":"127.0.0.1","_http_route":"/users/:user","_http_method":"DELETE","_user":"root","_role":"root","_api_response":"success","_code":"TaskScheduled","_size":209,"_req_user":"68d5c1e9abe11a527cea5697","facility":"wildduck","host":"Johns-MacBook-Pro-i9.local","timestamp":1758839273.544,"_component":"wildduck"}

  Storage tests
http API 127.0.0.1 root [-/-] DELETE /users/68d5c1e9abe11a527cea5697 200 10ms
info Gelf {"short_message":"WILDDUCK HTTP [POST /authenticate] OK","_remote_ip":"127.0.0.1","_http_route":"/authenticate","_http_method":"POST","_user":"root","_role":"root","_api_response":"success","_size":340,"_req_username":"0xd2890123bcde1a2b3c4d5e6f789012345678abcdef0","_req_password":"***","_req_token":"true","_res_id":"68d5c1e9abe11a527cea56b8","facility":"wildduck","host":"Johns-MacBook-Pro-i9.local","timestamp":1758839273.68,"_component":"wildduck"}
http API 127.0.0.1 root [-/-] POST /authenticate 200 134ms
info Gelf {"short_message":"WILDDUCK HTTP [POST /users/:user/storage] OK","_remote_ip":"127.0.0.1","_http_route":"/users/:user/storage","_http_method":"POST","_user":"root","_role":"root","_api_response":"success","_size":58,"_req_user":"68d5c1e9abe11a527cea56b8","_req_filename":"image.gif","_req_contentType":"image/gif","_req_encoding":"base64","_req_content":"R0lGODlhEAAQAMQAAORHHOVSKudfOulrSOp3WOyDZu6QdvCchPGolfO0o/XBs/fNwfjZ0frl3/zy7////wAAAAAAAAAAAAAAAAAAAAAAAAAAAAAAAAAAAAAAAAAAAAAA…","_res_id":"new ObjectId(\"68d5c1e9abe11a527cea56c0\")","facility":"wildduck","host":"Johns-MacBook-Pro-i9.local","timestamp":1758839274.041,"_component":"wildduck"}
    ✔ should POST /users/{user}/storage expect success (360ms)
http API 127.0.0.1 root [-/-] POST /users/68d5c1e9abe11a527cea56b8/storage 200 359ms
info Gelf {"short_message":"WILDDUCK HTTP [POST /users/:user/storage] OK","_remote_ip":"127.0.0.1","_http_route":"/users/:user/storage","_http_method":"POST","_user":"root","_role":"root","_api_response":"success","_size":58,"_req_user":"68d5c1e9abe11a527cea56b8","_req_contentType":"image/gif","_req_encoding":"base64","_req_content":"R0lGODlhEAAQAMQAAORHHOVSKudfOulrSOp3WOyDZu6QdvCchPGolfO0o/XBs/fNwfjZ0frl3/zy7////wAAAAAAAAAAAAAAAAAAAAAAAAAAAAAAAAAAAAAAAAAAAAAA…","_res_id":"new ObjectId(\"68d5c1eaabe11a527cea56c2\")","facility":"wildduck","host":"Johns-MacBook-Pro-i9.local","timestamp":1758839274.046,"_component":"wildduck"}
    ✔ should POST /users/{user}/storage expect success / filename undefined
http API 127.0.0.1 root [-/-] POST /users/68d5c1e9abe11a527cea56b8/storage 200 4ms
info Gelf {"short_message":"WILDDUCK HTTP [POST /users/:user/storage] OK","_remote_ip":"127.0.0.1","_http_route":"/users/:user/storage","_http_method":"POST","_user":"root","_role":"root","_api_response":"success","_size":58,"_req_user":"68d5c1e9abe11a527cea56b8","_req_encoding":"base64","_req_content":"R0lGODlhEAAQAMQAAORHHOVSKudfOulrSOp3WOyDZu6QdvCchPGolfO0o/XBs/fNwfjZ0frl3/zy7////wAAAAAAAAAAAAAAAAAAAAAAAAAAAAAAAAAAAAAAAAAAAAAA…","_res_id":"new ObjectId(\"68d5c1eaabe11a527cea56c4\")","facility":"wildduck","host":"Johns-MacBook-Pro-i9.local","timestamp":1758839274.051,"_component":"wildduck"}
    ✔ should POST /users/{user}/storage expect success / filename undefined, contentType undefined
http API 127.0.0.1 root [-/-] POST /users/68d5c1e9abe11a527cea56b8/storage 200 3ms
info Gelf {"short_message":"WILDDUCK HTTP [POST /users/:user/storage] FAILED","_remote_ip":"127.0.0.1","_http_route":"/users/:user/storage","_http_method":"POST","_user":"root","_role":"root","_api_response":"fail","_error":"\"content\" is required","_code":"InputValidationError","_size":136,"_req_user":"68d5c1e9abe11a527cea56b8","_req_filename":"image.gif","_req_contentType":"image/gif","_req_encoding":"base64","facility":"wildduck","host":"Johns-MacBook-Pro-i9.local","timestamp":1758839274.054,"_component":"wildduck"}
    ✔ should POST /users/{user}/storage expect failure / content missing
http API 127.0.0.1 root [-/-] POST /users/68d5c1e9abe11a527cea56b8/storage 400 0ms
info Gelf
{"short_message":"WILDDUCK HTTP [POST /users/:user/storage] FAILED","_remote_ip":"127.0.0.1","_http_route":"/users/:user/storage","_http_method":"POST","_user":"root","_role":"root","_api_response":"fail","_error":"\"user\" length must be 24 characters long","_code":"InputValidationError","_size":171,"_req_user":"123","_req_filename":"image.gif","_req_contentType":"image/gif","_req_encoding":"base64","_req_content":"R0lGODlhEAAQAMQAAORHHOVSKudfOulrSOp3WOyDZu6QdvCchPGolfO0o/XBs/fNwfjZ0frl3/zy7////wAAAAAAAAAAAAAAAAAAAAAAAAAAAAAAAAAAAAAAAAAAAAAA…","facility":"wildduck","host":"Johns-MacBook-Pro-i9.local","timestamp":1758839274.056,"_component":"wildduck"}
    ✔ should POST /users/{user}/storage expect failure / incorrect user id
http API 127.0.0.1 root [-/-] POST /users/123/storage 400 1ms
info Gelf {"short_message":"WILDDUCK HTTP [POST /users/:user/storage] FAILED","_remote_ip":"127.0.0.1","_http_route":"/users/:user/storage","_http_method":"POST","_user":"root","_role":"root","_api_response":"fail","_error":"This user does not exist","_code":"UserNotFound","_size":68,"_req_user":"000000000000000000000000","_req_filename":"image.gif","_req_contentType":"image/gif","_req_encoding":"base64","_req_content":"R0lGODlhEAAQAMQAAORHHOVSKudfOulrSOp3WOyDZu6QdvCchPGolfO0o/XBs/fNwfjZ0frl3/zy7////wAAAAAAAAAAAAAAAAAAAAAAAAAAAAAAAAAAAAAAAAAAAAAA…","facility":"wildduck","host":"Johns-MacBook-Pro-i9.local","timestamp":1758839274.071,"_component":"wildduck"}
    ✔ should POST /users/{user}/storage expect failure / user not found
http API 127.0.0.1 root [-/-] POST /users/000000000000000000000000/storage 404 13ms
info Gelf {"short_message":"WILDDUCK HTTP [GET /users/:user/storage] OK","_remote_ip":"127.0.0.1","_http_route":"/users/:user/storage","_http_method":"GET","_user":"root","_role":"root","_api_response":"success","_size":700,"_req_user":"68d5c1e9abe11a527cea56b8","facility":"wildduck","host":"Johns-MacBook-Pro-i9.local","timestamp":1758839274.077,"_component":"wildduck"}
    ✔ should GET /users/{user}/storage expect success
http API 127.0.0.1 root [-/-] GET /users/68d5c1e9abe11a527cea56b8/storage 200 4ms
info Gelf {"short_message":"WILDDUCK HTTP [GET /users/:user/storage] OK","_remote_ip":"127.0.0.1","_http_route":"/users/:user/storage","_http_method":"GET","_user":"root","_role":"root","_api_response":"success","_size":700,"_req_user":"68d5c1e9abe11a527cea56b8","_req_limit":"5","facility":"wildduck","host":"Johns-MacBook-Pro-i9.local","timestamp":1758839274.083,"_component":"wildduck"}
    ✔ should GET /users/{user}/storage expect success / different limit
http API 127.0.0.1 root [-/-] GET /users/68d5c1e9abe11a527cea56b8/storage?limit=5 200 4ms
info Gelf {"short_message":"WILDDUCK HTTP [GET /users/:user/storage] FAILED","_remote_ip":"127.0.0.1","_http_route":"/users/:user/storage","_http_method":"GET","_user":"root","_role":"root","_api_response":"fail","_error":"\"limit\" must be less than or equal to 250","_code":"InputValidationError","_size":174,"_req_user":"68d5c1e9abe11a527cea56b8","_req_limit":"1000","facility":"wildduck","host":"Johns-MacBook-Pro-i9.local","timestamp":1758839274.086,"_component":"wildduck"}
    ✔ should GET /users/{user}/storage expect failure / incorrect limit
http API 127.0.0.1 root [-/-] GET /users/68d5c1e9abe11a527cea56b8/storage?limit=1000 400 1ms
info Gelf {"short_message":"WILDDUCK HTTP [GET /users/:user/storage] FAILED","_remote_ip":"127.0.0.1","_http_route":"/users/:user/storage","_http_method":"GET","_user":"root","_role":"root","_api_response":"fail","_error":"This user does not exist","_code":"UserNotFound","_size":68,"_req_user":"000000000000000000000000","facility":"wildduck","host":"Johns-MacBook-Pro-i9.local","timestamp":1758839274.089,"_component":"wildduck"}
    ✔ should GET /users/{user}/storage expect failure / user not found
http API 127.0.0.1 root [-/-] GET /users/000000000000000000000000/storage 404 1ms
info Gelf {"short_message":"WILDDUCK HTTP [GET /users/:user/storage] OK","_remote_ip":"127.0.0.1","_http_route":"/users/:user/storage","_http_method":"GET","_user":"root","_role":"root","_api_response":"success","_size":700,"_req_user":"68d5c1e9abe11a527cea56b8","facility":"wildduck","host":"Johns-MacBook-Pro-i9.local","timestamp":1758839274.095,"_component":"wildduck"}
http API 127.0.0.1 root [-/-] GET /users/68d5c1e9abe11a527cea56b8/storage 200 5ms
info Gelf {"short_message":"WILDDUCK HTTP [DELETE /users/:user/storage/:file] OK","_remote_ip":"127.0.0.1","_http_route":"/users/:user/storage/:file","_http_method":"DELETE","_user":"root","_role":"root","_api_response":"success","_size":22,"_req_user":"68d5c1e9abe11a527cea56b8","_req_file":"68d5c1e9abe11a527cea56c0","facility":"wildduck","host":"Johns-MacBook-Pro-i9.local","timestamp":1758839274.1,"_component":"wildduck"}
    ✔ should DELETE /users/{user}/storage/{file} expect success
http API 127.0.0.1 root [-/-] DELETE /users/68d5c1e9abe11a527cea56b8/storage/68d5c1e9abe11a527cea56c0 200 3ms
info Gelf {"short_message":"WILDDUCK HTTP [DELETE /users/:user/storage/:file] FAILED","_remote_ip":"127.0.0.1","_http_route":"/users/:user/storage/:file","_http_method":"DELETE","_user":"root","_role":"root","_api_response":"fail","_error":"\"file\" length must be 24 characters long","_code":"InputValidationError","_size":171,"_req_user":"68d5c1e9abe11a527cea56b8","_req_file":"123","facility":"wildduck","host":"Johns-MacBook-Pro-i9.local","timestamp":1758839274.103,"_component":"wildduck"}
    ✔ should DELETE /users/{user}/storage/{file} expect failure / file format incorrect
http API 127.0.0.1 root [-/-] DELETE /users/68d5c1e9abe11a527cea56b8/storage/123 400 1ms
info Gelf {"short_message":"WILDDUCK HTTP [GET /users/:user/storage] OK","_remote_ip":"127.0.0.1","_http_route":"/users/:user/storage","_http_method":"GET","_user":"root","_role":"root","_api_response":"success","_size":519,"_req_user":"68d5c1e9abe11a527cea56b8","facility":"wildduck","host":"Johns-MacBook-Pro-i9.local","timestamp":1758839274.123,"_component":"wildduck"}
http API 127.0.0.1 root [-/-] GET /users/68d5c1e9abe11a527cea56b8/storage 200 19ms
http Error
DELETE /users/68d5c1e9abe11a527cea56b8/storage/4c65aec725a11ebaae1c5d86 sess=- user=root error="Error: This file does not exist\n    at StorageHandler.delete (/Users/johnhuang/0xmail/wildduck/lib/storage-handler.js:131:23)\n    at process.processTicksAndRejections (node:internal/process/task_queues:105:5)\n    at async /Users/johnhuang/0xmail/wildduck/lib/api/storage.js:363:13\n    at async /Users/johnhuang/0xmail/wildduck/lib/tools.js:642:17"
info Gelf
{"short_message":"WILDDUCK HTTP [DELETE /users/:user/storage/:file] FAILED","_remote_ip":"127.0.0.1","_http_route":"/users/:user/storage/:file","_http_method":"DELETE","_user":"root","_role":"root","_api_response":"fail","_error":"This file does not exist","_code":"FileNotFound","_size":68,"_req_user":"68d5c1e9abe11a527cea56b8","_req_file":"4c65aec725a11ebaae1c5d86","facility":"wildduck","host":"Johns-MacBook-Pro-i9.local","timestamp":1758839274.126,"_component":"wildduck"}
    ✔ should DELETE /users/{user}/storage/{file} expect failure / file missing, incorrect file id
http API 127.0.0.1 root [-/-] DELETE /users/68d5c1e9abe11a527cea56b8/storage/4c65aec725a11ebaae1c5d86 404 2ms
info Gelf {"short_message":"WILDDUCK HTTP [GET /users/:user/storage] OK","_remote_ip":"127.0.0.1","_http_route":"/users/:user/storage","_http_method":"GET","_user":"root","_role":"root","_api_response":"success","_size":519,"_req_user":"68d5c1e9abe11a527cea56b8","facility":"wildduck","host":"Johns-MacBook-Pro-i9.local","timestamp":1758839274.132,"_component":"wildduck"}
http API 127.0.0.1 root [-/-] GET /users/68d5c1e9abe11a527cea56b8/storage 200 4ms
info Gelf {"short_message":"WILDDUCK HTTP [DELETE /users/:user/storage/:file] OK","_remote_ip":"127.0.0.1","_http_route":"/users/:user/storage/:file","_http_method":"DELETE","_user":"root","_role":"root","_api_response":"success","_size":22,"_req_user":"68d5c1e9abe11a527cea56b8","_req_file":"68d5c1eaabe11a527cea56c4","facility":"wildduck","host":"Johns-MacBook-Pro-i9.local","timestamp":1758839274.136,"_component":"wildduck"}
    ✔ should GET /users/{user}/storage/{file} expect success
http API 127.0.0.1 root [-/-] DELETE /users/68d5c1e9abe11a527cea56b8/storage/68d5c1eaabe11a527cea56c4 200 2ms
info Gelf {"short_message":"WILDDUCK HTTP [GET /users/:user/storage/:file] FAILED","_remote_ip":"127.0.0.1","_http_route":"/users/:user/storage/:file","_http_method":"GET","_user":"root","_role":"root","_api_response":"fail","_error":"\"file\" length must be 24 characters long","_code":"InputValidationError","_size":171,"_req_user":"68d5c1e9abe11a527cea56b8","_req_file":"123","facility":"wildduck","host":"Johns-MacBook-Pro-i9.local","timestamp":1758839274.139,"_component":"wildduck"}
    ✔ should GET /users/{user}/storage/{file} expect failure / file format incorrect
http API 127.0.0.1 root [-/-] GET /users/68d5c1e9abe11a527cea56b8/storage/123 400 1ms
info Gelf {"short_message":"WILDDUCK HTTP [GET /users/:user/storage/:file] FAILED","_remote_ip":"127.0.0.1","_http_route":"/users/:user/storage/:file","_http_method":"GET","_user":"root","_role":"root","_api_response":"fail","_error":"This file does not exist","_code":"FileNotFound","_size":68,"_req_user":"68d5c1e9abe11a527cea56b8","_req_file":"000000000000000000000000","facility":"wildduck","host":"Johns-MacBook-Pro-i9.local","timestamp":1758839274.143,"_component":"wildduck"}
    ✔ should GET /users/{user}/storage/{file} expect failure / file missing, incorrect file id
http API 127.0.0.1 root [-/-] GET /users/68d5c1e9abe11a527cea56b8/storage/000000000000000000000000 404 2ms
verb Tasks Created task id=68d5c1eaabe11a527cea56c6
info Gelf {"short_message":"WILDDUCK HTTP [DELETE /users/:user] OK","_remote_ip":"127.0.0.1","_http_route":"/users/:user","_http_method":"DELETE","_user":"root","_role":"root","_api_response":"success","_code":"TaskScheduled","_size":209,"_req_user":"68d5c1e9abe11a527cea56b8","facility":"wildduck","host":"Johns-MacBook-Pro-i9.local","timestamp":1758839274.153,"_component":"wildduck"}

  API Users
http API 127.0.0.1 root [-/-] DELETE /users/68d5c1e9abe11a527cea56b8 200 8ms
verb Tasks Found task for processing id=68d5c1e7abe11a527cea5669
verb Tasks type=user-delete id=68d5c1e7abe11a527cea5669 data={"user":"68d5c1e7abe11a527cea5656"}
verb Tasks task=user-delete id=68d5c1e7abe11a527cea5669 user=68d5c1e7abe11a527cea5656 message=Deleted 0 addresses from registry
verb Tasks task=user-delete id=68d5c1e7abe11a527cea5669 user=68d5c1e7abe11a527cea5656 message=Marked total of 0 messages for deletion
verb Tasks task=user-delete id=68d5c1e7abe11a527cea5669 user=68d5c1e7abe11a527cea5656 message=Cleared user specific data
info Tasks Released task id=68d5c1e7abe11a527cea5669 lock=449d57acc8bd4656bd47254f
info Gelf {"short_message":"WILDDUCK HTTP [POST /authenticate] OK","_remote_ip":"127.0.0.1","_http_route":"/authenticate","_http_method":"POST","_user":"root","_role":"root","_api_response":"success","_size":336,"_req_username":"0x9012345678901234567890abcd1a2b3c4d5e6f789","_req_password":"***","_req_token":"true","_res_id":"68d5c1eaabe11a527cea56c9","facility":"wildduck","host":"Johns-MacBook-Pro-i9.local","timestamp":1758839274.303,"_component":"wildduck"}
    ✔ should POST /users expect success (150ms)
http API 127.0.0.1 root [-/-] POST /authenticate 200 149ms
info Gelf {"short_message":"WILDDUCK HTTP [POST /authenticate] OK","_remote_ip":"127.0.0.1","_http_route":"/authenticate","_http_method":"POST","_user":"root","_role":"root","_api_response":"success","_size":281,"_req_username":"0x9012345678901234567890abcd1a2b3c4d5e6f789","_req_password":"***","_res_id":"68d5c1eaabe11a527cea56c9","facility":"wildduck","host":"Johns-MacBook-Pro-i9.local","timestamp":1758839274.321,"_component":"wildduck"}
    ✔ should POST /authenticate expect success
http API 127.0.0.1 root [-/-] POST /authenticate 200 16ms
info Gelf {"short_message":"WILDDUCK HTTP [POST /authenticate] FAILED","_remote_ip":"127.0.0.1","_http_route":"/authenticate","_http_method":"POST","_user":"root","_role":"root","_api_response":"fail","_error":"\"username\" does not match any of the allowed types","_code":"InputValidationError","_size":195,"_req_username":"invalid@user@name","facility":"wildduck","host":"Johns-MacBook-Pro-i9.local","timestamp":1758839274.325,"_component":"wildduck"}
    ✔ should POST /authenticate expect failure
http API 127.0.0.1 root [-/-] POST /authenticate 400 1ms
info Gelf {"short_message":"WILDDUCK HTTP [POST /users] FAILED","_remote_ip":"127.0.0.1","_http_route":"/users","_http_method":"POST","_user":"root","_role":"root","_api_response":"fail","_error":"Endpoint not available in crypto emails mode","_code":"EndpointNotAvailable","_size":96,"_req_username":"ömyuser2","_req_name":"John Smith","_req_password":"***","facility":"wildduck","host":"Johns-MacBook-Pro-i9.local","timestamp":1758839274.327,"_component":"wildduck"}
    ✔ should POST /users expect failure / invalid username
http API 127.0.0.1 root [-/-] POST /users 400 1ms
info Gelf {"short_message":"WILDDUCK HTTP [POST /authenticate] OK","_remote_ip":"127.0.0.1","_http_route":"/authenticate","_http_method":"POST","_user":"root","_role":"root","_api_response":"success","_size":336,"_req_username":"0x9012345678901234567890abcd1a2b3c4d5e6f789","_req_password":"***","_req_token":"true","_res_id":"68d5c1eaabe11a527cea56c9","facility":"wildduck","host":"Johns-MacBook-Pro-i9.local","timestamp":1758839274.332,"_component":"wildduck"}
    ✔ should POST /authenticate expect success / request a token
http API 127.0.0.1 root [-/-] POST /authenticate 200 3ms
    ✔ should POST /users expect success / with hashed password
info Gelf {"short_message":"WILDDUCK HTTP [GET /users/resolve/:username] OK","_remote_ip":"127.0.0.1","_http_route":"/users/resolve/:username","_http_method":"GET","_user":"root","_role":"root","_api_response":"success","_size":58,"_req_username":"0x9012345678901234567890abcd1a2b3c4d5e6f789","_res_id":"68d5c1eaabe11a527cea56c9","facility":"wildduck","host":"Johns-MacBook-Pro-i9.local","timestamp":1758839274.337,"_component":"wildduck"}
    ✔ should GET /users/resolve/{username} expect success
http API 127.0.0.1 root [-/-] GET /users/resolve/0x9012345678901234567890abcd1a2b3c4d5e6f789 200 2ms
info Gelf {"short_message":"WILDDUCK HTTP [GET /users/resolve/:username] FAILED","_remote_ip":"127.0.0.1","_http_route":"/users/resolve/:username","_http_method":"GET","_user":"root","_role":"root","_api_response":"fail","_error":"This user does not exist","_code":"UserNotFound","_size":68,"_req_username":"myuser2invalid","facility":"wildduck","host":"Johns-MacBook-Pro-i9.local","timestamp":1758839274.34,"_component":"wildduck"}
    ✔ should GET /users/resolve/{username} expect failure
http API 127.0.0.1 root [-/-] GET /users/resolve/myuser2invalid 404 1ms
info Gelf {"short_message":"WILDDUCK HTTP [GET /users] OK","_remote_ip":"127.0.0.1","_http_route":"/users","_http_method":"GET","_user":"root","_role":"root","_api_response":"success","_size":780,"_req_query":"0x9012345678901234567890abcd1a2b3c4d5e6f789","facility":"wildduck","host":"Johns-MacBook-Pro-i9.local","timestamp":1758839274.347,"_component":"wildduck"}
    ✔ should GET /users expect success
http API 127.0.0.1 root [-/-] GET /users?query=0x9012345678901234567890abcd1a2b3c4d5e6f789 200 5ms
info Gelf {"short_message":"WILDDUCK HTTP [GET /users/:user] OK","_remote_ip":"127.0.0.1","_http_route":"/users/:user","_http_method":"GET","_user":"root","_role":"root","_api_response":"success","_size":1474,"_req_user":"68d5c1eaabe11a527cea56c9","_res_id":"68d5c1eaabe11a527cea56c9","facility":"wildduck","host":"Johns-MacBook-Pro-i9.local","timestamp":1758839274.353,"_component":"wildduck"}
    ✔ should GET /users/{user} expect success
http API 127.0.0.1 root [-/-] GET /users/68d5c1eaabe11a527cea56c9 200 5ms
info
Gelf {"short_message":"WILDDUCK HTTP [GET /users/:user] OK","_remote_ip":"127.0.0.1","_http_route":"/users/:user","_http_method":"GET","_user":"68d5c1eaabe11a527cea56c9","_role":"user","_api_response":"success","_size":1414,"_req_user":"68d5c1eaabe11a527cea56c9","_res_id":"68d5c1eaabe11a527cea56c9","facility":"wildduck","host":"Johns-MacBook-Pro-i9.local","timestamp":1758839274.378,"_component":"wildduck"}
    ✔ should GET /users/{user} expect success / using a token
http API 127.0.0.1 68d5c1eaabe11a527cea56c9 [-/-] GET /users/68d5c1eaabe11a527cea56c9?accessToken=xxxxxx 200 6ms
info Gelf {"short_message":"WILDDUCK HTTP [GET /users/:user] OK","_remote_ip":"127.0.0.1","_http_route":"/users/:user","_http_method":"GET","_user":"68d5c1eaabe11a527cea56c9","_role":"user","_api_response":"success","_size":1414,"_req_user":"68d5c1eaabe11a527cea56c9","_res_id":"68d5c1eaabe11a527cea56c9","facility":"wildduck","host":"Johns-MacBook-Pro-i9.local","timestamp":1758839274.386,"_component":"wildduck"}
    ✔ should GET /users/:user expect success / try /users/me using a token
http API 127.0.0.1 68d5c1eaabe11a527cea56c9 [-/-] GET /users/me?accessToken=xxxxxx 200 4ms
info Gelf {"short_message":"WILDDUCK HTTP [GET /users/:user] FAILED","_remote_ip":"127.0.0.1","_http_route":"/users/:user","_http_method":"GET","_user":"68d5c1eaabe11a527cea56c9","_role":"user","_api_response":"fail","_error":"\"user\" must only contain hexadecimal characters. \"user\" length must be 24 characters long","_code":"InputValidationError","_size":229,"_req_user":"undefined","facility":"wildduck","host":"Johns-MacBook-Pro-i9.local","timestamp":1758839274.39,"_component":"wildduck"}
    14) should GET /users/{user} expect failure / using a token and fail against other user
http API 127.0.0.1 68d5c1eaabe11a527cea56c9 [-/-] GET /users/undefined?accessToken=xxxxxx 400 1ms
info Gelf {"short_message":"WILDDUCK HTTP [DELETE /authenticate] OK","_remote_ip":"127.0.0.1","_http_route":"/authenticate","_http_method":"DELETE","_user":"68d5c1eaabe11a527cea56c9","_role":"user","_api_response":"success","_size":22,"facility":"wildduck","host":"Johns-MacBook-Pro-i9.local","timestamp":1758839274.395,"_component":"wildduck"}
    ✔ should DELETE /authenticate expect success
http API 127.0.0.1 68d5c1eaabe11a527cea56c9 [-/-] DELETE /authenticate?accessToken=xxxxxx 200 1ms
info Gelf {"short_message":"WILDDUCK HTTP [DELETE /authenticate] FAILED","_remote_ip":"127.0.0.1","_http_route":"/authenticate","_http_method":"DELETE","_api_response":"fail","_code":"InvalidToken","_size":71,"facility":"wildduck","host":"Johns-MacBook-Pro-i9.local","timestamp":1758839274.4,"_component":"wildduck"}
    ✔ should DELETE /authenticate expect failure / with false
info Gelf {"short_message":"WILDDUCK HTTP [PUT /users/:user] OK","_remote_ip":"127.0.0.1","_http_route":"/users/:user","_http_method":"PUT","_user":"root","_role":"root","_api_response":"success","_size":22,"_req_user":"68d5c1eaabe11a527cea56c9","_req_name":"John Smith 2","facility":"wildduck","host":"Johns-MacBook-Pro-i9.local","timestamp":1758839274.422,"_component":"wildduck"}
http API 127.0.0.1 root [-/-] PUT /users/68d5c1eaabe11a527cea56c9 200 20ms
info Gelf {"short_message":"WILDDUCK HTTP [GET /users/:user] OK","_remote_ip":"127.0.0.1","_http_route":"/users/:user","_http_method":"GET","_user":"root","_role":"root","_api_response":"success","_size":1443,"_req_user":"68d5c1eaabe11a527cea56c9","_res_id":"68d5c1eaabe11a527cea56c9","facility":"wildduck","host":"Johns-MacBook-Pro-i9.local","timestamp":1758839274.427,"_component":"wildduck"}
    ✔ should PUT /users/{user} expect success
http API 127.0.0.1 root [-/-] GET /users/68d5c1eaabe11a527cea56c9 200 3ms
info Gelf {"short_message":"WILDDUCK HTTP [POST /authenticate] OK","_remote_ip":"127.0.0.1","_http_route":"/authenticate","_http_method":"POST","_user":"root","_role":"root","_api_response":"success","_size":336,"_req_username":"0x9012345678901234567890abcd1a2b3c4d5e6f789","_req_token":"true","_res_id":"68d5c1eaabe11a527cea56c9","facility":"wildduck","host":"Johns-MacBook-Pro-i9.local","timestamp":1758839274.432,"_component":"wildduck"}
http API 127.0.0.1 root [-/-] POST /authenticate 200 3ms
info Gelf {"short_message":"WILDDUCK HTTP [POST /authenticate] OK","_remote_ip":"127.0.0.1","_http_route":"/authenticate","_http_method":"POST","_user":"root","_role":"root","_api_response":"success","_size":336,"_req_username":"0x9012345678901234567890abcd1a2b3c4d5e6f789","_req_token":"true","_res_id":"68d5c1eaabe11a527cea56c9","facility":"wildduck","host":"Johns-MacBook-Pro-i9.local","timestamp":1758839274.437,"_component":"wildduck"}
http API 127.0.0.1 root [-/-] POST /authenticate 200 3ms
info Gelf {"short_message":"WILDDUCK HTTP [GET /users/:user] OK","_remote_ip":"127.0.0.1","_http_route":"/users/:user","_http_method":"GET","_user":"68d5c1eaabe11a527cea56c9","_role":"user","_api_response":"success","_size":1383,"_req_user":"68d5c1eaabe11a527cea56c9","_res_id":"68d5c1eaabe11a527cea56c9","facility":"wildduck","host":"Johns-MacBook-Pro-i9.local","timestamp":1758839274.444,"_component":"wildduck"}
http API 127.0.0.1 68d5c1eaabe11a527cea56c9 [-/-] GET /users/me?accessToken=xxxxxx 200 4ms
info Gelf {"short_message":"WILDDUCK HTTP [GET /users/:user] OK","_remote_ip":"127.0.0.1","_http_route":"/users/:user","_http_method":"GET","_user":"68d5c1eaabe11a527cea56c9","_role":"user","_api_response":"success","_size":1383,"_req_user":"68d5c1eaabe11a527cea56c9","_res_id":"68d5c1eaabe11a527cea56c9","facility":"wildduck","host":"Johns-MacBook-Pro-i9.local","timestamp":1758839274.451,"_component":"wildduck"}
http API 127.0.0.1 68d5c1eaabe11a527cea56c9 [-/-] GET /users/me?accessToken=xxxxxx 200 4ms
info Gelf {"short_message":"WILDDUCK HTTP [PUT /users/:user] OK","_remote_ip":"127.0.0.1","_http_route":"/users/:user","_http_method":"PUT","_user":"68d5c1eaabe11a527cea56c9","_role":"user","_api_response":"success","_size":22,"_req_user":"68d5c1eaabe11a527cea56c9","_req_name":"Updated Name","facility":"wildduck","host":"Johns-MacBook-Pro-i9.local","timestamp":1758839274.474,"_component":"wildduck"}
http API 127.0.0.1 68d5c1eaabe11a527cea56c9 [-/-] PUT /users/me?accessToken=xxxxxx 200 4ms
info Gelf {"short_message":"WILDDUCK HTTP [GET /users/:user] OK","_remote_ip":"127.0.0.1","_http_route":"/users/:user","_http_method":"GET","_user":"68d5c1eaabe11a527cea56c9","_role":"user","_api_response":"success","_size":1383,"_req_user":"68d5c1eaabe11a527cea56c9","_res_id":"68d5c1eaabe11a527cea56c9","facility":"wildduck","host":"Johns-MacBook-Pro-i9.local","timestamp":1758839274.482,"_component":"wildduck"}
http API 127.0.0.1 68d5c1eaabe11a527cea56c9 [-/-] GET /users/me?accessToken=xxxxxx 200 4ms
info Gelf {"short_message":"WILDDUCK HTTP [GET /users/:user] OK","_remote_ip":"127.0.0.1","_http_route":"/users/:user","_http_method":"GET","_user":"68d5c1eaabe11a527cea56c9","_role":"user","_api_response":"success","_size":1383,"_req_user":"68d5c1eaabe11a527cea56c9","_res_id":"68d5c1eaabe11a527cea56c9","facility":"wildduck","host":"Johns-MacBook-Pro-i9.local","timestamp":1758839274.489,"_component":"wildduck"}
    ✔ should PUT /users/{user} expect success / and renew a token (62ms)
http API 127.0.0.1 68d5c1eaabe11a527cea56c9 [-/-] GET /users/me?accessToken=xxxxxx 200 4ms
info Gelf {"short_message":"WILDDUCK HTTP [PUT /users/:user/logout] OK","_remote_ip":"127.0.0.1","_http_route":"/users/:user/logout","_http_method":"PUT","_user":"root","_role":"root","_api_response":"success","_size":22,"_req_user":"68d5c1eaabe11a527cea56c9","_req_reason":"Just because","facility":"wildduck","host":"Johns-MacBook-Pro-i9.local","timestamp":1758839274.493,"_component":"wildduck"}
    ✔ should PUT /users/{user}/logout expect success
http API 127.0.0.1 root [-/-] PUT /users/68d5c1eaabe11a527cea56c9/logout 200 2ms
info Gelf {"short_message":"WILDDUCK [QUOTA] reset","_mail_action":"quota","_user":"68d5c1eaabe11a527cea56c9","_set":0,"_previous_storage_used":0,"_storage_used":0,"_storage_diff":0,"facility":"wildduck","host":"Johns-MacBook-Pro-i9.local","timestamp":1758839274.499,"_component":"wildduck"}
info Gelf {"short_message":"WILDDUCK HTTP [POST /users/:user/quota/reset] OK","_remote_ip":"127.0.0.1","_http_route":"/users/:user/quota/reset","_http_method":"POST","_user":"root","_role":"root","_api_response":"success","_size":70,"_req_user":"68d5c1eaabe11a527cea56c9","facility":"wildduck","host":"Johns-MacBook-Pro-i9.local","timestamp":1758839274.499,"_component":"wildduck"}
    ✔ should POST /users/{user}/quota/reset expect success
http API 127.0.0.1 root [-/-] POST /users/68d5c1eaabe11a527cea56c9/quota/reset 200 4ms
verb Tasks Created task id=68d5c1eaabe11a527cea56d1
info
Gelf {"short_message":"WILDDUCK HTTP [POST /quota/reset] OK","_remote_ip":"127.0.0.1","_http_route":"/quota/reset","_http_method":"POST","_user":"root","_role":"root","_api_response":"success","_size":60,"facility":"wildduck","host":"Johns-MacBook-Pro-i9.local","timestamp":1758839274.503,"_component":"wildduck"}
    ✔ should POST /quota/reset expect success
http API 127.0.0.1 root [-/-] POST /quota/reset 200 2ms
info Gelf
{"short_message":"WILDDUCK HTTP [POST /users/:user/password/reset] FAILED","_remote_ip":"127.0.0.1","_http_route":"/users/:user/password/reset","_http_method":"POST","_user":"root","_role":"root","_api_response":"fail","_error":"Password reset is not available in crypto emails mode","_code":"PasswordResetNotAvailable","_size":110,"_req_user":"68d5c1eaabe11a527cea56c9","facility":"wildduck","host":"Johns-MacBook-Pro-i9.local","timestamp":1758839274.505,"_component":"wildduck"}
    ✔ should POST /users/{user}/password/reset expect success
http API 127.0.0.1 root [-/-] POST /users/68d5c1eaabe11a527cea56c9/password/reset 400 0ms
info Gelf {"short_message":"WILDDUCK HTTP [POST /users/:user/password/reset] FAILED","_remote_ip":"127.0.0.1","_http_route":"/users/:user/password/reset","_http_method":"POST","_user":"root","_role":"root","_api_response":"fail","_error":"Password reset is not available in crypto emails mode","_code":"PasswordResetNotAvailable","_size":110,"_req_user":"68d5c1eaabe11a527cea56c9","_req_validAfter":"2025-09-25T23:27:54.506Z","facility":"wildduck","host":"Johns-MacBook-Pro-i9.local","timestamp":1758839274.508,"_component":"wildduck"}
    ✔ should POST /users/{user}/password/reset expect success / using a future date
http API 127.0.0.1 root [-/-] POST /users/68d5c1eaabe11a527cea56c9/password/reset 400 1ms
info Gelf {"short_message":"WILDDUCK HTTP [PUT /users/:user] FAILED","_remote_ip":"127.0.0.1","_ip":"1.2.3.5","_http_route":"/users/:user","_http_method":"PUT","_user":"root","_role":"root","_api_response":"fail","_error":"Password updates are not available in crypto emails mode","_code":"PasswordUpdateNotAvailable","_size":114,"_req_user":"68d5c1eaabe11a527cea56c9","_req_password":"***","_req_ip":"1.2.3.5","facility":"wildduck","host":"Johns-MacBook-Pro-i9.local","timestamp":1758839274.511,"_component":"wildduck"}
http API 127.0.0.1 root [1.2.3.5/-] PUT /users/68d5c1eaabe11a527cea56c9 403 1ms
verb Tasks Created task id=68d5c1eaabe11a527cea56d2
info Gelf
{"short_message":"WILDDUCK HTTP [DELETE /users/:user] OK","_remote_ip":"127.0.0.1","_http_route":"/users/:user","_http_method":"DELETE","_user":"root","_role":"root","_api_response":"success","_code":"TaskScheduled","_size":209,"_req_user":"68d5c1eaabe11a527cea56c9","_req_deleteAfter":"2025-09-25T23:27:54.511Z","facility":"wildduck","host":"Johns-MacBook-Pro-i9.local","timestamp":1758839274.529,"_component":"wildduck"}
    ✔ should DELETE /users/{user} expect success
http API 127.0.0.1 root [-/-] DELETE /users/68d5c1eaabe11a527cea56c9?deleteAfter=2025-09-25T23%3A27%3A54.511Z 200 17ms
info Gelf {"short_message":"WILDDUCK HTTP [GET /users/:user/restore] OK","_remote_ip":"127.0.0.1","_http_route":"/users/:user/restore","_http_method":"GET","_user":"root","_role":"root","_api_response":"success","_size":292,"_req_user":"68d5c1eaabe11a527cea56c9","facility":"wildduck","host":"Johns-MacBook-Pro-i9.local","timestamp":1758839274.533,"_component":"wildduck"}
    15) should GET /users/{user}/restore expect success
http API 127.0.0.1 root [-/-] GET /users/68d5c1eaabe11a527cea56c9/restore 200 2ms
info Restore ADDRRESTORE user=68d5c1eaabe11a527cea56c9 address=68d5c1eaabe11a527cea56cf email=0x9012345678901234567890abcd1a2b3c4d5e6f789@johns-macbook-pro-i9.local
info Gelf {"short_message":"WILDDUCK HTTP [POST /users/:user/restore] OK","_remote_ip":"127.0.0.1","_http_route":"/users/:user/restore","_http_method":"POST","_user":"root","_role":"root","_api_response":"success","_code":"TaskCancelled","_size":252,"_req_user":"68d5c1eaabe11a527cea56c9","facility":"wildduck","host":"Johns-MacBook-Pro-i9.local","timestamp":1758839274.544,"_component":"wildduck"}
    16) should POST /users/{user}/restore expect success
http API 127.0.0.1 root [-/-] POST /users/68d5c1eaabe11a527cea56c9/restore 200 8ms
info Gelf {"short_message":"WILDDUCK HTTP [POST /authenticate] OK","_remote_ip":"127.0.0.1","_http_route":"/authenticate","_http_method":"POST","_user":"root","_role":"root","_api_response":"success","_size":336,"_req_username":"0xb123456789012345678901cdef1a2b3c4d5e6f789","_req_password":"***","_req_token":"true","_res_id":"68d5c1eaabe11a527cea56d5","facility":"wildduck","host":"Johns-MacBook-Pro-i9.local","timestamp":1758839274.679,"_component":"wildduck"}
    ✔ should POST /users expect success / with DES hash (135ms)
http API 127.0.0.1 root [-/-] POST /authenticate 200 133ms

  Send multiple messages
info Gelf {"short_message":"WILDDUCK HTTP [POST /authenticate] OK","_remote_ip":"127.0.0.1","_http_route":"/authenticate","_http_method":"POST","_user":"root","_role":"root","_api_response":"success","_size":336,"_req_username":"0xc23456789012345678901defa1a2b3c4d5e6f7890","_req_password":"***","_req_token":"true","_res_id":"68d5c1eaabe11a527cea56dd","facility":"wildduck","host":"Johns-MacBook-Pro-i9.local","timestamp":1758839274.828,"_component":"wildduck"}
http API 127.0.0.1 root [-/-] POST /authenticate 200 147ms
info Gelf {"short_message":"WILDDUCK HTTP [POST /authenticate] OK","_remote_ip":"127.0.0.1","_http_route":"/authenticate","_http_method":"POST","_user":"root","_role":"root","_api_response":"success","_size":338,"_req_username":"0x167890123456789012bcde1a2b3c4d5e6f78901234","_req_password":"***","_req_token":"true","_res_id":"68d5c1eaabe11a527cea56e7","facility":"wildduck","host":"Johns-MacBook-Pro-i9.local","timestamp":1758839274.982,"_component":"wildduck"}
info Gelf {"short_message":"WILDDUCK HTTP [POST /authenticate] OK","_remote_ip":"127.0.0.1","_http_route":"/authenticate","_http_method":"POST","_user":"root","_role":"root","_api_response":"success","_size":336,"_req_username":"0xf56789012345678901abcd1a2b3c4d5e6f7890123","_req_password":"***","_req_token":"true","_res_id":"68d5c1eaabe11a527cea56e8","facility":"wildduck","host":"Johns-MacBook-Pro-i9.local","timestamp":1758839274.982,"_component":"wildduck"}
http API 127.0.0.1 root [-/-] POST /authenticate 200 148ms
http API 127.0.0.1 root [-/-] POST /authenticate 200 149ms
info Gelf {"short_message":"WILDDUCK HTTP [POST /authenticate] OK","_remote_ip":"127.0.0.1","_http_route":"/authenticate","_http_method":"POST","_user":"root","_role":"root","_api_response":"success","_size":336,"_req_username":"0xe456789012345678901fabc1a2b3c4d5e6f789012","_req_password":"***","_req_token":"true","_res_id":"68d5c1eaabe11a527cea56e5","facility":"wildduck","host":"Johns-MacBook-Pro-i9.local","timestamp":1758839274.983,"_component":"wildduck"}
http API 127.0.0.1 root [-/-] POST /authenticate 200 150ms
info Gelf
{"short_message":"WILDDUCK HTTP [POST /authenticate] OK","_remote_ip":"127.0.0.1","_http_route":"/authenticate","_http_method":"POST","_user":"root","_role":"root","_api_response":"success","_size":336,"_req_username":"0xd3456789012345678901efab1a2b3c4d5e6f78901","_req_password":"***","_req_token":"true","_res_id":"68d5c1eaabe11a527cea56e6","facility":"wildduck","host":"Johns-MacBook-Pro-i9.local","timestamp":1758839274.984,"_component":"wildduck"}
http API 127.0.0.1 root [-/-] POST /authenticate 200 152ms
verb Tasks Found task for processing id=68d5c1e7abe11a527cea566b
verb Tasks type=user-delete id=68d5c1e7abe11a527cea566b data={"user":"68d5c1e7abe11a527cea565e"}
verb Tasks task=user-delete id=68d5c1e7abe11a527cea566b user=68d5c1e7abe11a527cea565e message=Deleted 0 addresses from registry
verb Tasks task=user-delete id=68d5c1e7abe11a527cea566b user=68d5c1e7abe11a527cea565e message=Marked total of 0 messages for deletion
verb Tasks task=user-delete id=68d5c1e7abe11a527cea566b user=68d5c1e7abe11a527cea565e message=Cleared user specific data
info Tasks Released task id=68d5c1e7abe11a527cea566b lock=8790681dea1d8a2c7683cd87
verb Tasks Found task for processing id=68d5c1e8abe11a527cea5695
verb Tasks type=user-delete id=68d5c1e8abe11a527cea5695 data={"user":"68d5c1e8abe11a527cea5678"}
verb Tasks task=user-delete id=68d5c1e8abe11a527cea5695 user=68d5c1e8abe11a527cea5678 message=Deleted 0 addresses from registry
verb Tasks task=user-delete id=68d5c1e8abe11a527cea5695 user=68d5c1e8abe11a527cea5678 message=Marked total of 0 messages for deletion
verb Tasks task=user-delete id=68d5c1e8abe11a527cea5695 user=68d5c1e8abe11a527cea5678 message=Cleared user specific data
info Tasks Released task id=68d5c1e8abe11a527cea5695 lock=4d093da2e752632fe581ae92
verb Tasks Found task for processing id=68d5c1e9abe11a527cea56b6
verb Tasks type=user-delete id=68d5c1e9abe11a527cea56b6 data={"user":"68d5c1e9abe11a527cea5697"}
verb Tasks task=user-delete id=68d5c1e9abe11a527cea56b6 user=68d5c1e9abe11a527cea5697 message=Deleted 0 addresses from registry
verb Tasks task=user-delete id=68d5c1e9abe11a527cea56b6 user=68d5c1e9abe11a527cea5697 message=Marked total of 0 messages for deletion
verb Tasks task=user-delete id=68d5c1e9abe11a527cea56b6 user=68d5c1e9abe11a527cea5697 message=Cleared user specific data
info Tasks Released task id=68d5c1e9abe11a527cea56b6 lock=6511cbef42140fcca02c6683
verb Tasks Found task for processing id=68d5c1eaabe11a527cea56c6
verb Tasks type=user-delete id=68d5c1eaabe11a527cea56c6 data={"user":"68d5c1e9abe11a527cea56b8"}
verb Tasks task=user-delete id=68d5c1eaabe11a527cea56c6 user=68d5c1e9abe11a527cea56b8 message=Deleted 0 addresses from registry
verb Tasks task=user-delete id=68d5c1eaabe11a527cea56c6 user=68d5c1e9abe11a527cea56b8 message=Marked total of 0 messages for deletion
verb Tasks task=user-delete id=68d5c1eaabe11a527cea56c6 user=68d5c1e9abe11a527cea56b8 message=Cleared user specific data
info Tasks Released task id=68d5c1eaabe11a527cea56c6 lock=3e4112bba024178386e77b07
verb Tasks Found task for processing id=68d5c1eaabe11a527cea56d1
verb Tasks type=quota id=68d5c1eaabe11a527cea56d1 data={}
info Tasks task=quota id=68d5c1eaabe11a527cea56d1 user=68d5c1e8abe11a527cea5680 stored=0 calculated=0 updated=no
info Tasks task=quota id=68d5c1eaabe11a527cea56d1 user=68d5c1eaabe11a527cea56c9 stored=0 calculated=0 updated=no
info Tasks task=quota id=68d5c1eaabe11a527cea56d1 user=68d5c1eaabe11a527cea56d5 stored=0 calculated=0 updated=no
info Tasks task=quota id=68d5c1eaabe11a527cea56d1 user=68d5c1eaabe11a527cea56dd stored=0 calculated=0 updated=no
info Tasks task=quota id=68d5c1eaabe11a527cea56d1 user=68d5c1eaabe11a527cea56e7 stored=0 calculated=0 updated=no
info Tasks task=quota id=68d5c1eaabe11a527cea56d1 user=68d5c1eaabe11a527cea56e6 stored=0 calculated=0 updated=no
info Tasks task=quota id=68d5c1eaabe11a527cea56d1 user=68d5c1eaabe11a527cea56e5 stored=0 calculated=0 updated=no
info Tasks task=quota id=68d5c1eaabe11a527cea56d1 user=68d5c1eaabe11a527cea56e8 stored=0 calculated=0 updated=no
info Tasks Released task id=68d5c1eaabe11a527cea56d1 lock=b9378770f3b1412d04e683e5
    17) "before all" hook for "Should have users set"

info Gelf {"short_message":"WILDDUCK HTTP [GET /api-methods] FAILED","_remote_ip":"127.0.0.1","_http_route":"/api-methods","_http_method":"GET","_user":"root","_role":"root","_api_response":"fail","_size":7195466,"facility":"wildduck","host":"Johns-MacBook-Pro-i9.local","timestamp":1758839374.766,"_component":"wildduck"}
/Users/johnhuang/0xmail/wildduck/test
http API 127.0.0.1 root [-/-] GET /api-methods 200 118ms
These titles were not included in the overview as they are wrong format: [
  'should POST /domainaccess/:tag/:action expect success / action: block',
  'should GET /domainaccess/:tag/:action expect success / action: block',
  'should DELETE /certs/:certs expect success'
]

  158 passing (2m)
  17 failing

  1) API tests
       user
         should GET /users/:user expect success:
     AssertionError: expected '0x1a2b3c4d5e6f78901234567890123456789…' to equal [ Array(1) ]
      at Proxy.assertEqual (node_modules/chai/lib/chai/core/assertions.js:1038:12)
      at Proxy.methodWrapper (node_modules/chai/lib/chai/utils/addMethod.js:57:25)
      at Context.<anonymous> (test/api-test.js:149:47)
      at process.processTicksAndRejections (node:internal/process/task_queues:105:5)

  2) API tests
       authenticate
         should POST /authenticate expect success:
     Error: expected 200 "OK", got 500 "Internal Server Error"
      at Context.<anonymous> (test/api-test.js:186:80)
  ----
      at Test._assertStatus (node_modules/supertest/lib/test.js:252:14)
      at /Users/johnhuang/0xmail/wildduck/node_modules/supertest/lib/test.js:308:13
      at Test._assertFunction (node_modules/supertest/lib/test.js:285:13)
      at Test.assert (node_modules/supertest/lib/test.js:164:23)
      at localAssert (node_modules/supertest/lib/test.js:120:14)
      at /Users/johnhuang/0xmail/wildduck/node_modules/supertest/lib/test.js:125:7
      at Request.callback (node_modules/superagent/lib/node/index.js:847:3)
      at /Users/johnhuang/0xmail/wildduck/node_modules/superagent/lib/node/index.js:1078:18
      at IncomingMessage.<anonymous> (node_modules/superagent/lib/node/parsers/json.js:21:7)
      at IncomingMessage.emit (node:events:531:35)

  3) API tests
       authenticate
         should POST /authenticate expect failure:
     Error: expected 200 "OK", got 500 "Internal Server Error"
      at Context.<anonymous> (test/api-test.js:202:22)
  ----
      at Test._assertStatus (node_modules/supertest/lib/test.js:252:14)
      at /Users/johnhuang/0xmail/wildduck/node_modules/supertest/lib/test.js:308:13
      at Test._assertFunction (node_modules/supertest/lib/test.js:285:13)
      at Test.assert (node_modules/supertest/lib/test.js:164:23)
      at localAssert (node_modules/supertest/lib/test.js:120:14)
      at /Users/johnhuang/0xmail/wildduck/node_modules/supertest/lib/test.js:125:7
      at Request.callback (node_modules/superagent/lib/node/index.js:847:3)
      at /Users/johnhuang/0xmail/wildduck/node_modules/superagent/lib/node/index.js:1078:18
      at IncomingMessage.<anonymous> (node_modules/superagent/lib/node/parsers/json.js:21:7)
      at IncomingMessage.emit (node:events:531:35)

  4) API tests
       authenticate
         should POST /authenticate expect success / using alias domain:
     Error: expected 200 "OK", got 500 "Internal Server Error"
      at Context.<anonymous> (test/api-test.js:230:80)
  ----
      at Test._assertStatus (node_modules/supertest/lib/test.js:252:14)
      at /Users/johnhuang/0xmail/wildduck/node_modules/supertest/lib/test.js:308:13
      at Test._assertFunction (node_modules/supertest/lib/test.js:285:13)
      at Test.assert (node_modules/supertest/lib/test.js:164:23)
      at localAssert (node_modules/supertest/lib/test.js:120:14)
      at /Users/johnhuang/0xmail/wildduck/node_modules/supertest/lib/test.js:125:7
      at Request.callback (node_modules/superagent/lib/node/index.js:847:3)
      at /Users/johnhuang/0xmail/wildduck/node_modules/superagent/lib/node/index.js:1078:18
      at IncomingMessage.<anonymous> (node_modules/superagent/lib/node/parsers/json.js:21:7)
      at IncomingMessage.emit (node:events:531:35)

  5) API tests
       authenticate
         should POST /authenticate expect failure / using alias domain:
     Error: expected 200 "OK", got 500 "Internal Server Error"
      at Context.<anonymous> (test/api-test.js:245:22)
  ----
      at Test._assertStatus (node_modules/supertest/lib/test.js:252:14)
      at /Users/johnhuang/0xmail/wildduck/node_modules/supertest/lib/test.js:308:13
      at Test._assertFunction (node_modules/supertest/lib/test.js:285:13)
      at Test.assert (node_modules/supertest/lib/test.js:164:23)
      at localAssert (node_modules/supertest/lib/test.js:120:14)
      at /Users/johnhuang/0xmail/wildduck/node_modules/supertest/lib/test.js:125:7
      at Request.callback (node_modules/superagent/lib/node/index.js:847:3)
      at /Users/johnhuang/0xmail/wildduck/node_modules/superagent/lib/node/index.js:1078:18
      at IncomingMessage.<anonymous> (node_modules/superagent/lib/node/parsers/json.js:21:7)
      at IncomingMessage.emit (node:events:531:35)

  6) API tests
       asp
         should POST /authenticate expect success / using ASP and allowed scope:
     Error: expected 200 "OK", got 500 "Internal Server Error"
      at Context.<anonymous> (test/api-test.js:377:80)
  ----
      at Test._assertStatus (node_modules/supertest/lib/test.js:252:14)
      at /Users/johnhuang/0xmail/wildduck/node_modules/supertest/lib/test.js:308:13
      at Test._assertFunction (node_modules/supertest/lib/test.js:285:13)
      at Test.assert (node_modules/supertest/lib/test.js:164:23)
      at localAssert (node_modules/supertest/lib/test.js:120:14)
      at /Users/johnhuang/0xmail/wildduck/node_modules/supertest/lib/test.js:125:7
      at Request.callback (node_modules/superagent/lib/node/index.js:847:3)
      at /Users/johnhuang/0xmail/wildduck/node_modules/superagent/lib/node/index.js:1078:18
      at IncomingMessage.<anonymous> (node_modules/superagent/lib/node/parsers/json.js:21:7)
      at IncomingMessage.emit (node:events:531:35)

  7) API tests
       asp
         should POST /authenticate expect success / using ASP and allowed scope with custom password:
     Error: expected 200 "OK", got 500 "Internal Server Error"
      at Context.<anonymous> (test/api-test.js:393:80)
  ----
      at Test._assertStatus (node_modules/supertest/lib/test.js:252:14)
      at /Users/johnhuang/0xmail/wildduck/node_modules/supertest/lib/test.js:308:13
      at Test._assertFunction (node_modules/supertest/lib/test.js:285:13)
      at Test.assert (node_modules/supertest/lib/test.js:164:23)
      at localAssert (node_modules/supertest/lib/test.js:120:14)
      at /Users/johnhuang/0xmail/wildduck/node_modules/supertest/lib/test.js:125:7
      at Request.callback (node_modules/superagent/lib/node/index.js:847:3)
      at /Users/johnhuang/0xmail/wildduck/node_modules/superagent/lib/node/index.js:1078:18
      at IncomingMessage.<anonymous> (node_modules/superagent/lib/node/parsers/json.js:21:7)
      at IncomingMessage.emit (node:events:531:35)

  8) API tests
       asp
         should POST /authenticate expect failure / using ASP and master scope:
     Error: expected 200 "OK", got 500 "Internal Server Error"
      at Context.<anonymous> (test/api-test.js:408:22)
  ----
      at Test._assertStatus (node_modules/supertest/lib/test.js:252:14)
      at /Users/johnhuang/0xmail/wildduck/node_modules/supertest/lib/test.js:308:13
      at Test._assertFunction (node_modules/supertest/lib/test.js:285:13)
      at Test.assert (node_modules/supertest/lib/test.js:164:23)
      at localAssert (node_modules/supertest/lib/test.js:120:14)
      at /Users/johnhuang/0xmail/wildduck/node_modules/supertest/lib/test.js:125:7
      at Request.callback (node_modules/superagent/lib/node/index.js:847:3)
      at /Users/johnhuang/0xmail/wildduck/node_modules/superagent/lib/node/index.js:1078:18
      at IncomingMessage.<anonymous> (node_modules/superagent/lib/node/parsers/json.js:21:7)
      at IncomingMessage.emit (node:events:531:35)

  9) API tests
       addresses
         should GET /users/:user/addresses expect success:

      AssertionError: expected '0x1a2b3c4d5e6f78901234567890123456789…' to equal '0x1a2b3c4d5e6f78901234567890123456789…'
      + expected - actual

      -0x1a2b3c4d5e6f789012345678901234567890abcd@johns-macbook-pro-i9.local
      +0x1a2b3c4d5e6f789012345678901234567890abcd@xexample.com
      
      at Proxy.assertEqual (node_modules/chai/lib/chai/core/assertions.js:1038:12)
      at Proxy.methodWrapper (node_modules/chai/lib/chai/utils/addMethod.js:57:25)
      at Context.<anonymous> (test/api-test.js:430:57)
      at process.processTicksAndRejections (node:internal/process/task_queues:105:5)

  10) API tests
       addresses
         should GET /users/:user expect success / (after email update):

      AssertionError: expected '0x1a2b3c4d5e6f78901234567890123456789…' to equal '0x1a2b3c4d5e6f78901234567890123456789…'
      + expected - actual

      -0x1a2b3c4d5e6f789012345678901234567890abcd@johns-macbook-pro-i9.local
      +0x1a2b3c4d5e6f789012345678901234567890abcd@xexample.com
      
      at Proxy.assertEqual (node_modules/chai/lib/chai/core/assertions.js:1038:12)
      at Proxy.methodWrapper (node_modules/chai/lib/chai/utils/addMethod.js:57:25)
      at Context.<anonymous> (test/api-test.js:490:46)
      at process.processTicksAndRejections (node:internal/process/task_queues:105:5)

  11) API Users
       should GET /addresses expect success:
     TypeError: expect(...).to.be is not a function
      at Context.<anonymous> (test/api/addresses-test.js:185:59)
      at process.processTicksAndRejections (node:internal/process/task_queues:105:5)

  12) API Users
       should GET /addresses expect success / with tags:
     TypeError: expect(...).to.be is not a function
      at Context.<anonymous> (test/api/addresses-test.js:288:59)
      at process.processTicksAndRejections (node:internal/process/task_queues:105:5)

  13) API Users
       should GET /addresses expect success / with required tags:
     TypeError: expect(...).to.be is not a function
      at Context.<anonymous> (test/api/addresses-test.js:329:55)
      at process.processTicksAndRejections (node:internal/process/task_queues:105:5)

  14) API Users
       should GET /users/{user} expect failure / using a token and fail against other user:

      AssertionError: expected 'InputValidationError' to equal 'MissingPrivileges'
      + expected - actual

      -InputValidationError
      +MissingPrivileges
      
      at Proxy.assertEqual (node_modules/chai/lib/chai/core/assertions.js:1038:12)
      at Proxy.methodWrapper (node_modules/chai/lib/chai/utils/addMethod.js:57:25)
      at Context.<anonymous> (test/api/users-test.js:676:39)
      at process.processTicksAndRejections (node:internal/process/task_queues:105:5)

  15) API Users
       should GET /users/{user}/restore expect success:

      AssertionError: expected [ Array(1) ] to deeply equal [ Array(1) ]
      + expected - actual

       [
      -  "0x9012345678901234567890abcd1a2b3c4d5e6f789@johns-macbook-pro-i9.local"
      +  "0x27d3abcd1a2b3c4d5e6f789012345678abcdef012345@xexample.com"
       ]
      
      at Proxy.assertEql (node_modules/chai/lib/chai/core/assertions.js:1096:10)
      at Proxy.methodWrapper (node_modules/chai/lib/chai/utils/addMethod.js:57:25)
      at Proxy.assertEqual (node_modules/chai/lib/chai/core/assertions.js:1035:12)
      at Proxy.methodWrapper (node_modules/chai/lib/chai/utils/addMethod.js:57:25)
      at Context.<anonymous> (test/api/users-test.js:1011:60)
      at process.processTicksAndRejections (node:internal/process/task_queues:105:5)

  16) API Users
       should POST /users/{user}/restore expect success:

      AssertionError: expected '0x9012345678901234567890abcd1a2b3c4d5…' to equal '0x27d3abcd1a2b3c4d5e6f789012345678abc…'
      + expected - actual

      -0x9012345678901234567890abcd1a2b3c4d5e6f789@johns-macbook-pro-i9.local
      +0x27d3abcd1a2b3c4d5e6f789012345678abcdef012345@xexample.com
      
      at Proxy.assertEqual (node_modules/chai/lib/chai/core/assertions.js:1038:12)
      at Proxy.methodWrapper (node_modules/chai/lib/chai/utils/addMethod.js:57:25)
      at Context.<anonymous> (test/api/users-test.js:1019:49)
      at process.processTicksAndRejections (node:internal/process/task_queues:105:5)

  17) Send multiple messages
       "before all" hook for "Should have users set":
     Error: Timeout of 100000ms exceeded. For async tests and hooks, ensure "done()" is called; if returning a Promise, ensure it resolves. (/Users/johnhuang/0xmail/wildduck/test/filtering-test.js)
      at listOnTimeout (node:internal/timers:588:17)
      at process.processTimers (node:internal/timers:523:7)



Warning: Task "mochaTest:api" failed. Use --force to continue.

Aborted due to warnings.
